[2022-08-01T05:15:06.006+0000][gc,heap] Heap region size: 1M
[2022-08-01T05:15:06.017+0000][gc     ] Using G1
[2022-08-01T05:15:06.017+0000][gc,heap,coops] Heap address: 0x00000000c0000000, size: 1024 MB, Compressed Oops mode: 32-bit
[2022-08-01T05:15:06.018+0000][gc,cds       ] Mark closed archive regions in map: [0x00000000fff00000, 0x00000000fff6aff8]
[2022-08-01T05:15:06.018+0000][gc,cds       ] Mark open archive regions in map: [0x00000000ffe00000, 0x00000000ffe46ff8]
[2022-08-01T05:15:07.010+0000][gc,start     ] GC(0) Pause Young (Normal) (G1 Evacuation Pause)
[2022-08-01T05:15:07.010+0000][gc,task      ] GC(0) Using 2 workers of 2 for evacuation
[2022-08-01T05:15:07.025+0000][gc,phases    ] GC(0)   Pre Evacuate Collection Set: 0.0ms
[2022-08-01T05:15:07.025+0000][gc,phases    ] GC(0)   Evacuate Collection Set: 13.9ms
[2022-08-01T05:15:07.025+0000][gc,phases    ] GC(0)   Post Evacuate Collection Set: 0.4ms
[2022-08-01T05:15:07.025+0000][gc,phases    ] GC(0)   Other: 0.3ms
[2022-08-01T05:15:07.025+0000][gc,heap      ] GC(0) Eden regions: 51->0(44)
[2022-08-01T05:15:07.025+0000][gc,heap      ] GC(0) Survivor regions: 0->7(7)
[2022-08-01T05:15:07.025+0000][gc,heap      ] GC(0) Old regions: 2->2
[2022-08-01T05:15:07.025+0000][gc,heap      ] GC(0) Humongous regions: 0->0
[2022-08-01T05:15:07.025+0000][gc,metaspace ] GC(0) Metaspace: 14796K->14796K(1062912K)
[2022-08-01T05:15:07.025+0000][gc           ] GC(0) Pause Young (Normal) (G1 Evacuation Pause) 51M->7M(1024M) 14.740ms
[2022-08-01T05:15:07.025+0000][gc,cpu       ] GC(0) User=0.02s Sys=0.00s Real=0.02s
[2022-08-01T05:15:07.425+0000][gc,start     ] GC(1) Pause Young (Concurrent Start) (Metadata GC Threshold)
[2022-08-01T05:15:07.425+0000][gc,task      ] GC(1) Using 2 workers of 2 for evacuation
[2022-08-01T05:15:07.438+0000][gc,phases    ] GC(1)   Pre Evacuate Collection Set: 0.1ms
[2022-08-01T05:15:07.438+0000][gc,phases    ] GC(1)   Evacuate Collection Set: 12.1ms
[2022-08-01T05:15:07.438+0000][gc,phases    ] GC(1)   Post Evacuate Collection Set: 0.3ms
[2022-08-01T05:15:07.438+0000][gc,phases    ] GC(1)   Other: 0.3ms
[2022-08-01T05:15:07.438+0000][gc,heap      ] GC(1) Eden regions: 24->0(50)
[2022-08-01T05:15:07.438+0000][gc,heap      ] GC(1) Survivor regions: 7->1(7)
[2022-08-01T05:15:07.438+0000][gc,heap      ] GC(1) Old regions: 2->9
[2022-08-01T05:15:07.438+0000][gc,heap      ] GC(1) Humongous regions: 0->0
[2022-08-01T05:15:07.438+0000][gc,metaspace ] GC(1) Metaspace: 20640K->20640K(1067008K)
[2022-08-01T05:15:07.438+0000][gc           ] GC(1) Pause Young (Concurrent Start) (Metadata GC Threshold) 31M->8M(1024M) 12.850ms
[2022-08-01T05:15:07.438+0000][gc,cpu       ] GC(1) User=0.02s Sys=0.00s Real=0.01s
[2022-08-01T05:15:07.438+0000][gc           ] GC(2) Concurrent Cycle
[2022-08-01T05:15:07.438+0000][gc,marking   ] GC(2) Concurrent Clear Claimed Marks
[2022-08-01T05:15:07.438+0000][gc,marking   ] GC(2) Concurrent Clear Claimed Marks 0.021ms
[2022-08-01T05:15:07.438+0000][gc,marking   ] GC(2) Concurrent Scan Root Regions
[2022-08-01T05:15:07.445+0000][gc,marking   ] GC(2) Concurrent Scan Root Regions 6.254ms
[2022-08-01T05:15:07.445+0000][gc,marking   ] GC(2) Concurrent Mark (1.442s)
[2022-08-01T05:15:07.445+0000][gc,marking   ] GC(2) Concurrent Mark From Roots
[2022-08-01T05:15:07.445+0000][gc,task      ] GC(2) Using 1 workers of 1 for marking
[2022-08-01T05:15:07.454+0000][gc,marking   ] GC(2) Concurrent Mark From Roots 9.544ms
[2022-08-01T05:15:07.454+0000][gc,marking   ] GC(2) Concurrent Preclean
[2022-08-01T05:15:07.454+0000][gc,marking   ] GC(2) Concurrent Preclean 0.066ms
[2022-08-01T05:15:07.454+0000][gc,marking   ] GC(2) Concurrent Mark (1.442s, 1.451s) 9.648ms
[2022-08-01T05:15:07.457+0000][gc,start     ] GC(2) Pause Remark
[2022-08-01T05:15:07.461+0000][gc,stringtable] GC(2) Cleaned string and symbol table, strings: 5118 processed, 0 removed, symbols: 50905 processed, 43 removed
[2022-08-01T05:15:07.461+0000][gc            ] GC(2) Pause Remark 9M->9M(1024M) 3.812ms
[2022-08-01T05:15:07.461+0000][gc,cpu        ] GC(2) User=0.01s Sys=0.00s Real=0.00s
[2022-08-01T05:15:07.461+0000][gc,marking    ] GC(2) Concurrent Rebuild Remembered Sets
[2022-08-01T05:15:07.468+0000][gc,marking    ] GC(2) Concurrent Rebuild Remembered Sets 6.545ms
[2022-08-01T05:15:07.468+0000][gc,start      ] GC(2) Pause Cleanup
[2022-08-01T05:15:07.468+0000][gc            ] GC(2) Pause Cleanup 9M->9M(1024M) 0.229ms
[2022-08-01T05:15:07.468+0000][gc,cpu        ] GC(2) User=0.00s Sys=0.00s Real=0.00s
[2022-08-01T05:15:07.468+0000][gc,marking    ] GC(2) Concurrent Cleanup for Next Mark
[2022-08-01T05:15:07.479+0000][gc,marking    ] GC(2) Concurrent Cleanup for Next Mark 10.350ms
[2022-08-01T05:15:07.479+0000][gc            ] GC(2) Concurrent Cycle 40.533ms
[2022-08-01T05:15:08.294+0000][gc,start      ] GC(3) Pause Young (Normal) (G1 Evacuation Pause)
[2022-08-01T05:15:08.294+0000][gc,task       ] GC(3) Using 2 workers of 2 for evacuation
[2022-08-01T05:15:08.302+0000][gc,phases     ] GC(3)   Pre Evacuate Collection Set: 0.0ms
[2022-08-01T05:15:08.302+0000][gc,phases     ] GC(3)   Evacuate Collection Set: 7.0ms
[2022-08-01T05:15:08.302+0000][gc,phases     ] GC(3)   Post Evacuate Collection Set: 0.4ms
[2022-08-01T05:15:08.302+0000][gc,phases     ] GC(3)   Other: 0.2ms
[2022-08-01T05:15:08.302+0000][gc,heap       ] GC(3) Eden regions: 50->0(46)
[2022-08-01T05:15:08.302+0000][gc,heap       ] GC(3) Survivor regions: 1->5(7)
[2022-08-01T05:15:08.302+0000][gc,heap       ] GC(3) Old regions: 9->9
[2022-08-01T05:15:08.302+0000][gc,heap       ] GC(3) Humongous regions: 129->129
[2022-08-01T05:15:08.302+0000][gc,metaspace  ] GC(3) Metaspace: 29174K->29174K(1075200K)
[2022-08-01T05:15:08.302+0000][gc            ] GC(3) Pause Young (Normal) (G1 Evacuation Pause) 187M->140M(1024M) 7.633ms
[2022-08-01T05:15:08.302+0000][gc,cpu        ] GC(3) User=0.01s Sys=0.00s Real=0.00s
[2022-08-01T05:15:08.680+0000][gc,start      ] GC(4) Pause Young (Concurrent Start) (Metadata GC Threshold)
[2022-08-01T05:15:08.680+0000][gc,task       ] GC(4) Using 2 workers of 2 for evacuation
[2022-08-01T05:15:08.701+0000][gc,mmu        ] GC(4) MMU target violated: 20.7ms (20.0ms/21.0ms)
[2022-08-01T05:15:08.701+0000][gc,phases     ] GC(4)   Pre Evacuate Collection Set: 0.1ms
[2022-08-01T05:15:08.701+0000][gc,phases     ] GC(4)   Evacuate Collection Set: 20.0ms
[2022-08-01T05:15:08.701+0000][gc,phases     ] GC(4)   Post Evacuate Collection Set: 0.4ms
[2022-08-01T05:15:08.701+0000][gc,phases     ] GC(4)   Other: 0.4ms
[2022-08-01T05:15:08.701+0000][gc,heap       ] GC(4) Eden regions: 29->0(49)
[2022-08-01T05:15:08.701+0000][gc,heap       ] GC(4) Survivor regions: 5->2(7)
[2022-08-01T05:15:08.701+0000][gc,heap       ] GC(4) Old regions: 9->13
[2022-08-01T05:15:08.701+0000][gc,heap       ] GC(4) Humongous regions: 129->129
[2022-08-01T05:15:08.701+0000][gc,metaspace  ] GC(4) Metaspace: 34731K->34731K(1081344K)
[2022-08-01T05:15:08.701+0000][gc            ] GC(4) Pause Young (Concurrent Start) (Metadata GC Threshold) 168M->142M(1024M) 20.959ms
[2022-08-01T05:15:08.701+0000][gc,cpu        ] GC(4) User=0.04s Sys=0.00s Real=0.02s
[2022-08-01T05:15:08.701+0000][gc            ] GC(5) Concurrent Cycle
[2022-08-01T05:15:08.701+0000][gc,marking    ] GC(5) Concurrent Clear Claimed Marks
[2022-08-01T05:15:08.701+0000][gc,marking    ] GC(5) Concurrent Clear Claimed Marks 0.089ms
[2022-08-01T05:15:08.701+0000][gc,marking    ] GC(5) Concurrent Scan Root Regions
[2022-08-01T05:15:08.704+0000][gc,marking    ] GC(5) Concurrent Scan Root Regions 3.100ms
[2022-08-01T05:15:08.704+0000][gc,marking    ] GC(5) Concurrent Mark (2.701s)
[2022-08-01T05:15:08.704+0000][gc,marking    ] GC(5) Concurrent Mark From Roots
[2022-08-01T05:15:08.704+0000][gc,task       ] GC(5) Using 1 workers of 1 for marking
[2022-08-01T05:15:08.736+0000][gc,marking    ] GC(5) Concurrent Mark From Roots 31.300ms
[2022-08-01T05:15:08.736+0000][gc,marking    ] GC(5) Concurrent Preclean
[2022-08-01T05:15:08.736+0000][gc,marking    ] GC(5) Concurrent Preclean 0.073ms
[2022-08-01T05:15:08.736+0000][gc,marking    ] GC(5) Concurrent Mark (2.701s, 2.733s) 31.422ms
[2022-08-01T05:15:08.736+0000][gc,start      ] GC(5) Pause Remark
[2022-08-01T05:15:08.741+0000][gc,stringtable] GC(5) Cleaned string and symbol table, strings: 10350 processed, 10 removed, symbols: 83806 processed, 17 removed
[2022-08-01T05:15:08.742+0000][gc            ] GC(5) Pause Remark 145M->145M(1024M) 5.683ms
[2022-08-01T05:15:08.742+0000][gc,cpu        ] GC(5) User=0.00s Sys=0.00s Real=0.00s
[2022-08-01T05:15:08.742+0000][gc,marking    ] GC(5) Concurrent Rebuild Remembered Sets
[2022-08-01T05:15:08.757+0000][gc,marking    ] GC(5) Concurrent Rebuild Remembered Sets 15.455ms
[2022-08-01T05:15:08.757+0000][gc,start      ] GC(5) Pause Cleanup
[2022-08-01T05:15:08.758+0000][gc            ] GC(5) Pause Cleanup 145M->145M(1024M) 0.184ms
[2022-08-01T05:15:08.758+0000][gc,cpu        ] GC(5) User=0.01s Sys=0.00s Real=0.00s
[2022-08-01T05:15:08.758+0000][gc,marking    ] GC(5) Concurrent Cleanup for Next Mark
[2022-08-01T05:15:08.770+0000][gc,marking    ] GC(5) Concurrent Cleanup for Next Mark 12.148ms
[2022-08-01T05:15:08.770+0000][gc            ] GC(5) Concurrent Cycle 68.684ms
[2022-08-01T05:53:17.220+0000][gc,start      ] GC(6) Pause Young (Concurrent Start) (G1 Evacuation Pause)
[2022-08-01T05:53:17.220+0000][gc,task       ] GC(6) Using 2 workers of 2 for evacuation
[2022-08-01T05:53:17.227+0000][gc,phases     ] GC(6)   Pre Evacuate Collection Set: 0.2ms
[2022-08-01T05:53:17.227+0000][gc,phases     ] GC(6)   Evacuate Collection Set: 6.1ms
[2022-08-01T05:53:17.227+0000][gc,phases     ] GC(6)   Post Evacuate Collection Set: 0.4ms
[2022-08-01T05:53:17.227+0000][gc,phases     ] GC(6)   Other: 0.3ms
[2022-08-01T05:53:17.227+0000][gc,heap       ] GC(6) Eden regions: 49->0(48)
[2022-08-01T05:53:17.227+0000][gc,heap       ] GC(6) Survivor regions: 2->3(7)
[2022-08-01T05:53:17.227+0000][gc,heap       ] GC(6) Old regions: 13->13
[2022-08-01T05:53:17.227+0000][gc,heap       ] GC(6) Humongous regions: 129->129
[2022-08-01T05:53:17.227+0000][gc,metaspace  ] GC(6) Metaspace: 39880K->39880K(1085440K)
[2022-08-01T05:53:17.227+0000][gc            ] GC(6) Pause Young (Concurrent Start) (G1 Evacuation Pause) 191M->143M(1024M) 7.093ms
[2022-08-01T05:53:17.227+0000][gc,cpu        ] GC(6) User=0.01s Sys=0.00s Real=0.01s
[2022-08-01T05:53:17.227+0000][gc            ] GC(7) Concurrent Cycle
[2022-08-01T05:53:17.227+0000][gc,marking    ] GC(7) Concurrent Clear Claimed Marks
[2022-08-01T05:53:17.227+0000][gc,marking    ] GC(7) Concurrent Clear Claimed Marks 0.052ms
[2022-08-01T05:53:17.227+0000][gc,marking    ] GC(7) Concurrent Scan Root Regions
[2022-08-01T05:53:17.229+0000][gc,marking    ] GC(7) Concurrent Scan Root Regions 2.499ms
[2022-08-01T05:53:17.229+0000][gc,marking    ] GC(7) Concurrent Mark (2291.227s)
[2022-08-01T05:53:17.229+0000][gc,marking    ] GC(7) Concurrent Mark From Roots
[2022-08-01T05:53:17.229+0000][gc,task       ] GC(7) Using 1 workers of 1 for marking
[2022-08-01T05:53:17.245+0000][gc,marking    ] GC(7) Concurrent Mark From Roots 15.766ms
[2022-08-01T05:53:17.245+0000][gc,marking    ] GC(7) Concurrent Preclean
[2022-08-01T05:53:17.245+0000][gc,marking    ] GC(7) Concurrent Preclean 0.158ms
[2022-08-01T05:53:17.245+0000][gc,marking    ] GC(7) Concurrent Mark (2291.227s, 2291.242s) 15.976ms
[2022-08-01T05:53:17.246+0000][gc,start      ] GC(7) Pause Remark
[2022-08-01T05:53:17.256+0000][gc,stringtable] GC(7) Cleaned string and symbol table, strings: 10974 processed, 308 removed, symbols: 89139 processed, 7 removed
[2022-08-01T05:53:17.256+0000][gc            ] GC(7) Pause Remark 143M->143M(1024M) 10.420ms
[2022-08-01T05:53:17.256+0000][gc,cpu        ] GC(7) User=0.01s Sys=0.00s Real=0.01s
[2022-08-01T05:53:17.256+0000][gc,marking    ] GC(7) Concurrent Rebuild Remembered Sets
[2022-08-01T05:53:17.266+0000][gc,marking    ] GC(7) Concurrent Rebuild Remembered Sets 9.469ms
[2022-08-01T05:53:17.266+0000][gc,start      ] GC(7) Pause Cleanup
[2022-08-01T05:53:17.266+0000][gc            ] GC(7) Pause Cleanup 144M->144M(1024M) 0.198ms
[2022-08-01T05:53:17.266+0000][gc,cpu        ] GC(7) User=0.00s Sys=0.00s Real=0.00s
[2022-08-01T05:53:17.266+0000][gc,marking    ] GC(7) Concurrent Cleanup for Next Mark
[2022-08-01T05:53:17.269+0000][gc,marking    ] GC(7) Concurrent Cleanup for Next Mark 2.633ms
[2022-08-01T05:53:17.269+0000][gc            ] GC(7) Concurrent Cycle 41.762ms
[2022-08-01T06:57:32.220+0000][gc,start      ] GC(8) Pause Young (Normal) (G1 Evacuation Pause)
[2022-08-01T06:57:32.220+0000][gc,task       ] GC(8) Using 2 workers of 2 for evacuation
[2022-08-01T06:57:32.225+0000][gc,phases     ] GC(8)   Pre Evacuate Collection Set: 0.0ms
[2022-08-01T06:57:32.225+0000][gc,phases     ] GC(8)   Evacuate Collection Set: 5.1ms
[2022-08-01T06:57:32.225+0000][gc,phases     ] GC(8)   Post Evacuate Collection Set: 0.4ms
[2022-08-01T06:57:32.225+0000][gc,phases     ] GC(8)   Other: 0.2ms
[2022-08-01T06:57:32.225+0000][gc,heap       ] GC(8) Eden regions: 48->0(48)
[2022-08-01T06:57:32.225+0000][gc,heap       ] GC(8) Survivor regions: 3->3(7)
[2022-08-01T06:57:32.225+0000][gc,heap       ] GC(8) Old regions: 13->13
[2022-08-01T06:57:32.225+0000][gc,heap       ] GC(8) Humongous regions: 129->129
[2022-08-01T06:57:32.225+0000][gc,metaspace  ] GC(8) Metaspace: 39977K->39977K(1085440K)
[2022-08-01T06:57:32.225+0000][gc            ] GC(8) Pause Young (Normal) (G1 Evacuation Pause) 191M->143M(1024M) 5.813ms
[2022-08-01T06:57:32.225+0000][gc,cpu        ] GC(8) User=0.02s Sys=0.00s Real=0.01s
[2022-08-01T08:02:42.220+0000][gc,start      ] GC(9) Pause Young (Normal) (G1 Evacuation Pause)
[2022-08-01T08:02:42.220+0000][gc,task       ] GC(9) Using 2 workers of 2 for evacuation
[2022-08-01T08:02:42.225+0000][gc,phases     ] GC(9)   Pre Evacuate Collection Set: 0.0ms
[2022-08-01T08:02:42.225+0000][gc,phases     ] GC(9)   Evacuate Collection Set: 4.4ms
[2022-08-01T08:02:42.225+0000][gc,phases     ] GC(9)   Post Evacuate Collection Set: 0.5ms
[2022-08-01T08:02:42.225+0000][gc,phases     ] GC(9)   Other: 0.2ms
[2022-08-01T08:02:42.225+0000][gc,heap       ] GC(9) Eden regions: 48->0(48)
[2022-08-01T08:02:42.225+0000][gc,heap       ] GC(9) Survivor regions: 3->3(7)
[2022-08-01T08:02:42.225+0000][gc,heap       ] GC(9) Old regions: 13->13
[2022-08-01T08:02:42.225+0000][gc,heap       ] GC(9) Humongous regions: 129->129
[2022-08-01T08:02:42.225+0000][gc,metaspace  ] GC(9) Metaspace: 40039K->40039K(1085440K)
[2022-08-01T08:02:42.225+0000][gc            ] GC(9) Pause Young (Normal) (G1 Evacuation Pause) 191M->143M(1024M) 5.249ms
[2022-08-01T08:02:42.225+0000][gc,cpu        ] GC(9) User=0.01s Sys=0.00s Real=0.01s
[2022-08-01T08:44:00.011+0000][gc,start      ] GC(10) Pause Young (Normal) (G1 Evacuation Pause)
[2022-08-01T08:44:00.011+0000][gc,task       ] GC(10) Using 2 workers of 2 for evacuation
[2022-08-01T08:44:00.021+0000][gc,phases     ] GC(10)   Pre Evacuate Collection Set: 0.0ms
[2022-08-01T08:44:00.021+0000][gc,phases     ] GC(10)   Evacuate Collection Set: 9.6ms
[2022-08-01T08:44:00.021+0000][gc,phases     ] GC(10)   Post Evacuate Collection Set: 0.6ms
[2022-08-01T08:44:00.021+0000][gc,phases     ] GC(10)   Other: 0.2ms
[2022-08-01T08:44:00.021+0000][gc,heap       ] GC(10) Eden regions: 48->0(46)
[2022-08-01T08:44:00.021+0000][gc,heap       ] GC(10) Survivor regions: 3->5(7)
[2022-08-01T08:44:00.021+0000][gc,heap       ] GC(10) Old regions: 13->13
[2022-08-01T08:44:00.021+0000][gc,heap       ] GC(10) Humongous regions: 129->129
[2022-08-01T08:44:00.021+0000][gc,metaspace  ] GC(10) Metaspace: 40904K->40904K(1085440K)
[2022-08-01T08:44:00.021+0000][gc            ] GC(10) Pause Young (Normal) (G1 Evacuation Pause) 191M->145M(1024M) 10.623ms
[2022-08-01T08:44:00.021+0000][gc,cpu        ] GC(10) User=0.02s Sys=0.00s Real=0.01s
[2022-08-01T08:45:45.724+0000][gc,start      ] GC(11) Pause Young (Normal) (G1 Evacuation Pause)
[2022-08-01T08:45:45.724+0000][gc,task       ] GC(11) Using 2 workers of 2 for evacuation
[2022-08-01T08:45:45.737+0000][gc,phases     ] GC(11)   Pre Evacuate Collection Set: 0.0ms
[2022-08-01T08:45:45.737+0000][gc,phases     ] GC(11)   Evacuate Collection Set: 12.7ms
[2022-08-01T08:45:45.737+0000][gc,phases     ] GC(11)   Post Evacuate Collection Set: 0.7ms
[2022-08-01T08:45:45.737+0000][gc,phases     ] GC(11)   Other: 0.2ms
[2022-08-01T08:45:45.737+0000][gc,heap       ] GC(11) Eden regions: 46->0(44)
[2022-08-01T08:45:45.737+0000][gc,heap       ] GC(11) Survivor regions: 5->7(7)
[2022-08-01T08:45:45.737+0000][gc,heap       ] GC(11) Old regions: 13->15
[2022-08-01T08:45:45.737+0000][gc,heap       ] GC(11) Humongous regions: 129->129
[2022-08-01T08:45:45.737+0000][gc,metaspace  ] GC(11) Metaspace: 43556K->43556K(1089536K)
[2022-08-01T08:45:45.737+0000][gc            ] GC(11) Pause Young (Normal) (G1 Evacuation Pause) 191M->149M(1024M) 13.727ms
[2022-08-01T08:45:45.737+0000][gc,cpu        ] GC(11) User=0.02s Sys=0.00s Real=0.02s
[2022-08-01T08:48:35.446+0000][gc,start      ] GC(12) Pause Young (Normal) (G1 Evacuation Pause)
[2022-08-01T08:48:35.446+0000][gc,task       ] GC(12) Using 2 workers of 2 for evacuation
[2022-08-01T08:48:35.471+0000][gc,mmu        ] GC(12) MMU target violated: 21.0ms (20.0ms/21.0ms)
[2022-08-01T08:48:35.471+0000][gc,phases     ] GC(12)   Pre Evacuate Collection Set: 0.0ms
[2022-08-01T08:48:35.471+0000][gc,phases     ] GC(12)   Evacuate Collection Set: 25.0ms
[2022-08-01T08:48:35.471+0000][gc,phases     ] GC(12)   Post Evacuate Collection Set: 0.5ms
[2022-08-01T08:48:35.471+0000][gc,phases     ] GC(12)   Other: 0.3ms
[2022-08-01T08:48:35.471+0000][gc,heap       ] GC(12) Eden regions: 44->0(47)
[2022-08-01T08:48:35.471+0000][gc,heap       ] GC(12) Survivor regions: 7->4(7)
[2022-08-01T08:48:35.471+0000][gc,heap       ] GC(12) Old regions: 15->19
[2022-08-01T08:48:35.471+0000][gc,heap       ] GC(12) Humongous regions: 129->129
[2022-08-01T08:48:35.471+0000][gc,metaspace  ] GC(12) Metaspace: 43884K->43884K(1089536K)
[2022-08-01T08:48:35.471+0000][gc            ] GC(12) Pause Young (Normal) (G1 Evacuation Pause) 193M->149M(1024M) 25.857ms
[2022-08-01T08:48:35.472+0000][gc,cpu        ] GC(12) User=0.05s Sys=0.00s Real=0.02s
[2022-08-01T08:48:37.434+0000][gc,start      ] GC(13) Pause Young (Normal) (G1 Evacuation Pause)
[2022-08-01T08:48:37.434+0000][gc,task       ] GC(13) Using 2 workers of 2 for evacuation
[2022-08-01T08:48:37.442+0000][gc,phases     ] GC(13)   Pre Evacuate Collection Set: 0.0ms
[2022-08-01T08:48:37.442+0000][gc,phases     ] GC(13)   Evacuate Collection Set: 7.1ms
[2022-08-01T08:48:37.442+0000][gc,phases     ] GC(13)   Post Evacuate Collection Set: 0.4ms
[2022-08-01T08:48:37.442+0000][gc,phases     ] GC(13)   Other: 0.2ms
[2022-08-01T08:48:37.442+0000][gc,heap       ] GC(13) Eden regions: 47->0(47)
[2022-08-01T08:48:37.442+0000][gc,heap       ] GC(13) Survivor regions: 4->4(7)
[2022-08-01T08:48:37.442+0000][gc,heap       ] GC(13) Old regions: 19->19
[2022-08-01T08:48:37.442+0000][gc,heap       ] GC(13) Humongous regions: 129->129
[2022-08-01T08:48:37.442+0000][gc,metaspace  ] GC(13) Metaspace: 44251K->44251K(1089536K)
[2022-08-01T08:48:37.442+0000][gc            ] GC(13) Pause Young (Normal) (G1 Evacuation Pause) 196M->150M(1024M) 7.878ms
[2022-08-01T08:48:37.442+0000][gc,cpu        ] GC(13) User=0.02s Sys=0.00s Real=0.00s
[2022-08-01T08:51:34.560+0000][gc,start      ] GC(14) Pause Young (Normal) (G1 Evacuation Pause)
[2022-08-01T08:51:34.560+0000][gc,task       ] GC(14) Using 2 workers of 2 for evacuation
[2022-08-01T08:51:34.572+0000][gc,phases     ] GC(14)   Pre Evacuate Collection Set: 0.1ms
[2022-08-01T08:51:34.572+0000][gc,phases     ] GC(14)   Evacuate Collection Set: 10.6ms
[2022-08-01T08:51:34.572+0000][gc,phases     ] GC(14)   Post Evacuate Collection Set: 0.4ms
[2022-08-01T08:51:34.572+0000][gc,phases     ] GC(14)   Other: 0.2ms
[2022-08-01T08:51:34.572+0000][gc,heap       ] GC(14) Eden regions: 47->0(46)
[2022-08-01T08:51:34.572+0000][gc,heap       ] GC(14) Survivor regions: 4->5(7)
[2022-08-01T08:51:34.572+0000][gc,heap       ] GC(14) Old regions: 19->20
[2022-08-01T08:51:34.572+0000][gc,heap       ] GC(14) Humongous regions: 129->129
[2022-08-01T08:51:34.572+0000][gc,metaspace  ] GC(14) Metaspace: 44495K->44495K(1089536K)
[2022-08-01T08:51:34.572+0000][gc            ] GC(14) Pause Young (Normal) (G1 Evacuation Pause) 197M->152M(1024M) 11.405ms
[2022-08-01T08:51:34.572+0000][gc,cpu        ] GC(14) User=0.03s Sys=0.00s Real=0.01s
[2022-08-01T08:54:54.644+0000][gc,start      ] GC(15) Pause Young (Normal) (G1 Evacuation Pause)
[2022-08-01T08:54:54.644+0000][gc,task       ] GC(15) Using 2 workers of 2 for evacuation
[2022-08-01T08:54:54.657+0000][gc,phases     ] GC(15)   Pre Evacuate Collection Set: 0.0ms
[2022-08-01T08:54:54.657+0000][gc,phases     ] GC(15)   Evacuate Collection Set: 12.5ms
[2022-08-01T08:54:54.657+0000][gc,phases     ] GC(15)   Post Evacuate Collection Set: 0.4ms
[2022-08-01T08:54:54.657+0000][gc,phases     ] GC(15)   Other: 0.2ms
[2022-08-01T08:54:54.657+0000][gc,heap       ] GC(15) Eden regions: 46->0(46)
[2022-08-01T08:54:54.657+0000][gc,heap       ] GC(15) Survivor regions: 5->5(7)
[2022-08-01T08:54:54.657+0000][gc,heap       ] GC(15) Old regions: 20->23
[2022-08-01T08:54:54.657+0000][gc,heap       ] GC(15) Humongous regions: 129->129
[2022-08-01T08:54:54.657+0000][gc,metaspace  ] GC(15) Metaspace: 44509K->44509K(1089536K)
[2022-08-01T08:54:54.657+0000][gc            ] GC(15) Pause Young (Normal) (G1 Evacuation Pause) 198M->154M(1024M) 13.302ms
[2022-08-01T08:54:54.657+0000][gc,cpu        ] GC(15) User=0.02s Sys=0.00s Real=0.02s
[2022-08-01T08:58:18.209+0000][gc,start      ] GC(16) Pause Young (Normal) (G1 Evacuation Pause)
[2022-08-01T08:58:18.209+0000][gc,task       ] GC(16) Using 2 workers of 2 for evacuation
[2022-08-01T08:58:18.219+0000][gc,phases     ] GC(16)   Pre Evacuate Collection Set: 0.0ms
[2022-08-01T08:58:18.219+0000][gc,phases     ] GC(16)   Evacuate Collection Set: 8.7ms
[2022-08-01T08:58:18.219+0000][gc,phases     ] GC(16)   Post Evacuate Collection Set: 0.4ms
[2022-08-01T08:58:18.219+0000][gc,phases     ] GC(16)   Other: 0.2ms
[2022-08-01T08:58:18.219+0000][gc,heap       ] GC(16) Eden regions: 46->0(48)
[2022-08-01T08:58:18.219+0000][gc,heap       ] GC(16) Survivor regions: 5->3(7)
[2022-08-01T08:58:18.219+0000][gc,heap       ] GC(16) Old regions: 23->25
[2022-08-01T08:58:18.219+0000][gc,heap       ] GC(16) Humongous regions: 129->129
[2022-08-01T08:58:18.219+0000][gc,metaspace  ] GC(16) Metaspace: 44567K->44567K(1089536K)
[2022-08-01T08:58:18.219+0000][gc            ] GC(16) Pause Young (Normal) (G1 Evacuation Pause) 200M->154M(1024M) 9.425ms
[2022-08-01T08:58:18.219+0000][gc,cpu        ] GC(16) User=0.02s Sys=0.00s Real=0.01s
[2022-08-01T09:01:52.300+0000][gc,start      ] GC(17) Pause Young (Normal) (G1 Evacuation Pause)
[2022-08-01T09:01:52.300+0000][gc,task       ] GC(17) Using 2 workers of 2 for evacuation
[2022-08-01T09:01:52.309+0000][gc,phases     ] GC(17)   Pre Evacuate Collection Set: 0.0ms
[2022-08-01T09:01:52.309+0000][gc,phases     ] GC(17)   Evacuate Collection Set: 9.3ms
[2022-08-01T09:01:52.310+0000][gc,phases     ] GC(17)   Post Evacuate Collection Set: 0.4ms
[2022-08-01T09:01:52.310+0000][gc,phases     ] GC(17)   Other: 0.2ms
[2022-08-01T09:01:52.310+0000][gc,heap       ] GC(17) Eden regions: 48->0(46)
[2022-08-01T09:01:52.310+0000][gc,heap       ] GC(17) Survivor regions: 3->6(7)
[2022-08-01T09:01:52.310+0000][gc,heap       ] GC(17) Old regions: 25->25
[2022-08-01T09:01:52.310+0000][gc,heap       ] GC(17) Humongous regions: 129->129
[2022-08-01T09:01:52.310+0000][gc,metaspace  ] GC(17) Metaspace: 44574K->44574K(1089536K)
[2022-08-01T09:01:52.310+0000][gc            ] GC(17) Pause Young (Normal) (G1 Evacuation Pause) 202M->157M(1024M) 10.064ms
[2022-08-01T09:01:52.310+0000][gc,cpu        ] GC(17) User=0.02s Sys=0.00s Real=0.01s
[2022-08-01T09:05:17.894+0000][gc,start      ] GC(18) Pause Young (Normal) (G1 Evacuation Pause)
[2022-08-01T09:05:17.894+0000][gc,task       ] GC(18) Using 2 workers of 2 for evacuation
[2022-08-01T09:05:17.908+0000][gc,phases     ] GC(18)   Pre Evacuate Collection Set: 0.0ms
[2022-08-01T09:05:17.908+0000][gc,phases     ] GC(18)   Evacuate Collection Set: 12.7ms
[2022-08-01T09:05:17.908+0000][gc,phases     ] GC(18)   Post Evacuate Collection Set: 0.4ms
[2022-08-01T09:05:17.908+0000][gc,phases     ] GC(18)   Other: 0.2ms
[2022-08-01T09:05:17.908+0000][gc,heap       ] GC(18) Eden regions: 46->0(47)
[2022-08-01T09:05:17.908+0000][gc,heap       ] GC(18) Survivor regions: 6->7(7)
[2022-08-01T09:05:17.908+0000][gc,heap       ] GC(18) Old regions: 25->27
[2022-08-01T09:05:17.908+0000][gc,heap       ] GC(18) Humongous regions: 129->129
[2022-08-01T09:05:17.908+0000][gc,metaspace  ] GC(18) Metaspace: 44598K->44598K(1089536K)
[2022-08-01T09:05:17.908+0000][gc            ] GC(18) Pause Young (Normal) (G1 Evacuation Pause) 203M->160M(1024M) 13.485ms
[2022-08-01T09:05:17.908+0000][gc,cpu        ] GC(18) User=0.02s Sys=0.01s Real=0.01s
[2022-08-01T09:08:47.954+0000][gc,start      ] GC(19) Pause Young (Normal) (G1 Evacuation Pause)
[2022-08-01T09:08:47.954+0000][gc,task       ] GC(19) Using 2 workers of 2 for evacuation
[2022-08-01T09:08:47.968+0000][gc,phases     ] GC(19)   Pre Evacuate Collection Set: 0.0ms
[2022-08-01T09:08:47.968+0000][gc,phases     ] GC(19)   Evacuate Collection Set: 14.0ms
[2022-08-01T09:08:47.968+0000][gc,phases     ] GC(19)   Post Evacuate Collection Set: 0.4ms
[2022-08-01T09:08:47.968+0000][gc,phases     ] GC(19)   Other: 0.2ms
[2022-08-01T09:08:47.968+0000][gc,heap       ] GC(19) Eden regions: 47->0(48)
[2022-08-01T09:08:47.968+0000][gc,heap       ] GC(19) Survivor regions: 7->5(7)
[2022-08-01T09:08:47.968+0000][gc,heap       ] GC(19) Old regions: 27->31
[2022-08-01T09:08:47.968+0000][gc,heap       ] GC(19) Humongous regions: 129->129
[2022-08-01T09:08:47.968+0000][gc,metaspace  ] GC(19) Metaspace: 44599K->44599K(1089536K)
[2022-08-01T09:08:47.968+0000][gc            ] GC(19) Pause Young (Normal) (G1 Evacuation Pause) 207M->162M(1024M) 14.818ms
[2022-08-01T09:08:47.968+0000][gc,cpu        ] GC(19) User=0.02s Sys=0.00s Real=0.01s
[2022-08-01T09:12:22.223+0000][gc,start      ] GC(20) Pause Young (Normal) (G1 Evacuation Pause)
[2022-08-01T09:12:22.223+0000][gc,task       ] GC(20) Using 2 workers of 2 for evacuation
[2022-08-01T09:12:22.233+0000][gc,phases     ] GC(20)   Pre Evacuate Collection Set: 0.0ms
[2022-08-01T09:12:22.233+0000][gc,phases     ] GC(20)   Evacuate Collection Set: 9.3ms
[2022-08-01T09:12:22.233+0000][gc,phases     ] GC(20)   Post Evacuate Collection Set: 0.4ms
[2022-08-01T09:12:22.233+0000][gc,phases     ] GC(20)   Other: 0.2ms
[2022-08-01T09:12:22.233+0000][gc,heap       ] GC(20) Eden regions: 48->0(59)
[2022-08-01T09:12:22.233+0000][gc,heap       ] GC(20) Survivor regions: 5->3(7)
[2022-08-01T09:12:22.233+0000][gc,heap       ] GC(20) Old regions: 31->33
[2022-08-01T09:12:22.233+0000][gc,heap       ] GC(20) Humongous regions: 129->129
[2022-08-01T09:12:22.233+0000][gc,metaspace  ] GC(20) Metaspace: 44617K->44617K(1089536K)
[2022-08-01T09:12:22.233+0000][gc            ] GC(20) Pause Young (Normal) (G1 Evacuation Pause) 210M->162M(1024M) 9.994ms
[2022-08-01T09:12:22.233+0000][gc,cpu        ] GC(20) User=0.02s Sys=0.00s Real=0.02s
[2022-08-01T09:16:46.696+0000][gc,start      ] GC(21) Pause Young (Normal) (G1 Evacuation Pause)
[2022-08-01T09:16:46.696+0000][gc,task       ] GC(21) Using 2 workers of 2 for evacuation
[2022-08-01T09:16:46.710+0000][gc,phases     ] GC(21)   Pre Evacuate Collection Set: 0.0ms
[2022-08-01T09:16:46.710+0000][gc,phases     ] GC(21)   Evacuate Collection Set: 13.4ms
[2022-08-01T09:16:46.710+0000][gc,phases     ] GC(21)   Post Evacuate Collection Set: 0.4ms
[2022-08-01T09:16:46.710+0000][gc,phases     ] GC(21)   Other: 0.2ms
[2022-08-01T09:16:46.710+0000][gc,heap       ] GC(21) Eden regions: 59->0(58)
[2022-08-01T09:16:46.710+0000][gc,heap       ] GC(21) Survivor regions: 3->7(8)
[2022-08-01T09:16:46.710+0000][gc,heap       ] GC(21) Old regions: 33->33
[2022-08-01T09:16:46.710+0000][gc,heap       ] GC(21) Humongous regions: 129->129
[2022-08-01T09:16:46.710+0000][gc,metaspace  ] GC(21) Metaspace: 44624K->44624K(1089536K)
[2022-08-01T09:16:46.710+0000][gc            ] GC(21) Pause Young (Normal) (G1 Evacuation Pause) 221M->166M(1024M) 14.182ms
[2022-08-01T09:16:46.710+0000][gc,cpu        ] GC(21) User=0.01s Sys=0.02s Real=0.01s
[2022-08-01T09:21:06.853+0000][gc,start      ] GC(22) Pause Young (Normal) (G1 Evacuation Pause)
[2022-08-01T09:21:06.853+0000][gc,task       ] GC(22) Using 2 workers of 2 for evacuation
[2022-08-01T09:21:06.868+0000][gc,phases     ] GC(22)   Pre Evacuate Collection Set: 0.0ms
[2022-08-01T09:21:06.868+0000][gc,phases     ] GC(22)   Evacuate Collection Set: 13.6ms
[2022-08-01T09:21:06.868+0000][gc,phases     ] GC(22)   Post Evacuate Collection Set: 0.4ms
[2022-08-01T09:21:06.868+0000][gc,phases     ] GC(22)   Other: 0.3ms
[2022-08-01T09:21:06.868+0000][gc,heap       ] GC(22) Eden regions: 58->0(61)
[2022-08-01T09:21:06.868+0000][gc,heap       ] GC(22) Survivor regions: 7->4(9)
[2022-08-01T09:21:06.868+0000][gc,heap       ] GC(22) Old regions: 33->37
[2022-08-01T09:21:06.868+0000][gc,heap       ] GC(22) Humongous regions: 129->129
[2022-08-01T09:21:06.868+0000][gc,metaspace  ] GC(22) Metaspace: 44628K->44628K(1089536K)
[2022-08-01T09:21:06.868+0000][gc            ] GC(22) Pause Young (Normal) (G1 Evacuation Pause) 224M->168M(1024M) 14.375ms
[2022-08-01T09:21:06.868+0000][gc,cpu        ] GC(22) User=0.03s Sys=0.00s Real=0.01s
[2022-08-01T09:25:39.589+0000][gc,start      ] GC(23) Pause Young (Normal) (G1 Evacuation Pause)
[2022-08-01T09:25:39.589+0000][gc,task       ] GC(23) Using 2 workers of 2 for evacuation
[2022-08-01T09:25:39.604+0000][gc,phases     ] GC(23)   Pre Evacuate Collection Set: 0.0ms
[2022-08-01T09:25:39.604+0000][gc,phases     ] GC(23)   Evacuate Collection Set: 13.8ms
[2022-08-01T09:25:39.604+0000][gc,phases     ] GC(23)   Post Evacuate Collection Set: 0.4ms
[2022-08-01T09:25:39.604+0000][gc,phases     ] GC(23)   Other: 0.2ms
[2022-08-01T09:25:39.604+0000][gc,heap       ] GC(23) Eden regions: 61->0(61)
[2022-08-01T09:25:39.604+0000][gc,heap       ] GC(23) Survivor regions: 4->8(9)
[2022-08-01T09:25:39.604+0000][gc,heap       ] GC(23) Old regions: 37->37
[2022-08-01T09:25:39.604+0000][gc,heap       ] GC(23) Humongous regions: 129->129
[2022-08-01T09:25:39.604+0000][gc,metaspace  ] GC(23) Metaspace: 44635K->44635K(1089536K)
[2022-08-01T09:25:39.604+0000][gc            ] GC(23) Pause Young (Normal) (G1 Evacuation Pause) 229M->172M(1024M) 14.598ms
[2022-08-01T09:25:39.604+0000][gc,cpu        ] GC(23) User=0.03s Sys=0.00s Real=0.01s
[2022-08-01T09:30:13.726+0000][gc,start      ] GC(24) Pause Young (Normal) (G1 Evacuation Pause)
[2022-08-01T09:30:13.726+0000][gc,task       ] GC(24) Using 2 workers of 2 for evacuation
[2022-08-01T09:30:13.742+0000][gc,phases     ] GC(24)   Pre Evacuate Collection Set: 0.0ms
[2022-08-01T09:30:13.742+0000][gc,phases     ] GC(24)   Evacuate Collection Set: 15.3ms
[2022-08-01T09:30:13.742+0000][gc,phases     ] GC(24)   Post Evacuate Collection Set: 0.4ms
[2022-08-01T09:30:13.742+0000][gc,phases     ] GC(24)   Other: 0.2ms
[2022-08-01T09:30:13.742+0000][gc,heap       ] GC(24) Eden regions: 61->0(64)
[2022-08-01T09:30:13.742+0000][gc,heap       ] GC(24) Survivor regions: 8->5(9)
[2022-08-01T09:30:13.742+0000][gc,heap       ] GC(24) Old regions: 37->42
[2022-08-01T09:30:13.742+0000][gc,heap       ] GC(24) Humongous regions: 129->129
[2022-08-01T09:30:13.742+0000][gc,metaspace  ] GC(24) Metaspace: 44637K->44637K(1089536K)
[2022-08-01T09:30:13.742+0000][gc            ] GC(24) Pause Young (Normal) (G1 Evacuation Pause) 233M->173M(1024M) 16.129ms
[2022-08-01T09:30:13.742+0000][gc,cpu        ] GC(24) User=0.02s Sys=0.00s Real=0.01s
[2022-08-01T09:34:59.058+0000][gc,start      ] GC(25) Pause Young (Normal) (G1 Evacuation Pause)
[2022-08-01T09:34:59.059+0000][gc,task       ] GC(25) Using 2 workers of 2 for evacuation
[2022-08-01T09:34:59.070+0000][gc,phases     ] GC(25)   Pre Evacuate Collection Set: 0.0ms
[2022-08-01T09:34:59.070+0000][gc,phases     ] GC(25)   Evacuate Collection Set: 11.3ms
[2022-08-01T09:34:59.070+0000][gc,phases     ] GC(25)   Post Evacuate Collection Set: 0.4ms
[2022-08-01T09:34:59.070+0000][gc,phases     ] GC(25)   Other: 0.2ms
[2022-08-01T09:34:59.070+0000][gc,heap       ] GC(25) Eden regions: 64->0(69)
[2022-08-01T09:34:59.070+0000][gc,heap       ] GC(25) Survivor regions: 5->7(9)
[2022-08-01T09:34:59.070+0000][gc,heap       ] GC(25) Old regions: 42->42
[2022-08-01T09:34:59.070+0000][gc,heap       ] GC(25) Humongous regions: 129->129
[2022-08-01T09:34:59.071+0000][gc,metaspace  ] GC(25) Metaspace: 44652K->44652K(1089536K)
[2022-08-01T09:34:59.071+0000][gc            ] GC(25) Pause Young (Normal) (G1 Evacuation Pause) 237M->175M(1024M) 12.049ms
[2022-08-01T09:34:59.071+0000][gc,cpu        ] GC(25) User=0.02s Sys=0.00s Real=0.01s
[2022-08-01T09:40:08.105+0000][gc,start      ] GC(26) Pause Young (Normal) (G1 Evacuation Pause)
[2022-08-01T09:40:08.105+0000][gc,task       ] GC(26) Using 2 workers of 2 for evacuation
[2022-08-01T09:40:08.122+0000][gc,phases     ] GC(26)   Pre Evacuate Collection Set: 0.0ms
[2022-08-01T09:40:08.122+0000][gc,phases     ] GC(26)   Evacuate Collection Set: 15.5ms
[2022-08-01T09:40:08.122+0000][gc,phases     ] GC(26)   Post Evacuate Collection Set: 0.4ms
[2022-08-01T09:40:08.122+0000][gc,phases     ] GC(26)   Other: 0.3ms
[2022-08-01T09:40:08.122+0000][gc,heap       ] GC(26) Eden regions: 69->0(608)
[2022-08-01T09:40:08.122+0000][gc,heap       ] GC(26) Survivor regions: 7->6(10)
[2022-08-01T09:40:08.122+0000][gc,heap       ] GC(26) Old regions: 42->44
[2022-08-01T09:40:08.122+0000][gc,heap       ] GC(26) Humongous regions: 129->129
[2022-08-01T09:40:08.122+0000][gc,metaspace  ] GC(26) Metaspace: 44654K->44654K(1089536K)
[2022-08-01T09:40:08.122+0000][gc            ] GC(26) Pause Young (Normal) (G1 Evacuation Pause) 244M->177M(1024M) 16.362ms
[2022-08-01T09:40:08.122+0000][gc,cpu        ] GC(26) User=0.03s Sys=0.00s Real=0.01s
[2022-08-01T10:26:03.041+0000][gc,start      ] GC(27) Pause Young (Normal) (G1 Evacuation Pause)
[2022-08-01T10:26:03.041+0000][gc,task       ] GC(27) Using 2 workers of 2 for evacuation
[2022-08-01T10:26:03.065+0000][gc,mmu        ] GC(27) MMU target violated: 21.0ms (20.0ms/21.0ms)
[2022-08-01T10:26:03.065+0000][gc,phases     ] GC(27)   Pre Evacuate Collection Set: 0.0ms
[2022-08-01T10:26:03.065+0000][gc,phases     ] GC(27)   Evacuate Collection Set: 22.9ms
[2022-08-01T10:26:03.065+0000][gc,phases     ] GC(27)   Post Evacuate Collection Set: 1.2ms
[2022-08-01T10:26:03.065+0000][gc,phases     ] GC(27)   Other: 0.4ms
[2022-08-01T10:26:03.065+0000][gc,heap       ] GC(27) Eden regions: 608->0(63)
[2022-08-01T10:26:03.065+0000][gc,heap       ] GC(27) Survivor regions: 6->12(77)
[2022-08-01T10:26:03.065+0000][gc,heap       ] GC(27) Old regions: 44->44
[2022-08-01T10:26:03.065+0000][gc,heap       ] GC(27) Humongous regions: 129->129
[2022-08-01T10:26:03.065+0000][gc,metaspace  ] GC(27) Metaspace: 44710K->44710K(1089536K)
[2022-08-01T10:26:03.065+0000][gc            ] GC(27) Pause Young (Normal) (G1 Evacuation Pause) 785M->183M(1024M) 24.520ms
[2022-08-01T10:26:03.065+0000][gc,cpu        ] GC(27) User=0.04s Sys=0.01s Real=0.03s
[2022-08-01T10:30:01.985+0000][gc,start      ] GC(28) Pause Young (Normal) (G1 Evacuation Pause)
[2022-08-01T10:30:01.985+0000][gc,task       ] GC(28) Using 2 workers of 2 for evacuation
[2022-08-01T10:30:02.003+0000][gc,phases     ] GC(28)   Pre Evacuate Collection Set: 0.0ms
[2022-08-01T10:30:02.003+0000][gc,phases     ] GC(28)   Evacuate Collection Set: 17.0ms
[2022-08-01T10:30:02.003+0000][gc,phases     ] GC(28)   Post Evacuate Collection Set: 0.4ms
[2022-08-01T10:30:02.003+0000][gc,phases     ] GC(28)   Other: 0.2ms
[2022-08-01T10:30:02.003+0000][gc,heap       ] GC(28) Eden regions: 53->0(91)
[2022-08-01T10:30:02.003+0000][gc,heap       ] GC(28) Survivor regions: 12->2(9)
[2022-08-01T10:30:02.003+0000][gc,heap       ] GC(28) Old regions: 44->53
[2022-08-01T10:30:02.003+0000][gc,heap       ] GC(28) Humongous regions: 129->129
[2022-08-01T10:30:02.003+0000][gc,metaspace  ] GC(28) Metaspace: 44710K->44710K(1089536K)
[2022-08-01T10:30:02.003+0000][gc            ] GC(28) Pause Young (Normal) (G1 Evacuation Pause) 236M->182M(1024M) 17.786ms
[2022-08-01T10:30:02.003+0000][gc,cpu        ] GC(28) User=0.03s Sys=0.00s Real=0.01s
[2022-08-01T10:36:53.092+0000][gc,start      ] GC(29) Pause Young (Normal) (G1 Evacuation Pause)
[2022-08-01T10:36:53.092+0000][gc,task       ] GC(29) Using 2 workers of 2 for evacuation
[2022-08-01T10:36:53.103+0000][gc,phases     ] GC(29)   Pre Evacuate Collection Set: 0.0ms
[2022-08-01T10:36:53.103+0000][gc,phases     ] GC(29)   Evacuate Collection Set: 10.5ms
[2022-08-01T10:36:53.103+0000][gc,phases     ] GC(29)   Post Evacuate Collection Set: 0.5ms
[2022-08-01T10:36:53.103+0000][gc,phases     ] GC(29)   Other: 0.2ms
[2022-08-01T10:36:53.103+0000][gc,heap       ] GC(29) Eden regions: 91->0(79)
[2022-08-01T10:36:53.103+0000][gc,heap       ] GC(29) Survivor regions: 2->7(12)
[2022-08-01T10:36:53.103+0000][gc,heap       ] GC(29) Old regions: 53->53
[2022-08-01T10:36:53.103+0000][gc,heap       ] GC(29) Humongous regions: 129->129
[2022-08-01T10:36:53.103+0000][gc,metaspace  ] GC(29) Metaspace: 44712K->44712K(1089536K)
[2022-08-01T10:36:53.103+0000][gc            ] GC(29) Pause Young (Normal) (G1 Evacuation Pause) 273M->186M(1024M) 11.311ms
[2022-08-01T10:36:53.103+0000][gc,cpu        ] GC(29) User=0.02s Sys=0.00s Real=0.01s
[2022-08-01T10:42:48.129+0000][gc,start      ] GC(30) Pause Young (Normal) (G1 Evacuation Pause)
[2022-08-01T10:42:48.129+0000][gc,task       ] GC(30) Using 2 workers of 2 for evacuation
[2022-08-01T10:42:48.144+0000][gc,phases     ] GC(30)   Pre Evacuate Collection Set: 0.0ms
[2022-08-01T10:42:48.144+0000][gc,phases     ] GC(30)   Evacuate Collection Set: 14.8ms
[2022-08-01T10:42:48.144+0000][gc,phases     ] GC(30)   Post Evacuate Collection Set: 0.5ms
[2022-08-01T10:42:48.144+0000][gc,phases     ] GC(30)   Other: 0.2ms
[2022-08-01T10:42:48.144+0000][gc,heap       ] GC(30) Eden regions: 79->0(67)
[2022-08-01T10:42:48.144+0000][gc,heap       ] GC(30) Survivor regions: 7->10(11)
[2022-08-01T10:42:48.144+0000][gc,heap       ] GC(30) Old regions: 53->54
[2022-08-01T10:42:48.144+0000][gc,heap       ] GC(30) Humongous regions: 129->129
[2022-08-01T10:42:48.144+0000][gc,metaspace  ] GC(30) Metaspace: 44713K->44713K(1089536K)
[2022-08-01T10:42:48.144+0000][gc            ] GC(30) Pause Young (Normal) (G1 Evacuation Pause) 265M->190M(1024M) 15.620ms
[2022-08-01T10:42:48.144+0000][gc,cpu        ] GC(30) User=0.04s Sys=0.00s Real=0.01s
[2022-08-01T10:47:36.817+0000][gc,start      ] GC(31) Pause Young (Normal) (G1 Evacuation Pause)
[2022-08-01T10:47:36.817+0000][gc,task       ] GC(31) Using 2 workers of 2 for evacuation
[2022-08-01T10:47:36.836+0000][gc,phases     ] GC(31)   Pre Evacuate Collection Set: 0.0ms
[2022-08-01T10:47:36.836+0000][gc,phases     ] GC(31)   Evacuate Collection Set: 18.0ms
[2022-08-01T10:47:36.836+0000][gc,phases     ] GC(31)   Post Evacuate Collection Set: 0.5ms
[2022-08-01T10:47:36.836+0000][gc,phases     ] GC(31)   Other: 0.2ms
[2022-08-01T10:47:36.836+0000][gc,heap       ] GC(31) Eden regions: 67->0(92)
[2022-08-01T10:47:36.836+0000][gc,heap       ] GC(31) Survivor regions: 10->5(10)
[2022-08-01T10:47:36.836+0000][gc,heap       ] GC(31) Old regions: 54->61
[2022-08-01T10:47:36.836+0000][gc,heap       ] GC(31) Humongous regions: 129->129
[2022-08-01T10:47:36.836+0000][gc,metaspace  ] GC(31) Metaspace: 44719K->44719K(1089536K)
[2022-08-01T10:47:36.836+0000][gc            ] GC(31) Pause Young (Normal) (G1 Evacuation Pause) 257M->192M(1024M) 18.837ms
[2022-08-01T10:47:36.836+0000][gc,cpu        ] GC(31) User=0.03s Sys=0.00s Real=0.02s
[2022-08-01T10:53:57.813+0000][gc,start      ] GC(32) Pause Young (Normal) (G1 Evacuation Pause)
[2022-08-01T10:53:57.813+0000][gc,task       ] GC(32) Using 2 workers of 2 for evacuation
[2022-08-01T10:53:57.825+0000][gc,phases     ] GC(32)   Pre Evacuate Collection Set: 0.0ms
[2022-08-01T10:53:57.825+0000][gc,phases     ] GC(32)   Evacuate Collection Set: 10.9ms
[2022-08-01T10:53:57.825+0000][gc,phases     ] GC(32)   Post Evacuate Collection Set: 0.4ms
[2022-08-01T10:53:57.825+0000][gc,phases     ] GC(32)   Other: 0.2ms
[2022-08-01T10:53:57.825+0000][gc,heap       ] GC(32) Eden regions: 92->0(93)
[2022-08-01T10:53:57.825+0000][gc,heap       ] GC(32) Survivor regions: 5->6(13)
[2022-08-01T10:53:57.825+0000][gc,heap       ] GC(32) Old regions: 61->61
[2022-08-01T10:53:57.825+0000][gc,heap       ] GC(32) Humongous regions: 129->129
[2022-08-01T10:53:57.825+0000][gc,metaspace  ] GC(32) Metaspace: 44736K->44736K(1089536K)
[2022-08-01T10:53:57.825+0000][gc            ] GC(32) Pause Young (Normal) (G1 Evacuation Pause) 284M->193M(1024M) 11.655ms
[2022-08-01T10:53:57.825+0000][gc,cpu        ] GC(32) User=0.03s Sys=0.00s Real=0.01s
[2022-08-01T10:56:49.310+0000][gc,start      ] GC(33) Pause Young (Normal) (G1 Evacuation Pause)
[2022-08-01T10:56:49.310+0000][gc,task       ] GC(33) Using 2 workers of 2 for evacuation
[2022-08-01T10:56:49.321+0000][gc,phases     ] GC(33)   Pre Evacuate Collection Set: 0.0ms
[2022-08-01T10:56:49.321+0000][gc,phases     ] GC(33)   Evacuate Collection Set: 10.6ms
[2022-08-01T10:56:49.321+0000][gc,phases     ] GC(33)   Post Evacuate Collection Set: 0.4ms
[2022-08-01T10:56:49.321+0000][gc,phases     ] GC(33)   Other: 0.2ms
[2022-08-01T10:56:49.321+0000][gc,heap       ] GC(33) Eden regions: 90->0(103)
[2022-08-01T10:56:49.321+0000][gc,heap       ] GC(33) Survivor regions: 6->6(12)
[2022-08-01T10:56:49.321+0000][gc,heap       ] GC(33) Old regions: 61->61
[2022-08-01T10:56:49.321+0000][gc,heap       ] GC(33) Humongous regions: 129->129
[2022-08-01T10:56:49.321+0000][gc,metaspace  ] GC(33) Metaspace: 44745K->44745K(1089536K)
[2022-08-01T10:56:49.321+0000][gc            ] GC(33) Pause Young (Normal) (G1 Evacuation Pause) 283M->194M(1024M) 11.412ms
[2022-08-01T10:56:49.321+0000][gc,cpu        ] GC(33) User=0.02s Sys=0.00s Real=0.01s
[2022-08-01T11:04:17.220+0000][gc,start      ] GC(34) Pause Young (Normal) (G1 Evacuation Pause)
[2022-08-01T11:04:17.220+0000][gc,task       ] GC(34) Using 2 workers of 2 for evacuation
[2022-08-01T11:04:17.229+0000][gc,phases     ] GC(34)   Pre Evacuate Collection Set: 0.0ms
[2022-08-01T11:04:17.229+0000][gc,phases     ] GC(34)   Evacuate Collection Set: 9.0ms
[2022-08-01T11:04:17.229+0000][gc,phases     ] GC(34)   Post Evacuate Collection Set: 0.4ms
[2022-08-01T11:04:17.229+0000][gc,phases     ] GC(34)   Other: 0.2ms
[2022-08-01T11:04:17.229+0000][gc,heap       ] GC(34) Eden regions: 100->0(107)
[2022-08-01T11:04:17.229+0000][gc,heap       ] GC(34) Survivor regions: 6->5(14)
[2022-08-01T11:04:17.229+0000][gc,heap       ] GC(34) Old regions: 61->61
[2022-08-01T11:04:17.229+0000][gc,heap       ] GC(34) Humongous regions: 129->129
[2022-08-01T11:04:17.229+0000][gc,metaspace  ] GC(34) Metaspace: 44790K->44790K(1089536K)
[2022-08-01T11:04:17.229+0000][gc            ] GC(34) Pause Young (Normal) (G1 Evacuation Pause) 294M->193M(1024M) 9.839ms
[2022-08-01T11:04:17.229+0000][gc,cpu        ] GC(34) User=0.02s Sys=0.00s Real=0.01s
[2022-08-01T11:12:04.293+0000][gc,start      ] GC(35) Pause Young (Normal) (G1 Evacuation Pause)
[2022-08-01T11:12:04.293+0000][gc,task       ] GC(35) Using 2 workers of 2 for evacuation
[2022-08-01T11:12:04.306+0000][gc,phases     ] GC(35)   Pre Evacuate Collection Set: 0.0ms
[2022-08-01T11:12:04.306+0000][gc,phases     ] GC(35)   Evacuate Collection Set: 12.0ms
[2022-08-01T11:12:04.306+0000][gc,phases     ] GC(35)   Post Evacuate Collection Set: 0.4ms
[2022-08-01T11:12:04.306+0000][gc,phases     ] GC(35)   Other: 0.2ms
[2022-08-01T11:12:04.306+0000][gc,heap       ] GC(35) Eden regions: 106->0(108)
[2022-08-01T11:12:04.306+0000][gc,heap       ] GC(35) Survivor regions: 5->7(14)
[2022-08-01T11:12:04.306+0000][gc,heap       ] GC(35) Old regions: 61->61
[2022-08-01T11:12:04.306+0000][gc,heap       ] GC(35) Humongous regions: 129->129
[2022-08-01T11:12:04.306+0000][gc,metaspace  ] GC(35) Metaspace: 44799K->44799K(1089536K)
[2022-08-01T11:12:04.306+0000][gc            ] GC(35) Pause Young (Normal) (G1 Evacuation Pause) 299M->195M(1024M) 12.819ms
[2022-08-01T11:12:04.306+0000][gc,cpu        ] GC(35) User=0.03s Sys=0.00s Real=0.01s
[2022-08-01T11:19:54.193+0000][gc,start      ] GC(36) Pause Young (Normal) (G1 Evacuation Pause)
[2022-08-01T11:19:54.193+0000][gc,task       ] GC(36) Using 2 workers of 2 for evacuation
[2022-08-01T11:19:54.205+0000][gc,phases     ] GC(36)   Pre Evacuate Collection Set: 0.0ms
[2022-08-01T11:19:54.205+0000][gc,phases     ] GC(36)   Evacuate Collection Set: 11.4ms
[2022-08-01T11:19:54.205+0000][gc,phases     ] GC(36)   Post Evacuate Collection Set: 0.6ms
[2022-08-01T11:19:54.205+0000][gc,phases     ] GC(36)   Other: 0.2ms
[2022-08-01T11:19:54.205+0000][gc,heap       ] GC(36) Eden regions: 107->0(110)
[2022-08-01T11:19:54.205+0000][gc,heap       ] GC(36) Survivor regions: 7->7(15)
[2022-08-01T11:19:54.206+0000][gc,heap       ] GC(36) Old regions: 61->61
[2022-08-01T11:19:54.206+0000][gc,heap       ] GC(36) Humongous regions: 129->129
[2022-08-01T11:19:54.206+0000][gc,metaspace  ] GC(36) Metaspace: 44802K->44802K(1089536K)
[2022-08-01T11:19:54.206+0000][gc            ] GC(36) Pause Young (Normal) (G1 Evacuation Pause) 302M->194M(1024M) 12.315ms
[2022-08-01T11:19:54.206+0000][gc,cpu        ] GC(36) User=0.03s Sys=0.00s Real=0.01s
[2022-08-01T11:27:55.041+0000][gc,start      ] GC(37) Pause Young (Normal) (G1 Evacuation Pause)
[2022-08-01T11:27:55.041+0000][gc,task       ] GC(37) Using 2 workers of 2 for evacuation
[2022-08-01T11:27:55.052+0000][gc,phases     ] GC(37)   Pre Evacuate Collection Set: 0.0ms
[2022-08-01T11:27:55.052+0000][gc,phases     ] GC(37)   Evacuate Collection Set: 11.0ms
[2022-08-01T11:27:55.052+0000][gc,phases     ] GC(37)   Post Evacuate Collection Set: 0.6ms
[2022-08-01T11:27:55.052+0000][gc,phases     ] GC(37)   Other: 0.2ms
[2022-08-01T11:27:55.052+0000][gc,heap       ] GC(37) Eden regions: 109->0(113)
[2022-08-01T11:27:55.052+0000][gc,heap       ] GC(37) Survivor regions: 7->7(15)
[2022-08-01T11:27:55.052+0000][gc,heap       ] GC(37) Old regions: 61->61
[2022-08-01T11:27:55.052+0000][gc,heap       ] GC(37) Humongous regions: 129->129
[2022-08-01T11:27:55.052+0000][gc,metaspace  ] GC(37) Metaspace: 44804K->44804K(1089536K)
[2022-08-01T11:27:55.052+0000][gc            ] GC(37) Pause Young (Normal) (G1 Evacuation Pause) 303M->194M(1024M) 11.910ms
[2022-08-01T11:27:55.052+0000][gc,cpu        ] GC(37) User=0.02s Sys=0.00s Real=0.02s
[2022-08-01T11:36:13.550+0000][gc,start      ] GC(38) Pause Young (Normal) (G1 Evacuation Pause)
[2022-08-01T11:36:13.550+0000][gc,task       ] GC(38) Using 2 workers of 2 for evacuation
[2022-08-01T11:36:13.562+0000][gc,phases     ] GC(38)   Pre Evacuate Collection Set: 0.0ms
[2022-08-01T11:36:13.562+0000][gc,phases     ] GC(38)   Evacuate Collection Set: 10.8ms
[2022-08-01T11:36:13.562+0000][gc,phases     ] GC(38)   Post Evacuate Collection Set: 0.5ms
[2022-08-01T11:36:13.562+0000][gc,phases     ] GC(38)   Other: 0.2ms
[2022-08-01T11:36:13.562+0000][gc,heap       ] GC(38) Eden regions: 113->0(116)
[2022-08-01T11:36:13.562+0000][gc,heap       ] GC(38) Survivor regions: 7->6(15)
[2022-08-01T11:36:13.562+0000][gc,heap       ] GC(38) Old regions: 61->61
[2022-08-01T11:36:13.562+0000][gc,heap       ] GC(38) Humongous regions: 129->129
[2022-08-01T11:36:13.562+0000][gc,metaspace  ] GC(38) Metaspace: 44805K->44805K(1089536K)
[2022-08-01T11:36:13.562+0000][gc            ] GC(38) Pause Young (Normal) (G1 Evacuation Pause) 307M->194M(1024M) 11.666ms
[2022-08-01T11:36:13.562+0000][gc,cpu        ] GC(38) User=0.02s Sys=0.00s Real=0.01s
[2022-08-01T11:44:33.049+0000][gc,start      ] GC(39) Pause Young (Normal) (G1 Evacuation Pause)
[2022-08-01T11:44:33.049+0000][gc,task       ] GC(39) Using 2 workers of 2 for evacuation
[2022-08-01T11:44:33.060+0000][gc,phases     ] GC(39)   Pre Evacuate Collection Set: 0.0ms
[2022-08-01T11:44:33.060+0000][gc,phases     ] GC(39)   Evacuate Collection Set: 10.6ms
[2022-08-01T11:44:33.060+0000][gc,phases     ] GC(39)   Post Evacuate Collection Set: 0.6ms
[2022-08-01T11:44:33.060+0000][gc,phases     ] GC(39)   Other: 0.2ms
[2022-08-01T11:44:33.060+0000][gc,heap       ] GC(39) Eden regions: 116->0(119)
[2022-08-01T11:44:33.060+0000][gc,heap       ] GC(39) Survivor regions: 6->6(16)
[2022-08-01T11:44:33.060+0000][gc,heap       ] GC(39) Old regions: 61->61
[2022-08-01T11:44:33.060+0000][gc,heap       ] GC(39) Humongous regions: 129->129
[2022-08-01T11:44:33.060+0000][gc,metaspace  ] GC(39) Metaspace: 44814K->44814K(1089536K)
[2022-08-01T11:44:33.060+0000][gc            ] GC(39) Pause Young (Normal) (G1 Evacuation Pause) 310M->194M(1024M) 11.599ms
[2022-08-01T11:44:33.060+0000][gc,cpu        ] GC(39) User=0.03s Sys=0.00s Real=0.01s
[2022-08-01T11:53:11.961+0000][gc,start      ] GC(40) Pause Young (Normal) (G1 Evacuation Pause)
[2022-08-01T11:53:11.961+0000][gc,task       ] GC(40) Using 2 workers of 2 for evacuation
[2022-08-01T11:53:11.972+0000][gc,phases     ] GC(40)   Pre Evacuate Collection Set: 0.0ms
[2022-08-01T11:53:11.972+0000][gc,phases     ] GC(40)   Evacuate Collection Set: 11.1ms
[2022-08-01T11:53:11.972+0000][gc,phases     ] GC(40)   Post Evacuate Collection Set: 0.5ms
[2022-08-01T11:53:11.973+0000][gc,phases     ] GC(40)   Other: 0.2ms
[2022-08-01T11:53:11.973+0000][gc,heap       ] GC(40) Eden regions: 118->0(120)
[2022-08-01T11:53:11.973+0000][gc,heap       ] GC(40) Survivor regions: 6->6(16)
[2022-08-01T11:53:11.973+0000][gc,heap       ] GC(40) Old regions: 61->61
[2022-08-01T11:53:11.973+0000][gc,heap       ] GC(40) Humongous regions: 129->129
[2022-08-01T11:53:11.973+0000][gc,metaspace  ] GC(40) Metaspace: 44814K->44814K(1089536K)
[2022-08-01T11:53:11.973+0000][gc            ] GC(40) Pause Young (Normal) (G1 Evacuation Pause) 312M->194M(1024M) 11.965ms
[2022-08-01T11:53:11.973+0000][gc,cpu        ] GC(40) User=0.03s Sys=0.00s Real=0.02s
[2022-08-01T12:02:01.401+0000][gc,start      ] GC(41) Pause Young (Normal) (G1 Evacuation Pause)
[2022-08-01T12:02:01.401+0000][gc,task       ] GC(41) Using 2 workers of 2 for evacuation
[2022-08-01T12:02:01.413+0000][gc,phases     ] GC(41)   Pre Evacuate Collection Set: 0.0ms
[2022-08-01T12:02:01.413+0000][gc,phases     ] GC(41)   Evacuate Collection Set: 12.0ms
[2022-08-01T12:02:01.413+0000][gc,phases     ] GC(41)   Post Evacuate Collection Set: 0.6ms
[2022-08-01T12:02:01.413+0000][gc,phases     ] GC(41)   Other: 0.2ms
[2022-08-01T12:02:01.414+0000][gc,heap       ] GC(41) Eden regions: 120->0(122)
[2022-08-01T12:02:01.414+0000][gc,heap       ] GC(41) Survivor regions: 6->7(16)
[2022-08-01T12:02:01.414+0000][gc,heap       ] GC(41) Old regions: 61->61
[2022-08-01T12:02:01.414+0000][gc,heap       ] GC(41) Humongous regions: 129->129
[2022-08-01T12:02:01.414+0000][gc,metaspace  ] GC(41) Metaspace: 44814K->44814K(1089536K)
[2022-08-01T12:02:01.414+0000][gc            ] GC(41) Pause Young (Normal) (G1 Evacuation Pause) 314M->195M(1024M) 12.974ms
[2022-08-01T12:02:01.414+0000][gc,cpu        ] GC(41) User=0.02s Sys=0.00s Real=0.02s
[2022-08-01T12:10:54.860+0000][gc,start      ] GC(42) Pause Young (Normal) (G1 Evacuation Pause)
[2022-08-01T12:10:54.860+0000][gc,task       ] GC(42) Using 2 workers of 2 for evacuation
[2022-08-01T12:10:54.870+0000][gc,phases     ] GC(42)   Pre Evacuate Collection Set: 0.0ms
[2022-08-01T12:10:54.870+0000][gc,phases     ] GC(42)   Evacuate Collection Set: 9.0ms
[2022-08-01T12:10:54.870+0000][gc,phases     ] GC(42)   Post Evacuate Collection Set: 0.6ms
[2022-08-01T12:10:54.870+0000][gc,phases     ] GC(42)   Other: 0.2ms
[2022-08-01T12:10:54.870+0000][gc,heap       ] GC(42) Eden regions: 121->0(125)
[2022-08-01T12:10:54.870+0000][gc,heap       ] GC(42) Survivor regions: 7->5(16)
[2022-08-01T12:10:54.870+0000][gc,heap       ] GC(42) Old regions: 61->61
[2022-08-01T12:10:54.870+0000][gc,heap       ] GC(42) Humongous regions: 129->129
[2022-08-01T12:10:54.870+0000][gc,metaspace  ] GC(42) Metaspace: 44819K->44819K(1089536K)
[2022-08-01T12:10:54.870+0000][gc            ] GC(42) Pause Young (Normal) (G1 Evacuation Pause) 316M->192M(1024M) 9.962ms
[2022-08-01T12:10:54.870+0000][gc,cpu        ] GC(42) User=0.02s Sys=0.00s Real=0.01s
[2022-08-01T12:20:06.853+0000][gc,start      ] GC(43) Pause Young (Normal) (G1 Evacuation Pause)
[2022-08-01T12:20:06.853+0000][gc,task       ] GC(43) Using 2 workers of 2 for evacuation
[2022-08-01T12:20:06.864+0000][gc,phases     ] GC(43)   Pre Evacuate Collection Set: 0.1ms
[2022-08-01T12:20:06.864+0000][gc,phases     ] GC(43)   Evacuate Collection Set: 9.9ms
[2022-08-01T12:20:06.864+0000][gc,phases     ] GC(43)   Post Evacuate Collection Set: 0.5ms
[2022-08-01T12:20:06.864+0000][gc,phases     ] GC(43)   Other: 0.3ms
[2022-08-01T12:20:06.864+0000][gc,heap       ] GC(43) Eden regions: 125->0(128)
[2022-08-01T12:20:06.864+0000][gc,heap       ] GC(43) Survivor regions: 5->6(17)
[2022-08-01T12:20:06.864+0000][gc,heap       ] GC(43) Old regions: 61->61
[2022-08-01T12:20:06.864+0000][gc,heap       ] GC(43) Humongous regions: 129->129
[2022-08-01T12:20:06.864+0000][gc,metaspace  ] GC(43) Metaspace: 44820K->44820K(1089536K)
[2022-08-01T12:20:06.864+0000][gc            ] GC(43) Pause Young (Normal) (G1 Evacuation Pause) 317M->193M(1024M) 10.900ms
[2022-08-01T12:20:06.864+0000][gc,cpu        ] GC(43) User=0.02s Sys=0.00s Real=0.00s
[2022-08-01T12:29:26.917+0000][gc,start      ] GC(44) Pause Young (Normal) (G1 Evacuation Pause)
[2022-08-01T12:29:26.917+0000][gc,task       ] GC(44) Using 2 workers of 2 for evacuation
[2022-08-01T12:29:26.931+0000][gc,phases     ] GC(44)   Pre Evacuate Collection Set: 0.0ms
[2022-08-01T12:29:26.931+0000][gc,phases     ] GC(44)   Evacuate Collection Set: 12.8ms
[2022-08-01T12:29:26.931+0000][gc,phases     ] GC(44)   Post Evacuate Collection Set: 0.5ms
[2022-08-01T12:29:26.931+0000][gc,phases     ] GC(44)   Other: 0.2ms
[2022-08-01T12:29:26.931+0000][gc,heap       ] GC(44) Eden regions: 127->0(132)
[2022-08-01T12:29:26.931+0000][gc,heap       ] GC(44) Survivor regions: 6->7(17)
[2022-08-01T12:29:26.931+0000][gc,heap       ] GC(44) Old regions: 61->61
[2022-08-01T12:29:26.931+0000][gc,heap       ] GC(44) Humongous regions: 129->129
[2022-08-01T12:29:26.931+0000][gc,metaspace  ] GC(44) Metaspace: 44839K->44839K(1089536K)
[2022-08-01T12:29:26.931+0000][gc            ] GC(44) Pause Young (Normal) (G1 Evacuation Pause) 320M->194M(1024M) 13.692ms
[2022-08-01T12:29:26.931+0000][gc,cpu        ] GC(44) User=0.03s Sys=0.00s Real=0.01s
[2022-08-01T12:39:03.978+0000][gc,start      ] GC(45) Pause Young (Normal) (G1 Evacuation Pause)
[2022-08-01T12:39:03.978+0000][gc,task       ] GC(45) Using 2 workers of 2 for evacuation
[2022-08-01T12:39:03.988+0000][gc,phases     ] GC(45)   Pre Evacuate Collection Set: 0.0ms
[2022-08-01T12:39:03.988+0000][gc,phases     ] GC(45)   Evacuate Collection Set: 9.2ms
[2022-08-01T12:39:03.988+0000][gc,phases     ] GC(45)   Post Evacuate Collection Set: 0.5ms
[2022-08-01T12:39:03.988+0000][gc,phases     ] GC(45)   Other: 0.2ms
[2022-08-01T12:39:03.988+0000][gc,heap       ] GC(45) Eden regions: 131->0(138)
[2022-08-01T12:39:03.988+0000][gc,heap       ] GC(45) Survivor regions: 7->5(18)
[2022-08-01T12:39:03.988+0000][gc,heap       ] GC(45) Old regions: 61->61
[2022-08-01T12:39:03.988+0000][gc,heap       ] GC(45) Humongous regions: 129->129
[2022-08-01T12:39:03.988+0000][gc,metaspace  ] GC(45) Metaspace: 44839K->44839K(1089536K)
[2022-08-01T12:39:03.988+0000][gc            ] GC(45) Pause Young (Normal) (G1 Evacuation Pause) 325M->193M(1024M) 10.085ms
[2022-08-01T12:39:03.988+0000][gc,cpu        ] GC(45) User=0.02s Sys=0.00s Real=0.01s
[2022-08-01T12:49:01.602+0000][gc,start      ] GC(46) Pause Young (Normal) (G1 Evacuation Pause)
[2022-08-01T12:49:01.602+0000][gc,task       ] GC(46) Using 2 workers of 2 for evacuation
[2022-08-01T12:49:01.615+0000][gc,phases     ] GC(46)   Pre Evacuate Collection Set: 0.0ms
[2022-08-01T12:49:01.615+0000][gc,phases     ] GC(46)   Evacuate Collection Set: 12.4ms
[2022-08-01T12:49:01.615+0000][gc,phases     ] GC(46)   Post Evacuate Collection Set: 0.8ms
[2022-08-01T12:49:01.615+0000][gc,phases     ] GC(46)   Other: 0.2ms
[2022-08-01T12:49:01.615+0000][gc,heap       ] GC(46) Eden regions: 138->0(139)
[2022-08-01T12:49:01.615+0000][gc,heap       ] GC(46) Survivor regions: 5->5(18)
[2022-08-01T12:49:01.615+0000][gc,heap       ] GC(46) Old regions: 61->62
[2022-08-01T12:49:01.615+0000][gc,heap       ] GC(46) Humongous regions: 129->129
[2022-08-01T12:49:01.615+0000][gc,metaspace  ] GC(46) Metaspace: 44846K->44846K(1089536K)
[2022-08-01T12:49:01.615+0000][gc            ] GC(46) Pause Young (Normal) (G1 Evacuation Pause) 331M->194M(1024M) 13.633ms
[2022-08-01T12:49:01.615+0000][gc,cpu        ] GC(46) User=0.02s Sys=0.00s Real=0.02s
[2022-08-01T12:59:13.406+0000][gc,start      ] GC(47) Pause Young (Normal) (G1 Evacuation Pause)
[2022-08-01T12:59:13.406+0000][gc,task       ] GC(47) Using 2 workers of 2 for evacuation
[2022-08-01T12:59:13.414+0000][gc,phases     ] GC(47)   Pre Evacuate Collection Set: 0.0ms
[2022-08-01T12:59:13.414+0000][gc,phases     ] GC(47)   Evacuate Collection Set: 7.4ms
[2022-08-01T12:59:13.414+0000][gc,phases     ] GC(47)   Post Evacuate Collection Set: 0.6ms
[2022-08-01T12:59:13.414+0000][gc,phases     ] GC(47)   Other: 0.3ms
[2022-08-01T12:59:13.414+0000][gc,heap       ] GC(47) Eden regions: 139->0(146)
[2022-08-01T12:59:13.414+0000][gc,heap       ] GC(47) Survivor regions: 5->4(18)
[2022-08-01T12:59:13.414+0000][gc,heap       ] GC(47) Old regions: 62->63
[2022-08-01T12:59:13.414+0000][gc,heap       ] GC(47) Humongous regions: 129->129
[2022-08-01T12:59:13.414+0000][gc,metaspace  ] GC(47) Metaspace: 44859K->44859K(1089536K)
[2022-08-01T12:59:13.414+0000][gc            ] GC(47) Pause Young (Normal) (G1 Evacuation Pause) 333M->193M(1024M) 8.452ms
[2022-08-01T12:59:13.414+0000][gc,cpu        ] GC(47) User=0.01s Sys=0.00s Real=0.01s
[2022-08-01T13:09:58.584+0000][gc,start      ] GC(48) Pause Young (Normal) (G1 Evacuation Pause)
[2022-08-01T13:09:58.584+0000][gc,task       ] GC(48) Using 2 workers of 2 for evacuation
[2022-08-01T13:09:58.591+0000][gc,phases     ] GC(48)   Pre Evacuate Collection Set: 0.0ms
[2022-08-01T13:09:58.591+0000][gc,phases     ] GC(48)   Evacuate Collection Set: 5.8ms
[2022-08-01T13:09:58.591+0000][gc,phases     ] GC(48)   Post Evacuate Collection Set: 0.5ms
[2022-08-01T13:09:58.591+0000][gc,phases     ] GC(48)   Other: 0.2ms
[2022-08-01T13:09:58.591+0000][gc,heap       ] GC(48) Eden regions: 146->0(156)
[2022-08-01T13:09:58.591+0000][gc,heap       ] GC(48) Survivor regions: 4->3(19)
[2022-08-01T13:09:58.591+0000][gc,heap       ] GC(48) Old regions: 63->63
[2022-08-01T13:09:58.591+0000][gc,heap       ] GC(48) Humongous regions: 129->129
[2022-08-01T13:09:58.591+0000][gc,metaspace  ] GC(48) Metaspace: 44863K->44863K(1089536K)
[2022-08-01T13:09:58.591+0000][gc            ] GC(48) Pause Young (Normal) (G1 Evacuation Pause) 339M->193M(1024M) 6.684ms
[2022-08-01T13:09:58.591+0000][gc,cpu        ] GC(48) User=0.02s Sys=0.00s Real=0.01s
[2022-08-01T13:21:27.220+0000][gc,start      ] GC(49) Pause Young (Normal) (G1 Evacuation Pause)
[2022-08-01T13:21:27.220+0000][gc,task       ] GC(49) Using 2 workers of 2 for evacuation
[2022-08-01T13:21:27.226+0000][gc,phases     ] GC(49)   Pre Evacuate Collection Set: 0.0ms
[2022-08-01T13:21:27.226+0000][gc,phases     ] GC(49)   Evacuate Collection Set: 5.4ms
[2022-08-01T13:21:27.226+0000][gc,phases     ] GC(49)   Post Evacuate Collection Set: 0.5ms
[2022-08-01T13:21:27.226+0000][gc,phases     ] GC(49)   Other: 0.2ms
[2022-08-01T13:21:27.226+0000][gc,heap       ] GC(49) Eden regions: 156->0(166)
[2022-08-01T13:21:27.226+0000][gc,heap       ] GC(49) Survivor regions: 3->3(20)
[2022-08-01T13:21:27.226+0000][gc,heap       ] GC(49) Old regions: 63->63
[2022-08-01T13:21:27.226+0000][gc,heap       ] GC(49) Humongous regions: 129->129
[2022-08-01T13:21:27.226+0000][gc,metaspace  ] GC(49) Metaspace: 44863K->44863K(1089536K)
[2022-08-01T13:21:27.226+0000][gc            ] GC(49) Pause Young (Normal) (G1 Evacuation Pause) 349M->193M(1024M) 6.220ms
[2022-08-01T13:21:27.226+0000][gc,cpu        ] GC(49) User=0.01s Sys=0.00s Real=0.01s
[2022-08-01T13:33:39.596+0000][gc,start      ] GC(50) Pause Young (Normal) (G1 Evacuation Pause)
[2022-08-01T13:33:39.596+0000][gc,task       ] GC(50) Using 2 workers of 2 for evacuation
[2022-08-01T13:33:39.603+0000][gc,phases     ] GC(50)   Pre Evacuate Collection Set: 0.0ms
[2022-08-01T13:33:39.603+0000][gc,phases     ] GC(50)   Evacuate Collection Set: 6.5ms
[2022-08-01T13:33:39.603+0000][gc,phases     ] GC(50)   Post Evacuate Collection Set: 0.5ms
[2022-08-01T13:33:39.603+0000][gc,phases     ] GC(50)   Other: 0.2ms
[2022-08-01T13:33:39.603+0000][gc,heap       ] GC(50) Eden regions: 166->0(178)
[2022-08-01T13:33:39.603+0000][gc,heap       ] GC(50) Survivor regions: 3->4(22)
[2022-08-01T13:33:39.603+0000][gc,heap       ] GC(50) Old regions: 63->64
[2022-08-01T13:33:39.603+0000][gc,heap       ] GC(50) Humongous regions: 129->129
[2022-08-01T13:33:39.603+0000][gc,metaspace  ] GC(50) Metaspace: 44867K->44867K(1089536K)
[2022-08-01T13:33:39.603+0000][gc            ] GC(50) Pause Young (Normal) (G1 Evacuation Pause) 359M->194M(1024M) 7.360ms
[2022-08-01T13:33:39.603+0000][gc,cpu        ] GC(50) User=0.01s Sys=0.00s Real=0.00s
[2022-08-01T13:46:37.220+0000][gc,start      ] GC(51) Pause Young (Normal) (G1 Evacuation Pause)
[2022-08-01T13:46:37.220+0000][gc,task       ] GC(51) Using 2 workers of 2 for evacuation
[2022-08-01T13:46:37.225+0000][gc,phases     ] GC(51)   Pre Evacuate Collection Set: 0.0ms
[2022-08-01T13:46:37.225+0000][gc,phases     ] GC(51)   Evacuate Collection Set: 5.1ms
[2022-08-01T13:46:37.225+0000][gc,phases     ] GC(51)   Post Evacuate Collection Set: 0.5ms
[2022-08-01T13:46:37.225+0000][gc,phases     ] GC(51)   Other: 0.2ms
[2022-08-01T13:46:37.225+0000][gc,heap       ] GC(51) Eden regions: 178->0(193)
[2022-08-01T13:46:37.225+0000][gc,heap       ] GC(51) Survivor regions: 4->3(23)
[2022-08-01T13:46:37.225+0000][gc,heap       ] GC(51) Old regions: 64->64
[2022-08-01T13:46:37.225+0000][gc,heap       ] GC(51) Humongous regions: 129->129
[2022-08-01T13:46:37.225+0000][gc,metaspace  ] GC(51) Metaspace: 44876K->44876K(1089536K)
[2022-08-01T13:46:37.226+0000][gc            ] GC(51) Pause Young (Normal) (G1 Evacuation Pause) 372M->193M(1024M) 5.937ms
[2022-08-01T13:46:37.226+0000][gc,cpu        ] GC(51) User=0.01s Sys=0.00s Real=0.01s
[2022-08-01T14:00:48.290+0000][gc,start      ] GC(52) Pause Young (Normal) (G1 Evacuation Pause)
[2022-08-01T14:00:48.290+0000][gc,task       ] GC(52) Using 2 workers of 2 for evacuation
[2022-08-01T14:00:48.296+0000][gc,phases     ] GC(52)   Pre Evacuate Collection Set: 0.0ms
[2022-08-01T14:00:48.296+0000][gc,phases     ] GC(52)   Evacuate Collection Set: 5.4ms
[2022-08-01T14:00:48.296+0000][gc,phases     ] GC(52)   Post Evacuate Collection Set: 0.4ms
[2022-08-01T14:00:48.296+0000][gc,phases     ] GC(52)   Other: 0.2ms
[2022-08-01T14:00:48.296+0000][gc,heap       ] GC(52) Eden regions: 193->0(211)
[2022-08-01T14:00:48.296+0000][gc,heap       ] GC(52) Survivor regions: 3->4(25)
[2022-08-01T14:00:48.296+0000][gc,heap       ] GC(52) Old regions: 64->64
[2022-08-01T14:00:48.296+0000][gc,heap       ] GC(52) Humongous regions: 129->129
[2022-08-01T14:00:48.296+0000][gc,metaspace  ] GC(52) Metaspace: 44889K->44889K(1089536K)
[2022-08-01T14:00:48.296+0000][gc            ] GC(52) Pause Young (Normal) (G1 Evacuation Pause) 386M->194M(1024M) 6.242ms
[2022-08-01T14:00:48.296+0000][gc,cpu        ] GC(52) User=0.01s Sys=0.01s Real=0.01s
[2022-08-01T14:16:23.162+0000][gc,start      ] GC(53) Pause Young (Normal) (G1 Evacuation Pause)
[2022-08-01T14:16:23.162+0000][gc,task       ] GC(53) Using 2 workers of 2 for evacuation
[2022-08-01T14:16:23.170+0000][gc,phases     ] GC(53)   Pre Evacuate Collection Set: 0.0ms
[2022-08-01T14:16:23.170+0000][gc,phases     ] GC(53)   Evacuate Collection Set: 7.6ms
[2022-08-01T14:16:23.170+0000][gc,phases     ] GC(53)   Post Evacuate Collection Set: 0.5ms
[2022-08-01T14:16:23.170+0000][gc,phases     ] GC(53)   Other: 0.2ms
[2022-08-01T14:16:23.170+0000][gc,heap       ] GC(53) Eden regions: 211->0(224)
[2022-08-01T14:16:23.170+0000][gc,heap       ] GC(53) Survivor regions: 4->5(27)
[2022-08-01T14:16:23.170+0000][gc,heap       ] GC(53) Old regions: 64->64
[2022-08-01T14:16:23.170+0000][gc,heap       ] GC(53) Humongous regions: 129->129
[2022-08-01T14:16:23.170+0000][gc,metaspace  ] GC(53) Metaspace: 44892K->44892K(1089536K)
[2022-08-01T14:16:23.170+0000][gc            ] GC(53) Pause Young (Normal) (G1 Evacuation Pause) 405M->195M(1024M) 8.441ms
[2022-08-01T14:16:23.170+0000][gc,cpu        ] GC(53) User=0.02s Sys=0.00s Real=0.01s
[2022-08-01T14:32:55.896+0000][gc,start      ] GC(54) Pause Young (Normal) (G1 Evacuation Pause)
[2022-08-01T14:32:55.896+0000][gc,task       ] GC(54) Using 2 workers of 2 for evacuation
[2022-08-01T14:32:55.904+0000][gc,phases     ] GC(54)   Pre Evacuate Collection Set: 0.0ms
[2022-08-01T14:32:55.904+0000][gc,phases     ] GC(54)   Evacuate Collection Set: 7.5ms
[2022-08-01T14:32:55.904+0000][gc,phases     ] GC(54)   Post Evacuate Collection Set: 0.5ms
[2022-08-01T14:32:55.904+0000][gc,phases     ] GC(54)   Other: 0.2ms
[2022-08-01T14:32:55.904+0000][gc,heap       ] GC(54) Eden regions: 224->0(244)
[2022-08-01T14:32:55.904+0000][gc,heap       ] GC(54) Survivor regions: 5->5(29)
[2022-08-01T14:32:55.904+0000][gc,heap       ] GC(54) Old regions: 64->64
[2022-08-01T14:32:55.904+0000][gc,heap       ] GC(54) Humongous regions: 129->129
[2022-08-01T14:32:55.904+0000][gc,metaspace  ] GC(54) Metaspace: 44894K->44894K(1089536K)
[2022-08-01T14:32:55.904+0000][gc            ] GC(54) Pause Young (Normal) (G1 Evacuation Pause) 419M->195M(1024M) 8.399ms
[2022-08-01T14:32:55.904+0000][gc,cpu        ] GC(54) User=0.01s Sys=0.00s Real=0.01s
[2022-08-01T14:50:45.851+0000][gc,start      ] GC(55) Pause Young (Normal) (G1 Evacuation Pause)
[2022-08-01T14:50:45.851+0000][gc,task       ] GC(55) Using 2 workers of 2 for evacuation
[2022-08-01T14:50:45.857+0000][gc,phases     ] GC(55)   Pre Evacuate Collection Set: 0.0ms
[2022-08-01T14:50:45.857+0000][gc,phases     ] GC(55)   Evacuate Collection Set: 5.2ms
[2022-08-01T14:50:45.857+0000][gc,phases     ] GC(55)   Post Evacuate Collection Set: 0.7ms
[2022-08-01T14:50:45.857+0000][gc,phases     ] GC(55)   Other: 0.2ms
[2022-08-01T14:50:45.857+0000][gc,heap       ] GC(55) Eden regions: 244->0(269)
[2022-08-01T14:50:45.857+0000][gc,heap       ] GC(55) Survivor regions: 5->3(32)
[2022-08-01T14:50:45.857+0000][gc,heap       ] GC(55) Old regions: 64->64
[2022-08-01T14:50:45.857+0000][gc,heap       ] GC(55) Humongous regions: 129->129
[2022-08-01T14:50:45.857+0000][gc,metaspace  ] GC(55) Metaspace: 44894K->44894K(1089536K)
[2022-08-01T14:50:45.857+0000][gc            ] GC(55) Pause Young (Normal) (G1 Evacuation Pause) 439M->193M(1024M) 6.226ms
[2022-08-01T14:50:45.857+0000][gc,cpu        ] GC(55) User=0.01s Sys=0.00s Real=0.01s
[2022-08-01T15:10:35.492+0000][gc,start      ] GC(56) Pause Young (Normal) (G1 Evacuation Pause)
[2022-08-01T15:10:35.492+0000][gc,task       ] GC(56) Using 2 workers of 2 for evacuation
[2022-08-01T15:10:35.498+0000][gc,phases     ] GC(56)   Pre Evacuate Collection Set: 0.0ms
[2022-08-01T15:10:35.498+0000][gc,phases     ] GC(56)   Evacuate Collection Set: 5.6ms
[2022-08-01T15:10:35.498+0000][gc,phases     ] GC(56)   Post Evacuate Collection Set: 0.5ms
[2022-08-01T15:10:35.498+0000][gc,phases     ] GC(56)   Other: 0.2ms
[2022-08-01T15:10:35.498+0000][gc,heap       ] GC(56) Eden regions: 269->0(297)
[2022-08-01T15:10:35.498+0000][gc,heap       ] GC(56) Survivor regions: 3->4(34)
[2022-08-01T15:10:35.498+0000][gc,heap       ] GC(56) Old regions: 64->64
[2022-08-01T15:10:35.498+0000][gc,heap       ] GC(56) Humongous regions: 129->129
[2022-08-01T15:10:35.498+0000][gc,metaspace  ] GC(56) Metaspace: 44896K->44896K(1089536K)
[2022-08-01T15:10:35.498+0000][gc            ] GC(56) Pause Young (Normal) (G1 Evacuation Pause) 462M->194M(1024M) 6.476ms
[2022-08-01T15:10:35.498+0000][gc,cpu        ] GC(56) User=0.01s Sys=0.00s Real=0.01s
[2022-08-01T15:32:31.381+0000][gc,start      ] GC(57) Pause Young (Normal) (G1 Evacuation Pause)
[2022-08-01T15:32:31.381+0000][gc,task       ] GC(57) Using 2 workers of 2 for evacuation
[2022-08-01T15:32:31.387+0000][gc,phases     ] GC(57)   Pre Evacuate Collection Set: 0.0ms
[2022-08-01T15:32:31.387+0000][gc,phases     ] GC(57)   Evacuate Collection Set: 5.3ms
[2022-08-01T15:32:31.387+0000][gc,phases     ] GC(57)   Post Evacuate Collection Set: 0.6ms
[2022-08-01T15:32:31.387+0000][gc,phases     ] GC(57)   Other: 0.2ms
[2022-08-01T15:32:31.387+0000][gc,heap       ] GC(57) Eden regions: 297->0(327)
[2022-08-01T15:32:31.387+0000][gc,heap       ] GC(57) Survivor regions: 4->3(38)
[2022-08-01T15:32:31.387+0000][gc,heap       ] GC(57) Old regions: 64->64
[2022-08-01T15:32:31.387+0000][gc,heap       ] GC(57) Humongous regions: 129->129
[2022-08-01T15:32:31.387+0000][gc,metaspace  ] GC(57) Metaspace: 44903K->44903K(1089536K)
[2022-08-01T15:32:31.387+0000][gc            ] GC(57) Pause Young (Normal) (G1 Evacuation Pause) 491M->193M(1024M) 6.246ms
[2022-08-01T15:32:31.387+0000][gc,cpu        ] GC(57) User=0.01s Sys=0.00s Real=0.01s
[2022-08-01T15:56:28.546+0000][gc,start      ] GC(58) Pause Young (Normal) (G1 Evacuation Pause)
[2022-08-01T15:56:28.546+0000][gc,task       ] GC(58) Using 2 workers of 2 for evacuation
[2022-08-01T15:56:28.554+0000][gc,phases     ] GC(58)   Pre Evacuate Collection Set: 0.0ms
[2022-08-01T15:56:28.554+0000][gc,phases     ] GC(58)   Evacuate Collection Set: 7.4ms
[2022-08-01T15:56:28.554+0000][gc,phases     ] GC(58)   Post Evacuate Collection Set: 0.6ms
[2022-08-01T15:56:28.554+0000][gc,phases     ] GC(58)   Other: 0.2ms
[2022-08-01T15:56:28.554+0000][gc,heap       ] GC(58) Eden regions: 327->0(355)
[2022-08-01T15:56:28.554+0000][gc,heap       ] GC(58) Survivor regions: 3->5(42)
[2022-08-01T15:56:28.554+0000][gc,heap       ] GC(58) Old regions: 64->64
[2022-08-01T15:56:28.554+0000][gc,heap       ] GC(58) Humongous regions: 129->129
[2022-08-01T15:56:28.554+0000][gc,metaspace  ] GC(58) Metaspace: 44904K->44904K(1089536K)
[2022-08-01T15:56:28.554+0000][gc            ] GC(58) Pause Young (Normal) (G1 Evacuation Pause) 520M->195M(1024M) 8.348ms
[2022-08-01T15:56:28.554+0000][gc,cpu        ] GC(58) User=0.01s Sys=0.00s Real=0.01s
[2022-08-01T16:22:42.789+0000][gc,start      ] GC(59) Pause Young (Normal) (G1 Evacuation Pause)
[2022-08-01T16:22:42.789+0000][gc,task       ] GC(59) Using 2 workers of 2 for evacuation
[2022-08-01T16:22:42.795+0000][gc,phases     ] GC(59)   Pre Evacuate Collection Set: 0.0ms
[2022-08-01T16:22:42.795+0000][gc,phases     ] GC(59)   Evacuate Collection Set: 5.4ms
[2022-08-01T16:22:42.795+0000][gc,phases     ] GC(59)   Post Evacuate Collection Set: 0.6ms
[2022-08-01T16:22:42.795+0000][gc,phases     ] GC(59)   Other: 0.2ms
[2022-08-01T16:22:42.795+0000][gc,heap       ] GC(59) Eden regions: 355->0(394)
[2022-08-01T16:22:42.795+0000][gc,heap       ] GC(59) Survivor regions: 5->3(45)
[2022-08-01T16:22:42.795+0000][gc,heap       ] GC(59) Old regions: 64->64
[2022-08-01T16:22:42.795+0000][gc,heap       ] GC(59) Humongous regions: 129->129
[2022-08-01T16:22:42.795+0000][gc,metaspace  ] GC(59) Metaspace: 44904K->44904K(1089536K)
[2022-08-01T16:22:42.795+0000][gc            ] GC(59) Pause Young (Normal) (G1 Evacuation Pause) 550M->193M(1024M) 6.332ms
[2022-08-01T16:22:42.795+0000][gc,cpu        ] GC(59) User=0.02s Sys=0.00s Real=0.01s
[2022-08-01T16:51:41.361+0000][gc,start      ] GC(60) Pause Young (Normal) (G1 Evacuation Pause)
[2022-08-01T16:51:41.361+0000][gc,task       ] GC(60) Using 2 workers of 2 for evacuation
[2022-08-01T16:51:41.368+0000][gc,phases     ] GC(60)   Pre Evacuate Collection Set: 0.0ms
[2022-08-01T16:51:41.368+0000][gc,phases     ] GC(60)   Evacuate Collection Set: 6.8ms
[2022-08-01T16:51:41.368+0000][gc,phases     ] GC(60)   Post Evacuate Collection Set: 0.6ms
[2022-08-01T16:51:41.368+0000][gc,phases     ] GC(60)   Other: 0.2ms
[2022-08-01T16:51:41.368+0000][gc,heap       ] GC(60) Eden regions: 394->0(426)
[2022-08-01T16:51:41.368+0000][gc,heap       ] GC(60) Survivor regions: 3->4(50)
[2022-08-01T16:51:41.368+0000][gc,heap       ] GC(60) Old regions: 64->64
[2022-08-01T16:51:41.368+0000][gc,heap       ] GC(60) Humongous regions: 129->129
[2022-08-01T16:51:41.368+0000][gc,metaspace  ] GC(60) Metaspace: 44905K->44905K(1089536K)
[2022-08-01T16:51:41.368+0000][gc            ] GC(60) Pause Young (Normal) (G1 Evacuation Pause) 587M->194M(1024M) 7.833ms
[2022-08-01T16:51:41.368+0000][gc,cpu        ] GC(60) User=0.02s Sys=0.00s Real=0.01s
[2022-08-01T17:23:07.220+0000][gc,start      ] GC(61) Pause Young (Normal) (G1 Evacuation Pause)
[2022-08-01T17:23:07.220+0000][gc,task       ] GC(61) Using 2 workers of 2 for evacuation
[2022-08-01T17:23:07.228+0000][gc,phases     ] GC(61)   Pre Evacuate Collection Set: 0.0ms
[2022-08-01T17:23:07.228+0000][gc,phases     ] GC(61)   Evacuate Collection Set: 7.9ms
[2022-08-01T17:23:07.228+0000][gc,phases     ] GC(61)   Post Evacuate Collection Set: 0.7ms
[2022-08-01T17:23:07.228+0000][gc,phases     ] GC(61)   Other: 0.2ms
[2022-08-01T17:23:07.228+0000][gc,heap       ] GC(61) Eden regions: 426->0(463)
[2022-08-01T17:23:07.228+0000][gc,heap       ] GC(61) Survivor regions: 4->5(54)
[2022-08-01T17:23:07.228+0000][gc,heap       ] GC(61) Old regions: 64->64
[2022-08-01T17:23:07.228+0000][gc,heap       ] GC(61) Humongous regions: 129->129
[2022-08-01T17:23:07.228+0000][gc,metaspace  ] GC(61) Metaspace: 44911K->44911K(1089536K)
[2022-08-01T17:23:07.228+0000][gc            ] GC(61) Pause Young (Normal) (G1 Evacuation Pause) 620M->195M(1024M) 8.945ms
[2022-08-01T17:23:07.229+0000][gc,cpu        ] GC(61) User=0.02s Sys=0.00s Real=0.01s
[2022-08-01T17:57:04.357+0000][gc,start      ] GC(62) Pause Young (Normal) (G1 Evacuation Pause)
[2022-08-01T17:57:04.357+0000][gc,task       ] GC(62) Using 2 workers of 2 for evacuation
[2022-08-01T17:57:04.362+0000][gc,phases     ] GC(62)   Pre Evacuate Collection Set: 0.0ms
[2022-08-01T17:57:04.362+0000][gc,phases     ] GC(62)   Evacuate Collection Set: 4.8ms
[2022-08-01T17:57:04.362+0000][gc,phases     ] GC(62)   Post Evacuate Collection Set: 0.7ms
[2022-08-01T17:57:04.362+0000][gc,phases     ] GC(62)   Other: 0.2ms
[2022-08-01T17:57:04.362+0000][gc,heap       ] GC(62) Eden regions: 463->0(528)
[2022-08-01T17:57:04.362+0000][gc,heap       ] GC(62) Survivor regions: 5->3(59)
[2022-08-01T17:57:04.362+0000][gc,heap       ] GC(62) Old regions: 64->64
[2022-08-01T17:57:04.362+0000][gc,heap       ] GC(62) Humongous regions: 129->129
[2022-08-01T17:57:04.362+0000][gc,metaspace  ] GC(62) Metaspace: 44913K->44913K(1089536K)
[2022-08-01T17:57:04.363+0000][gc            ] GC(62) Pause Young (Normal) (G1 Evacuation Pause) 658M->193M(1024M) 5.850ms
[2022-08-01T17:57:04.363+0000][gc,cpu        ] GC(62) User=0.01s Sys=0.00s Real=0.00s
[2022-08-01T18:36:11.063+0000][gc,start      ] GC(63) Pause Young (Normal) (G1 Evacuation Pause)
[2022-08-01T18:36:11.063+0000][gc,task       ] GC(63) Using 2 workers of 2 for evacuation
[2022-08-01T18:36:11.069+0000][gc,phases     ] GC(63)   Pre Evacuate Collection Set: 0.0ms
[2022-08-01T18:36:11.069+0000][gc,phases     ] GC(63)   Evacuate Collection Set: 5.1ms
[2022-08-01T18:36:11.069+0000][gc,phases     ] GC(63)   Post Evacuate Collection Set: 0.7ms
[2022-08-01T18:36:11.069+0000][gc,phases     ] GC(63)   Other: 0.2ms
[2022-08-01T18:36:11.069+0000][gc,heap       ] GC(63) Eden regions: 528->0(580)
[2022-08-01T18:36:11.069+0000][gc,heap       ] GC(63) Survivor regions: 3->3(67)
[2022-08-01T18:36:11.069+0000][gc,heap       ] GC(63) Old regions: 64->64
[2022-08-01T18:36:11.069+0000][gc,heap       ] GC(63) Humongous regions: 129->129
[2022-08-01T18:36:11.069+0000][gc,metaspace  ] GC(63) Metaspace: 44913K->44913K(1089536K)
[2022-08-01T18:36:11.069+0000][gc            ] GC(63) Pause Young (Normal) (G1 Evacuation Pause) 721M->193M(1024M) 6.234ms
[2022-08-01T18:36:11.069+0000][gc,cpu        ] GC(63) User=0.01s Sys=0.00s Real=0.01s
[2022-08-01T19:18:58.200+0000][gc,start      ] GC(64) Pause Young (Normal) (G1 Evacuation Pause)
[2022-08-01T19:18:58.200+0000][gc,task       ] GC(64) Using 2 workers of 2 for evacuation
[2022-08-01T19:18:58.208+0000][gc,phases     ] GC(64)   Pre Evacuate Collection Set: 0.0ms
[2022-08-01T19:18:58.208+0000][gc,phases     ] GC(64)   Evacuate Collection Set: 6.6ms
[2022-08-01T19:18:58.208+0000][gc,phases     ] GC(64)   Post Evacuate Collection Set: 0.8ms
[2022-08-01T19:18:58.208+0000][gc,phases     ] GC(64)   Other: 0.3ms
[2022-08-01T19:18:58.208+0000][gc,heap       ] GC(64) Eden regions: 580->0(610)
[2022-08-01T19:18:58.208+0000][gc,heap       ] GC(64) Survivor regions: 3->4(73)
[2022-08-01T19:18:58.208+0000][gc,heap       ] GC(64) Old regions: 64->64
[2022-08-01T19:18:58.208+0000][gc,heap       ] GC(64) Humongous regions: 129->129
[2022-08-01T19:18:58.208+0000][gc,metaspace  ] GC(64) Metaspace: 44915K->44915K(1089536K)
[2022-08-01T19:18:58.208+0000][gc            ] GC(64) Pause Young (Normal) (G1 Evacuation Pause) 773M->194M(1024M) 7.724ms
[2022-08-01T19:18:58.208+0000][gc,cpu        ] GC(64) User=0.00s Sys=0.00s Real=0.01s
[2022-08-01T20:03:55.154+0000][gc,start      ] GC(65) Pause Young (Normal) (G1 Evacuation Pause)
[2022-08-01T20:03:55.154+0000][gc,task       ] GC(65) Using 2 workers of 2 for evacuation
[2022-08-01T20:03:55.162+0000][gc,phases     ] GC(65)   Pre Evacuate Collection Set: 0.0ms
[2022-08-01T20:03:55.162+0000][gc,phases     ] GC(65)   Evacuate Collection Set: 6.9ms
[2022-08-01T20:03:55.162+0000][gc,phases     ] GC(65)   Post Evacuate Collection Set: 0.8ms
[2022-08-01T20:03:55.162+0000][gc,phases     ] GC(65)   Other: 0.3ms
[2022-08-01T20:03:55.162+0000][gc,heap       ] GC(65) Eden regions: 610->0(610)
[2022-08-01T20:03:55.162+0000][gc,heap       ] GC(65) Survivor regions: 4->4(77)
[2022-08-01T20:03:55.162+0000][gc,heap       ] GC(65) Old regions: 64->64
[2022-08-01T20:03:55.162+0000][gc,heap       ] GC(65) Humongous regions: 129->129
[2022-08-01T20:03:55.162+0000][gc,metaspace  ] GC(65) Metaspace: 44915K->44915K(1089536K)
[2022-08-01T20:03:55.162+0000][gc            ] GC(65) Pause Young (Normal) (G1 Evacuation Pause) 804M->194M(1024M) 8.059ms
[2022-08-01T20:03:55.162+0000][gc,cpu        ] GC(65) User=0.02s Sys=0.00s Real=0.00s
[2022-08-01T20:48:52.220+0000][gc,start      ] GC(66) Pause Young (Normal) (G1 Evacuation Pause)
[2022-08-01T20:48:52.220+0000][gc,task       ] GC(66) Using 2 workers of 2 for evacuation
[2022-08-01T20:48:52.228+0000][gc,phases     ] GC(66)   Pre Evacuate Collection Set: 0.0ms
[2022-08-01T20:48:52.228+0000][gc,phases     ] GC(66)   Evacuate Collection Set: 7.4ms
[2022-08-01T20:48:52.228+0000][gc,phases     ] GC(66)   Post Evacuate Collection Set: 0.8ms
[2022-08-01T20:48:52.228+0000][gc,phases     ] GC(66)   Other: 0.2ms
[2022-08-01T20:48:52.228+0000][gc,heap       ] GC(66) Eden regions: 610->0(609)
[2022-08-01T20:48:52.228+0000][gc,heap       ] GC(66) Survivor regions: 4->5(77)
[2022-08-01T20:48:52.228+0000][gc,heap       ] GC(66) Old regions: 64->64
[2022-08-01T20:48:52.228+0000][gc,heap       ] GC(66) Humongous regions: 129->129
[2022-08-01T20:48:52.228+0000][gc,metaspace  ] GC(66) Metaspace: 44918K->44918K(1089536K)
[2022-08-01T20:48:52.228+0000][gc            ] GC(66) Pause Young (Normal) (G1 Evacuation Pause) 804M->195M(1024M) 8.511ms
[2022-08-01T20:48:52.228+0000][gc,cpu        ] GC(66) User=0.02s Sys=0.00s Real=0.01s
[2022-08-01T21:33:54.323+0000][gc,start      ] GC(67) Pause Young (Normal) (G1 Evacuation Pause)
[2022-08-01T21:33:54.323+0000][gc,task       ] GC(67) Using 2 workers of 2 for evacuation
[2022-08-01T21:33:54.332+0000][gc,phases     ] GC(67)   Pre Evacuate Collection Set: 0.0ms
[2022-08-01T21:33:54.332+0000][gc,phases     ] GC(67)   Evacuate Collection Set: 7.9ms
[2022-08-01T21:33:54.332+0000][gc,phases     ] GC(67)   Post Evacuate Collection Set: 0.8ms
[2022-08-01T21:33:54.332+0000][gc,phases     ] GC(67)   Other: 0.2ms
[2022-08-01T21:33:54.332+0000][gc,heap       ] GC(67) Eden regions: 609->0(609)
[2022-08-01T21:33:54.332+0000][gc,heap       ] GC(67) Survivor regions: 5->5(77)
[2022-08-01T21:33:54.332+0000][gc,heap       ] GC(67) Old regions: 64->64
[2022-08-01T21:33:54.332+0000][gc,heap       ] GC(67) Humongous regions: 129->129
[2022-08-01T21:33:54.332+0000][gc,metaspace  ] GC(67) Metaspace: 44919K->44919K(1089536K)
[2022-08-01T21:33:54.332+0000][gc            ] GC(67) Pause Young (Normal) (G1 Evacuation Pause) 804M->195M(1024M) 9.103ms
[2022-08-01T21:33:54.332+0000][gc,cpu        ] GC(67) User=0.02s Sys=0.01s Real=0.01s
[2022-08-01T22:18:45.492+0000][gc,start      ] GC(68) Pause Young (Normal) (G1 Evacuation Pause)
[2022-08-01T22:18:45.492+0000][gc,task       ] GC(68) Using 2 workers of 2 for evacuation
[2022-08-01T22:18:45.501+0000][gc,phases     ] GC(68)   Pre Evacuate Collection Set: 0.0ms
[2022-08-01T22:18:45.501+0000][gc,phases     ] GC(68)   Evacuate Collection Set: 8.2ms
[2022-08-01T22:18:45.501+0000][gc,phases     ] GC(68)   Post Evacuate Collection Set: 0.8ms
[2022-08-01T22:18:45.501+0000][gc,phases     ] GC(68)   Other: 0.2ms
[2022-08-01T22:18:45.501+0000][gc,heap       ] GC(68) Eden regions: 609->0(609)
[2022-08-01T22:18:45.501+0000][gc,heap       ] GC(68) Survivor regions: 5->5(77)
[2022-08-01T22:18:45.501+0000][gc,heap       ] GC(68) Old regions: 64->64
[2022-08-01T22:18:45.501+0000][gc,heap       ] GC(68) Humongous regions: 129->129
[2022-08-01T22:18:45.501+0000][gc,metaspace  ] GC(68) Metaspace: 44921K->44921K(1089536K)
[2022-08-01T22:18:45.501+0000][gc            ] GC(68) Pause Young (Normal) (G1 Evacuation Pause) 804M->195M(1024M) 9.303ms
[2022-08-01T22:18:45.501+0000][gc,cpu        ] GC(68) User=0.01s Sys=0.00s Real=0.01s
[2022-08-01T23:03:38.588+0000][gc,start      ] GC(69) Pause Young (Normal) (G1 Evacuation Pause)
[2022-08-01T23:03:38.588+0000][gc,task       ] GC(69) Using 2 workers of 2 for evacuation
[2022-08-01T23:03:38.598+0000][gc,phases     ] GC(69)   Pre Evacuate Collection Set: 0.0ms
[2022-08-01T23:03:38.598+0000][gc,phases     ] GC(69)   Evacuate Collection Set: 8.3ms
[2022-08-01T23:03:38.598+0000][gc,phases     ] GC(69)   Post Evacuate Collection Set: 0.7ms
[2022-08-01T23:03:38.598+0000][gc,phases     ] GC(69)   Other: 0.2ms
[2022-08-01T23:03:38.598+0000][gc,heap       ] GC(69) Eden regions: 609->0(609)
[2022-08-01T23:03:38.598+0000][gc,heap       ] GC(69) Survivor regions: 5->5(77)
[2022-08-01T23:03:38.598+0000][gc,heap       ] GC(69) Old regions: 64->64
[2022-08-01T23:03:38.598+0000][gc,heap       ] GC(69) Humongous regions: 129->129
[2022-08-01T23:03:38.598+0000][gc,metaspace  ] GC(69) Metaspace: 44929K->44929K(1089536K)
[2022-08-01T23:03:38.598+0000][gc            ] GC(69) Pause Young (Normal) (G1 Evacuation Pause) 804M->195M(1024M) 9.417ms
[2022-08-01T23:03:38.598+0000][gc,cpu        ] GC(69) User=0.01s Sys=0.00s Real=0.01s
[2022-08-01T23:48:32.853+0000][gc,start      ] GC(70) Pause Young (Normal) (G1 Evacuation Pause)
[2022-08-01T23:48:32.853+0000][gc,task       ] GC(70) Using 2 workers of 2 for evacuation
[2022-08-01T23:48:32.862+0000][gc,phases     ] GC(70)   Pre Evacuate Collection Set: 0.0ms
[2022-08-01T23:48:32.862+0000][gc,phases     ] GC(70)   Evacuate Collection Set: 8.6ms
[2022-08-01T23:48:32.862+0000][gc,phases     ] GC(70)   Post Evacuate Collection Set: 1.1ms
[2022-08-01T23:48:32.863+0000][gc,phases     ] GC(70)   Other: 0.2ms
[2022-08-01T23:48:32.863+0000][gc,heap       ] GC(70) Eden regions: 609->0(608)
[2022-08-01T23:48:32.863+0000][gc,heap       ] GC(70) Survivor regions: 5->6(77)
[2022-08-01T23:48:32.863+0000][gc,heap       ] GC(70) Old regions: 64->64
[2022-08-01T23:48:32.863+0000][gc,heap       ] GC(70) Humongous regions: 129->129
[2022-08-01T23:48:32.863+0000][gc,metaspace  ] GC(70) Metaspace: 44931K->44931K(1089536K)
[2022-08-01T23:48:32.863+0000][gc            ] GC(70) Pause Young (Normal) (G1 Evacuation Pause) 804M->196M(1024M) 10.070ms
[2022-08-01T23:48:32.863+0000][gc,cpu        ] GC(70) User=0.02s Sys=0.00s Real=0.00s
[2022-08-02T00:33:33.720+0000][gc,start      ] GC(71) Pause Young (Normal) (G1 Evacuation Pause)
[2022-08-02T00:33:33.721+0000][gc,task       ] GC(71) Using 2 workers of 2 for evacuation
[2022-08-02T00:33:33.727+0000][gc,phases     ] GC(71)   Pre Evacuate Collection Set: 0.0ms
[2022-08-02T00:33:33.727+0000][gc,phases     ] GC(71)   Evacuate Collection Set: 5.7ms
[2022-08-02T00:33:33.727+0000][gc,phases     ] GC(71)   Post Evacuate Collection Set: 0.7ms
[2022-08-02T00:33:33.727+0000][gc,phases     ] GC(71)   Other: 0.2ms
[2022-08-02T00:33:33.727+0000][gc,heap       ] GC(71) Eden regions: 608->0(611)
[2022-08-02T00:33:33.727+0000][gc,heap       ] GC(71) Survivor regions: 6->3(77)
[2022-08-02T00:33:33.727+0000][gc,heap       ] GC(71) Old regions: 64->64
[2022-08-02T00:33:33.727+0000][gc,heap       ] GC(71) Humongous regions: 129->129
[2022-08-02T00:33:33.727+0000][gc,metaspace  ] GC(71) Metaspace: 44958K->44958K(1089536K)
[2022-08-02T00:33:33.727+0000][gc            ] GC(71) Pause Young (Normal) (G1 Evacuation Pause) 804M->193M(1024M) 6.774ms
[2022-08-02T00:33:33.727+0000][gc,cpu        ] GC(71) User=0.02s Sys=0.00s Real=0.01s
[2022-08-02T01:18:32.220+0000][gc,start      ] GC(72) Pause Young (Normal) (G1 Evacuation Pause)
[2022-08-02T01:18:32.220+0000][gc,task       ] GC(72) Using 2 workers of 2 for evacuation
[2022-08-02T01:18:32.227+0000][gc,phases     ] GC(72)   Pre Evacuate Collection Set: 0.0ms
[2022-08-02T01:18:32.227+0000][gc,phases     ] GC(72)   Evacuate Collection Set: 6.0ms
[2022-08-02T01:18:32.227+0000][gc,phases     ] GC(72)   Post Evacuate Collection Set: 0.7ms
[2022-08-02T01:18:32.227+0000][gc,phases     ] GC(72)   Other: 0.2ms
[2022-08-02T01:18:32.227+0000][gc,heap       ] GC(72) Eden regions: 611->0(610)
[2022-08-02T01:18:32.227+0000][gc,heap       ] GC(72) Survivor regions: 3->4(77)
[2022-08-02T01:18:32.227+0000][gc,heap       ] GC(72) Old regions: 64->64
[2022-08-02T01:18:32.227+0000][gc,heap       ] GC(72) Humongous regions: 129->129
[2022-08-02T01:18:32.227+0000][gc,metaspace  ] GC(72) Metaspace: 44973K->44973K(1089536K)
[2022-08-02T01:18:32.227+0000][gc            ] GC(72) Pause Young (Normal) (G1 Evacuation Pause) 804M->194M(1024M) 7.059ms
[2022-08-02T01:18:32.227+0000][gc,cpu        ] GC(72) User=0.01s Sys=0.00s Real=0.01s
[2022-08-02T02:03:25.345+0000][gc,start      ] GC(73) Pause Young (Normal) (G1 Evacuation Pause)
[2022-08-02T02:03:25.345+0000][gc,task       ] GC(73) Using 2 workers of 2 for evacuation
[2022-08-02T02:03:25.352+0000][gc,phases     ] GC(73)   Pre Evacuate Collection Set: 0.0ms
[2022-08-02T02:03:25.352+0000][gc,phases     ] GC(73)   Evacuate Collection Set: 6.2ms
[2022-08-02T02:03:25.352+0000][gc,phases     ] GC(73)   Post Evacuate Collection Set: 0.7ms
[2022-08-02T02:03:25.352+0000][gc,phases     ] GC(73)   Other: 0.2ms
[2022-08-02T02:03:25.352+0000][gc,heap       ] GC(73) Eden regions: 610->0(610)
[2022-08-02T02:03:25.352+0000][gc,heap       ] GC(73) Survivor regions: 4->4(77)
[2022-08-02T02:03:25.352+0000][gc,heap       ] GC(73) Old regions: 64->64
[2022-08-02T02:03:25.353+0000][gc,heap       ] GC(73) Humongous regions: 129->129
[2022-08-02T02:03:25.353+0000][gc,metaspace  ] GC(73) Metaspace: 44974K->44974K(1089536K)
[2022-08-02T02:03:25.353+0000][gc            ] GC(73) Pause Young (Normal) (G1 Evacuation Pause) 804M->194M(1024M) 7.294ms
[2022-08-02T02:03:25.353+0000][gc,cpu        ] GC(73) User=0.02s Sys=0.00s Real=0.01s
[2022-08-02T02:48:25.870+0000][gc,start      ] GC(74) Pause Young (Normal) (G1 Evacuation Pause)
[2022-08-02T02:48:25.871+0000][gc,task       ] GC(74) Using 2 workers of 2 for evacuation
[2022-08-02T02:48:25.878+0000][gc,phases     ] GC(74)   Pre Evacuate Collection Set: 0.0ms
[2022-08-02T02:48:25.878+0000][gc,phases     ] GC(74)   Evacuate Collection Set: 6.6ms
[2022-08-02T02:48:25.878+0000][gc,phases     ] GC(74)   Post Evacuate Collection Set: 0.8ms
[2022-08-02T02:48:25.878+0000][gc,phases     ] GC(74)   Other: 0.2ms
[2022-08-02T02:48:25.878+0000][gc,heap       ] GC(74) Eden regions: 610->0(610)
[2022-08-02T02:48:25.878+0000][gc,heap       ] GC(74) Survivor regions: 4->4(77)
[2022-08-02T02:48:25.878+0000][gc,heap       ] GC(74) Old regions: 64->64
[2022-08-02T02:48:25.878+0000][gc,heap       ] GC(74) Humongous regions: 129->129
[2022-08-02T02:48:25.878+0000][gc,metaspace  ] GC(74) Metaspace: 44990K->44990K(1089536K)
[2022-08-02T02:48:25.878+0000][gc            ] GC(74) Pause Young (Normal) (G1 Evacuation Pause) 804M->194M(1024M) 7.696ms
[2022-08-02T02:48:25.878+0000][gc,cpu        ] GC(74) User=0.02s Sys=0.00s Real=0.01s
[2022-08-02T03:33:35.233+0000][gc,start      ] GC(75) Pause Young (Normal) (G1 Evacuation Pause)
[2022-08-02T03:33:35.233+0000][gc,task       ] GC(75) Using 2 workers of 2 for evacuation
[2022-08-02T03:33:35.242+0000][gc,phases     ] GC(75)   Pre Evacuate Collection Set: 0.0ms
[2022-08-02T03:33:35.242+0000][gc,phases     ] GC(75)   Evacuate Collection Set: 7.5ms
[2022-08-02T03:33:35.242+0000][gc,phases     ] GC(75)   Post Evacuate Collection Set: 1.1ms
[2022-08-02T03:33:35.242+0000][gc,phases     ] GC(75)   Other: 0.2ms
[2022-08-02T03:33:35.242+0000][gc,heap       ] GC(75) Eden regions: 610->0(609)
[2022-08-02T03:33:35.242+0000][gc,heap       ] GC(75) Survivor regions: 4->5(77)
[2022-08-02T03:33:35.242+0000][gc,heap       ] GC(75) Old regions: 64->64
[2022-08-02T03:33:35.242+0000][gc,heap       ] GC(75) Humongous regions: 129->129
[2022-08-02T03:33:35.242+0000][gc,metaspace  ] GC(75) Metaspace: 44990K->44990K(1089536K)
[2022-08-02T03:33:35.242+0000][gc            ] GC(75) Pause Young (Normal) (G1 Evacuation Pause) 804M->195M(1024M) 8.995ms
[2022-08-02T03:33:35.242+0000][gc,cpu        ] GC(75) User=0.01s Sys=0.00s Real=0.00s
[2022-08-02T04:18:27.220+0000][gc,start      ] GC(76) Pause Young (Normal) (G1 Evacuation Pause)
[2022-08-02T04:18:27.220+0000][gc,task       ] GC(76) Using 2 workers of 2 for evacuation
[2022-08-02T04:18:27.228+0000][gc,phases     ] GC(76)   Pre Evacuate Collection Set: 0.0ms
[2022-08-02T04:18:27.228+0000][gc,phases     ] GC(76)   Evacuate Collection Set: 7.8ms
[2022-08-02T04:18:27.228+0000][gc,phases     ] GC(76)   Post Evacuate Collection Set: 0.8ms
[2022-08-02T04:18:27.228+0000][gc,phases     ] GC(76)   Other: 0.2ms
[2022-08-02T04:18:27.228+0000][gc,heap       ] GC(76) Eden regions: 609->0(609)
[2022-08-02T04:18:27.228+0000][gc,heap       ] GC(76) Survivor regions: 5->5(77)
[2022-08-02T04:18:27.228+0000][gc,heap       ] GC(76) Old regions: 64->64
[2022-08-02T04:18:27.228+0000][gc,heap       ] GC(76) Humongous regions: 129->129
[2022-08-02T04:18:27.229+0000][gc,metaspace  ] GC(76) Metaspace: 44994K->44994K(1089536K)
[2022-08-02T04:18:27.229+0000][gc            ] GC(76) Pause Young (Normal) (G1 Evacuation Pause) 804M->195M(1024M) 8.918ms
[2022-08-02T04:18:27.229+0000][gc,cpu        ] GC(76) User=0.02s Sys=0.00s Real=0.01s
[2022-08-02T05:03:17.975+0000][gc,start      ] GC(77) Pause Young (Normal) (G1 Evacuation Pause)
[2022-08-02T05:03:17.975+0000][gc,task       ] GC(77) Using 2 workers of 2 for evacuation
[2022-08-02T05:03:17.984+0000][gc,phases     ] GC(77)   Pre Evacuate Collection Set: 0.0ms
[2022-08-02T05:03:17.984+0000][gc,phases     ] GC(77)   Evacuate Collection Set: 7.9ms
[2022-08-02T05:03:17.984+0000][gc,phases     ] GC(77)   Post Evacuate Collection Set: 0.8ms
[2022-08-02T05:03:17.984+0000][gc,phases     ] GC(77)   Other: 0.2ms
[2022-08-02T05:03:17.984+0000][gc,heap       ] GC(77) Eden regions: 609->0(609)
[2022-08-02T05:03:17.984+0000][gc,heap       ] GC(77) Survivor regions: 5->5(77)
[2022-08-02T05:03:17.984+0000][gc,heap       ] GC(77) Old regions: 64->64
[2022-08-02T05:03:17.984+0000][gc,heap       ] GC(77) Humongous regions: 129->129
[2022-08-02T05:03:17.984+0000][gc,metaspace  ] GC(77) Metaspace: 44998K->44998K(1089536K)
[2022-08-02T05:03:17.984+0000][gc            ] GC(77) Pause Young (Normal) (G1 Evacuation Pause) 804M->195M(1024M) 9.038ms
[2022-08-02T05:03:17.984+0000][gc,cpu        ] GC(77) User=0.02s Sys=0.00s Real=0.00s
[2022-08-02T05:48:08.564+0000][gc,start      ] GC(78) Pause Young (Normal) (G1 Evacuation Pause)
[2022-08-02T05:48:08.564+0000][gc,task       ] GC(78) Using 2 workers of 2 for evacuation
[2022-08-02T05:48:08.573+0000][gc,phases     ] GC(78)   Pre Evacuate Collection Set: 0.0ms
[2022-08-02T05:48:08.573+0000][gc,phases     ] GC(78)   Evacuate Collection Set: 8.2ms
[2022-08-02T05:48:08.573+0000][gc,phases     ] GC(78)   Post Evacuate Collection Set: 0.7ms
[2022-08-02T05:48:08.573+0000][gc,phases     ] GC(78)   Other: 0.2ms
[2022-08-02T05:48:08.573+0000][gc,heap       ] GC(78) Eden regions: 609->0(609)
[2022-08-02T05:48:08.573+0000][gc,heap       ] GC(78) Survivor regions: 5->5(77)
[2022-08-02T05:48:08.573+0000][gc,heap       ] GC(78) Old regions: 64->64
[2022-08-02T05:48:08.573+0000][gc,heap       ] GC(78) Humongous regions: 129->129
[2022-08-02T05:48:08.573+0000][gc,metaspace  ] GC(78) Metaspace: 45044K->45044K(1089536K)
[2022-08-02T05:48:08.573+0000][gc            ] GC(78) Pause Young (Normal) (G1 Evacuation Pause) 804M->195M(1024M) 9.281ms
[2022-08-02T05:48:08.573+0000][gc,cpu        ] GC(78) User=0.02s Sys=0.00s Real=0.02s
[2022-08-02T06:33:10.314+0000][gc,start      ] GC(79) Pause Young (Normal) (G1 Evacuation Pause)
[2022-08-02T06:33:10.314+0000][gc,task       ] GC(79) Using 2 workers of 2 for evacuation
[2022-08-02T06:33:10.324+0000][gc,phases     ] GC(79)   Pre Evacuate Collection Set: 0.0ms
[2022-08-02T06:33:10.324+0000][gc,phases     ] GC(79)   Evacuate Collection Set: 8.9ms
[2022-08-02T06:33:10.324+0000][gc,phases     ] GC(79)   Post Evacuate Collection Set: 0.8ms
[2022-08-02T06:33:10.324+0000][gc,phases     ] GC(79)   Other: 0.2ms
[2022-08-02T06:33:10.324+0000][gc,heap       ] GC(79) Eden regions: 609->0(608)
[2022-08-02T06:33:10.324+0000][gc,heap       ] GC(79) Survivor regions: 5->6(77)
[2022-08-02T06:33:10.324+0000][gc,heap       ] GC(79) Old regions: 64->64
[2022-08-02T06:33:10.324+0000][gc,heap       ] GC(79) Humongous regions: 129->129
[2022-08-02T06:33:10.324+0000][gc,metaspace  ] GC(79) Metaspace: 45067K->45067K(1089536K)
[2022-08-02T06:33:10.324+0000][gc            ] GC(79) Pause Young (Normal) (G1 Evacuation Pause) 804M->196M(1024M) 10.105ms
[2022-08-02T06:33:10.324+0000][gc,cpu        ] GC(79) User=0.02s Sys=0.00s Real=0.00s
[2022-08-02T07:17:57.220+0000][gc,start      ] GC(80) Pause Young (Normal) (G1 Evacuation Pause)
[2022-08-02T07:17:57.220+0000][gc,task       ] GC(80) Using 2 workers of 2 for evacuation
[2022-08-02T07:17:57.226+0000][gc,phases     ] GC(80)   Pre Evacuate Collection Set: 0.0ms
[2022-08-02T07:17:57.226+0000][gc,phases     ] GC(80)   Evacuate Collection Set: 5.6ms
[2022-08-02T07:17:57.226+0000][gc,phases     ] GC(80)   Post Evacuate Collection Set: 0.8ms
[2022-08-02T07:17:57.226+0000][gc,phases     ] GC(80)   Other: 0.2ms
[2022-08-02T07:17:57.226+0000][gc,heap       ] GC(80) Eden regions: 608->0(611)
[2022-08-02T07:17:57.226+0000][gc,heap       ] GC(80) Survivor regions: 6->3(77)
[2022-08-02T07:17:57.226+0000][gc,heap       ] GC(80) Old regions: 64->64
[2022-08-02T07:17:57.226+0000][gc,heap       ] GC(80) Humongous regions: 129->129
[2022-08-02T07:17:57.226+0000][gc,metaspace  ] GC(80) Metaspace: 45070K->45070K(1089536K)
[2022-08-02T07:17:57.226+0000][gc            ] GC(80) Pause Young (Normal) (G1 Evacuation Pause) 804M->193M(1024M) 6.680ms
[2022-08-02T07:17:57.226+0000][gc,cpu        ] GC(80) User=0.01s Sys=0.00s Real=0.01s
[2022-08-02T08:02:55.585+0000][gc,start      ] GC(81) Pause Young (Normal) (G1 Evacuation Pause)
[2022-08-02T08:02:55.585+0000][gc,task       ] GC(81) Using 2 workers of 2 for evacuation
[2022-08-02T08:02:55.591+0000][gc,phases     ] GC(81)   Pre Evacuate Collection Set: 0.0ms
[2022-08-02T08:02:55.591+0000][gc,phases     ] GC(81)   Evacuate Collection Set: 5.7ms
[2022-08-02T08:02:55.591+0000][gc,phases     ] GC(81)   Post Evacuate Collection Set: 0.8ms
[2022-08-02T08:02:55.591+0000][gc,phases     ] GC(81)   Other: 0.2ms
[2022-08-02T08:02:55.591+0000][gc,heap       ] GC(81) Eden regions: 611->0(611)
[2022-08-02T08:02:55.591+0000][gc,heap       ] GC(81) Survivor regions: 3->3(77)
[2022-08-02T08:02:55.591+0000][gc,heap       ] GC(81) Old regions: 64->64
[2022-08-02T08:02:55.591+0000][gc,heap       ] GC(81) Humongous regions: 129->129
[2022-08-02T08:02:55.591+0000][gc,metaspace  ] GC(81) Metaspace: 45088K->45088K(1089536K)
[2022-08-02T08:02:55.591+0000][gc            ] GC(81) Pause Young (Normal) (G1 Evacuation Pause) 804M->193M(1024M) 6.811ms
[2022-08-02T08:02:55.591+0000][gc,cpu        ] GC(81) User=0.01s Sys=0.00s Real=0.00s
[2022-08-02T08:47:57.625+0000][gc,start      ] GC(82) Pause Young (Normal) (G1 Evacuation Pause)
[2022-08-02T08:47:57.625+0000][gc,task       ] GC(82) Using 2 workers of 2 for evacuation
[2022-08-02T08:47:57.632+0000][gc,phases     ] GC(82)   Pre Evacuate Collection Set: 0.0ms
[2022-08-02T08:47:57.632+0000][gc,phases     ] GC(82)   Evacuate Collection Set: 6.2ms
[2022-08-02T08:47:57.632+0000][gc,phases     ] GC(82)   Post Evacuate Collection Set: 0.8ms
[2022-08-02T08:47:57.632+0000][gc,phases     ] GC(82)   Other: 0.2ms
[2022-08-02T08:47:57.632+0000][gc,heap       ] GC(82) Eden regions: 611->0(610)
[2022-08-02T08:47:57.632+0000][gc,heap       ] GC(82) Survivor regions: 3->4(77)
[2022-08-02T08:47:57.632+0000][gc,heap       ] GC(82) Old regions: 64->64
[2022-08-02T08:47:57.632+0000][gc,heap       ] GC(82) Humongous regions: 129->129
[2022-08-02T08:47:57.632+0000][gc,metaspace  ] GC(82) Metaspace: 45088K->45088K(1089536K)
[2022-08-02T08:47:57.632+0000][gc            ] GC(82) Pause Young (Normal) (G1 Evacuation Pause) 804M->194M(1024M) 7.325ms
[2022-08-02T08:47:57.632+0000][gc,cpu        ] GC(82) User=0.02s Sys=0.00s Real=0.00s
[2022-08-02T09:33:07.220+0000][gc,start      ] GC(83) Pause Young (Normal) (G1 Evacuation Pause)
[2022-08-02T09:33:07.220+0000][gc,task       ] GC(83) Using 2 workers of 2 for evacuation
[2022-08-02T09:33:07.228+0000][gc,phases     ] GC(83)   Pre Evacuate Collection Set: 0.0ms
[2022-08-02T09:33:07.228+0000][gc,phases     ] GC(83)   Evacuate Collection Set: 7.0ms
[2022-08-02T09:33:07.228+0000][gc,phases     ] GC(83)   Post Evacuate Collection Set: 0.8ms
[2022-08-02T09:33:07.228+0000][gc,phases     ] GC(83)   Other: 0.2ms
[2022-08-02T09:33:07.228+0000][gc,heap       ] GC(83) Eden regions: 610->0(610)
[2022-08-02T09:33:07.228+0000][gc,heap       ] GC(83) Survivor regions: 4->4(77)
[2022-08-02T09:33:07.228+0000][gc,heap       ] GC(83) Old regions: 64->64
[2022-08-02T09:33:07.228+0000][gc,heap       ] GC(83) Humongous regions: 129->129
[2022-08-02T09:33:07.228+0000][gc,metaspace  ] GC(83) Metaspace: 45088K->45088K(1089536K)
[2022-08-02T09:33:07.228+0000][gc            ] GC(83) Pause Young (Normal) (G1 Evacuation Pause) 804M->194M(1024M) 8.139ms
[2022-08-02T09:33:07.228+0000][gc,cpu        ] GC(83) User=0.01s Sys=0.00s Real=0.01s
[2022-08-02T10:18:03.720+0000][gc,start      ] GC(84) Pause Young (Normal) (G1 Evacuation Pause)
[2022-08-02T10:18:03.720+0000][gc,task       ] GC(84) Using 2 workers of 2 for evacuation
[2022-08-02T10:18:03.728+0000][gc,phases     ] GC(84)   Pre Evacuate Collection Set: 0.0ms
[2022-08-02T10:18:03.728+0000][gc,phases     ] GC(84)   Evacuate Collection Set: 7.2ms
[2022-08-02T10:18:03.728+0000][gc,phases     ] GC(84)   Post Evacuate Collection Set: 0.8ms
[2022-08-02T10:18:03.728+0000][gc,phases     ] GC(84)   Other: 0.2ms
[2022-08-02T10:18:03.728+0000][gc,heap       ] GC(84) Eden regions: 610->0(610)
[2022-08-02T10:18:03.728+0000][gc,heap       ] GC(84) Survivor regions: 4->4(77)
[2022-08-02T10:18:03.728+0000][gc,heap       ] GC(84) Old regions: 64->64
[2022-08-02T10:18:03.728+0000][gc,heap       ] GC(84) Humongous regions: 129->129
[2022-08-02T10:18:03.728+0000][gc,metaspace  ] GC(84) Metaspace: 45090K->45090K(1089536K)
[2022-08-02T10:18:03.728+0000][gc            ] GC(84) Pause Young (Normal) (G1 Evacuation Pause) 804M->194M(1024M) 8.329ms
[2022-08-02T10:18:03.728+0000][gc,cpu        ] GC(84) User=0.02s Sys=0.00s Real=0.01s
[2022-08-02T11:02:57.090+0000][gc,start      ] GC(85) Pause Young (Normal) (G1 Evacuation Pause)
[2022-08-02T11:02:57.090+0000][gc,task       ] GC(85) Using 2 workers of 2 for evacuation
[2022-08-02T11:02:57.099+0000][gc,phases     ] GC(85)   Pre Evacuate Collection Set: 0.0ms
[2022-08-02T11:02:57.099+0000][gc,phases     ] GC(85)   Evacuate Collection Set: 7.7ms
[2022-08-02T11:02:57.099+0000][gc,phases     ] GC(85)   Post Evacuate Collection Set: 0.8ms
[2022-08-02T11:02:57.099+0000][gc,phases     ] GC(85)   Other: 0.2ms
[2022-08-02T11:02:57.099+0000][gc,heap       ] GC(85) Eden regions: 610->0(609)
[2022-08-02T11:02:57.099+0000][gc,heap       ] GC(85) Survivor regions: 4->5(77)
[2022-08-02T11:02:57.099+0000][gc,heap       ] GC(85) Old regions: 64->64
[2022-08-02T11:02:57.099+0000][gc,heap       ] GC(85) Humongous regions: 129->129
[2022-08-02T11:02:57.099+0000][gc,metaspace  ] GC(85) Metaspace: 45147K->45147K(1089536K)
[2022-08-02T11:02:57.099+0000][gc            ] GC(85) Pause Young (Normal) (G1 Evacuation Pause) 804M->195M(1024M) 8.861ms
[2022-08-02T11:02:57.099+0000][gc,cpu        ] GC(85) User=0.01s Sys=0.00s Real=0.01s
[2022-08-02T11:47:52.220+0000][gc,start      ] GC(86) Pause Young (Normal) (G1 Evacuation Pause)
[2022-08-02T11:47:52.220+0000][gc,task       ] GC(86) Using 2 workers of 2 for evacuation
[2022-08-02T11:47:52.228+0000][gc,phases     ] GC(86)   Pre Evacuate Collection Set: 0.0ms
[2022-08-02T11:47:52.228+0000][gc,phases     ] GC(86)   Evacuate Collection Set: 7.8ms
[2022-08-02T11:47:52.229+0000][gc,phases     ] GC(86)   Post Evacuate Collection Set: 0.8ms
[2022-08-02T11:47:52.229+0000][gc,phases     ] GC(86)   Other: 0.2ms
[2022-08-02T11:47:52.229+0000][gc,heap       ] GC(86) Eden regions: 609->0(609)
[2022-08-02T11:47:52.229+0000][gc,heap       ] GC(86) Survivor regions: 5->5(77)
[2022-08-02T11:47:52.229+0000][gc,heap       ] GC(86) Old regions: 64->64
[2022-08-02T11:47:52.229+0000][gc,heap       ] GC(86) Humongous regions: 129->129
[2022-08-02T11:47:52.229+0000][gc,metaspace  ] GC(86) Metaspace: 45147K->45147K(1089536K)
[2022-08-02T11:47:52.229+0000][gc            ] GC(86) Pause Young (Normal) (G1 Evacuation Pause) 804M->195M(1024M) 8.892ms
[2022-08-02T11:47:52.229+0000][gc,cpu        ] GC(86) User=0.02s Sys=0.00s Real=0.01s
[2022-08-02T12:33:00.396+0000][gc,start      ] GC(87) Pause Young (Normal) (G1 Evacuation Pause)
[2022-08-02T12:33:00.396+0000][gc,task       ] GC(87) Using 2 workers of 2 for evacuation
[2022-08-02T12:33:00.406+0000][gc,phases     ] GC(87)   Pre Evacuate Collection Set: 0.0ms
[2022-08-02T12:33:00.406+0000][gc,phases     ] GC(87)   Evacuate Collection Set: 8.8ms
[2022-08-02T12:33:00.406+0000][gc,phases     ] GC(87)   Post Evacuate Collection Set: 0.8ms
[2022-08-02T12:33:00.406+0000][gc,phases     ] GC(87)   Other: 0.3ms
[2022-08-02T12:33:00.406+0000][gc,heap       ] GC(87) Eden regions: 609->0(608)
[2022-08-02T12:33:00.406+0000][gc,heap       ] GC(87) Survivor regions: 5->6(77)
[2022-08-02T12:33:00.406+0000][gc,heap       ] GC(87) Old regions: 64->64
[2022-08-02T12:33:00.406+0000][gc,heap       ] GC(87) Humongous regions: 129->129
[2022-08-02T12:33:00.406+0000][gc,metaspace  ] GC(87) Metaspace: 45147K->45147K(1089536K)
[2022-08-02T12:33:00.406+0000][gc            ] GC(87) Pause Young (Normal) (G1 Evacuation Pause) 804M->196M(1024M) 9.994ms
[2022-08-02T12:33:00.406+0000][gc,cpu        ] GC(87) User=0.01s Sys=0.00s Real=0.01s
[2022-08-02T13:17:53.658+0000][gc,start      ] GC(88) Pause Young (Normal) (G1 Evacuation Pause)
[2022-08-02T13:17:53.658+0000][gc,task       ] GC(88) Using 2 workers of 2 for evacuation
[2022-08-02T13:17:53.668+0000][gc,phases     ] GC(88)   Pre Evacuate Collection Set: 0.1ms
[2022-08-02T13:17:53.668+0000][gc,phases     ] GC(88)   Evacuate Collection Set: 8.1ms
[2022-08-02T13:17:53.668+0000][gc,phases     ] GC(88)   Post Evacuate Collection Set: 0.8ms
[2022-08-02T13:17:53.668+0000][gc,phases     ] GC(88)   Other: 0.2ms
[2022-08-02T13:17:53.668+0000][gc,heap       ] GC(88) Eden regions: 608->0(609)
[2022-08-02T13:17:53.668+0000][gc,heap       ] GC(88) Survivor regions: 6->5(77)
[2022-08-02T13:17:53.668+0000][gc,heap       ] GC(88) Old regions: 64->64
[2022-08-02T13:17:53.668+0000][gc,heap       ] GC(88) Humongous regions: 129->129
[2022-08-02T13:17:53.668+0000][gc,metaspace  ] GC(88) Metaspace: 45163K->45163K(1089536K)
[2022-08-02T13:17:53.668+0000][gc            ] GC(88) Pause Young (Normal) (G1 Evacuation Pause) 804M->195M(1024M) 9.294ms
[2022-08-02T13:17:53.668+0000][gc,cpu        ] GC(88) User=0.02s Sys=0.00s Real=0.01s
[2022-08-02T14:02:45.450+0000][gc,start      ] GC(89) Pause Young (Normal) (G1 Evacuation Pause)
[2022-08-02T14:02:45.450+0000][gc,task       ] GC(89) Using 2 workers of 2 for evacuation
[2022-08-02T14:02:45.457+0000][gc,phases     ] GC(89)   Pre Evacuate Collection Set: 0.0ms
[2022-08-02T14:02:45.457+0000][gc,phases     ] GC(89)   Evacuate Collection Set: 5.5ms
[2022-08-02T14:02:45.457+0000][gc,phases     ] GC(89)   Post Evacuate Collection Set: 0.8ms
[2022-08-02T14:02:45.457+0000][gc,phases     ] GC(89)   Other: 0.2ms
[2022-08-02T14:02:45.457+0000][gc,heap       ] GC(89) Eden regions: 609->0(611)
[2022-08-02T14:02:45.457+0000][gc,heap       ] GC(89) Survivor regions: 5->3(77)
[2022-08-02T14:02:45.457+0000][gc,heap       ] GC(89) Old regions: 64->64
[2022-08-02T14:02:45.457+0000][gc,heap       ] GC(89) Humongous regions: 129->129
[2022-08-02T14:02:45.457+0000][gc,metaspace  ] GC(89) Metaspace: 45163K->45163K(1089536K)
[2022-08-02T14:02:45.457+0000][gc            ] GC(89) Pause Young (Normal) (G1 Evacuation Pause) 804M->193M(1024M) 6.608ms
[2022-08-02T14:02:45.457+0000][gc,cpu        ] GC(89) User=0.01s Sys=0.00s Real=0.01s
[2022-08-02T14:47:54.127+0000][gc,start      ] GC(90) Pause Young (Normal) (G1 Evacuation Pause)
[2022-08-02T14:47:54.127+0000][gc,task       ] GC(90) Using 2 workers of 2 for evacuation
[2022-08-02T14:47:54.134+0000][gc,phases     ] GC(90)   Pre Evacuate Collection Set: 0.0ms
[2022-08-02T14:47:54.134+0000][gc,phases     ] GC(90)   Evacuate Collection Set: 6.0ms
[2022-08-02T14:47:54.134+0000][gc,phases     ] GC(90)   Post Evacuate Collection Set: 0.8ms
[2022-08-02T14:47:54.134+0000][gc,phases     ] GC(90)   Other: 0.2ms
[2022-08-02T14:47:54.134+0000][gc,heap       ] GC(90) Eden regions: 611->0(610)
[2022-08-02T14:47:54.134+0000][gc,heap       ] GC(90) Survivor regions: 3->4(77)
[2022-08-02T14:47:54.134+0000][gc,heap       ] GC(90) Old regions: 64->64
[2022-08-02T14:47:54.134+0000][gc,heap       ] GC(90) Humongous regions: 129->129
[2022-08-02T14:47:54.134+0000][gc,metaspace  ] GC(90) Metaspace: 45163K->45163K(1089536K)
[2022-08-02T14:47:54.135+0000][gc            ] GC(90) Pause Young (Normal) (G1 Evacuation Pause) 804M->194M(1024M) 7.168ms
[2022-08-02T14:47:54.135+0000][gc,cpu        ] GC(90) User=0.02s Sys=0.00s Real=0.01s
[2022-08-02T15:33:02.220+0000][gc,start      ] GC(91) Pause Young (Normal) (G1 Evacuation Pause)
[2022-08-02T15:33:02.220+0000][gc,task       ] GC(91) Using 2 workers of 2 for evacuation
[2022-08-02T15:33:02.228+0000][gc,phases     ] GC(91)   Pre Evacuate Collection Set: 0.0ms
[2022-08-02T15:33:02.228+0000][gc,phases     ] GC(91)   Evacuate Collection Set: 7.0ms
[2022-08-02T15:33:02.228+0000][gc,phases     ] GC(91)   Post Evacuate Collection Set: 0.8ms
[2022-08-02T15:33:02.228+0000][gc,phases     ] GC(91)   Other: 0.2ms
[2022-08-02T15:33:02.228+0000][gc,heap       ] GC(91) Eden regions: 610->0(610)
[2022-08-02T15:33:02.228+0000][gc,heap       ] GC(91) Survivor regions: 4->4(77)
[2022-08-02T15:33:02.228+0000][gc,heap       ] GC(91) Old regions: 64->64
[2022-08-02T15:33:02.228+0000][gc,heap       ] GC(91) Humongous regions: 129->129
[2022-08-02T15:33:02.228+0000][gc,metaspace  ] GC(91) Metaspace: 45163K->45163K(1089536K)
[2022-08-02T15:33:02.228+0000][gc            ] GC(91) Pause Young (Normal) (G1 Evacuation Pause) 804M->194M(1024M) 8.158ms
[2022-08-02T15:33:02.228+0000][gc,cpu        ] GC(91) User=0.02s Sys=0.00s Real=0.01s
[2022-08-02T16:17:58.730+0000][gc,start      ] GC(92) Pause Young (Normal) (G1 Evacuation Pause)
[2022-08-02T16:17:58.730+0000][gc,task       ] GC(92) Using 2 workers of 2 for evacuation
[2022-08-02T16:17:58.739+0000][gc,phases     ] GC(92)   Pre Evacuate Collection Set: 0.0ms
[2022-08-02T16:17:58.739+0000][gc,phases     ] GC(92)   Evacuate Collection Set: 7.2ms
[2022-08-02T16:17:58.739+0000][gc,phases     ] GC(92)   Post Evacuate Collection Set: 0.8ms
[2022-08-02T16:17:58.739+0000][gc,phases     ] GC(92)   Other: 0.2ms
[2022-08-02T16:17:58.739+0000][gc,heap       ] GC(92) Eden regions: 610->0(610)
[2022-08-02T16:17:58.739+0000][gc,heap       ] GC(92) Survivor regions: 4->4(77)
[2022-08-02T16:17:58.739+0000][gc,heap       ] GC(92) Old regions: 64->64
[2022-08-02T16:17:58.739+0000][gc,heap       ] GC(92) Humongous regions: 129->129
[2022-08-02T16:17:58.739+0000][gc,metaspace  ] GC(92) Metaspace: 45163K->45163K(1089536K)
[2022-08-02T16:17:58.739+0000][gc            ] GC(92) Pause Young (Normal) (G1 Evacuation Pause) 804M->194M(1024M) 8.331ms
[2022-08-02T16:17:58.739+0000][gc,cpu        ] GC(92) User=0.01s Sys=0.00s Real=0.01s
[2022-08-02T17:02:56.322+0000][gc,start      ] GC(93) Pause Young (Normal) (G1 Evacuation Pause)
[2022-08-02T17:02:56.322+0000][gc,task       ] GC(93) Using 2 workers of 2 for evacuation
[2022-08-02T17:02:56.331+0000][gc,phases     ] GC(93)   Pre Evacuate Collection Set: 0.0ms
[2022-08-02T17:02:56.331+0000][gc,phases     ] GC(93)   Evacuate Collection Set: 7.7ms
[2022-08-02T17:02:56.331+0000][gc,phases     ] GC(93)   Post Evacuate Collection Set: 0.8ms
[2022-08-02T17:02:56.331+0000][gc,phases     ] GC(93)   Other: 0.2ms
[2022-08-02T17:02:56.331+0000][gc,heap       ] GC(93) Eden regions: 610->0(609)
[2022-08-02T17:02:56.331+0000][gc,heap       ] GC(93) Survivor regions: 4->5(77)
[2022-08-02T17:02:56.331+0000][gc,heap       ] GC(93) Old regions: 64->64
[2022-08-02T17:02:56.331+0000][gc,heap       ] GC(93) Humongous regions: 129->129
[2022-08-02T17:02:56.331+0000][gc,metaspace  ] GC(93) Metaspace: 45164K->45164K(1089536K)
[2022-08-02T17:02:56.331+0000][gc            ] GC(93) Pause Young (Normal) (G1 Evacuation Pause) 804M->195M(1024M) 8.872ms
[2022-08-02T17:02:56.331+0000][gc,cpu        ] GC(93) User=0.02s Sys=0.00s Real=0.01s
[2022-08-02T17:47:53.313+0000][gc,start      ] GC(94) Pause Young (Normal) (G1 Evacuation Pause)
[2022-08-02T17:47:53.313+0000][gc,task       ] GC(94) Using 2 workers of 2 for evacuation
[2022-08-02T17:47:53.321+0000][gc,phases     ] GC(94)   Pre Evacuate Collection Set: 0.0ms
[2022-08-02T17:47:53.321+0000][gc,phases     ] GC(94)   Evacuate Collection Set: 7.6ms
[2022-08-02T17:47:53.321+0000][gc,phases     ] GC(94)   Post Evacuate Collection Set: 0.8ms
[2022-08-02T17:47:53.321+0000][gc,phases     ] GC(94)   Other: 0.2ms
[2022-08-02T17:47:53.321+0000][gc,heap       ] GC(94) Eden regions: 609->0(609)
[2022-08-02T17:47:53.321+0000][gc,heap       ] GC(94) Survivor regions: 5->5(77)
[2022-08-02T17:47:53.321+0000][gc,heap       ] GC(94) Old regions: 64->64
[2022-08-02T17:47:53.321+0000][gc,heap       ] GC(94) Humongous regions: 129->129
[2022-08-02T17:47:53.321+0000][gc,metaspace  ] GC(94) Metaspace: 45164K->45164K(1089536K)
[2022-08-02T17:47:53.321+0000][gc            ] GC(94) Pause Young (Normal) (G1 Evacuation Pause) 804M->195M(1024M) 8.788ms
[2022-08-02T17:47:53.321+0000][gc,cpu        ] GC(94) User=0.02s Sys=0.00s Real=0.00s
[2022-08-02T18:32:58.639+0000][gc,start      ] GC(95) Pause Young (Normal) (G1 Evacuation Pause)
[2022-08-02T18:32:58.639+0000][gc,task       ] GC(95) Using 2 workers of 2 for evacuation
[2022-08-02T18:32:58.649+0000][gc,phases     ] GC(95)   Pre Evacuate Collection Set: 0.0ms
[2022-08-02T18:32:58.649+0000][gc,phases     ] GC(95)   Evacuate Collection Set: 8.3ms
[2022-08-02T18:32:58.649+0000][gc,phases     ] GC(95)   Post Evacuate Collection Set: 0.8ms
[2022-08-02T18:32:58.649+0000][gc,phases     ] GC(95)   Other: 0.2ms
[2022-08-02T18:32:58.649+0000][gc,heap       ] GC(95) Eden regions: 609->0(609)
[2022-08-02T18:32:58.649+0000][gc,heap       ] GC(95) Survivor regions: 5->5(77)
[2022-08-02T18:32:58.649+0000][gc,heap       ] GC(95) Old regions: 64->64
[2022-08-02T18:32:58.649+0000][gc,heap       ] GC(95) Humongous regions: 129->129
[2022-08-02T18:32:58.649+0000][gc,metaspace  ] GC(95) Metaspace: 45164K->45164K(1089536K)
[2022-08-02T18:32:58.649+0000][gc            ] GC(95) Pause Young (Normal) (G1 Evacuation Pause) 804M->195M(1024M) 9.448ms
[2022-08-02T18:32:58.649+0000][gc,cpu        ] GC(95) User=0.02s Sys=0.00s Real=0.01s
[2022-08-02T19:17:53.160+0000][gc,start      ] GC(96) Pause Young (Normal) (G1 Evacuation Pause)
[2022-08-02T19:17:53.160+0000][gc,task       ] GC(96) Using 2 workers of 2 for evacuation
[2022-08-02T19:17:53.169+0000][gc,phases     ] GC(96)   Pre Evacuate Collection Set: 0.0ms
[2022-08-02T19:17:53.169+0000][gc,phases     ] GC(96)   Evacuate Collection Set: 8.7ms
[2022-08-02T19:17:53.169+0000][gc,phases     ] GC(96)   Post Evacuate Collection Set: 0.8ms
[2022-08-02T19:17:53.169+0000][gc,phases     ] GC(96)   Other: 0.2ms
[2022-08-02T19:17:53.169+0000][gc,heap       ] GC(96) Eden regions: 609->0(608)
[2022-08-02T19:17:53.169+0000][gc,heap       ] GC(96) Survivor regions: 5->6(77)
[2022-08-02T19:17:53.169+0000][gc,heap       ] GC(96) Old regions: 64->64
[2022-08-02T19:17:53.169+0000][gc,heap       ] GC(96) Humongous regions: 129->129
[2022-08-02T19:17:53.169+0000][gc,metaspace  ] GC(96) Metaspace: 45164K->45164K(1089536K)
[2022-08-02T19:17:53.169+0000][gc            ] GC(96) Pause Young (Normal) (G1 Evacuation Pause) 804M->196M(1024M) 9.814ms
[2022-08-02T19:17:53.169+0000][gc,cpu        ] GC(96) User=0.02s Sys=0.00s Real=0.01s
[2022-08-02T20:02:38.328+0000][gc,start      ] GC(97) Pause Young (Normal) (G1 Evacuation Pause)
[2022-08-02T20:02:38.328+0000][gc,task       ] GC(97) Using 2 workers of 2 for evacuation
[2022-08-02T20:02:38.335+0000][gc,phases     ] GC(97)   Pre Evacuate Collection Set: 0.0ms
[2022-08-02T20:02:38.335+0000][gc,phases     ] GC(97)   Evacuate Collection Set: 5.3ms
[2022-08-02T20:02:38.335+0000][gc,phases     ] GC(97)   Post Evacuate Collection Set: 1.1ms
[2022-08-02T20:02:38.335+0000][gc,phases     ] GC(97)   Other: 0.2ms
[2022-08-02T20:02:38.335+0000][gc,heap       ] GC(97) Eden regions: 608->0(611)
[2022-08-02T20:02:38.335+0000][gc,heap       ] GC(97) Survivor regions: 6->3(77)
[2022-08-02T20:02:38.335+0000][gc,heap       ] GC(97) Old regions: 64->64
[2022-08-02T20:02:38.335+0000][gc,heap       ] GC(97) Humongous regions: 129->129
[2022-08-02T20:02:38.335+0000][gc,metaspace  ] GC(97) Metaspace: 45164K->45164K(1089536K)
[2022-08-02T20:02:38.335+0000][gc            ] GC(97) Pause Young (Normal) (G1 Evacuation Pause) 804M->193M(1024M) 6.796ms
[2022-08-02T20:02:38.335+0000][gc,cpu        ] GC(97) User=0.01s Sys=0.01s Real=0.01s
[2022-08-02T20:47:42.220+0000][gc,start      ] GC(98) Pause Young (Normal) (G1 Evacuation Pause)
[2022-08-02T20:47:42.220+0000][gc,task       ] GC(98) Using 2 workers of 2 for evacuation
[2022-08-02T20:47:42.227+0000][gc,phases     ] GC(98)   Pre Evacuate Collection Set: 0.0ms
[2022-08-02T20:47:42.227+0000][gc,phases     ] GC(98)   Evacuate Collection Set: 5.9ms
[2022-08-02T20:47:42.227+0000][gc,phases     ] GC(98)   Post Evacuate Collection Set: 0.8ms
[2022-08-02T20:47:42.227+0000][gc,phases     ] GC(98)   Other: 0.2ms
[2022-08-02T20:47:42.227+0000][gc,heap       ] GC(98) Eden regions: 611->0(611)
[2022-08-02T20:47:42.227+0000][gc,heap       ] GC(98) Survivor regions: 3->3(77)
[2022-08-02T20:47:42.227+0000][gc,heap       ] GC(98) Old regions: 64->64
[2022-08-02T20:47:42.227+0000][gc,heap       ] GC(98) Humongous regions: 129->129
[2022-08-02T20:47:42.227+0000][gc,metaspace  ] GC(98) Metaspace: 45164K->45164K(1089536K)
[2022-08-02T20:47:42.227+0000][gc            ] GC(98) Pause Young (Normal) (G1 Evacuation Pause) 804M->193M(1024M) 7.109ms
[2022-08-02T20:47:42.227+0000][gc,cpu        ] GC(98) User=0.01s Sys=0.00s Real=0.01s
[2022-08-02T21:32:53.684+0000][gc,start      ] GC(99) Pause Young (Normal) (G1 Evacuation Pause)
[2022-08-02T21:32:53.684+0000][gc,task       ] GC(99) Using 2 workers of 2 for evacuation
[2022-08-02T21:32:53.691+0000][gc,phases     ] GC(99)   Pre Evacuate Collection Set: 0.0ms
[2022-08-02T21:32:53.691+0000][gc,phases     ] GC(99)   Evacuate Collection Set: 6.4ms
[2022-08-02T21:32:53.691+0000][gc,phases     ] GC(99)   Post Evacuate Collection Set: 0.7ms
[2022-08-02T21:32:53.691+0000][gc,phases     ] GC(99)   Other: 0.2ms
[2022-08-02T21:32:53.691+0000][gc,heap       ] GC(99) Eden regions: 611->0(610)
[2022-08-02T21:32:53.691+0000][gc,heap       ] GC(99) Survivor regions: 3->4(77)
[2022-08-02T21:32:53.691+0000][gc,heap       ] GC(99) Old regions: 64->64
[2022-08-02T21:32:53.691+0000][gc,heap       ] GC(99) Humongous regions: 129->129
[2022-08-02T21:32:53.691+0000][gc,metaspace  ] GC(99) Metaspace: 45165K->45165K(1089536K)
[2022-08-02T21:32:53.691+0000][gc            ] GC(99) Pause Young (Normal) (G1 Evacuation Pause) 804M->194M(1024M) 7.527ms
[2022-08-02T21:32:53.691+0000][gc,cpu        ] GC(99) User=0.02s Sys=0.00s Real=0.01s
[2022-08-02T22:17:48.564+0000][gc,start      ] GC(100) Pause Young (Normal) (G1 Evacuation Pause)
[2022-08-02T22:17:48.564+0000][gc,task       ] GC(100) Using 2 workers of 2 for evacuation
[2022-08-02T22:17:48.572+0000][gc,phases     ] GC(100)   Pre Evacuate Collection Set: 0.0ms
[2022-08-02T22:17:48.572+0000][gc,phases     ] GC(100)   Evacuate Collection Set: 6.9ms
[2022-08-02T22:17:48.572+0000][gc,phases     ] GC(100)   Post Evacuate Collection Set: 0.8ms
[2022-08-02T22:17:48.572+0000][gc,phases     ] GC(100)   Other: 0.2ms
[2022-08-02T22:17:48.572+0000][gc,heap       ] GC(100) Eden regions: 610->0(610)
[2022-08-02T22:17:48.572+0000][gc,heap       ] GC(100) Survivor regions: 4->4(77)
[2022-08-02T22:17:48.572+0000][gc,heap       ] GC(100) Old regions: 64->64
[2022-08-02T22:17:48.572+0000][gc,heap       ] GC(100) Humongous regions: 129->129
[2022-08-02T22:17:48.572+0000][gc,metaspace  ] GC(100) Metaspace: 45168K->45168K(1089536K)
[2022-08-02T22:17:48.572+0000][gc            ] GC(100) Pause Young (Normal) (G1 Evacuation Pause) 804M->194M(1024M) 8.021ms
[2022-08-02T22:17:48.572+0000][gc,cpu        ] GC(100) User=0.01s Sys=0.00s Real=0.01s
[2022-08-02T23:02:44.354+0000][gc,start      ] GC(101) Pause Young (Normal) (G1 Evacuation Pause)
[2022-08-02T23:02:44.354+0000][gc,task       ] GC(101) Using 2 workers of 2 for evacuation
[2022-08-02T23:02:44.362+0000][gc,phases     ] GC(101)   Pre Evacuate Collection Set: 0.0ms
[2022-08-02T23:02:44.362+0000][gc,phases     ] GC(101)   Evacuate Collection Set: 7.0ms
[2022-08-02T23:02:44.362+0000][gc,phases     ] GC(101)   Post Evacuate Collection Set: 0.7ms
[2022-08-02T23:02:44.362+0000][gc,phases     ] GC(101)   Other: 0.2ms
[2022-08-02T23:02:44.362+0000][gc,heap       ] GC(101) Eden regions: 610->0(609)
[2022-08-02T23:02:44.362+0000][gc,heap       ] GC(101) Survivor regions: 4->5(77)
[2022-08-02T23:02:44.362+0000][gc,heap       ] GC(101) Old regions: 64->64
[2022-08-02T23:02:44.362+0000][gc,heap       ] GC(101) Humongous regions: 129->129
[2022-08-02T23:02:44.362+0000][gc,metaspace  ] GC(101) Metaspace: 45168K->45168K(1089536K)
[2022-08-02T23:02:44.362+0000][gc            ] GC(101) Pause Young (Normal) (G1 Evacuation Pause) 804M->195M(1024M) 8.126ms
[2022-08-02T23:02:44.362+0000][gc,cpu        ] GC(101) User=0.02s Sys=0.00s Real=0.00s
[2022-08-02T23:47:40.041+0000][gc,start      ] GC(102) Pause Young (Normal) (G1 Evacuation Pause)
[2022-08-02T23:47:40.041+0000][gc,task       ] GC(102) Using 2 workers of 2 for evacuation
[2022-08-02T23:47:40.050+0000][gc,phases     ] GC(102)   Pre Evacuate Collection Set: 0.0ms
[2022-08-02T23:47:40.050+0000][gc,phases     ] GC(102)   Evacuate Collection Set: 7.4ms
[2022-08-02T23:47:40.050+0000][gc,phases     ] GC(102)   Post Evacuate Collection Set: 0.8ms
[2022-08-02T23:47:40.050+0000][gc,phases     ] GC(102)   Other: 0.3ms
[2022-08-02T23:47:40.050+0000][gc,heap       ] GC(102) Eden regions: 609->0(609)
[2022-08-02T23:47:40.050+0000][gc,heap       ] GC(102) Survivor regions: 5->5(77)
[2022-08-02T23:47:40.050+0000][gc,heap       ] GC(102) Old regions: 64->64
[2022-08-02T23:47:40.050+0000][gc,heap       ] GC(102) Humongous regions: 129->129
[2022-08-02T23:47:40.050+0000][gc,metaspace  ] GC(102) Metaspace: 45170K->45170K(1089536K)
[2022-08-02T23:47:40.050+0000][gc            ] GC(102) Pause Young (Normal) (G1 Evacuation Pause) 804M->195M(1024M) 8.566ms
[2022-08-02T23:47:40.050+0000][gc,cpu        ] GC(102) User=0.01s Sys=0.00s Real=0.01s
[2022-08-03T00:32:42.949+0000][gc,start      ] GC(103) Pause Young (Normal) (G1 Evacuation Pause)
[2022-08-03T00:32:42.949+0000][gc,task       ] GC(103) Using 2 workers of 2 for evacuation
[2022-08-03T00:32:42.958+0000][gc,phases     ] GC(103)   Pre Evacuate Collection Set: 0.0ms
[2022-08-03T00:32:42.958+0000][gc,phases     ] GC(103)   Evacuate Collection Set: 8.0ms
[2022-08-03T00:32:42.958+0000][gc,phases     ] GC(103)   Post Evacuate Collection Set: 0.8ms
[2022-08-03T00:32:42.958+0000][gc,phases     ] GC(103)   Other: 0.2ms
[2022-08-03T00:32:42.958+0000][gc,heap       ] GC(103) Eden regions: 609->0(609)
[2022-08-03T00:32:42.958+0000][gc,heap       ] GC(103) Survivor regions: 5->5(77)
[2022-08-03T00:32:42.958+0000][gc,heap       ] GC(103) Old regions: 64->64
[2022-08-03T00:32:42.958+0000][gc,heap       ] GC(103) Humongous regions: 129->129
[2022-08-03T00:32:42.958+0000][gc,metaspace  ] GC(103) Metaspace: 45175K->45175K(1089536K)
[2022-08-03T00:32:42.958+0000][gc            ] GC(103) Pause Young (Normal) (G1 Evacuation Pause) 804M->195M(1024M) 9.145ms
[2022-08-03T00:32:42.958+0000][gc,cpu        ] GC(103) User=0.00s Sys=0.02s Real=0.01s
[2022-08-03T01:17:35.712+0000][gc,start      ] GC(104) Pause Young (Normal) (G1 Evacuation Pause)
[2022-08-03T01:17:35.712+0000][gc,task       ] GC(104) Using 2 workers of 2 for evacuation
[2022-08-03T01:17:35.721+0000][gc,phases     ] GC(104)   Pre Evacuate Collection Set: 0.0ms
[2022-08-03T01:17:35.721+0000][gc,phases     ] GC(104)   Evacuate Collection Set: 8.2ms
[2022-08-03T01:17:35.721+0000][gc,phases     ] GC(104)   Post Evacuate Collection Set: 1.1ms
[2022-08-03T01:17:35.721+0000][gc,phases     ] GC(104)   Other: 0.2ms
[2022-08-03T01:17:35.721+0000][gc,heap       ] GC(104) Eden regions: 609->0(609)
[2022-08-03T01:17:35.721+0000][gc,heap       ] GC(104) Survivor regions: 5->5(77)
[2022-08-03T01:17:35.721+0000][gc,heap       ] GC(104) Old regions: 64->64
[2022-08-03T01:17:35.721+0000][gc,heap       ] GC(104) Humongous regions: 129->129
[2022-08-03T01:17:35.721+0000][gc,metaspace  ] GC(104) Metaspace: 45177K->45177K(1091584K)
[2022-08-03T01:17:35.721+0000][gc            ] GC(104) Pause Young (Normal) (G1 Evacuation Pause) 804M->195M(1024M) 9.739ms
[2022-08-03T01:17:35.721+0000][gc,cpu        ] GC(104) User=0.02s Sys=0.00s Real=0.01s
[2022-08-03T02:02:26.745+0000][gc,start      ] GC(105) Pause Young (Normal) (G1 Evacuation Pause)
[2022-08-03T02:02:26.745+0000][gc,task       ] GC(105) Using 2 workers of 2 for evacuation
[2022-08-03T02:02:26.755+0000][gc,phases     ] GC(105)   Pre Evacuate Collection Set: 0.0ms
[2022-08-03T02:02:26.755+0000][gc,phases     ] GC(105)   Evacuate Collection Set: 8.4ms
[2022-08-03T02:02:26.755+0000][gc,phases     ] GC(105)   Post Evacuate Collection Set: 0.7ms
[2022-08-03T02:02:26.755+0000][gc,phases     ] GC(105)   Other: 0.2ms
[2022-08-03T02:02:26.755+0000][gc,heap       ] GC(105) Eden regions: 609->0(609)
[2022-08-03T02:02:26.755+0000][gc,heap       ] GC(105) Survivor regions: 5->5(77)
[2022-08-03T02:02:26.755+0000][gc,heap       ] GC(105) Old regions: 64->64
[2022-08-03T02:02:26.755+0000][gc,heap       ] GC(105) Humongous regions: 129->129
[2022-08-03T02:02:26.755+0000][gc,metaspace  ] GC(105) Metaspace: 45177K->45177K(1091584K)
[2022-08-03T02:02:26.755+0000][gc            ] GC(105) Pause Young (Normal) (G1 Evacuation Pause) 804M->195M(1024M) 9.475ms
[2022-08-03T02:02:26.755+0000][gc,cpu        ] GC(105) User=0.01s Sys=0.00s Real=0.01s
[2022-08-03T02:47:22.155+0000][gc,start      ] GC(106) Pause Young (Normal) (G1 Evacuation Pause)
[2022-08-03T02:47:22.155+0000][gc,task       ] GC(106) Using 2 workers of 2 for evacuation
[2022-08-03T02:47:22.161+0000][gc,phases     ] GC(106)   Pre Evacuate Collection Set: 0.0ms
[2022-08-03T02:47:22.161+0000][gc,phases     ] GC(106)   Evacuate Collection Set: 5.2ms
[2022-08-03T02:47:22.161+0000][gc,phases     ] GC(106)   Post Evacuate Collection Set: 0.8ms
[2022-08-03T02:47:22.161+0000][gc,phases     ] GC(106)   Other: 0.2ms
[2022-08-03T02:47:22.161+0000][gc,heap       ] GC(106) Eden regions: 609->0(611)
[2022-08-03T02:47:22.161+0000][gc,heap       ] GC(106) Survivor regions: 5->3(77)
[2022-08-03T02:47:22.161+0000][gc,heap       ] GC(106) Old regions: 64->64
[2022-08-03T02:47:22.161+0000][gc,heap       ] GC(106) Humongous regions: 129->129
[2022-08-03T02:47:22.161+0000][gc,metaspace  ] GC(106) Metaspace: 45177K->45177K(1091584K)
[2022-08-03T02:47:22.161+0000][gc            ] GC(106) Pause Young (Normal) (G1 Evacuation Pause) 804M->193M(1024M) 6.328ms
[2022-08-03T02:47:22.161+0000][gc,cpu        ] GC(106) User=0.01s Sys=0.00s Real=0.00s
[2022-08-03T03:32:35.443+0000][gc,start      ] GC(107) Pause Young (Normal) (G1 Evacuation Pause)
[2022-08-03T03:32:35.443+0000][gc,task       ] GC(107) Using 2 workers of 2 for evacuation
[2022-08-03T03:32:35.450+0000][gc,phases     ] GC(107)   Pre Evacuate Collection Set: 0.0ms
[2022-08-03T03:32:35.450+0000][gc,phases     ] GC(107)   Evacuate Collection Set: 6.2ms
[2022-08-03T03:32:35.450+0000][gc,phases     ] GC(107)   Post Evacuate Collection Set: 0.8ms
[2022-08-03T03:32:35.451+0000][gc,phases     ] GC(107)   Other: 0.2ms
[2022-08-03T03:32:35.451+0000][gc,heap       ] GC(107) Eden regions: 611->0(611)
[2022-08-03T03:32:35.451+0000][gc,heap       ] GC(107) Survivor regions: 3->3(77)
[2022-08-03T03:32:35.451+0000][gc,heap       ] GC(107) Old regions: 64->64
[2022-08-03T03:32:35.451+0000][gc,heap       ] GC(107) Humongous regions: 129->129
[2022-08-03T03:32:35.451+0000][gc,metaspace  ] GC(107) Metaspace: 45181K->45181K(1091584K)
[2022-08-03T03:32:35.451+0000][gc            ] GC(107) Pause Young (Normal) (G1 Evacuation Pause) 804M->193M(1024M) 7.328ms
[2022-08-03T03:32:35.451+0000][gc,cpu        ] GC(107) User=0.02s Sys=0.00s Real=0.01s
[2022-08-03T04:17:40.092+0000][gc,start      ] GC(108) Pause Young (Normal) (G1 Evacuation Pause)
[2022-08-03T04:17:40.093+0000][gc,task       ] GC(108) Using 2 workers of 2 for evacuation
[2022-08-03T04:17:40.100+0000][gc,phases     ] GC(108)   Pre Evacuate Collection Set: 0.0ms
[2022-08-03T04:17:40.100+0000][gc,phases     ] GC(108)   Evacuate Collection Set: 6.5ms
[2022-08-03T04:17:40.100+0000][gc,phases     ] GC(108)   Post Evacuate Collection Set: 0.8ms
[2022-08-03T04:17:40.100+0000][gc,phases     ] GC(108)   Other: 0.3ms
[2022-08-03T04:17:40.100+0000][gc,heap       ] GC(108) Eden regions: 611->0(610)
[2022-08-03T04:17:40.100+0000][gc,heap       ] GC(108) Survivor regions: 3->4(77)
[2022-08-03T04:17:40.100+0000][gc,heap       ] GC(108) Old regions: 64->64
[2022-08-03T04:17:40.100+0000][gc,heap       ] GC(108) Humongous regions: 129->129
[2022-08-03T04:17:40.100+0000][gc,metaspace  ] GC(108) Metaspace: 45181K->45181K(1091584K)
[2022-08-03T04:17:40.100+0000][gc            ] GC(108) Pause Young (Normal) (G1 Evacuation Pause) 804M->194M(1024M) 7.649ms
[2022-08-03T04:17:40.100+0000][gc,cpu        ] GC(108) User=0.01s Sys=0.00s Real=0.00s
[2022-08-03T05:02:36.561+0000][gc,start      ] GC(109) Pause Young (Normal) (G1 Evacuation Pause)
[2022-08-03T05:02:36.561+0000][gc,task       ] GC(109) Using 2 workers of 2 for evacuation
[2022-08-03T05:02:36.569+0000][gc,phases     ] GC(109)   Pre Evacuate Collection Set: 0.0ms
[2022-08-03T05:02:36.569+0000][gc,phases     ] GC(109)   Evacuate Collection Set: 6.8ms
[2022-08-03T05:02:36.569+0000][gc,phases     ] GC(109)   Post Evacuate Collection Set: 0.8ms
[2022-08-03T05:02:36.569+0000][gc,phases     ] GC(109)   Other: 0.2ms
[2022-08-03T05:02:36.569+0000][gc,heap       ] GC(109) Eden regions: 610->0(610)
[2022-08-03T05:02:36.569+0000][gc,heap       ] GC(109) Survivor regions: 4->4(77)
[2022-08-03T05:02:36.569+0000][gc,heap       ] GC(109) Old regions: 64->64
[2022-08-03T05:02:36.569+0000][gc,heap       ] GC(109) Humongous regions: 129->129
[2022-08-03T05:02:36.569+0000][gc,metaspace  ] GC(109) Metaspace: 45181K->45181K(1091584K)
[2022-08-03T05:02:36.569+0000][gc            ] GC(109) Pause Young (Normal) (G1 Evacuation Pause) 804M->194M(1024M) 7.978ms
[2022-08-03T05:02:36.569+0000][gc,cpu        ] GC(109) User=0.02s Sys=0.00s Real=0.01s
[2022-08-03T05:47:38.070+0000][gc,start      ] GC(110) Pause Young (Normal) (G1 Evacuation Pause)
[2022-08-03T05:47:38.070+0000][gc,task       ] GC(110) Using 2 workers of 2 for evacuation
[2022-08-03T05:47:38.078+0000][gc,phases     ] GC(110)   Pre Evacuate Collection Set: 0.0ms
[2022-08-03T05:47:38.078+0000][gc,phases     ] GC(110)   Evacuate Collection Set: 7.2ms
[2022-08-03T05:47:38.078+0000][gc,phases     ] GC(110)   Post Evacuate Collection Set: 0.8ms
[2022-08-03T05:47:38.078+0000][gc,phases     ] GC(110)   Other: 0.2ms
[2022-08-03T05:47:38.078+0000][gc,heap       ] GC(110) Eden regions: 610->0(609)
[2022-08-03T05:47:38.078+0000][gc,heap       ] GC(110) Survivor regions: 4->5(77)
[2022-08-03T05:47:38.078+0000][gc,heap       ] GC(110) Old regions: 64->64
[2022-08-03T05:47:38.078+0000][gc,heap       ] GC(110) Humongous regions: 129->129
[2022-08-03T05:47:38.078+0000][gc,metaspace  ] GC(110) Metaspace: 45181K->45181K(1091584K)
[2022-08-03T05:47:38.078+0000][gc            ] GC(110) Pause Young (Normal) (G1 Evacuation Pause) 804M->195M(1024M) 8.355ms
[2022-08-03T05:47:38.078+0000][gc,cpu        ] GC(110) User=0.01s Sys=0.00s Real=0.01s
[2022-08-03T06:32:42.147+0000][gc,start      ] GC(111) Pause Young (Normal) (G1 Evacuation Pause)
[2022-08-03T06:32:42.147+0000][gc,task       ] GC(111) Using 2 workers of 2 for evacuation
[2022-08-03T06:32:42.156+0000][gc,phases     ] GC(111)   Pre Evacuate Collection Set: 0.0ms
[2022-08-03T06:32:42.156+0000][gc,phases     ] GC(111)   Evacuate Collection Set: 7.9ms
[2022-08-03T06:32:42.156+0000][gc,phases     ] GC(111)   Post Evacuate Collection Set: 1.1ms
[2022-08-03T06:32:42.156+0000][gc,phases     ] GC(111)   Other: 0.2ms
[2022-08-03T06:32:42.156+0000][gc,heap       ] GC(111) Eden regions: 609->0(609)
[2022-08-03T06:32:42.156+0000][gc,heap       ] GC(111) Survivor regions: 5->5(77)
[2022-08-03T06:32:42.156+0000][gc,heap       ] GC(111) Old regions: 64->64
[2022-08-03T06:32:42.156+0000][gc,heap       ] GC(111) Humongous regions: 129->129
[2022-08-03T06:32:42.156+0000][gc,metaspace  ] GC(111) Metaspace: 45181K->45181K(1091584K)
[2022-08-03T06:32:42.156+0000][gc            ] GC(111) Pause Young (Normal) (G1 Evacuation Pause) 804M->195M(1024M) 9.363ms
[2022-08-03T06:32:42.156+0000][gc,cpu        ] GC(111) User=0.02s Sys=0.00s Real=0.01s
[2022-08-03T07:17:32.220+0000][gc,start      ] GC(112) Pause Young (Normal) (G1 Evacuation Pause)
[2022-08-03T07:17:32.220+0000][gc,task       ] GC(112) Using 2 workers of 2 for evacuation
[2022-08-03T07:17:32.229+0000][gc,phases     ] GC(112)   Pre Evacuate Collection Set: 0.0ms
[2022-08-03T07:17:32.229+0000][gc,phases     ] GC(112)   Evacuate Collection Set: 8.3ms
[2022-08-03T07:17:32.229+0000][gc,phases     ] GC(112)   Post Evacuate Collection Set: 0.8ms
[2022-08-03T07:17:32.229+0000][gc,phases     ] GC(112)   Other: 0.2ms
[2022-08-03T07:17:32.229+0000][gc,heap       ] GC(112) Eden regions: 609->0(609)
[2022-08-03T07:17:32.229+0000][gc,heap       ] GC(112) Survivor regions: 5->5(77)
[2022-08-03T07:17:32.229+0000][gc,heap       ] GC(112) Old regions: 64->64
[2022-08-03T07:17:32.229+0000][gc,heap       ] GC(112) Humongous regions: 129->129
[2022-08-03T07:17:32.229+0000][gc,metaspace  ] GC(112) Metaspace: 45181K->45181K(1091584K)
[2022-08-03T07:17:32.229+0000][gc            ] GC(112) Pause Young (Normal) (G1 Evacuation Pause) 804M->195M(1024M) 9.469ms
[2022-08-03T07:17:32.229+0000][gc,cpu        ] GC(112) User=0.02s Sys=0.01s Real=0.01s
[2022-08-03T08:02:25.922+0000][gc,start      ] GC(113) Pause Young (Normal) (G1 Evacuation Pause)
[2022-08-03T08:02:25.922+0000][gc,task       ] GC(113) Using 2 workers of 2 for evacuation
[2022-08-03T08:02:25.931+0000][gc,phases     ] GC(113)   Pre Evacuate Collection Set: 0.0ms
[2022-08-03T08:02:25.931+0000][gc,phases     ] GC(113)   Evacuate Collection Set: 8.4ms
[2022-08-03T08:02:25.931+0000][gc,phases     ] GC(113)   Post Evacuate Collection Set: 0.8ms
[2022-08-03T08:02:25.931+0000][gc,phases     ] GC(113)   Other: 0.2ms
[2022-08-03T08:02:25.931+0000][gc,heap       ] GC(113) Eden regions: 609->0(609)
[2022-08-03T08:02:25.931+0000][gc,heap       ] GC(113) Survivor regions: 5->5(77)
[2022-08-03T08:02:25.931+0000][gc,heap       ] GC(113) Old regions: 64->64
[2022-08-03T08:02:25.931+0000][gc,heap       ] GC(113) Humongous regions: 129->129
[2022-08-03T08:02:25.931+0000][gc,metaspace  ] GC(113) Metaspace: 45181K->45181K(1091584K)
[2022-08-03T08:02:25.931+0000][gc            ] GC(113) Pause Young (Normal) (G1 Evacuation Pause) 804M->196M(1024M) 9.569ms
[2022-08-03T08:02:25.931+0000][gc,cpu        ] GC(113) User=0.02s Sys=0.00s Real=0.01s
[2022-08-03T08:47:21.928+0000][gc,start      ] GC(114) Pause Young (Normal) (G1 Evacuation Pause)
[2022-08-03T08:47:21.928+0000][gc,task       ] GC(114) Using 2 workers of 2 for evacuation
[2022-08-03T08:47:21.934+0000][gc,phases     ] GC(114)   Pre Evacuate Collection Set: 0.0ms
[2022-08-03T08:47:21.934+0000][gc,phases     ] GC(114)   Evacuate Collection Set: 5.2ms
[2022-08-03T08:47:21.934+0000][gc,phases     ] GC(114)   Post Evacuate Collection Set: 0.7ms
[2022-08-03T08:47:21.934+0000][gc,phases     ] GC(114)   Other: 0.2ms
[2022-08-03T08:47:21.934+0000][gc,heap       ] GC(114) Eden regions: 609->0(611)
[2022-08-03T08:47:21.934+0000][gc,heap       ] GC(114) Survivor regions: 5->3(77)
[2022-08-03T08:47:21.934+0000][gc,heap       ] GC(114) Old regions: 64->64
[2022-08-03T08:47:21.934+0000][gc,heap       ] GC(114) Humongous regions: 129->129
[2022-08-03T08:47:21.934+0000][gc,metaspace  ] GC(114) Metaspace: 45181K->45181K(1091584K)
[2022-08-03T08:47:21.934+0000][gc            ] GC(114) Pause Young (Normal) (G1 Evacuation Pause) 805M->193M(1024M) 6.281ms
[2022-08-03T08:47:21.934+0000][gc,cpu        ] GC(114) User=0.00s Sys=0.01s Real=0.01s
[2022-08-03T09:32:35.668+0000][gc,start      ] GC(115) Pause Young (Normal) (G1 Evacuation Pause)
[2022-08-03T09:32:35.668+0000][gc,task       ] GC(115) Using 2 workers of 2 for evacuation
[2022-08-03T09:32:35.675+0000][gc,phases     ] GC(115)   Pre Evacuate Collection Set: 0.0ms
[2022-08-03T09:32:35.675+0000][gc,phases     ] GC(115)   Evacuate Collection Set: 6.1ms
[2022-08-03T09:32:35.675+0000][gc,phases     ] GC(115)   Post Evacuate Collection Set: 0.8ms
[2022-08-03T09:32:35.675+0000][gc,phases     ] GC(115)   Other: 0.2ms
[2022-08-03T09:32:35.675+0000][gc,heap       ] GC(115) Eden regions: 611->0(611)
[2022-08-03T09:32:35.675+0000][gc,heap       ] GC(115) Survivor regions: 3->3(77)
[2022-08-03T09:32:35.675+0000][gc,heap       ] GC(115) Old regions: 64->64
[2022-08-03T09:32:35.675+0000][gc,heap       ] GC(115) Humongous regions: 129->129
[2022-08-03T09:32:35.675+0000][gc,metaspace  ] GC(115) Metaspace: 45181K->45181K(1091584K)
[2022-08-03T09:32:35.675+0000][gc            ] GC(115) Pause Young (Normal) (G1 Evacuation Pause) 804M->194M(1024M) 7.212ms
[2022-08-03T09:32:35.675+0000][gc,cpu        ] GC(115) User=0.01s Sys=0.00s Real=0.01s
[2022-08-03T10:17:35.820+0000][gc,start      ] GC(116) Pause Young (Normal) (G1 Evacuation Pause)
[2022-08-03T10:17:35.820+0000][gc,task       ] GC(116) Using 2 workers of 2 for evacuation
[2022-08-03T10:17:35.828+0000][gc,phases     ] GC(116)   Pre Evacuate Collection Set: 0.0ms
[2022-08-03T10:17:35.828+0000][gc,phases     ] GC(116)   Evacuate Collection Set: 6.6ms
[2022-08-03T10:17:35.828+0000][gc,phases     ] GC(116)   Post Evacuate Collection Set: 0.8ms
[2022-08-03T10:17:35.828+0000][gc,phases     ] GC(116)   Other: 0.2ms
[2022-08-03T10:17:35.828+0000][gc,heap       ] GC(116) Eden regions: 611->0(610)
[2022-08-03T10:17:35.828+0000][gc,heap       ] GC(116) Survivor regions: 3->4(77)
[2022-08-03T10:17:35.828+0000][gc,heap       ] GC(116) Old regions: 64->64
[2022-08-03T10:17:35.828+0000][gc,heap       ] GC(116) Humongous regions: 129->129
[2022-08-03T10:17:35.828+0000][gc,metaspace  ] GC(116) Metaspace: 45181K->45181K(1091584K)
[2022-08-03T10:17:35.828+0000][gc            ] GC(116) Pause Young (Normal) (G1 Evacuation Pause) 805M->194M(1024M) 7.747ms
[2022-08-03T10:17:35.828+0000][gc,cpu        ] GC(116) User=0.02s Sys=0.00s Real=0.01s
[2022-08-03T11:02:37.448+0000][gc,start      ] GC(117) Pause Young (Normal) (G1 Evacuation Pause)
[2022-08-03T11:02:37.448+0000][gc,task       ] GC(117) Using 2 workers of 2 for evacuation
[2022-08-03T11:02:37.456+0000][gc,phases     ] GC(117)   Pre Evacuate Collection Set: 0.0ms
[2022-08-03T11:02:37.456+0000][gc,phases     ] GC(117)   Evacuate Collection Set: 6.8ms
[2022-08-03T11:02:37.456+0000][gc,phases     ] GC(117)   Post Evacuate Collection Set: 0.8ms
[2022-08-03T11:02:37.456+0000][gc,phases     ] GC(117)   Other: 0.2ms
[2022-08-03T11:02:37.456+0000][gc,heap       ] GC(117) Eden regions: 610->0(610)
[2022-08-03T11:02:37.456+0000][gc,heap       ] GC(117) Survivor regions: 4->4(77)
[2022-08-03T11:02:37.456+0000][gc,heap       ] GC(117) Old regions: 64->64
[2022-08-03T11:02:37.456+0000][gc,heap       ] GC(117) Humongous regions: 129->129
[2022-08-03T11:02:37.456+0000][gc,metaspace  ] GC(117) Metaspace: 45181K->45181K(1091584K)
[2022-08-03T11:02:37.456+0000][gc            ] GC(117) Pause Young (Normal) (G1 Evacuation Pause) 804M->194M(1024M) 7.935ms
[2022-08-03T11:02:37.456+0000][gc,cpu        ] GC(117) User=0.01s Sys=0.00s Real=0.01s
[2022-08-03T11:47:37.220+0000][gc,start      ] GC(118) Pause Young (Normal) (G1 Evacuation Pause)
[2022-08-03T11:47:37.220+0000][gc,task       ] GC(118) Using 2 workers of 2 for evacuation
[2022-08-03T11:47:37.228+0000][gc,phases     ] GC(118)   Pre Evacuate Collection Set: 0.0ms
[2022-08-03T11:47:37.228+0000][gc,phases     ] GC(118)   Evacuate Collection Set: 7.3ms
[2022-08-03T11:47:37.228+0000][gc,phases     ] GC(118)   Post Evacuate Collection Set: 0.8ms
[2022-08-03T11:47:37.228+0000][gc,phases     ] GC(118)   Other: 0.2ms
[2022-08-03T11:47:37.228+0000][gc,heap       ] GC(118) Eden regions: 610->0(609)
[2022-08-03T11:47:37.228+0000][gc,heap       ] GC(118) Survivor regions: 4->5(77)
[2022-08-03T11:47:37.228+0000][gc,heap       ] GC(118) Old regions: 64->64
[2022-08-03T11:47:37.228+0000][gc,heap       ] GC(118) Humongous regions: 129->129
[2022-08-03T11:47:37.228+0000][gc,metaspace  ] GC(118) Metaspace: 45181K->45181K(1091584K)
[2022-08-03T11:47:37.228+0000][gc            ] GC(118) Pause Young (Normal) (G1 Evacuation Pause) 804M->195M(1024M) 8.453ms
[2022-08-03T11:47:37.228+0000][gc,cpu        ] GC(118) User=0.02s Sys=0.00s Real=0.01s
[2022-08-03T12:32:42.220+0000][gc,start      ] GC(119) Pause Young (Normal) (G1 Evacuation Pause)
[2022-08-03T12:32:42.220+0000][gc,task       ] GC(119) Using 2 workers of 2 for evacuation
[2022-08-03T12:32:42.229+0000][gc,phases     ] GC(119)   Pre Evacuate Collection Set: 0.0ms
[2022-08-03T12:32:42.229+0000][gc,phases     ] GC(119)   Evacuate Collection Set: 8.1ms
[2022-08-03T12:32:42.229+0000][gc,phases     ] GC(119)   Post Evacuate Collection Set: 0.8ms
[2022-08-03T12:32:42.229+0000][gc,phases     ] GC(119)   Other: 0.2ms
[2022-08-03T12:32:42.229+0000][gc,heap       ] GC(119) Eden regions: 609->0(609)
[2022-08-03T12:32:42.229+0000][gc,heap       ] GC(119) Survivor regions: 5->5(77)
[2022-08-03T12:32:42.229+0000][gc,heap       ] GC(119) Old regions: 64->64
[2022-08-03T12:32:42.229+0000][gc,heap       ] GC(119) Humongous regions: 129->129
[2022-08-03T12:32:42.229+0000][gc,metaspace  ] GC(119) Metaspace: 45182K->45182K(1091584K)
[2022-08-03T12:32:42.229+0000][gc            ] GC(119) Pause Young (Normal) (G1 Evacuation Pause) 804M->195M(1024M) 9.204ms
[2022-08-03T12:32:42.229+0000][gc,cpu        ] GC(119) User=0.02s Sys=0.00s Real=0.01s
[2022-08-03T13:17:39.432+0000][gc,start      ] GC(120) Pause Young (Normal) (G1 Evacuation Pause)
[2022-08-03T13:17:39.432+0000][gc,task       ] GC(120) Using 2 workers of 2 for evacuation
[2022-08-03T13:17:39.441+0000][gc,phases     ] GC(120)   Pre Evacuate Collection Set: 0.0ms
[2022-08-03T13:17:39.442+0000][gc,phases     ] GC(120)   Evacuate Collection Set: 8.2ms
[2022-08-03T13:17:39.442+0000][gc,phases     ] GC(120)   Post Evacuate Collection Set: 0.8ms
[2022-08-03T13:17:39.442+0000][gc,phases     ] GC(120)   Other: 0.3ms
[2022-08-03T13:17:39.442+0000][gc,heap       ] GC(120) Eden regions: 609->0(609)
[2022-08-03T13:17:39.442+0000][gc,heap       ] GC(120) Survivor regions: 5->5(77)
[2022-08-03T13:17:39.442+0000][gc,heap       ] GC(120) Old regions: 64->64
[2022-08-03T13:17:39.442+0000][gc,heap       ] GC(120) Humongous regions: 129->129
[2022-08-03T13:17:39.442+0000][gc,metaspace  ] GC(120) Metaspace: 45182K->45182K(1091584K)
[2022-08-03T13:17:39.442+0000][gc            ] GC(120) Pause Young (Normal) (G1 Evacuation Pause) 804M->195M(1024M) 9.409ms
[2022-08-03T13:17:39.442+0000][gc,cpu        ] GC(120) User=0.01s Sys=0.00s Real=0.01s
[2022-08-03T14:02:36.891+0000][gc,start      ] GC(121) Pause Young (Normal) (G1 Evacuation Pause)
[2022-08-03T14:02:36.892+0000][gc,task       ] GC(121) Using 2 workers of 2 for evacuation
[2022-08-03T14:02:36.898+0000][gc,phases     ] GC(121)   Pre Evacuate Collection Set: 0.0ms
[2022-08-03T14:02:36.898+0000][gc,phases     ] GC(121)   Evacuate Collection Set: 5.1ms
[2022-08-03T14:02:36.898+0000][gc,phases     ] GC(121)   Post Evacuate Collection Set: 0.7ms
[2022-08-03T14:02:36.898+0000][gc,phases     ] GC(121)   Other: 0.2ms
[2022-08-03T14:02:36.898+0000][gc,heap       ] GC(121) Eden regions: 609->0(611)
[2022-08-03T14:02:36.898+0000][gc,heap       ] GC(121) Survivor regions: 5->3(77)
[2022-08-03T14:02:36.898+0000][gc,heap       ] GC(121) Old regions: 64->64
[2022-08-03T14:02:36.898+0000][gc,heap       ] GC(121) Humongous regions: 129->129
[2022-08-03T14:02:36.898+0000][gc,metaspace  ] GC(121) Metaspace: 45182K->45182K(1091584K)
[2022-08-03T14:02:36.898+0000][gc            ] GC(121) Pause Young (Normal) (G1 Evacuation Pause) 804M->193M(1024M) 6.178ms
[2022-08-03T14:02:36.898+0000][gc,cpu        ] GC(121) User=0.02s Sys=0.00s Real=0.01s
[2022-08-03T14:47:43.744+0000][gc,start      ] GC(122) Pause Young (Normal) (G1 Evacuation Pause)
[2022-08-03T14:47:43.744+0000][gc,task       ] GC(122) Using 2 workers of 2 for evacuation
[2022-08-03T14:47:43.750+0000][gc,phases     ] GC(122)   Pre Evacuate Collection Set: 0.0ms
[2022-08-03T14:47:43.750+0000][gc,phases     ] GC(122)   Evacuate Collection Set: 5.5ms
[2022-08-03T14:47:43.750+0000][gc,phases     ] GC(122)   Post Evacuate Collection Set: 0.8ms
[2022-08-03T14:47:43.750+0000][gc,phases     ] GC(122)   Other: 0.2ms
[2022-08-03T14:47:43.750+0000][gc,heap       ] GC(122) Eden regions: 611->0(611)
[2022-08-03T14:47:43.750+0000][gc,heap       ] GC(122) Survivor regions: 3->3(77)
[2022-08-03T14:47:43.750+0000][gc,heap       ] GC(122) Old regions: 64->64
[2022-08-03T14:47:43.750+0000][gc,heap       ] GC(122) Humongous regions: 129->129
[2022-08-03T14:47:43.750+0000][gc,metaspace  ] GC(122) Metaspace: 45182K->45182K(1091584K)
[2022-08-03T14:47:43.750+0000][gc            ] GC(122) Pause Young (Normal) (G1 Evacuation Pause) 804M->193M(1024M) 6.675ms
[2022-08-03T14:47:43.750+0000][gc,cpu        ] GC(122) User=0.01s Sys=0.00s Real=0.01s
[2022-08-03T15:33:02.220+0000][gc,start      ] GC(123) Pause Young (Normal) (G1 Evacuation Pause)
[2022-08-03T15:33:02.220+0000][gc,task       ] GC(123) Using 2 workers of 2 for evacuation
[2022-08-03T15:33:02.228+0000][gc,phases     ] GC(123)   Pre Evacuate Collection Set: 0.0ms
[2022-08-03T15:33:02.228+0000][gc,phases     ] GC(123)   Evacuate Collection Set: 7.0ms
[2022-08-03T15:33:02.228+0000][gc,phases     ] GC(123)   Post Evacuate Collection Set: 0.8ms
[2022-08-03T15:33:02.228+0000][gc,phases     ] GC(123)   Other: 0.2ms
[2022-08-03T15:33:02.228+0000][gc,heap       ] GC(123) Eden regions: 611->0(610)
[2022-08-03T15:33:02.228+0000][gc,heap       ] GC(123) Survivor regions: 3->4(77)
[2022-08-03T15:33:02.228+0000][gc,heap       ] GC(123) Old regions: 64->64
[2022-08-03T15:33:02.228+0000][gc,heap       ] GC(123) Humongous regions: 129->129
[2022-08-03T15:33:02.228+0000][gc,metaspace  ] GC(123) Metaspace: 45183K->45183K(1091584K)
[2022-08-03T15:33:02.228+0000][gc            ] GC(123) Pause Young (Normal) (G1 Evacuation Pause) 804M->194M(1024M) 8.216ms
[2022-08-03T15:33:02.228+0000][gc,cpu        ] GC(123) User=0.01s Sys=0.00s Real=0.01s
[2022-08-03T16:17:58.664+0000][gc,start      ] GC(124) Pause Young (Normal) (G1 Evacuation Pause)
[2022-08-03T16:17:58.664+0000][gc,task       ] GC(124) Using 2 workers of 2 for evacuation
[2022-08-03T16:17:58.672+0000][gc,phases     ] GC(124)   Pre Evacuate Collection Set: 0.0ms
[2022-08-03T16:17:58.672+0000][gc,phases     ] GC(124)   Evacuate Collection Set: 7.2ms
[2022-08-03T16:17:58.672+0000][gc,phases     ] GC(124)   Post Evacuate Collection Set: 0.8ms
[2022-08-03T16:17:58.672+0000][gc,phases     ] GC(124)   Other: 0.2ms
[2022-08-03T16:17:58.672+0000][gc,heap       ] GC(124) Eden regions: 610->0(610)
[2022-08-03T16:17:58.672+0000][gc,heap       ] GC(124) Survivor regions: 4->4(77)
[2022-08-03T16:17:58.672+0000][gc,heap       ] GC(124) Old regions: 64->64
[2022-08-03T16:17:58.672+0000][gc,heap       ] GC(124) Humongous regions: 129->129
[2022-08-03T16:17:58.672+0000][gc,metaspace  ] GC(124) Metaspace: 45183K->45183K(1091584K)
[2022-08-03T16:17:58.672+0000][gc            ] GC(124) Pause Young (Normal) (G1 Evacuation Pause) 804M->195M(1024M) 8.336ms
[2022-08-03T16:17:58.672+0000][gc,cpu        ] GC(124) User=0.01s Sys=0.00s Real=0.01s
[2022-08-03T17:03:02.220+0000][gc,start      ] GC(125) Pause Young (Normal) (G1 Evacuation Pause)
[2022-08-03T17:03:02.220+0000][gc,task       ] GC(125) Using 2 workers of 2 for evacuation
[2022-08-03T17:03:02.228+0000][gc,phases     ] GC(125)   Pre Evacuate Collection Set: 0.0ms
[2022-08-03T17:03:02.229+0000][gc,phases     ] GC(125)   Evacuate Collection Set: 7.7ms
[2022-08-03T17:03:02.229+0000][gc,phases     ] GC(125)   Post Evacuate Collection Set: 0.8ms
[2022-08-03T17:03:02.229+0000][gc,phases     ] GC(125)   Other: 0.2ms
[2022-08-03T17:03:02.229+0000][gc,heap       ] GC(125) Eden regions: 610->0(609)
[2022-08-03T17:03:02.229+0000][gc,heap       ] GC(125) Survivor regions: 4->5(77)
[2022-08-03T17:03:02.229+0000][gc,heap       ] GC(125) Old regions: 64->64
[2022-08-03T17:03:02.229+0000][gc,heap       ] GC(125) Humongous regions: 129->129
[2022-08-03T17:03:02.229+0000][gc,metaspace  ] GC(125) Metaspace: 45183K->45183K(1091584K)
[2022-08-03T17:03:02.229+0000][gc            ] GC(125) Pause Young (Normal) (G1 Evacuation Pause) 805M->195M(1024M) 8.941ms
[2022-08-03T17:03:02.229+0000][gc,cpu        ] GC(125) User=0.02s Sys=0.00s Real=0.01s
[2022-08-03T17:48:00.559+0000][gc,start      ] GC(126) Pause Young (Normal) (G1 Evacuation Pause)
[2022-08-03T17:48:00.559+0000][gc,task       ] GC(126) Using 2 workers of 2 for evacuation
[2022-08-03T17:48:00.568+0000][gc,phases     ] GC(126)   Pre Evacuate Collection Set: 0.0ms
[2022-08-03T17:48:00.568+0000][gc,phases     ] GC(126)   Evacuate Collection Set: 7.8ms
[2022-08-03T17:48:00.568+0000][gc,phases     ] GC(126)   Post Evacuate Collection Set: 0.8ms
[2022-08-03T17:48:00.568+0000][gc,phases     ] GC(126)   Other: 0.2ms
[2022-08-03T17:48:00.568+0000][gc,heap       ] GC(126) Eden regions: 609->0(609)
[2022-08-03T17:48:00.568+0000][gc,heap       ] GC(126) Survivor regions: 5->5(77)
[2022-08-03T17:48:00.568+0000][gc,heap       ] GC(126) Old regions: 64->64
[2022-08-03T17:48:00.568+0000][gc,heap       ] GC(126) Humongous regions: 129->129
[2022-08-03T17:48:00.568+0000][gc,metaspace  ] GC(126) Metaspace: 45183K->45183K(1091584K)
[2022-08-03T17:48:00.568+0000][gc            ] GC(126) Pause Young (Normal) (G1 Evacuation Pause) 804M->195M(1024M) 8.885ms
[2022-08-03T17:48:00.568+0000][gc,cpu        ] GC(126) User=0.01s Sys=0.00s Real=0.01s
[2022-08-03T18:33:03.208+0000][gc,start      ] GC(127) Pause Young (Normal) (G1 Evacuation Pause)
[2022-08-03T18:33:03.208+0000][gc,task       ] GC(127) Using 2 workers of 2 for evacuation
[2022-08-03T18:33:03.218+0000][gc,phases     ] GC(127)   Pre Evacuate Collection Set: 0.0ms
[2022-08-03T18:33:03.218+0000][gc,phases     ] GC(127)   Evacuate Collection Set: 8.7ms
[2022-08-03T18:33:03.218+0000][gc,phases     ] GC(127)   Post Evacuate Collection Set: 0.8ms
[2022-08-03T18:33:03.218+0000][gc,phases     ] GC(127)   Other: 0.3ms
[2022-08-03T18:33:03.218+0000][gc,heap       ] GC(127) Eden regions: 609->0(609)
[2022-08-03T18:33:03.218+0000][gc,heap       ] GC(127) Survivor regions: 5->5(77)
[2022-08-03T18:33:03.218+0000][gc,heap       ] GC(127) Old regions: 64->64
[2022-08-03T18:33:03.218+0000][gc,heap       ] GC(127) Humongous regions: 129->129
[2022-08-03T18:33:03.218+0000][gc,metaspace  ] GC(127) Metaspace: 45183K->45183K(1091584K)
[2022-08-03T18:33:03.218+0000][gc            ] GC(127) Pause Young (Normal) (G1 Evacuation Pause) 804M->195M(1024M) 9.867ms
[2022-08-03T18:33:03.218+0000][gc,cpu        ] GC(127) User=0.02s Sys=0.01s Real=0.01s
[2022-08-03T19:17:57.220+0000][gc,start      ] GC(128) Pause Young (Normal) (G1 Evacuation Pause)
[2022-08-03T19:17:57.220+0000][gc,task       ] GC(128) Using 2 workers of 2 for evacuation
[2022-08-03T19:17:57.226+0000][gc,phases     ] GC(128)   Pre Evacuate Collection Set: 0.0ms
[2022-08-03T19:17:57.226+0000][gc,phases     ] GC(128)   Evacuate Collection Set: 5.1ms
[2022-08-03T19:17:57.226+0000][gc,phases     ] GC(128)   Post Evacuate Collection Set: 0.7ms
[2022-08-03T19:17:57.226+0000][gc,phases     ] GC(128)   Other: 0.2ms
[2022-08-03T19:17:57.226+0000][gc,heap       ] GC(128) Eden regions: 609->0(611)
[2022-08-03T19:17:57.226+0000][gc,heap       ] GC(128) Survivor regions: 5->3(77)
[2022-08-03T19:17:57.226+0000][gc,heap       ] GC(128) Old regions: 64->64
[2022-08-03T19:17:57.226+0000][gc,heap       ] GC(128) Humongous regions: 129->129
[2022-08-03T19:17:57.226+0000][gc,metaspace  ] GC(128) Metaspace: 45183K->45183K(1091584K)
[2022-08-03T19:17:57.226+0000][gc            ] GC(128) Pause Young (Normal) (G1 Evacuation Pause) 804M->194M(1024M) 6.225ms
[2022-08-03T19:17:57.226+0000][gc,cpu        ] GC(128) User=0.01s Sys=0.00s Real=0.01s
[2022-08-03T20:03:02.220+0000][gc,start      ] GC(129) Pause Young (Normal) (G1 Evacuation Pause)
[2022-08-03T20:03:02.220+0000][gc,task       ] GC(129) Using 2 workers of 2 for evacuation
[2022-08-03T20:03:02.227+0000][gc,phases     ] GC(129)   Pre Evacuate Collection Set: 0.0ms
[2022-08-03T20:03:02.227+0000][gc,phases     ] GC(129)   Evacuate Collection Set: 6.0ms
[2022-08-03T20:03:02.227+0000][gc,phases     ] GC(129)   Post Evacuate Collection Set: 1.2ms
[2022-08-03T20:03:02.227+0000][gc,phases     ] GC(129)   Other: 0.2ms
[2022-08-03T20:03:02.227+0000][gc,heap       ] GC(129) Eden regions: 611->0(611)
[2022-08-03T20:03:02.227+0000][gc,heap       ] GC(129) Survivor regions: 3->3(77)
[2022-08-03T20:03:02.227+0000][gc,heap       ] GC(129) Old regions: 64->64
[2022-08-03T20:03:02.227+0000][gc,heap       ] GC(129) Humongous regions: 129->129
[2022-08-03T20:03:02.227+0000][gc,metaspace  ] GC(129) Metaspace: 45185K->45185K(1091584K)
[2022-08-03T20:03:02.227+0000][gc            ] GC(129) Pause Young (Normal) (G1 Evacuation Pause) 805M->193M(1024M) 7.511ms
[2022-08-03T20:03:02.227+0000][gc,cpu        ] GC(129) User=0.01s Sys=0.00s Real=0.01s
[2022-08-03T20:48:12.825+0000][gc,start      ] GC(130) Pause Young (Normal) (G1 Evacuation Pause)
[2022-08-03T20:48:12.825+0000][gc,task       ] GC(130) Using 2 workers of 2 for evacuation
[2022-08-03T20:48:12.832+0000][gc,phases     ] GC(130)   Pre Evacuate Collection Set: 0.0ms
[2022-08-03T20:48:12.832+0000][gc,phases     ] GC(130)   Evacuate Collection Set: 6.3ms
[2022-08-03T20:48:12.832+0000][gc,phases     ] GC(130)   Post Evacuate Collection Set: 0.8ms
[2022-08-03T20:48:12.832+0000][gc,phases     ] GC(130)   Other: 0.2ms
[2022-08-03T20:48:12.832+0000][gc,heap       ] GC(130) Eden regions: 611->0(610)
[2022-08-03T20:48:12.832+0000][gc,heap       ] GC(130) Survivor regions: 3->4(77)
[2022-08-03T20:48:12.832+0000][gc,heap       ] GC(130) Old regions: 64->64
[2022-08-03T20:48:12.832+0000][gc,heap       ] GC(130) Humongous regions: 129->129
[2022-08-03T20:48:12.832+0000][gc,metaspace  ] GC(130) Metaspace: 45185K->45185K(1091584K)
[2022-08-03T20:48:12.832+0000][gc            ] GC(130) Pause Young (Normal) (G1 Evacuation Pause) 804M->194M(1024M) 7.473ms
[2022-08-03T20:48:12.832+0000][gc,cpu        ] GC(130) User=0.02s Sys=0.00s Real=0.00s
[2022-08-03T21:33:19.870+0000][gc,start      ] GC(131) Pause Young (Normal) (G1 Evacuation Pause)
[2022-08-03T21:33:19.870+0000][gc,task       ] GC(131) Using 2 workers of 2 for evacuation
[2022-08-03T21:33:19.878+0000][gc,phases     ] GC(131)   Pre Evacuate Collection Set: 0.0ms
[2022-08-03T21:33:19.878+0000][gc,phases     ] GC(131)   Evacuate Collection Set: 7.2ms
[2022-08-03T21:33:19.878+0000][gc,phases     ] GC(131)   Post Evacuate Collection Set: 0.8ms
[2022-08-03T21:33:19.878+0000][gc,phases     ] GC(131)   Other: 0.2ms
[2022-08-03T21:33:19.878+0000][gc,heap       ] GC(131) Eden regions: 610->0(610)
[2022-08-03T21:33:19.878+0000][gc,heap       ] GC(131) Survivor regions: 4->4(77)
[2022-08-03T21:33:19.878+0000][gc,heap       ] GC(131) Old regions: 64->64
[2022-08-03T21:33:19.878+0000][gc,heap       ] GC(131) Humongous regions: 129->129
[2022-08-03T21:33:19.878+0000][gc,metaspace  ] GC(131) Metaspace: 45187K->45187K(1091584K)
[2022-08-03T21:33:19.878+0000][gc            ] GC(131) Pause Young (Normal) (G1 Evacuation Pause) 804M->195M(1024M) 8.310ms
[2022-08-03T21:33:19.878+0000][gc,cpu        ] GC(131) User=0.01s Sys=0.01s Real=0.01s
[2022-08-03T22:18:19.216+0000][gc,start      ] GC(132) Pause Young (Normal) (G1 Evacuation Pause)
[2022-08-03T22:18:19.216+0000][gc,task       ] GC(132) Using 2 workers of 2 for evacuation
[2022-08-03T22:18:19.224+0000][gc,phases     ] GC(132)   Pre Evacuate Collection Set: 0.0ms
[2022-08-03T22:18:19.224+0000][gc,phases     ] GC(132)   Evacuate Collection Set: 7.6ms
[2022-08-03T22:18:19.224+0000][gc,phases     ] GC(132)   Post Evacuate Collection Set: 0.7ms
[2022-08-03T22:18:19.224+0000][gc,phases     ] GC(132)   Other: 0.2ms
[2022-08-03T22:18:19.224+0000][gc,heap       ] GC(132) Eden regions: 610->0(609)
[2022-08-03T22:18:19.224+0000][gc,heap       ] GC(132) Survivor regions: 4->5(77)
[2022-08-03T22:18:19.224+0000][gc,heap       ] GC(132) Old regions: 64->64
[2022-08-03T22:18:19.224+0000][gc,heap       ] GC(132) Humongous regions: 129->129
[2022-08-03T22:18:19.224+0000][gc,metaspace  ] GC(132) Metaspace: 45187K->45187K(1091584K)
[2022-08-03T22:18:19.225+0000][gc            ] GC(132) Pause Young (Normal) (G1 Evacuation Pause) 805M->195M(1024M) 8.685ms
[2022-08-03T22:18:19.225+0000][gc,cpu        ] GC(132) User=0.02s Sys=0.00s Real=0.01s
[2022-08-03T23:03:15.664+0000][gc,start      ] GC(133) Pause Young (Normal) (G1 Evacuation Pause)
[2022-08-03T23:03:15.664+0000][gc,task       ] GC(133) Using 2 workers of 2 for evacuation
[2022-08-03T23:03:15.673+0000][gc,phases     ] GC(133)   Pre Evacuate Collection Set: 0.0ms
[2022-08-03T23:03:15.673+0000][gc,phases     ] GC(133)   Evacuate Collection Set: 7.8ms
[2022-08-03T23:03:15.673+0000][gc,phases     ] GC(133)   Post Evacuate Collection Set: 0.8ms
[2022-08-03T23:03:15.673+0000][gc,phases     ] GC(133)   Other: 0.2ms
[2022-08-03T23:03:15.673+0000][gc,heap       ] GC(133) Eden regions: 609->0(609)
[2022-08-03T23:03:15.673+0000][gc,heap       ] GC(133) Survivor regions: 5->5(77)
[2022-08-03T23:03:15.673+0000][gc,heap       ] GC(133) Old regions: 64->64
[2022-08-03T23:03:15.673+0000][gc,heap       ] GC(133) Humongous regions: 129->129
[2022-08-03T23:03:15.673+0000][gc,metaspace  ] GC(133) Metaspace: 45187K->45187K(1091584K)
[2022-08-03T23:03:15.673+0000][gc            ] GC(133) Pause Young (Normal) (G1 Evacuation Pause) 804M->195M(1024M) 8.933ms
[2022-08-03T23:03:15.673+0000][gc,cpu        ] GC(133) User=0.02s Sys=0.00s Real=0.02s
[2022-08-03T23:48:17.747+0000][gc,start      ] GC(134) Pause Young (Normal) (G1 Evacuation Pause)
[2022-08-03T23:48:17.747+0000][gc,task       ] GC(134) Using 2 workers of 2 for evacuation
[2022-08-03T23:48:17.756+0000][gc,phases     ] GC(134)   Pre Evacuate Collection Set: 0.0ms
[2022-08-03T23:48:17.756+0000][gc,phases     ] GC(134)   Evacuate Collection Set: 8.4ms
[2022-08-03T23:48:17.756+0000][gc,phases     ] GC(134)   Post Evacuate Collection Set: 0.7ms
[2022-08-03T23:48:17.756+0000][gc,phases     ] GC(134)   Other: 0.2ms
[2022-08-03T23:48:17.756+0000][gc,heap       ] GC(134) Eden regions: 609->0(609)
[2022-08-03T23:48:17.756+0000][gc,heap       ] GC(134) Survivor regions: 5->5(77)
[2022-08-03T23:48:17.756+0000][gc,heap       ] GC(134) Old regions: 64->64
[2022-08-03T23:48:17.756+0000][gc,heap       ] GC(134) Humongous regions: 129->129
[2022-08-03T23:48:17.756+0000][gc,metaspace  ] GC(134) Metaspace: 45187K->45187K(1091584K)
[2022-08-03T23:48:17.756+0000][gc            ] GC(134) Pause Young (Normal) (G1 Evacuation Pause) 804M->196M(1024M) 9.525ms
[2022-08-03T23:48:17.756+0000][gc,cpu        ] GC(134) User=0.02s Sys=0.00s Real=0.01s
[2022-08-04T00:33:22.423+0000][gc,start      ] GC(135) Pause Young (Normal) (G1 Evacuation Pause)
[2022-08-04T00:33:22.423+0000][gc,task       ] GC(135) Using 2 workers of 2 for evacuation
[2022-08-04T00:33:22.430+0000][gc,phases     ] GC(135)   Pre Evacuate Collection Set: 0.0ms
[2022-08-04T00:33:22.430+0000][gc,phases     ] GC(135)   Evacuate Collection Set: 6.3ms
[2022-08-04T00:33:22.430+0000][gc,phases     ] GC(135)   Post Evacuate Collection Set: 1.2ms
[2022-08-04T00:33:22.430+0000][gc,phases     ] GC(135)   Other: 0.2ms
[2022-08-04T00:33:22.430+0000][gc,heap       ] GC(135) Eden regions: 609->0(611)
[2022-08-04T00:33:22.430+0000][gc,heap       ] GC(135) Survivor regions: 5->3(77)
[2022-08-04T00:33:22.430+0000][gc,heap       ] GC(135) Old regions: 64->64
[2022-08-04T00:33:22.430+0000][gc,heap       ] GC(135) Humongous regions: 129->129
[2022-08-04T00:33:22.430+0000][gc,metaspace  ] GC(135) Metaspace: 45195K->45195K(1091584K)
[2022-08-04T00:33:22.431+0000][gc            ] GC(135) Pause Young (Normal) (G1 Evacuation Pause) 805M->194M(1024M) 7.852ms
[2022-08-04T00:33:22.431+0000][gc,cpu        ] GC(135) User=0.02s Sys=0.00s Real=0.01s
[2022-08-04T01:18:28.950+0000][gc,start      ] GC(136) Pause Young (Normal) (G1 Evacuation Pause)
[2022-08-04T01:18:28.950+0000][gc,task       ] GC(136) Using 2 workers of 2 for evacuation
[2022-08-04T01:18:28.957+0000][gc,phases     ] GC(136)   Pre Evacuate Collection Set: 0.0ms
[2022-08-04T01:18:28.957+0000][gc,phases     ] GC(136)   Evacuate Collection Set: 6.1ms
[2022-08-04T01:18:28.957+0000][gc,phases     ] GC(136)   Post Evacuate Collection Set: 0.8ms
[2022-08-04T01:18:28.957+0000][gc,phases     ] GC(136)   Other: 0.2ms
[2022-08-04T01:18:28.957+0000][gc,heap       ] GC(136) Eden regions: 611->0(610)
[2022-08-04T01:18:28.957+0000][gc,heap       ] GC(136) Survivor regions: 3->4(77)
[2022-08-04T01:18:28.957+0000][gc,heap       ] GC(136) Old regions: 64->64
[2022-08-04T01:18:28.957+0000][gc,heap       ] GC(136) Humongous regions: 129->129
[2022-08-04T01:18:28.957+0000][gc,metaspace  ] GC(136) Metaspace: 45195K->45195K(1091584K)
[2022-08-04T01:18:28.957+0000][gc            ] GC(136) Pause Young (Normal) (G1 Evacuation Pause) 805M->194M(1024M) 7.229ms
[2022-08-04T01:18:28.957+0000][gc,cpu        ] GC(136) User=0.01s Sys=0.00s Real=0.01s
[2022-08-04T02:03:26.578+0000][gc,start      ] GC(137) Pause Young (Normal) (G1 Evacuation Pause)
[2022-08-04T02:03:26.578+0000][gc,task       ] GC(137) Using 2 workers of 2 for evacuation
[2022-08-04T02:03:26.585+0000][gc,phases     ] GC(137)   Pre Evacuate Collection Set: 0.0ms
[2022-08-04T02:03:26.585+0000][gc,phases     ] GC(137)   Evacuate Collection Set: 6.5ms
[2022-08-04T02:03:26.585+0000][gc,phases     ] GC(137)   Post Evacuate Collection Set: 0.7ms
[2022-08-04T02:03:26.586+0000][gc,phases     ] GC(137)   Other: 0.2ms
[2022-08-04T02:03:26.586+0000][gc,heap       ] GC(137) Eden regions: 610->0(610)
[2022-08-04T02:03:26.586+0000][gc,heap       ] GC(137) Survivor regions: 4->4(77)
[2022-08-04T02:03:26.586+0000][gc,heap       ] GC(137) Old regions: 64->64
[2022-08-04T02:03:26.586+0000][gc,heap       ] GC(137) Humongous regions: 129->129
[2022-08-04T02:03:26.586+0000][gc,metaspace  ] GC(137) Metaspace: 45195K->45195K(1091584K)
[2022-08-04T02:03:26.586+0000][gc            ] GC(137) Pause Young (Normal) (G1 Evacuation Pause) 804M->194M(1024M) 7.576ms
[2022-08-04T02:03:26.586+0000][gc,cpu        ] GC(137) User=0.01s Sys=0.00s Real=0.01s
[2022-08-04T02:48:26.591+0000][gc,start      ] GC(138) Pause Young (Normal) (G1 Evacuation Pause)
[2022-08-04T02:48:26.591+0000][gc,task       ] GC(138) Using 2 workers of 2 for evacuation
[2022-08-04T02:48:26.599+0000][gc,phases     ] GC(138)   Pre Evacuate Collection Set: 0.0ms
[2022-08-04T02:48:26.599+0000][gc,phases     ] GC(138)   Evacuate Collection Set: 6.9ms
[2022-08-04T02:48:26.599+0000][gc,phases     ] GC(138)   Post Evacuate Collection Set: 0.8ms
[2022-08-04T02:48:26.599+0000][gc,phases     ] GC(138)   Other: 0.2ms
[2022-08-04T02:48:26.599+0000][gc,heap       ] GC(138) Eden regions: 610->0(610)
[2022-08-04T02:48:26.599+0000][gc,heap       ] GC(138) Survivor regions: 4->4(77)
[2022-08-04T02:48:26.599+0000][gc,heap       ] GC(138) Old regions: 64->64
[2022-08-04T02:48:26.599+0000][gc,heap       ] GC(138) Humongous regions: 129->129
[2022-08-04T02:48:26.599+0000][gc,metaspace  ] GC(138) Metaspace: 45195K->45195K(1091584K)
[2022-08-04T02:48:26.599+0000][gc            ] GC(138) Pause Young (Normal) (G1 Evacuation Pause) 804M->195M(1024M) 8.054ms
[2022-08-04T02:48:26.599+0000][gc,cpu        ] GC(138) User=0.02s Sys=0.00s Real=0.01s
[2022-08-04T03:33:37.426+0000][gc,start      ] GC(139) Pause Young (Normal) (G1 Evacuation Pause)
[2022-08-04T03:33:37.426+0000][gc,task       ] GC(139) Using 2 workers of 2 for evacuation
[2022-08-04T03:33:37.435+0000][gc,phases     ] GC(139)   Pre Evacuate Collection Set: 0.0ms
[2022-08-04T03:33:37.435+0000][gc,phases     ] GC(139)   Evacuate Collection Set: 7.9ms
[2022-08-04T03:33:37.435+0000][gc,phases     ] GC(139)   Post Evacuate Collection Set: 1.1ms
[2022-08-04T03:33:37.435+0000][gc,phases     ] GC(139)   Other: 0.2ms
[2022-08-04T03:33:37.435+0000][gc,heap       ] GC(139) Eden regions: 610->0(609)
[2022-08-04T03:33:37.435+0000][gc,heap       ] GC(139) Survivor regions: 4->5(77)
[2022-08-04T03:33:37.435+0000][gc,heap       ] GC(139) Old regions: 64->64
[2022-08-04T03:33:37.435+0000][gc,heap       ] GC(139) Humongous regions: 129->129
[2022-08-04T03:33:37.435+0000][gc,metaspace  ] GC(139) Metaspace: 45195K->45195K(1091584K)
[2022-08-04T03:33:37.436+0000][gc            ] GC(139) Pause Young (Normal) (G1 Evacuation Pause) 805M->195M(1024M) 9.352ms
[2022-08-04T03:33:37.436+0000][gc,cpu        ] GC(139) User=0.02s Sys=0.00s Real=0.01s
[2022-08-04T04:18:32.362+0000][gc,start      ] GC(140) Pause Young (Normal) (G1 Evacuation Pause)
[2022-08-04T04:18:32.362+0000][gc,task       ] GC(140) Using 2 workers of 2 for evacuation
[2022-08-04T04:18:32.371+0000][gc,phases     ] GC(140)   Pre Evacuate Collection Set: 0.0ms
[2022-08-04T04:18:32.371+0000][gc,phases     ] GC(140)   Evacuate Collection Set: 8.0ms
[2022-08-04T04:18:32.371+0000][gc,phases     ] GC(140)   Post Evacuate Collection Set: 0.8ms
[2022-08-04T04:18:32.371+0000][gc,phases     ] GC(140)   Other: 0.2ms
[2022-08-04T04:18:32.371+0000][gc,heap       ] GC(140) Eden regions: 609->0(609)
[2022-08-04T04:18:32.371+0000][gc,heap       ] GC(140) Survivor regions: 5->5(77)
[2022-08-04T04:18:32.371+0000][gc,heap       ] GC(140) Old regions: 64->64
[2022-08-04T04:18:32.371+0000][gc,heap       ] GC(140) Humongous regions: 129->129
[2022-08-04T04:18:32.371+0000][gc,metaspace  ] GC(140) Metaspace: 45195K->45195K(1091584K)
[2022-08-04T04:18:32.371+0000][gc            ] GC(140) Pause Young (Normal) (G1 Evacuation Pause) 804M->196M(1024M) 9.144ms
[2022-08-04T04:18:32.371+0000][gc,cpu        ] GC(140) User=0.02s Sys=0.00s Real=0.01s
[2022-08-04T05:03:30.953+0000][gc,start      ] GC(141) Pause Young (Normal) (G1 Evacuation Pause)
[2022-08-04T05:03:30.953+0000][gc,task       ] GC(141) Using 2 workers of 2 for evacuation
[2022-08-04T05:03:30.963+0000][gc,phases     ] GC(141)   Pre Evacuate Collection Set: 0.0ms
[2022-08-04T05:03:30.963+0000][gc,phases     ] GC(141)   Evacuate Collection Set: 8.5ms
[2022-08-04T05:03:30.963+0000][gc,phases     ] GC(141)   Post Evacuate Collection Set: 0.8ms
[2022-08-04T05:03:30.963+0000][gc,phases     ] GC(141)   Other: 0.2ms
[2022-08-04T05:03:30.963+0000][gc,heap       ] GC(141) Eden regions: 609->0(609)
[2022-08-04T05:03:30.963+0000][gc,heap       ] GC(141) Survivor regions: 5->5(77)
[2022-08-04T05:03:30.963+0000][gc,heap       ] GC(141) Old regions: 64->64
[2022-08-04T05:03:30.963+0000][gc,heap       ] GC(141) Humongous regions: 129->129
[2022-08-04T05:03:30.963+0000][gc,metaspace  ] GC(141) Metaspace: 45195K->45195K(1091584K)
[2022-08-04T05:03:30.963+0000][gc            ] GC(141) Pause Young (Normal) (G1 Evacuation Pause) 805M->196M(1024M) 9.696ms
[2022-08-04T05:03:30.963+0000][gc,cpu        ] GC(141) User=0.02s Sys=0.00s Real=0.00s
[2022-08-04T05:48:31.100+0000][gc,start      ] GC(142) Pause Young (Normal) (G1 Evacuation Pause)
[2022-08-04T05:48:31.100+0000][gc,task       ] GC(142) Using 2 workers of 2 for evacuation
[2022-08-04T05:48:31.107+0000][gc,phases     ] GC(142)   Pre Evacuate Collection Set: 0.0ms
[2022-08-04T05:48:31.107+0000][gc,phases     ] GC(142)   Evacuate Collection Set: 5.4ms
[2022-08-04T05:48:31.107+0000][gc,phases     ] GC(142)   Post Evacuate Collection Set: 0.8ms
[2022-08-04T05:48:31.107+0000][gc,phases     ] GC(142)   Other: 0.2ms
[2022-08-04T05:48:31.107+0000][gc,heap       ] GC(142) Eden regions: 609->0(611)
[2022-08-04T05:48:31.107+0000][gc,heap       ] GC(142) Survivor regions: 5->3(77)
[2022-08-04T05:48:31.107+0000][gc,heap       ] GC(142) Old regions: 64->64
[2022-08-04T05:48:31.107+0000][gc,heap       ] GC(142) Humongous regions: 129->129
[2022-08-04T05:48:31.107+0000][gc,metaspace  ] GC(142) Metaspace: 45195K->45195K(1091584K)
[2022-08-04T05:48:31.107+0000][gc            ] GC(142) Pause Young (Normal) (G1 Evacuation Pause) 805M->194M(1024M) 6.510ms
[2022-08-04T05:48:31.107+0000][gc,cpu        ] GC(142) User=0.02s Sys=0.00s Real=0.01s
[2022-08-04T06:33:46.321+0000][gc,start      ] GC(143) Pause Young (Normal) (G1 Evacuation Pause)
[2022-08-04T06:33:46.321+0000][gc,task       ] GC(143) Using 2 workers of 2 for evacuation
[2022-08-04T06:33:46.329+0000][gc,phases     ] GC(143)   Pre Evacuate Collection Set: 0.0ms
[2022-08-04T06:33:46.329+0000][gc,phases     ] GC(143)   Evacuate Collection Set: 6.4ms
[2022-08-04T06:33:46.329+0000][gc,phases     ] GC(143)   Post Evacuate Collection Set: 0.8ms
[2022-08-04T06:33:46.329+0000][gc,phases     ] GC(143)   Other: 0.2ms
[2022-08-04T06:33:46.329+0000][gc,heap       ] GC(143) Eden regions: 611->0(610)
[2022-08-04T06:33:46.329+0000][gc,heap       ] GC(143) Survivor regions: 3->4(77)
[2022-08-04T06:33:46.329+0000][gc,heap       ] GC(143) Old regions: 64->64
[2022-08-04T06:33:46.329+0000][gc,heap       ] GC(143) Humongous regions: 129->129
[2022-08-04T06:33:46.329+0000][gc,metaspace  ] GC(143) Metaspace: 45195K->45195K(1091584K)
[2022-08-04T06:33:46.329+0000][gc            ] GC(143) Pause Young (Normal) (G1 Evacuation Pause) 805M->194M(1024M) 7.524ms
[2022-08-04T06:33:46.329+0000][gc,cpu        ] GC(143) User=0.01s Sys=0.00s Real=0.01s
[2022-08-04T07:18:41.039+0000][gc,start      ] GC(144) Pause Young (Normal) (G1 Evacuation Pause)
[2022-08-04T07:18:41.039+0000][gc,task       ] GC(144) Using 2 workers of 2 for evacuation
[2022-08-04T07:18:41.047+0000][gc,phases     ] GC(144)   Pre Evacuate Collection Set: 0.0ms
[2022-08-04T07:18:41.047+0000][gc,phases     ] GC(144)   Evacuate Collection Set: 6.6ms
[2022-08-04T07:18:41.047+0000][gc,phases     ] GC(144)   Post Evacuate Collection Set: 0.8ms
[2022-08-04T07:18:41.047+0000][gc,phases     ] GC(144)   Other: 0.2ms
[2022-08-04T07:18:41.047+0000][gc,heap       ] GC(144) Eden regions: 610->0(610)
[2022-08-04T07:18:41.047+0000][gc,heap       ] GC(144) Survivor regions: 4->4(77)
[2022-08-04T07:18:41.047+0000][gc,heap       ] GC(144) Old regions: 64->64
[2022-08-04T07:18:41.047+0000][gc,heap       ] GC(144) Humongous regions: 129->129
[2022-08-04T07:18:41.047+0000][gc,metaspace  ] GC(144) Metaspace: 45195K->45195K(1091584K)
[2022-08-04T07:18:41.047+0000][gc            ] GC(144) Pause Young (Normal) (G1 Evacuation Pause) 804M->194M(1024M) 7.763ms
[2022-08-04T07:18:41.047+0000][gc,cpu        ] GC(144) User=0.01s Sys=0.00s Real=0.01s
[2022-08-04T08:03:40.566+0000][gc,start      ] GC(145) Pause Young (Normal) (G1 Evacuation Pause)
[2022-08-04T08:03:40.566+0000][gc,task       ] GC(145) Using 2 workers of 2 for evacuation
[2022-08-04T08:03:40.574+0000][gc,phases     ] GC(145)   Pre Evacuate Collection Set: 0.0ms
[2022-08-04T08:03:40.574+0000][gc,phases     ] GC(145)   Evacuate Collection Set: 7.4ms
[2022-08-04T08:03:40.574+0000][gc,phases     ] GC(145)   Post Evacuate Collection Set: 1.1ms
[2022-08-04T08:03:40.575+0000][gc,phases     ] GC(145)   Other: 0.2ms
[2022-08-04T08:03:40.575+0000][gc,heap       ] GC(145) Eden regions: 610->0(609)
[2022-08-04T08:03:40.575+0000][gc,heap       ] GC(145) Survivor regions: 4->5(77)
[2022-08-04T08:03:40.575+0000][gc,heap       ] GC(145) Old regions: 64->64
[2022-08-04T08:03:40.575+0000][gc,heap       ] GC(145) Humongous regions: 129->129
[2022-08-04T08:03:40.575+0000][gc,metaspace  ] GC(145) Metaspace: 45195K->45195K(1091584K)
[2022-08-04T08:03:40.575+0000][gc            ] GC(145) Pause Young (Normal) (G1 Evacuation Pause) 804M->195M(1024M) 8.831ms
[2022-08-04T08:03:40.575+0000][gc,cpu        ] GC(145) User=0.02s Sys=0.00s Real=0.01s
[2022-08-04T08:48:42.220+0000][gc,start      ] GC(146) Pause Young (Normal) (G1 Evacuation Pause)
[2022-08-04T08:48:42.220+0000][gc,task       ] GC(146) Using 2 workers of 2 for evacuation
[2022-08-04T08:48:42.228+0000][gc,phases     ] GC(146)   Pre Evacuate Collection Set: 0.0ms
[2022-08-04T08:48:42.228+0000][gc,phases     ] GC(146)   Evacuate Collection Set: 7.5ms
[2022-08-04T08:48:42.228+0000][gc,phases     ] GC(146)   Post Evacuate Collection Set: 0.7ms
[2022-08-04T08:48:42.228+0000][gc,phases     ] GC(146)   Other: 0.2ms
[2022-08-04T08:48:42.228+0000][gc,heap       ] GC(146) Eden regions: 609->0(609)
[2022-08-04T08:48:42.228+0000][gc,heap       ] GC(146) Survivor regions: 5->5(77)
[2022-08-04T08:48:42.228+0000][gc,heap       ] GC(146) Old regions: 64->64
[2022-08-04T08:48:42.228+0000][gc,heap       ] GC(146) Humongous regions: 129->129
[2022-08-04T08:48:42.228+0000][gc,metaspace  ] GC(146) Metaspace: 45195K->45195K(1091584K)
[2022-08-04T08:48:42.228+0000][gc            ] GC(146) Pause Young (Normal) (G1 Evacuation Pause) 804M->195M(1024M) 8.640ms
[2022-08-04T08:48:42.228+0000][gc,cpu        ] GC(146) User=0.01s Sys=0.00s Real=0.01s
[2022-08-04T09:33:50.763+0000][gc,start      ] GC(147) Pause Young (Normal) (G1 Evacuation Pause)
[2022-08-04T09:33:50.763+0000][gc,task       ] GC(147) Using 2 workers of 2 for evacuation
[2022-08-04T09:33:50.773+0000][gc,phases     ] GC(147)   Pre Evacuate Collection Set: 0.0ms
[2022-08-04T09:33:50.773+0000][gc,phases     ] GC(147)   Evacuate Collection Set: 8.5ms
[2022-08-04T09:33:50.773+0000][gc,phases     ] GC(147)   Post Evacuate Collection Set: 0.8ms
[2022-08-04T09:33:50.773+0000][gc,phases     ] GC(147)   Other: 0.2ms
[2022-08-04T09:33:50.773+0000][gc,heap       ] GC(147) Eden regions: 609->0(609)
[2022-08-04T09:33:50.773+0000][gc,heap       ] GC(147) Survivor regions: 5->5(77)
[2022-08-04T09:33:50.773+0000][gc,heap       ] GC(147) Old regions: 64->64
[2022-08-04T09:33:50.773+0000][gc,heap       ] GC(147) Humongous regions: 129->129
[2022-08-04T09:33:50.773+0000][gc,metaspace  ] GC(147) Metaspace: 45195K->45195K(1091584K)
[2022-08-04T09:33:50.773+0000][gc            ] GC(147) Pause Young (Normal) (G1 Evacuation Pause) 804M->196M(1024M) 9.707ms
[2022-08-04T09:33:50.773+0000][gc,cpu        ] GC(147) User=0.02s Sys=0.00s Real=0.02s
[2022-08-04T10:18:43.194+0000][gc,start      ] GC(148) Pause Young (Normal) (G1 Evacuation Pause)
[2022-08-04T10:18:43.194+0000][gc,task       ] GC(148) Using 2 workers of 2 for evacuation
[2022-08-04T10:18:43.204+0000][gc,phases     ] GC(148)   Pre Evacuate Collection Set: 0.0ms
[2022-08-04T10:18:43.204+0000][gc,phases     ] GC(148)   Evacuate Collection Set: 8.8ms
[2022-08-04T10:18:43.204+0000][gc,phases     ] GC(148)   Post Evacuate Collection Set: 0.8ms
[2022-08-04T10:18:43.204+0000][gc,phases     ] GC(148)   Other: 0.3ms
[2022-08-04T10:18:43.204+0000][gc,heap       ] GC(148) Eden regions: 609->0(609)
[2022-08-04T10:18:43.204+0000][gc,heap       ] GC(148) Survivor regions: 5->5(77)
[2022-08-04T10:18:43.204+0000][gc,heap       ] GC(148) Old regions: 64->64
[2022-08-04T10:18:43.204+0000][gc,heap       ] GC(148) Humongous regions: 129->129
[2022-08-04T10:18:43.204+0000][gc,metaspace  ] GC(148) Metaspace: 45195K->45195K(1091584K)
[2022-08-04T10:18:43.204+0000][gc            ] GC(148) Pause Young (Normal) (G1 Evacuation Pause) 805M->196M(1024M) 9.905ms
[2022-08-04T10:18:43.204+0000][gc,cpu        ] GC(148) User=0.02s Sys=0.00s Real=0.00s
[2022-08-04T11:03:33.353+0000][gc,start      ] GC(149) Pause Young (Normal) (G1 Evacuation Pause)
[2022-08-04T11:03:33.353+0000][gc,task       ] GC(149) Using 2 workers of 2 for evacuation
[2022-08-04T11:03:33.360+0000][gc,phases     ] GC(149)   Pre Evacuate Collection Set: 0.0ms
[2022-08-04T11:03:33.360+0000][gc,phases     ] GC(149)   Evacuate Collection Set: 5.4ms
[2022-08-04T11:03:33.360+0000][gc,phases     ] GC(149)   Post Evacuate Collection Set: 0.8ms
[2022-08-04T11:03:33.360+0000][gc,phases     ] GC(149)   Other: 0.2ms
[2022-08-04T11:03:33.360+0000][gc,heap       ] GC(149) Eden regions: 609->0(611)
[2022-08-04T11:03:33.360+0000][gc,heap       ] GC(149) Survivor regions: 5->3(77)
[2022-08-04T11:03:33.360+0000][gc,heap       ] GC(149) Old regions: 64->64
[2022-08-04T11:03:33.360+0000][gc,heap       ] GC(149) Humongous regions: 129->129
[2022-08-04T11:03:33.360+0000][gc,metaspace  ] GC(149) Metaspace: 45195K->45195K(1091584K)
[2022-08-04T11:03:33.360+0000][gc            ] GC(149) Pause Young (Normal) (G1 Evacuation Pause) 805M->193M(1024M) 6.579ms
[2022-08-04T11:03:33.360+0000][gc,cpu        ] GC(149) User=0.01s Sys=0.00s Real=0.00s
[2022-08-04T11:48:40.385+0000][gc,start      ] GC(150) Pause Young (Normal) (G1 Evacuation Pause)
[2022-08-04T11:48:40.385+0000][gc,task       ] GC(150) Using 2 workers of 2 for evacuation
[2022-08-04T11:48:40.392+0000][gc,phases     ] GC(150)   Pre Evacuate Collection Set: 0.0ms
[2022-08-04T11:48:40.392+0000][gc,phases     ] GC(150)   Evacuate Collection Set: 6.0ms
[2022-08-04T11:48:40.392+0000][gc,phases     ] GC(150)   Post Evacuate Collection Set: 0.8ms
[2022-08-04T11:48:40.392+0000][gc,phases     ] GC(150)   Other: 0.2ms
[2022-08-04T11:48:40.392+0000][gc,heap       ] GC(150) Eden regions: 611->0(611)
[2022-08-04T11:48:40.392+0000][gc,heap       ] GC(150) Survivor regions: 3->3(77)
[2022-08-04T11:48:40.392+0000][gc,heap       ] GC(150) Old regions: 64->64
[2022-08-04T11:48:40.392+0000][gc,heap       ] GC(150) Humongous regions: 129->129
[2022-08-04T11:48:40.392+0000][gc,metaspace  ] GC(150) Metaspace: 45195K->45195K(1091584K)
[2022-08-04T11:48:40.392+0000][gc            ] GC(150) Pause Young (Normal) (G1 Evacuation Pause) 804M->194M(1024M) 7.197ms
[2022-08-04T11:48:40.392+0000][gc,cpu        ] GC(150) User=0.02s Sys=0.00s Real=0.00s
[2022-08-04T12:33:56.125+0000][gc,start      ] GC(151) Pause Young (Normal) (G1 Evacuation Pause)
[2022-08-04T12:33:56.125+0000][gc,task       ] GC(151) Using 2 workers of 2 for evacuation
[2022-08-04T12:33:56.133+0000][gc,phases     ] GC(151)   Pre Evacuate Collection Set: 0.0ms
[2022-08-04T12:33:56.133+0000][gc,phases     ] GC(151)   Evacuate Collection Set: 6.8ms
[2022-08-04T12:33:56.133+0000][gc,phases     ] GC(151)   Post Evacuate Collection Set: 0.8ms
[2022-08-04T12:33:56.133+0000][gc,phases     ] GC(151)   Other: 0.2ms
[2022-08-04T12:33:56.133+0000][gc,heap       ] GC(151) Eden regions: 611->0(610)
[2022-08-04T12:33:56.133+0000][gc,heap       ] GC(151) Survivor regions: 3->4(77)
[2022-08-04T12:33:56.133+0000][gc,heap       ] GC(151) Old regions: 64->64
[2022-08-04T12:33:56.133+0000][gc,heap       ] GC(151) Humongous regions: 129->129
[2022-08-04T12:33:56.133+0000][gc,metaspace  ] GC(151) Metaspace: 45195K->45195K(1091584K)
[2022-08-04T12:33:56.133+0000][gc            ] GC(151) Pause Young (Normal) (G1 Evacuation Pause) 805M->195M(1024M) 8.037ms
[2022-08-04T12:33:56.133+0000][gc,cpu        ] GC(151) User=0.02s Sys=0.00s Real=0.01s
[2022-08-04T13:18:50.698+0000][gc,start      ] GC(152) Pause Young (Normal) (G1 Evacuation Pause)
[2022-08-04T13:18:50.698+0000][gc,task       ] GC(152) Using 2 workers of 2 for evacuation
[2022-08-04T13:18:50.706+0000][gc,phases     ] GC(152)   Pre Evacuate Collection Set: 0.0ms
[2022-08-04T13:18:50.706+0000][gc,phases     ] GC(152)   Evacuate Collection Set: 7.0ms
[2022-08-04T13:18:50.706+0000][gc,phases     ] GC(152)   Post Evacuate Collection Set: 0.8ms
[2022-08-04T13:18:50.706+0000][gc,phases     ] GC(152)   Other: 0.2ms
[2022-08-04T13:18:50.706+0000][gc,heap       ] GC(152) Eden regions: 610->0(610)
[2022-08-04T13:18:50.706+0000][gc,heap       ] GC(152) Survivor regions: 4->4(77)
[2022-08-04T13:18:50.706+0000][gc,heap       ] GC(152) Old regions: 64->64
[2022-08-04T13:18:50.706+0000][gc,heap       ] GC(152) Humongous regions: 129->129
[2022-08-04T13:18:50.706+0000][gc,metaspace  ] GC(152) Metaspace: 45195K->45195K(1091584K)
[2022-08-04T13:18:50.706+0000][gc            ] GC(152) Pause Young (Normal) (G1 Evacuation Pause) 805M->195M(1024M) 8.118ms
[2022-08-04T13:18:50.706+0000][gc,cpu        ] GC(152) User=0.02s Sys=0.00s Real=0.01s
[2022-08-04T14:03:52.220+0000][gc,start      ] GC(153) Pause Young (Normal) (G1 Evacuation Pause)
[2022-08-04T14:03:52.220+0000][gc,task       ] GC(153) Using 2 workers of 2 for evacuation
[2022-08-04T14:03:52.228+0000][gc,phases     ] GC(153)   Pre Evacuate Collection Set: 0.0ms
[2022-08-04T14:03:52.228+0000][gc,phases     ] GC(153)   Evacuate Collection Set: 7.4ms
[2022-08-04T14:03:52.228+0000][gc,phases     ] GC(153)   Post Evacuate Collection Set: 0.7ms
[2022-08-04T14:03:52.228+0000][gc,phases     ] GC(153)   Other: 0.2ms
[2022-08-04T14:03:52.228+0000][gc,heap       ] GC(153) Eden regions: 610->0(609)
[2022-08-04T14:03:52.228+0000][gc,heap       ] GC(153) Survivor regions: 4->5(77)
[2022-08-04T14:03:52.228+0000][gc,heap       ] GC(153) Old regions: 64->64
[2022-08-04T14:03:52.228+0000][gc,heap       ] GC(153) Humongous regions: 129->129
[2022-08-04T14:03:52.228+0000][gc,metaspace  ] GC(153) Metaspace: 45195K->45195K(1091584K)
[2022-08-04T14:03:52.228+0000][gc            ] GC(153) Pause Young (Normal) (G1 Evacuation Pause) 805M->195M(1024M) 8.509ms
[2022-08-04T14:03:52.228+0000][gc,cpu        ] GC(153) User=0.02s Sys=0.00s Real=0.01s
[2022-08-04T14:48:50.842+0000][gc,start      ] GC(154) Pause Young (Normal) (G1 Evacuation Pause)
[2022-08-04T14:48:50.842+0000][gc,task       ] GC(154) Using 2 workers of 2 for evacuation
[2022-08-04T14:48:50.851+0000][gc,phases     ] GC(154)   Pre Evacuate Collection Set: 0.0ms
[2022-08-04T14:48:50.851+0000][gc,phases     ] GC(154)   Evacuate Collection Set: 7.7ms
[2022-08-04T14:48:50.851+0000][gc,phases     ] GC(154)   Post Evacuate Collection Set: 0.8ms
[2022-08-04T14:48:50.851+0000][gc,phases     ] GC(154)   Other: 0.2ms
[2022-08-04T14:48:50.851+0000][gc,heap       ] GC(154) Eden regions: 609->0(609)
[2022-08-04T14:48:50.851+0000][gc,heap       ] GC(154) Survivor regions: 5->5(77)
[2022-08-04T14:48:50.851+0000][gc,heap       ] GC(154) Old regions: 64->64
[2022-08-04T14:48:50.851+0000][gc,heap       ] GC(154) Humongous regions: 129->129
[2022-08-04T14:48:50.851+0000][gc,metaspace  ] GC(154) Metaspace: 45195K->45195K(1091584K)
[2022-08-04T14:48:50.851+0000][gc            ] GC(154) Pause Young (Normal) (G1 Evacuation Pause) 804M->195M(1024M) 8.885ms
[2022-08-04T14:48:50.851+0000][gc,cpu        ] GC(154) User=0.01s Sys=0.00s Real=0.01s
[2022-08-04T15:33:57.046+0000][gc,start      ] GC(155) Pause Young (Normal) (G1 Evacuation Pause)
[2022-08-04T15:33:57.046+0000][gc,task       ] GC(155) Using 2 workers of 2 for evacuation
[2022-08-04T15:33:57.056+0000][gc,phases     ] GC(155)   Pre Evacuate Collection Set: 0.0ms
[2022-08-04T15:33:57.056+0000][gc,phases     ] GC(155)   Evacuate Collection Set: 8.7ms
[2022-08-04T15:33:57.056+0000][gc,phases     ] GC(155)   Post Evacuate Collection Set: 0.8ms
[2022-08-04T15:33:57.056+0000][gc,phases     ] GC(155)   Other: 0.2ms
[2022-08-04T15:33:57.056+0000][gc,heap       ] GC(155) Eden regions: 609->0(609)
[2022-08-04T15:33:57.056+0000][gc,heap       ] GC(155) Survivor regions: 5->5(77)
[2022-08-04T15:33:57.056+0000][gc,heap       ] GC(155) Old regions: 64->64
[2022-08-04T15:33:57.056+0000][gc,heap       ] GC(155) Humongous regions: 129->129
[2022-08-04T15:33:57.056+0000][gc,metaspace  ] GC(155) Metaspace: 45195K->45195K(1091584K)
[2022-08-04T15:33:57.056+0000][gc            ] GC(155) Pause Young (Normal) (G1 Evacuation Pause) 804M->196M(1024M) 9.802ms
[2022-08-04T15:33:57.056+0000][gc,cpu        ] GC(155) User=0.02s Sys=0.00s Real=0.01s
[2022-08-04T16:18:52.119+0000][gc,start      ] GC(156) Pause Young (Normal) (G1 Evacuation Pause)
[2022-08-04T16:18:52.119+0000][gc,task       ] GC(156) Using 2 workers of 2 for evacuation
[2022-08-04T16:18:52.125+0000][gc,phases     ] GC(156)   Pre Evacuate Collection Set: 0.0ms
[2022-08-04T16:18:52.125+0000][gc,phases     ] GC(156)   Evacuate Collection Set: 5.2ms
[2022-08-04T16:18:52.125+0000][gc,phases     ] GC(156)   Post Evacuate Collection Set: 1.1ms
[2022-08-04T16:18:52.125+0000][gc,phases     ] GC(156)   Other: 0.2ms
[2022-08-04T16:18:52.125+0000][gc,heap       ] GC(156) Eden regions: 609->0(611)
[2022-08-04T16:18:52.125+0000][gc,heap       ] GC(156) Survivor regions: 5->3(77)
[2022-08-04T16:18:52.125+0000][gc,heap       ] GC(156) Old regions: 64->64
[2022-08-04T16:18:52.125+0000][gc,heap       ] GC(156) Humongous regions: 129->129
[2022-08-04T16:18:52.125+0000][gc,metaspace  ] GC(156) Metaspace: 45195K->45195K(1091584K)
[2022-08-04T16:18:52.125+0000][gc            ] GC(156) Pause Young (Normal) (G1 Evacuation Pause) 805M->193M(1024M) 6.607ms
[2022-08-04T16:18:52.125+0000][gc,cpu        ] GC(156) User=0.02s Sys=0.00s Real=0.01s
[2022-08-04T17:03:50.703+0000][gc,start      ] GC(157) Pause Young (Normal) (G1 Evacuation Pause)
[2022-08-04T17:03:50.703+0000][gc,task       ] GC(157) Using 2 workers of 2 for evacuation
[2022-08-04T17:03:50.710+0000][gc,phases     ] GC(157)   Pre Evacuate Collection Set: 0.0ms
[2022-08-04T17:03:50.710+0000][gc,phases     ] GC(157)   Evacuate Collection Set: 5.7ms
[2022-08-04T17:03:50.710+0000][gc,phases     ] GC(157)   Post Evacuate Collection Set: 0.8ms
[2022-08-04T17:03:50.710+0000][gc,phases     ] GC(157)   Other: 0.2ms
[2022-08-04T17:03:50.710+0000][gc,heap       ] GC(157) Eden regions: 611->0(611)
[2022-08-04T17:03:50.710+0000][gc,heap       ] GC(157) Survivor regions: 3->3(77)
[2022-08-04T17:03:50.710+0000][gc,heap       ] GC(157) Old regions: 64->64
[2022-08-04T17:03:50.710+0000][gc,heap       ] GC(157) Humongous regions: 129->129
[2022-08-04T17:03:50.710+0000][gc,metaspace  ] GC(157) Metaspace: 45195K->45195K(1091584K)
[2022-08-04T17:03:50.710+0000][gc            ] GC(157) Pause Young (Normal) (G1 Evacuation Pause) 804M->194M(1024M) 6.882ms
[2022-08-04T17:03:50.710+0000][gc,cpu        ] GC(157) User=0.00s Sys=0.01s Real=0.01s
[2022-08-04T17:49:02.220+0000][gc,start      ] GC(158) Pause Young (Normal) (G1 Evacuation Pause)
[2022-08-04T17:49:02.220+0000][gc,task       ] GC(158) Using 2 workers of 2 for evacuation
[2022-08-04T17:49:02.227+0000][gc,phases     ] GC(158)   Pre Evacuate Collection Set: 0.0ms
[2022-08-04T17:49:02.227+0000][gc,phases     ] GC(158)   Evacuate Collection Set: 6.5ms
[2022-08-04T17:49:02.227+0000][gc,phases     ] GC(158)   Post Evacuate Collection Set: 0.8ms
[2022-08-04T17:49:02.227+0000][gc,phases     ] GC(158)   Other: 0.2ms
[2022-08-04T17:49:02.227+0000][gc,heap       ] GC(158) Eden regions: 611->0(610)
[2022-08-04T17:49:02.227+0000][gc,heap       ] GC(158) Survivor regions: 3->4(77)
[2022-08-04T17:49:02.227+0000][gc,heap       ] GC(158) Old regions: 64->64
[2022-08-04T17:49:02.227+0000][gc,heap       ] GC(158) Humongous regions: 129->129
[2022-08-04T17:49:02.227+0000][gc,metaspace  ] GC(158) Metaspace: 45195K->45195K(1091584K)
[2022-08-04T17:49:02.227+0000][gc            ] GC(158) Pause Young (Normal) (G1 Evacuation Pause) 805M->194M(1024M) 7.660ms
[2022-08-04T17:49:02.227+0000][gc,cpu        ] GC(158) User=0.02s Sys=0.00s Real=0.01s
[2022-08-04T18:34:18.085+0000][gc,start      ] GC(159) Pause Young (Normal) (G1 Evacuation Pause)
[2022-08-04T18:34:18.085+0000][gc,task       ] GC(159) Using 2 workers of 2 for evacuation
[2022-08-04T18:34:18.094+0000][gc,phases     ] GC(159)   Pre Evacuate Collection Set: 0.0ms
[2022-08-04T18:34:18.094+0000][gc,phases     ] GC(159)   Evacuate Collection Set: 7.2ms
[2022-08-04T18:34:18.094+0000][gc,phases     ] GC(159)   Post Evacuate Collection Set: 1.1ms
[2022-08-04T18:34:18.094+0000][gc,phases     ] GC(159)   Other: 0.2ms
[2022-08-04T18:34:18.094+0000][gc,heap       ] GC(159) Eden regions: 610->0(610)
[2022-08-04T18:34:18.094+0000][gc,heap       ] GC(159) Survivor regions: 4->4(77)
[2022-08-04T18:34:18.094+0000][gc,heap       ] GC(159) Old regions: 64->64
[2022-08-04T18:34:18.094+0000][gc,heap       ] GC(159) Humongous regions: 129->129
[2022-08-04T18:34:18.094+0000][gc,metaspace  ] GC(159) Metaspace: 45195K->45195K(1091584K)
[2022-08-04T18:34:18.094+0000][gc            ] GC(159) Pause Young (Normal) (G1 Evacuation Pause) 804M->195M(1024M) 8.579ms
[2022-08-04T18:34:18.094+0000][gc,cpu        ] GC(159) User=0.02s Sys=0.00s Real=0.01s
[2022-08-04T19:19:22.220+0000][gc,start      ] GC(160) Pause Young (Normal) (G1 Evacuation Pause)
[2022-08-04T19:19:22.220+0000][gc,task       ] GC(160) Using 2 workers of 2 for evacuation
[2022-08-04T19:19:22.229+0000][gc,phases     ] GC(160)   Pre Evacuate Collection Set: 0.0ms
[2022-08-04T19:19:22.229+0000][gc,phases     ] GC(160)   Evacuate Collection Set: 7.9ms
[2022-08-04T19:19:22.229+0000][gc,phases     ] GC(160)   Post Evacuate Collection Set: 0.8ms
[2022-08-04T19:19:22.229+0000][gc,phases     ] GC(160)   Other: 0.2ms
[2022-08-04T19:19:22.229+0000][gc,heap       ] GC(160) Eden regions: 610->0(609)
[2022-08-04T19:19:22.229+0000][gc,heap       ] GC(160) Survivor regions: 4->5(77)
[2022-08-04T19:19:22.229+0000][gc,heap       ] GC(160) Old regions: 64->64
[2022-08-04T19:19:22.229+0000][gc,heap       ] GC(160) Humongous regions: 129->129
[2022-08-04T19:19:22.229+0000][gc,metaspace  ] GC(160) Metaspace: 45195K->45195K(1091584K)
[2022-08-04T19:19:22.229+0000][gc            ] GC(160) Pause Young (Normal) (G1 Evacuation Pause) 805M->195M(1024M) 9.043ms
[2022-08-04T19:19:22.229+0000][gc,cpu        ] GC(160) User=0.02s Sys=0.00s Real=0.01s
[2022-08-04T20:04:13.690+0000][gc,start      ] GC(161) Pause Young (Normal) (G1 Evacuation Pause)
[2022-08-04T20:04:13.690+0000][gc,task       ] GC(161) Using 2 workers of 2 for evacuation
[2022-08-04T20:04:13.700+0000][gc,phases     ] GC(161)   Pre Evacuate Collection Set: 0.0ms
[2022-08-04T20:04:13.700+0000][gc,phases     ] GC(161)   Evacuate Collection Set: 8.2ms
[2022-08-04T20:04:13.700+0000][gc,phases     ] GC(161)   Post Evacuate Collection Set: 0.8ms
[2022-08-04T20:04:13.700+0000][gc,phases     ] GC(161)   Other: 0.2ms
[2022-08-04T20:04:13.700+0000][gc,heap       ] GC(161) Eden regions: 609->0(609)
[2022-08-04T20:04:13.700+0000][gc,heap       ] GC(161) Survivor regions: 5->5(77)
[2022-08-04T20:04:13.700+0000][gc,heap       ] GC(161) Old regions: 64->64
[2022-08-04T20:04:13.700+0000][gc,heap       ] GC(161) Humongous regions: 129->129
[2022-08-04T20:04:13.700+0000][gc,metaspace  ] GC(161) Metaspace: 45195K->45195K(1091584K)
[2022-08-04T20:04:13.700+0000][gc            ] GC(161) Pause Young (Normal) (G1 Evacuation Pause) 804M->196M(1024M) 9.346ms
[2022-08-04T20:04:13.700+0000][gc,cpu        ] GC(161) User=0.02s Sys=0.00s Real=0.01s
[2022-08-04T20:49:03.463+0000][gc,start      ] GC(162) Pause Young (Normal) (G1 Evacuation Pause)
[2022-08-04T20:49:03.463+0000][gc,task       ] GC(162) Using 2 workers of 2 for evacuation
[2022-08-04T20:49:03.472+0000][gc,phases     ] GC(162)   Pre Evacuate Collection Set: 0.0ms
[2022-08-04T20:49:03.472+0000][gc,phases     ] GC(162)   Evacuate Collection Set: 8.2ms
[2022-08-04T20:49:03.472+0000][gc,phases     ] GC(162)   Post Evacuate Collection Set: 0.8ms
[2022-08-04T20:49:03.472+0000][gc,phases     ] GC(162)   Other: 0.2ms
[2022-08-04T20:49:03.472+0000][gc,heap       ] GC(162) Eden regions: 609->0(609)
[2022-08-04T20:49:03.472+0000][gc,heap       ] GC(162) Survivor regions: 5->5(77)
[2022-08-04T20:49:03.472+0000][gc,heap       ] GC(162) Old regions: 64->64
[2022-08-04T20:49:03.472+0000][gc,heap       ] GC(162) Humongous regions: 129->129
[2022-08-04T20:49:03.472+0000][gc,metaspace  ] GC(162) Metaspace: 45195K->45195K(1091584K)
[2022-08-04T20:49:03.472+0000][gc            ] GC(162) Pause Young (Normal) (G1 Evacuation Pause) 805M->196M(1024M) 9.386ms
[2022-08-04T20:49:03.472+0000][gc,cpu        ] GC(162) User=0.02s Sys=0.00s Real=0.01s
[2022-08-04T21:34:12.220+0000][gc,start      ] GC(163) Pause Young (Normal) (G1 Evacuation Pause)
[2022-08-04T21:34:12.220+0000][gc,task       ] GC(163) Using 2 workers of 2 for evacuation
[2022-08-04T21:34:12.226+0000][gc,phases     ] GC(163)   Pre Evacuate Collection Set: 0.0ms
[2022-08-04T21:34:12.226+0000][gc,phases     ] GC(163)   Evacuate Collection Set: 5.5ms
[2022-08-04T21:34:12.226+0000][gc,phases     ] GC(163)   Post Evacuate Collection Set: 0.8ms
[2022-08-04T21:34:12.226+0000][gc,phases     ] GC(163)   Other: 0.2ms
[2022-08-04T21:34:12.226+0000][gc,heap       ] GC(163) Eden regions: 609->0(611)
[2022-08-04T21:34:12.226+0000][gc,heap       ] GC(163) Survivor regions: 5->3(77)
[2022-08-04T21:34:12.226+0000][gc,heap       ] GC(163) Old regions: 64->64
[2022-08-04T21:34:12.226+0000][gc,heap       ] GC(163) Humongous regions: 129->129
[2022-08-04T21:34:12.226+0000][gc,metaspace  ] GC(163) Metaspace: 45195K->45195K(1091584K)
[2022-08-04T21:34:12.226+0000][gc            ] GC(163) Pause Young (Normal) (G1 Evacuation Pause) 805M->193M(1024M) 6.603ms
[2022-08-04T21:34:12.226+0000][gc,cpu        ] GC(163) User=0.01s Sys=0.00s Real=0.01s
[2022-08-04T22:19:16.657+0000][gc,start      ] GC(164) Pause Young (Normal) (G1 Evacuation Pause)
[2022-08-04T22:19:16.658+0000][gc,task       ] GC(164) Using 2 workers of 2 for evacuation
[2022-08-04T22:19:16.665+0000][gc,phases     ] GC(164)   Pre Evacuate Collection Set: 0.0ms
[2022-08-04T22:19:16.665+0000][gc,phases     ] GC(164)   Evacuate Collection Set: 5.9ms
[2022-08-04T22:19:16.665+0000][gc,phases     ] GC(164)   Post Evacuate Collection Set: 1.0ms
[2022-08-04T22:19:16.665+0000][gc,phases     ] GC(164)   Other: 0.2ms
[2022-08-04T22:19:16.665+0000][gc,heap       ] GC(164) Eden regions: 611->0(611)
[2022-08-04T22:19:16.665+0000][gc,heap       ] GC(164) Survivor regions: 3->3(77)
[2022-08-04T22:19:16.665+0000][gc,heap       ] GC(164) Old regions: 64->64
[2022-08-04T22:19:16.665+0000][gc,heap       ] GC(164) Humongous regions: 129->129
[2022-08-04T22:19:16.665+0000][gc,metaspace  ] GC(164) Metaspace: 45220K->45220K(1091584K)
[2022-08-04T22:19:16.665+0000][gc            ] GC(164) Pause Young (Normal) (G1 Evacuation Pause) 804M->194M(1024M) 7.268ms
[2022-08-04T22:19:16.665+0000][gc,cpu        ] GC(164) User=0.01s Sys=0.00s Real=0.01s
[2022-08-04T23:04:21.880+0000][gc,start      ] GC(165) Pause Young (Normal) (G1 Evacuation Pause)
[2022-08-04T23:04:21.880+0000][gc,task       ] GC(165) Using 2 workers of 2 for evacuation
[2022-08-04T23:04:21.888+0000][gc,phases     ] GC(165)   Pre Evacuate Collection Set: 0.0ms
[2022-08-04T23:04:21.888+0000][gc,phases     ] GC(165)   Evacuate Collection Set: 6.4ms
[2022-08-04T23:04:21.888+0000][gc,phases     ] GC(165)   Post Evacuate Collection Set: 0.7ms
[2022-08-04T23:04:21.888+0000][gc,phases     ] GC(165)   Other: 0.3ms
[2022-08-04T23:04:21.888+0000][gc,heap       ] GC(165) Eden regions: 611->0(610)
[2022-08-04T23:04:21.888+0000][gc,heap       ] GC(165) Survivor regions: 3->4(77)
[2022-08-04T23:04:21.888+0000][gc,heap       ] GC(165) Old regions: 64->64
[2022-08-04T23:04:21.888+0000][gc,heap       ] GC(165) Humongous regions: 129->129
[2022-08-04T23:04:21.888+0000][gc,metaspace  ] GC(165) Metaspace: 45329K->45329K(1091584K)
[2022-08-04T23:04:21.888+0000][gc            ] GC(165) Pause Young (Normal) (G1 Evacuation Pause) 805M->194M(1024M) 7.498ms
[2022-08-04T23:04:21.888+0000][gc,cpu        ] GC(165) User=0.01s Sys=0.00s Real=0.01s
[2022-08-04T23:49:24.258+0000][gc,start      ] GC(166) Pause Young (Normal) (G1 Evacuation Pause)
[2022-08-04T23:49:24.258+0000][gc,task       ] GC(166) Using 2 workers of 2 for evacuation
[2022-08-04T23:49:24.266+0000][gc,phases     ] GC(166)   Pre Evacuate Collection Set: 0.0ms
[2022-08-04T23:49:24.266+0000][gc,phases     ] GC(166)   Evacuate Collection Set: 6.8ms
[2022-08-04T23:49:24.266+0000][gc,phases     ] GC(166)   Post Evacuate Collection Set: 0.8ms
[2022-08-04T23:49:24.266+0000][gc,phases     ] GC(166)   Other: 0.2ms
[2022-08-04T23:49:24.266+0000][gc,heap       ] GC(166) Eden regions: 610->0(610)
[2022-08-04T23:49:24.266+0000][gc,heap       ] GC(166) Survivor regions: 4->4(77)
[2022-08-04T23:49:24.266+0000][gc,heap       ] GC(166) Old regions: 64->64
[2022-08-04T23:49:24.266+0000][gc,heap       ] GC(166) Humongous regions: 129->129
[2022-08-04T23:49:24.266+0000][gc,metaspace  ] GC(166) Metaspace: 45329K->45329K(1091584K)
[2022-08-04T23:49:24.266+0000][gc            ] GC(166) Pause Young (Normal) (G1 Evacuation Pause) 804M->195M(1024M) 7.887ms
[2022-08-04T23:49:24.266+0000][gc,cpu        ] GC(166) User=0.02s Sys=0.00s Real=0.01s
[2022-08-05T00:34:32.220+0000][gc,start      ] GC(167) Pause Young (Normal) (G1 Evacuation Pause)
[2022-08-05T00:34:32.220+0000][gc,task       ] GC(167) Using 2 workers of 2 for evacuation
[2022-08-05T00:34:32.229+0000][gc,phases     ] GC(167)   Pre Evacuate Collection Set: 0.0ms
[2022-08-05T00:34:32.229+0000][gc,phases     ] GC(167)   Evacuate Collection Set: 7.7ms
[2022-08-05T00:34:32.229+0000][gc,phases     ] GC(167)   Post Evacuate Collection Set: 1.1ms
[2022-08-05T00:34:32.229+0000][gc,phases     ] GC(167)   Other: 0.2ms
[2022-08-05T00:34:32.229+0000][gc,heap       ] GC(167) Eden regions: 610->0(609)
[2022-08-05T00:34:32.229+0000][gc,heap       ] GC(167) Survivor regions: 4->5(77)
[2022-08-05T00:34:32.229+0000][gc,heap       ] GC(167) Old regions: 64->64
[2022-08-05T00:34:32.229+0000][gc,heap       ] GC(167) Humongous regions: 129->129
[2022-08-05T00:34:32.229+0000][gc,metaspace  ] GC(167) Metaspace: 45329K->45329K(1091584K)
[2022-08-05T00:34:32.229+0000][gc            ] GC(167) Pause Young (Normal) (G1 Evacuation Pause) 805M->195M(1024M) 9.227ms
[2022-08-05T00:34:32.229+0000][gc,cpu        ] GC(167) User=0.02s Sys=0.00s Real=0.01s
[2022-08-05T01:19:20.665+0000][gc,start      ] GC(168) Pause Young (Normal) (G1 Evacuation Pause)
[2022-08-05T01:19:20.665+0000][gc,task       ] GC(168) Using 2 workers of 2 for evacuation
[2022-08-05T01:19:20.674+0000][gc,phases     ] GC(168)   Pre Evacuate Collection Set: 0.0ms
[2022-08-05T01:19:20.674+0000][gc,phases     ] GC(168)   Evacuate Collection Set: 7.7ms
[2022-08-05T01:19:20.674+0000][gc,phases     ] GC(168)   Post Evacuate Collection Set: 0.8ms
[2022-08-05T01:19:20.674+0000][gc,phases     ] GC(168)   Other: 0.3ms
[2022-08-05T01:19:20.674+0000][gc,heap       ] GC(168) Eden regions: 609->0(609)
[2022-08-05T01:19:20.674+0000][gc,heap       ] GC(168) Survivor regions: 5->5(77)
[2022-08-05T01:19:20.674+0000][gc,heap       ] GC(168) Old regions: 64->64
[2022-08-05T01:19:20.674+0000][gc,heap       ] GC(168) Humongous regions: 129->129
[2022-08-05T01:19:20.674+0000][gc,metaspace  ] GC(168) Metaspace: 45329K->45329K(1091584K)
[2022-08-05T01:19:20.674+0000][gc            ] GC(168) Pause Young (Normal) (G1 Evacuation Pause) 804M->195M(1024M) 8.932ms
[2022-08-05T01:19:20.674+0000][gc,cpu        ] GC(168) User=0.02s Sys=0.00s Real=0.01s
[2022-08-05T02:04:15.794+0000][gc,start      ] GC(169) Pause Young (Normal) (G1 Evacuation Pause)
[2022-08-05T02:04:15.794+0000][gc,task       ] GC(169) Using 2 workers of 2 for evacuation
[2022-08-05T02:04:15.804+0000][gc,phases     ] GC(169)   Pre Evacuate Collection Set: 0.0ms
[2022-08-05T02:04:15.804+0000][gc,phases     ] GC(169)   Evacuate Collection Set: 8.0ms
[2022-08-05T02:04:15.804+0000][gc,phases     ] GC(169)   Post Evacuate Collection Set: 1.1ms
[2022-08-05T02:04:15.804+0000][gc,phases     ] GC(169)   Other: 0.2ms
[2022-08-05T02:04:15.804+0000][gc,heap       ] GC(169) Eden regions: 609->0(609)
[2022-08-05T02:04:15.804+0000][gc,heap       ] GC(169) Survivor regions: 5->5(77)
[2022-08-05T02:04:15.804+0000][gc,heap       ] GC(169) Old regions: 64->64
[2022-08-05T02:04:15.804+0000][gc,heap       ] GC(169) Humongous regions: 129->129
[2022-08-05T02:04:15.804+0000][gc,metaspace  ] GC(169) Metaspace: 45329K->45329K(1091584K)
[2022-08-05T02:04:15.804+0000][gc            ] GC(169) Pause Young (Normal) (G1 Evacuation Pause) 804M->196M(1024M) 9.435ms
[2022-08-05T02:04:15.804+0000][gc,cpu        ] GC(169) User=0.02s Sys=0.00s Real=0.00s
[2022-08-05T02:49:12.220+0000][gc,start      ] GC(170) Pause Young (Normal) (G1 Evacuation Pause)
[2022-08-05T02:49:12.220+0000][gc,task       ] GC(170) Using 2 workers of 2 for evacuation
[2022-08-05T02:49:12.229+0000][gc,phases     ] GC(170)   Pre Evacuate Collection Set: 0.0ms
[2022-08-05T02:49:12.229+0000][gc,phases     ] GC(170)   Evacuate Collection Set: 8.5ms
[2022-08-05T02:49:12.229+0000][gc,phases     ] GC(170)   Post Evacuate Collection Set: 0.8ms
[2022-08-05T02:49:12.229+0000][gc,phases     ] GC(170)   Other: 0.2ms
[2022-08-05T02:49:12.229+0000][gc,heap       ] GC(170) Eden regions: 609->0(609)
[2022-08-05T02:49:12.229+0000][gc,heap       ] GC(170) Survivor regions: 5->5(77)
[2022-08-05T02:49:12.229+0000][gc,heap       ] GC(170) Old regions: 64->64
[2022-08-05T02:49:12.229+0000][gc,heap       ] GC(170) Humongous regions: 129->129
[2022-08-05T02:49:12.229+0000][gc,metaspace  ] GC(170) Metaspace: 45329K->45329K(1091584K)
[2022-08-05T02:49:12.229+0000][gc            ] GC(170) Pause Young (Normal) (G1 Evacuation Pause) 805M->196M(1024M) 9.691ms
[2022-08-05T02:49:12.229+0000][gc,cpu        ] GC(170) User=0.02s Sys=0.00s Real=0.01s
[2022-08-05T03:34:16.669+0000][gc,start      ] GC(171) Pause Young (Normal) (G1 Evacuation Pause)
[2022-08-05T03:34:16.669+0000][gc,task       ] GC(171) Using 2 workers of 2 for evacuation
[2022-08-05T03:34:16.675+0000][gc,phases     ] GC(171)   Pre Evacuate Collection Set: 0.0ms
[2022-08-05T03:34:16.675+0000][gc,phases     ] GC(171)   Evacuate Collection Set: 5.6ms
[2022-08-05T03:34:16.675+0000][gc,phases     ] GC(171)   Post Evacuate Collection Set: 0.7ms
[2022-08-05T03:34:16.675+0000][gc,phases     ] GC(171)   Other: 0.2ms
[2022-08-05T03:34:16.675+0000][gc,heap       ] GC(171) Eden regions: 609->0(611)
[2022-08-05T03:34:16.675+0000][gc,heap       ] GC(171) Survivor regions: 5->3(77)
[2022-08-05T03:34:16.675+0000][gc,heap       ] GC(171) Old regions: 64->64
[2022-08-05T03:34:16.675+0000][gc,heap       ] GC(171) Humongous regions: 129->129
[2022-08-05T03:34:16.675+0000][gc,metaspace  ] GC(171) Metaspace: 45329K->45329K(1091584K)
[2022-08-05T03:34:16.675+0000][gc            ] GC(171) Pause Young (Normal) (G1 Evacuation Pause) 805M->194M(1024M) 6.665ms
[2022-08-05T03:34:16.676+0000][gc,cpu        ] GC(171) User=0.01s Sys=0.00s Real=0.01s
[2022-08-05T04:19:18.863+0000][gc,start      ] GC(172) Pause Young (Normal) (G1 Evacuation Pause)
[2022-08-05T04:19:18.864+0000][gc,task       ] GC(172) Using 2 workers of 2 for evacuation
[2022-08-05T04:19:18.870+0000][gc,phases     ] GC(172)   Pre Evacuate Collection Set: 0.0ms
[2022-08-05T04:19:18.871+0000][gc,phases     ] GC(172)   Evacuate Collection Set: 6.0ms
[2022-08-05T04:19:18.871+0000][gc,phases     ] GC(172)   Post Evacuate Collection Set: 0.8ms
[2022-08-05T04:19:18.871+0000][gc,phases     ] GC(172)   Other: 0.2ms
[2022-08-05T04:19:18.871+0000][gc,heap       ] GC(172) Eden regions: 611->0(611)
[2022-08-05T04:19:18.871+0000][gc,heap       ] GC(172) Survivor regions: 3->3(77)
[2022-08-05T04:19:18.871+0000][gc,heap       ] GC(172) Old regions: 64->64
[2022-08-05T04:19:18.871+0000][gc,heap       ] GC(172) Humongous regions: 129->129
[2022-08-05T04:19:18.871+0000][gc,metaspace  ] GC(172) Metaspace: 45329K->45329K(1091584K)
[2022-08-05T04:19:18.871+0000][gc            ] GC(172) Pause Young (Normal) (G1 Evacuation Pause) 805M->194M(1024M) 7.135ms
[2022-08-05T04:19:18.871+0000][gc,cpu        ] GC(172) User=0.02s Sys=0.00s Real=0.01s
[2022-08-05T05:04:17.134+0000][gc,start      ] GC(173) Pause Young (Normal) (G1 Evacuation Pause)
[2022-08-05T05:04:17.134+0000][gc,task       ] GC(173) Using 2 workers of 2 for evacuation
[2022-08-05T05:04:17.142+0000][gc,phases     ] GC(173)   Pre Evacuate Collection Set: 0.0ms
[2022-08-05T05:04:17.142+0000][gc,phases     ] GC(173)   Evacuate Collection Set: 6.3ms
[2022-08-05T05:04:17.142+0000][gc,phases     ] GC(173)   Post Evacuate Collection Set: 1.1ms
[2022-08-05T05:04:17.142+0000][gc,phases     ] GC(173)   Other: 0.2ms
[2022-08-05T05:04:17.142+0000][gc,heap       ] GC(173) Eden regions: 611->0(610)
[2022-08-05T05:04:17.142+0000][gc,heap       ] GC(173) Survivor regions: 3->4(77)
[2022-08-05T05:04:17.142+0000][gc,heap       ] GC(173) Old regions: 64->64
[2022-08-05T05:04:17.142+0000][gc,heap       ] GC(173) Humongous regions: 129->129
[2022-08-05T05:04:17.142+0000][gc,metaspace  ] GC(173) Metaspace: 45329K->45329K(1091584K)
[2022-08-05T05:04:17.142+0000][gc            ] GC(173) Pause Young (Normal) (G1 Evacuation Pause) 805M->194M(1024M) 7.772ms
[2022-08-05T05:04:17.142+0000][gc,cpu        ] GC(173) User=0.01s Sys=0.00s Real=0.00s
[2022-08-05T05:49:13.909+0000][gc,start      ] GC(174) Pause Young (Normal) (G1 Evacuation Pause)
[2022-08-05T05:49:13.909+0000][gc,task       ] GC(174) Using 2 workers of 2 for evacuation
[2022-08-05T05:49:13.917+0000][gc,phases     ] GC(174)   Pre Evacuate Collection Set: 0.0ms
[2022-08-05T05:49:13.917+0000][gc,phases     ] GC(174)   Evacuate Collection Set: 6.7ms
[2022-08-05T05:49:13.917+0000][gc,phases     ] GC(174)   Post Evacuate Collection Set: 0.8ms
[2022-08-05T05:49:13.917+0000][gc,phases     ] GC(174)   Other: 0.2ms
[2022-08-05T05:49:13.917+0000][gc,heap       ] GC(174) Eden regions: 610->0(610)
[2022-08-05T05:49:13.917+0000][gc,heap       ] GC(174) Survivor regions: 4->4(77)
[2022-08-05T05:49:13.917+0000][gc,heap       ] GC(174) Old regions: 64->64
[2022-08-05T05:49:13.917+0000][gc,heap       ] GC(174) Humongous regions: 129->129
[2022-08-05T05:49:13.917+0000][gc,metaspace  ] GC(174) Metaspace: 45329K->45329K(1091584K)
[2022-08-05T05:49:13.917+0000][gc            ] GC(174) Pause Young (Normal) (G1 Evacuation Pause) 804M->194M(1024M) 7.818ms
[2022-08-05T05:49:13.917+0000][gc,cpu        ] GC(174) User=0.02s Sys=0.00s Real=0.01s
[2022-08-05T06:34:27.220+0000][gc,start      ] GC(175) Pause Young (Normal) (G1 Evacuation Pause)
[2022-08-05T06:34:27.220+0000][gc,task       ] GC(175) Using 2 workers of 2 for evacuation
[2022-08-05T06:34:27.228+0000][gc,phases     ] GC(175)   Pre Evacuate Collection Set: 0.0ms
[2022-08-05T06:34:27.228+0000][gc,phases     ] GC(175)   Evacuate Collection Set: 7.6ms
[2022-08-05T06:34:27.228+0000][gc,phases     ] GC(175)   Post Evacuate Collection Set: 0.8ms
[2022-08-05T06:34:27.228+0000][gc,phases     ] GC(175)   Other: 0.2ms
[2022-08-05T06:34:27.228+0000][gc,heap       ] GC(175) Eden regions: 610->0(609)
[2022-08-05T06:34:27.228+0000][gc,heap       ] GC(175) Survivor regions: 4->5(77)
[2022-08-05T06:34:27.228+0000][gc,heap       ] GC(175) Old regions: 64->64
[2022-08-05T06:34:27.228+0000][gc,heap       ] GC(175) Humongous regions: 129->129
[2022-08-05T06:34:27.228+0000][gc,metaspace  ] GC(175) Metaspace: 45329K->45329K(1091584K)
[2022-08-05T06:34:27.228+0000][gc            ] GC(175) Pause Young (Normal) (G1 Evacuation Pause) 804M->195M(1024M) 8.735ms
[2022-08-05T06:34:27.228+0000][gc,cpu        ] GC(175) User=0.02s Sys=0.00s Real=0.01s
[2022-08-05T07:19:19.352+0000][gc,start      ] GC(176) Pause Young (Normal) (G1 Evacuation Pause)
[2022-08-05T07:19:19.352+0000][gc,task       ] GC(176) Using 2 workers of 2 for evacuation
[2022-08-05T07:19:19.361+0000][gc,phases     ] GC(176)   Pre Evacuate Collection Set: 0.0ms
[2022-08-05T07:19:19.361+0000][gc,phases     ] GC(176)   Evacuate Collection Set: 7.8ms
[2022-08-05T07:19:19.361+0000][gc,phases     ] GC(176)   Post Evacuate Collection Set: 0.8ms
[2022-08-05T07:19:19.361+0000][gc,phases     ] GC(176)   Other: 0.2ms
[2022-08-05T07:19:19.361+0000][gc,heap       ] GC(176) Eden regions: 609->0(609)
[2022-08-05T07:19:19.361+0000][gc,heap       ] GC(176) Survivor regions: 5->5(77)
[2022-08-05T07:19:19.361+0000][gc,heap       ] GC(176) Old regions: 64->64
[2022-08-05T07:19:19.361+0000][gc,heap       ] GC(176) Humongous regions: 129->129
[2022-08-05T07:19:19.361+0000][gc,metaspace  ] GC(176) Metaspace: 45329K->45329K(1091584K)
[2022-08-05T07:19:19.361+0000][gc            ] GC(176) Pause Young (Normal) (G1 Evacuation Pause) 804M->195M(1024M) 8.969ms
[2022-08-05T07:19:19.361+0000][gc,cpu        ] GC(176) User=0.01s Sys=0.00s Real=0.01s
[2022-08-05T08:04:17.087+0000][gc,start      ] GC(177) Pause Young (Normal) (G1 Evacuation Pause)
[2022-08-05T08:04:17.087+0000][gc,task       ] GC(177) Using 2 workers of 2 for evacuation
[2022-08-05T08:04:17.097+0000][gc,phases     ] GC(177)   Pre Evacuate Collection Set: 0.0ms
[2022-08-05T08:04:17.097+0000][gc,phases     ] GC(177)   Evacuate Collection Set: 8.1ms
[2022-08-05T08:04:17.097+0000][gc,phases     ] GC(177)   Post Evacuate Collection Set: 0.8ms
[2022-08-05T08:04:17.097+0000][gc,phases     ] GC(177)   Other: 0.2ms
[2022-08-05T08:04:17.097+0000][gc,heap       ] GC(177) Eden regions: 609->0(609)
[2022-08-05T08:04:17.097+0000][gc,heap       ] GC(177) Survivor regions: 5->5(77)
[2022-08-05T08:04:17.097+0000][gc,heap       ] GC(177) Old regions: 64->64
[2022-08-05T08:04:17.097+0000][gc,heap       ] GC(177) Humongous regions: 129->129
[2022-08-05T08:04:17.097+0000][gc,metaspace  ] GC(177) Metaspace: 45329K->45329K(1091584K)
[2022-08-05T08:04:17.097+0000][gc            ] GC(177) Pause Young (Normal) (G1 Evacuation Pause) 804M->196M(1024M) 9.243ms
[2022-08-05T08:04:17.097+0000][gc,cpu        ] GC(177) User=0.01s Sys=0.02s Real=0.01s
[2022-08-05T08:49:12.304+0000][gc,start      ] GC(178) Pause Young (Normal) (G1 Evacuation Pause)
[2022-08-05T08:49:12.304+0000][gc,task       ] GC(178) Using 2 workers of 2 for evacuation
[2022-08-05T08:49:12.314+0000][gc,phases     ] GC(178)   Pre Evacuate Collection Set: 0.0ms
[2022-08-05T08:49:12.314+0000][gc,phases     ] GC(178)   Evacuate Collection Set: 8.6ms
[2022-08-05T08:49:12.314+0000][gc,phases     ] GC(178)   Post Evacuate Collection Set: 1.1ms
[2022-08-05T08:49:12.314+0000][gc,phases     ] GC(178)   Other: 0.2ms
[2022-08-05T08:49:12.314+0000][gc,heap       ] GC(178) Eden regions: 609->0(608)
[2022-08-05T08:49:12.314+0000][gc,heap       ] GC(178) Survivor regions: 5->6(77)
[2022-08-05T08:49:12.314+0000][gc,heap       ] GC(178) Old regions: 64->64
[2022-08-05T08:49:12.314+0000][gc,heap       ] GC(178) Humongous regions: 129->129
[2022-08-05T08:49:12.314+0000][gc,metaspace  ] GC(178) Metaspace: 45329K->45329K(1091584K)
[2022-08-05T08:49:12.314+0000][gc            ] GC(178) Pause Young (Normal) (G1 Evacuation Pause) 805M->196M(1024M) 10.134ms
[2022-08-05T08:49:12.314+0000][gc,cpu        ] GC(178) User=0.02s Sys=0.00s Real=0.02s
[2022-08-05T09:34:13.336+0000][gc,start      ] GC(179) Pause Young (Normal) (G1 Evacuation Pause)
[2022-08-05T09:34:13.337+0000][gc,task       ] GC(179) Using 2 workers of 2 for evacuation
[2022-08-05T09:34:13.343+0000][gc,phases     ] GC(179)   Pre Evacuate Collection Set: 0.0ms
[2022-08-05T09:34:13.343+0000][gc,phases     ] GC(179)   Evacuate Collection Set: 5.6ms
[2022-08-05T09:34:13.344+0000][gc,phases     ] GC(179)   Post Evacuate Collection Set: 1.1ms
[2022-08-05T09:34:13.344+0000][gc,phases     ] GC(179)   Other: 0.2ms
[2022-08-05T09:34:13.344+0000][gc,heap       ] GC(179) Eden regions: 608->0(611)
[2022-08-05T09:34:13.344+0000][gc,heap       ] GC(179) Survivor regions: 6->3(77)
[2022-08-05T09:34:13.344+0000][gc,heap       ] GC(179) Old regions: 64->64
[2022-08-05T09:34:13.344+0000][gc,heap       ] GC(179) Humongous regions: 129->129
[2022-08-05T09:34:13.344+0000][gc,metaspace  ] GC(179) Metaspace: 45329K->45329K(1091584K)
[2022-08-05T09:34:13.344+0000][gc            ] GC(179) Pause Young (Normal) (G1 Evacuation Pause) 804M->194M(1024M) 7.125ms
[2022-08-05T09:34:13.344+0000][gc,cpu        ] GC(179) User=0.01s Sys=0.00s Real=0.00s
[2022-08-05T10:19:15.170+0000][gc,start      ] GC(180) Pause Young (Normal) (G1 Evacuation Pause)
[2022-08-05T10:19:15.170+0000][gc,task       ] GC(180) Using 2 workers of 2 for evacuation
[2022-08-05T10:19:15.177+0000][gc,phases     ] GC(180)   Pre Evacuate Collection Set: 0.0ms
[2022-08-05T10:19:15.177+0000][gc,phases     ] GC(180)   Evacuate Collection Set: 6.0ms
[2022-08-05T10:19:15.177+0000][gc,phases     ] GC(180)   Post Evacuate Collection Set: 0.8ms
[2022-08-05T10:19:15.177+0000][gc,phases     ] GC(180)   Other: 0.2ms
[2022-08-05T10:19:15.178+0000][gc,heap       ] GC(180) Eden regions: 611->0(611)
[2022-08-05T10:19:15.178+0000][gc,heap       ] GC(180) Survivor regions: 3->3(77)
[2022-08-05T10:19:15.178+0000][gc,heap       ] GC(180) Old regions: 64->64
[2022-08-05T10:19:15.178+0000][gc,heap       ] GC(180) Humongous regions: 129->129
[2022-08-05T10:19:15.178+0000][gc,metaspace  ] GC(180) Metaspace: 45329K->45329K(1091584K)
[2022-08-05T10:19:15.178+0000][gc            ] GC(180) Pause Young (Normal) (G1 Evacuation Pause) 805M->194M(1024M) 7.155ms
[2022-08-05T10:19:15.178+0000][gc,cpu        ] GC(180) User=0.02s Sys=0.00s Real=0.01s
[2022-08-05T11:04:16.582+0000][gc,start      ] GC(181) Pause Young (Normal) (G1 Evacuation Pause)
[2022-08-05T11:04:16.582+0000][gc,task       ] GC(181) Using 2 workers of 2 for evacuation
[2022-08-05T11:04:16.589+0000][gc,phases     ] GC(181)   Pre Evacuate Collection Set: 0.0ms
[2022-08-05T11:04:16.589+0000][gc,phases     ] GC(181)   Evacuate Collection Set: 6.2ms
[2022-08-05T11:04:16.590+0000][gc,phases     ] GC(181)   Post Evacuate Collection Set: 0.8ms
[2022-08-05T11:04:16.590+0000][gc,phases     ] GC(181)   Other: 0.2ms
[2022-08-05T11:04:16.590+0000][gc,heap       ] GC(181) Eden regions: 611->0(610)
[2022-08-05T11:04:16.590+0000][gc,heap       ] GC(181) Survivor regions: 3->4(77)
[2022-08-05T11:04:16.590+0000][gc,heap       ] GC(181) Old regions: 64->64
[2022-08-05T11:04:16.590+0000][gc,heap       ] GC(181) Humongous regions: 129->129
[2022-08-05T11:04:16.590+0000][gc,metaspace  ] GC(181) Metaspace: 45329K->45329K(1091584K)
[2022-08-05T11:04:16.590+0000][gc            ] GC(181) Pause Young (Normal) (G1 Evacuation Pause) 805M->194M(1024M) 7.338ms
[2022-08-05T11:04:16.590+0000][gc,cpu        ] GC(181) User=0.01s Sys=0.00s Real=0.01s
[2022-08-05T11:49:22.220+0000][gc,start      ] GC(182) Pause Young (Normal) (G1 Evacuation Pause)
[2022-08-05T11:49:22.220+0000][gc,task       ] GC(182) Using 2 workers of 2 for evacuation
[2022-08-05T11:49:22.228+0000][gc,phases     ] GC(182)   Pre Evacuate Collection Set: 0.0ms
[2022-08-05T11:49:22.228+0000][gc,phases     ] GC(182)   Evacuate Collection Set: 6.9ms
[2022-08-05T11:49:22.228+0000][gc,phases     ] GC(182)   Post Evacuate Collection Set: 0.8ms
[2022-08-05T11:49:22.228+0000][gc,phases     ] GC(182)   Other: 0.2ms
[2022-08-05T11:49:22.228+0000][gc,heap       ] GC(182) Eden regions: 610->0(610)
[2022-08-05T11:49:22.228+0000][gc,heap       ] GC(182) Survivor regions: 4->4(77)
[2022-08-05T11:49:22.228+0000][gc,heap       ] GC(182) Old regions: 64->64
[2022-08-05T11:49:22.228+0000][gc,heap       ] GC(182) Humongous regions: 129->129
[2022-08-05T11:49:22.228+0000][gc,metaspace  ] GC(182) Metaspace: 45329K->45329K(1091584K)
[2022-08-05T11:49:22.228+0000][gc            ] GC(182) Pause Young (Normal) (G1 Evacuation Pause) 804M->195M(1024M) 8.070ms
[2022-08-05T11:49:22.228+0000][gc,cpu        ] GC(182) User=0.02s Sys=0.00s Real=0.01s
[2022-08-05T12:34:33.174+0000][gc,start      ] GC(183) Pause Young (Normal) (G1 Evacuation Pause)
[2022-08-05T12:34:33.174+0000][gc,task       ] GC(183) Using 2 workers of 2 for evacuation
[2022-08-05T12:34:33.183+0000][gc,phases     ] GC(183)   Pre Evacuate Collection Set: 0.0ms
[2022-08-05T12:34:33.183+0000][gc,phases     ] GC(183)   Evacuate Collection Set: 7.7ms
[2022-08-05T12:34:33.183+0000][gc,phases     ] GC(183)   Post Evacuate Collection Set: 0.8ms
[2022-08-05T12:34:33.183+0000][gc,phases     ] GC(183)   Other: 0.2ms
[2022-08-05T12:34:33.183+0000][gc,heap       ] GC(183) Eden regions: 610->0(609)
[2022-08-05T12:34:33.183+0000][gc,heap       ] GC(183) Survivor regions: 4->5(77)
[2022-08-05T12:34:33.183+0000][gc,heap       ] GC(183) Old regions: 64->64
[2022-08-05T12:34:33.183+0000][gc,heap       ] GC(183) Humongous regions: 129->129
[2022-08-05T12:34:33.183+0000][gc,metaspace  ] GC(183) Metaspace: 45329K->45329K(1091584K)
[2022-08-05T12:34:33.183+0000][gc            ] GC(183) Pause Young (Normal) (G1 Evacuation Pause) 805M->195M(1024M) 8.911ms
[2022-08-05T12:34:33.183+0000][gc,cpu        ] GC(183) User=0.01s Sys=0.00s Real=0.00s
[2022-08-05T13:19:26.541+0000][gc,start      ] GC(184) Pause Young (Normal) (G1 Evacuation Pause)
[2022-08-05T13:19:26.541+0000][gc,task       ] GC(184) Using 2 workers of 2 for evacuation
[2022-08-05T13:19:26.550+0000][gc,phases     ] GC(184)   Pre Evacuate Collection Set: 0.0ms
[2022-08-05T13:19:26.550+0000][gc,phases     ] GC(184)   Evacuate Collection Set: 8.0ms
[2022-08-05T13:19:26.550+0000][gc,phases     ] GC(184)   Post Evacuate Collection Set: 0.8ms
[2022-08-05T13:19:26.550+0000][gc,phases     ] GC(184)   Other: 0.2ms
[2022-08-05T13:19:26.550+0000][gc,heap       ] GC(184) Eden regions: 609->0(609)
[2022-08-05T13:19:26.550+0000][gc,heap       ] GC(184) Survivor regions: 5->5(77)
[2022-08-05T13:19:26.550+0000][gc,heap       ] GC(184) Old regions: 64->64
[2022-08-05T13:19:26.550+0000][gc,heap       ] GC(184) Humongous regions: 129->129
[2022-08-05T13:19:26.550+0000][gc,metaspace  ] GC(184) Metaspace: 45329K->45329K(1091584K)
[2022-08-05T13:19:26.550+0000][gc            ] GC(184) Pause Young (Normal) (G1 Evacuation Pause) 804M->196M(1024M) 9.269ms
[2022-08-05T13:19:26.550+0000][gc,cpu        ] GC(184) User=0.01s Sys=0.00s Real=0.01s
[2022-08-05T14:04:20.633+0000][gc,start      ] GC(185) Pause Young (Normal) (G1 Evacuation Pause)
[2022-08-05T14:04:20.633+0000][gc,task       ] GC(185) Using 2 workers of 2 for evacuation
[2022-08-05T14:04:20.642+0000][gc,phases     ] GC(185)   Pre Evacuate Collection Set: 0.0ms
[2022-08-05T14:04:20.642+0000][gc,phases     ] GC(185)   Evacuate Collection Set: 8.0ms
[2022-08-05T14:04:20.642+0000][gc,phases     ] GC(185)   Post Evacuate Collection Set: 0.8ms
[2022-08-05T14:04:20.642+0000][gc,phases     ] GC(185)   Other: 0.2ms
[2022-08-05T14:04:20.642+0000][gc,heap       ] GC(185) Eden regions: 609->0(609)
[2022-08-05T14:04:20.642+0000][gc,heap       ] GC(185) Survivor regions: 5->5(77)
[2022-08-05T14:04:20.642+0000][gc,heap       ] GC(185) Old regions: 64->64
[2022-08-05T14:04:20.642+0000][gc,heap       ] GC(185) Humongous regions: 129->129
[2022-08-05T14:04:20.642+0000][gc,metaspace  ] GC(185) Metaspace: 45329K->45329K(1091584K)
[2022-08-05T14:04:20.642+0000][gc            ] GC(185) Pause Young (Normal) (G1 Evacuation Pause) 805M->196M(1024M) 9.163ms
[2022-08-05T14:04:20.642+0000][gc,cpu        ] GC(185) User=0.02s Sys=0.00s Real=0.00s
[2022-08-05T14:49:17.220+0000][gc,start      ] GC(186) Pause Young (Normal) (G1 Evacuation Pause)
[2022-08-05T14:49:17.220+0000][gc,task       ] GC(186) Using 2 workers of 2 for evacuation
[2022-08-05T14:49:17.229+0000][gc,phases     ] GC(186)   Pre Evacuate Collection Set: 0.0ms
[2022-08-05T14:49:17.229+0000][gc,phases     ] GC(186)   Evacuate Collection Set: 8.6ms
[2022-08-05T14:49:17.229+0000][gc,phases     ] GC(186)   Post Evacuate Collection Set: 0.8ms
[2022-08-05T14:49:17.229+0000][gc,phases     ] GC(186)   Other: 0.3ms
[2022-08-05T14:49:17.229+0000][gc,heap       ] GC(186) Eden regions: 609->0(608)
[2022-08-05T14:49:17.229+0000][gc,heap       ] GC(186) Survivor regions: 5->6(77)
[2022-08-05T14:49:17.229+0000][gc,heap       ] GC(186) Old regions: 64->64
[2022-08-05T14:49:17.229+0000][gc,heap       ] GC(186) Humongous regions: 129->129
[2022-08-05T14:49:17.229+0000][gc,metaspace  ] GC(186) Metaspace: 45329K->45329K(1091584K)
[2022-08-05T14:49:17.229+0000][gc            ] GC(186) Pause Young (Normal) (G1 Evacuation Pause) 805M->196M(1024M) 9.842ms
[2022-08-05T14:49:17.230+0000][gc,cpu        ] GC(186) User=0.02s Sys=0.00s Real=0.01s
[2022-08-05T15:34:12.220+0000][gc,start      ] GC(187) Pause Young (Normal) (G1 Evacuation Pause)
[2022-08-05T15:34:12.220+0000][gc,task       ] GC(187) Using 2 workers of 2 for evacuation
[2022-08-05T15:34:12.226+0000][gc,phases     ] GC(187)   Pre Evacuate Collection Set: 0.0ms
[2022-08-05T15:34:12.226+0000][gc,phases     ] GC(187)   Evacuate Collection Set: 5.7ms
[2022-08-05T15:34:12.226+0000][gc,phases     ] GC(187)   Post Evacuate Collection Set: 0.8ms
[2022-08-05T15:34:12.227+0000][gc,phases     ] GC(187)   Other: 0.3ms
[2022-08-05T15:34:12.227+0000][gc,heap       ] GC(187) Eden regions: 608->0(611)
[2022-08-05T15:34:12.227+0000][gc,heap       ] GC(187) Survivor regions: 6->3(77)
[2022-08-05T15:34:12.227+0000][gc,heap       ] GC(187) Old regions: 64->64
[2022-08-05T15:34:12.227+0000][gc,heap       ] GC(187) Humongous regions: 129->129
[2022-08-05T15:34:12.227+0000][gc,metaspace  ] GC(187) Metaspace: 45329K->45329K(1091584K)
[2022-08-05T15:34:12.227+0000][gc            ] GC(187) Pause Young (Normal) (G1 Evacuation Pause) 804M->194M(1024M) 6.907ms
[2022-08-05T15:34:12.227+0000][gc,cpu        ] GC(187) User=0.02s Sys=0.00s Real=0.01s
[2022-08-05T16:19:13.108+0000][gc,start      ] GC(188) Pause Young (Normal) (G1 Evacuation Pause)
[2022-08-05T16:19:13.108+0000][gc,task       ] GC(188) Using 2 workers of 2 for evacuation
[2022-08-05T16:19:13.115+0000][gc,phases     ] GC(188)   Pre Evacuate Collection Set: 0.0ms
[2022-08-05T16:19:13.115+0000][gc,phases     ] GC(188)   Evacuate Collection Set: 5.9ms
[2022-08-05T16:19:13.115+0000][gc,phases     ] GC(188)   Post Evacuate Collection Set: 0.8ms
[2022-08-05T16:19:13.115+0000][gc,phases     ] GC(188)   Other: 0.3ms
[2022-08-05T16:19:13.115+0000][gc,heap       ] GC(188) Eden regions: 611->0(611)
[2022-08-05T16:19:13.115+0000][gc,heap       ] GC(188) Survivor regions: 3->3(77)
[2022-08-05T16:19:13.115+0000][gc,heap       ] GC(188) Old regions: 64->64
[2022-08-05T16:19:13.115+0000][gc,heap       ] GC(188) Humongous regions: 129->129
[2022-08-05T16:19:13.115+0000][gc,metaspace  ] GC(188) Metaspace: 45329K->45329K(1091584K)
[2022-08-05T16:19:13.115+0000][gc            ] GC(188) Pause Young (Normal) (G1 Evacuation Pause) 805M->194M(1024M) 7.144ms
[2022-08-05T16:19:13.115+0000][gc,cpu        ] GC(188) User=0.02s Sys=0.00s Real=0.01s
[2022-08-05T17:04:12.821+0000][gc,start      ] GC(189) Pause Young (Normal) (G1 Evacuation Pause)
[2022-08-05T17:04:12.822+0000][gc,task       ] GC(189) Using 2 workers of 2 for evacuation
[2022-08-05T17:04:12.829+0000][gc,phases     ] GC(189)   Pre Evacuate Collection Set: 0.0ms
[2022-08-05T17:04:12.829+0000][gc,phases     ] GC(189)   Evacuate Collection Set: 6.3ms
[2022-08-05T17:04:12.829+0000][gc,phases     ] GC(189)   Post Evacuate Collection Set: 0.8ms
[2022-08-05T17:04:12.829+0000][gc,phases     ] GC(189)   Other: 0.2ms
[2022-08-05T17:04:12.829+0000][gc,heap       ] GC(189) Eden regions: 611->0(610)
[2022-08-05T17:04:12.829+0000][gc,heap       ] GC(189) Survivor regions: 3->4(77)
[2022-08-05T17:04:12.829+0000][gc,heap       ] GC(189) Old regions: 64->64
[2022-08-05T17:04:12.829+0000][gc,heap       ] GC(189) Humongous regions: 129->129
[2022-08-05T17:04:12.829+0000][gc,metaspace  ] GC(189) Metaspace: 45329K->45329K(1091584K)
[2022-08-05T17:04:12.829+0000][gc            ] GC(189) Pause Young (Normal) (G1 Evacuation Pause) 805M->194M(1024M) 7.465ms
[2022-08-05T17:04:12.829+0000][gc,cpu        ] GC(189) User=0.01s Sys=0.00s Real=0.01s
[2022-08-05T17:49:18.728+0000][gc,start      ] GC(190) Pause Young (Normal) (G1 Evacuation Pause)
[2022-08-05T17:49:18.728+0000][gc,task       ] GC(190) Using 2 workers of 2 for evacuation
[2022-08-05T17:49:18.736+0000][gc,phases     ] GC(190)   Pre Evacuate Collection Set: 0.0ms
[2022-08-05T17:49:18.736+0000][gc,phases     ] GC(190)   Evacuate Collection Set: 6.8ms
[2022-08-05T17:49:18.736+0000][gc,phases     ] GC(190)   Post Evacuate Collection Set: 0.8ms
[2022-08-05T17:49:18.736+0000][gc,phases     ] GC(190)   Other: 0.3ms
[2022-08-05T17:49:18.736+0000][gc,heap       ] GC(190) Eden regions: 610->0(610)
[2022-08-05T17:49:18.736+0000][gc,heap       ] GC(190) Survivor regions: 4->4(77)
[2022-08-05T17:49:18.736+0000][gc,heap       ] GC(190) Old regions: 64->64
[2022-08-05T17:49:18.736+0000][gc,heap       ] GC(190) Humongous regions: 129->129
[2022-08-05T17:49:18.736+0000][gc,metaspace  ] GC(190) Metaspace: 45329K->45329K(1091584K)
[2022-08-05T17:49:18.736+0000][gc            ] GC(190) Pause Young (Normal) (G1 Evacuation Pause) 804M->195M(1024M) 8.039ms
[2022-08-05T17:49:18.736+0000][gc,cpu        ] GC(190) User=0.02s Sys=0.00s Real=0.01s
[2022-08-05T18:34:27.371+0000][gc,start      ] GC(191) Pause Young (Normal) (G1 Evacuation Pause)
[2022-08-05T18:34:27.371+0000][gc,task       ] GC(191) Using 2 workers of 2 for evacuation
[2022-08-05T18:34:27.380+0000][gc,phases     ] GC(191)   Pre Evacuate Collection Set: 0.0ms
[2022-08-05T18:34:27.380+0000][gc,phases     ] GC(191)   Evacuate Collection Set: 7.5ms
[2022-08-05T18:34:27.380+0000][gc,phases     ] GC(191)   Post Evacuate Collection Set: 0.8ms
[2022-08-05T18:34:27.380+0000][gc,phases     ] GC(191)   Other: 0.2ms
[2022-08-05T18:34:27.380+0000][gc,heap       ] GC(191) Eden regions: 610->0(609)
[2022-08-05T18:34:27.380+0000][gc,heap       ] GC(191) Survivor regions: 4->5(77)
[2022-08-05T18:34:27.380+0000][gc,heap       ] GC(191) Old regions: 64->64
[2022-08-05T18:34:27.380+0000][gc,heap       ] GC(191) Humongous regions: 129->129
[2022-08-05T18:34:27.380+0000][gc,metaspace  ] GC(191) Metaspace: 45329K->45329K(1091584K)
[2022-08-05T18:34:27.380+0000][gc            ] GC(191) Pause Young (Normal) (G1 Evacuation Pause) 805M->195M(1024M) 8.642ms
[2022-08-05T18:34:27.380+0000][gc,cpu        ] GC(191) User=0.01s Sys=0.00s Real=0.01s
[2022-08-05T19:19:20.106+0000][gc,start      ] GC(192) Pause Young (Normal) (G1 Evacuation Pause)
[2022-08-05T19:19:20.106+0000][gc,task       ] GC(192) Using 2 workers of 2 for evacuation
[2022-08-05T19:19:20.115+0000][gc,phases     ] GC(192)   Pre Evacuate Collection Set: 0.0ms
[2022-08-05T19:19:20.115+0000][gc,phases     ] GC(192)   Evacuate Collection Set: 7.8ms
[2022-08-05T19:19:20.115+0000][gc,phases     ] GC(192)   Post Evacuate Collection Set: 1.1ms
[2022-08-05T19:19:20.116+0000][gc,phases     ] GC(192)   Other: 0.2ms
[2022-08-05T19:19:20.116+0000][gc,heap       ] GC(192) Eden regions: 609->0(609)
[2022-08-05T19:19:20.116+0000][gc,heap       ] GC(192) Survivor regions: 5->5(77)
[2022-08-05T19:19:20.116+0000][gc,heap       ] GC(192) Old regions: 64->64
[2022-08-05T19:19:20.116+0000][gc,heap       ] GC(192) Humongous regions: 129->129
[2022-08-05T19:19:20.116+0000][gc,metaspace  ] GC(192) Metaspace: 45329K->45329K(1091584K)
[2022-08-05T19:19:20.116+0000][gc            ] GC(192) Pause Young (Normal) (G1 Evacuation Pause) 804M->196M(1024M) 9.286ms
[2022-08-05T19:19:20.116+0000][gc,cpu        ] GC(192) User=0.01s Sys=0.00s Real=0.01s
[2022-08-05T20:04:16.269+0000][gc,start      ] GC(193) Pause Young (Normal) (G1 Evacuation Pause)
[2022-08-05T20:04:16.269+0000][gc,task       ] GC(193) Using 2 workers of 2 for evacuation
[2022-08-05T20:04:16.278+0000][gc,phases     ] GC(193)   Pre Evacuate Collection Set: 0.0ms
[2022-08-05T20:04:16.278+0000][gc,phases     ] GC(193)   Evacuate Collection Set: 8.0ms
[2022-08-05T20:04:16.278+0000][gc,phases     ] GC(193)   Post Evacuate Collection Set: 0.8ms
[2022-08-05T20:04:16.278+0000][gc,phases     ] GC(193)   Other: 0.2ms
[2022-08-05T20:04:16.279+0000][gc,heap       ] GC(193) Eden regions: 609->0(609)
[2022-08-05T20:04:16.279+0000][gc,heap       ] GC(193) Survivor regions: 5->5(77)
[2022-08-05T20:04:16.279+0000][gc,heap       ] GC(193) Old regions: 64->64
[2022-08-05T20:04:16.279+0000][gc,heap       ] GC(193) Humongous regions: 129->129
[2022-08-05T20:04:16.279+0000][gc,metaspace  ] GC(193) Metaspace: 45329K->45329K(1091584K)
[2022-08-05T20:04:16.279+0000][gc            ] GC(193) Pause Young (Normal) (G1 Evacuation Pause) 805M->196M(1024M) 9.169ms
[2022-08-05T20:04:16.279+0000][gc,cpu        ] GC(193) User=0.02s Sys=0.00s Real=0.01s
[2022-08-05T20:49:13.692+0000][gc,start      ] GC(194) Pause Young (Normal) (G1 Evacuation Pause)
[2022-08-05T20:49:13.692+0000][gc,task       ] GC(194) Using 2 workers of 2 for evacuation
[2022-08-05T20:49:13.702+0000][gc,phases     ] GC(194)   Pre Evacuate Collection Set: 0.0ms
[2022-08-05T20:49:13.702+0000][gc,phases     ] GC(194)   Evacuate Collection Set: 8.7ms
[2022-08-05T20:49:13.702+0000][gc,phases     ] GC(194)   Post Evacuate Collection Set: 1.1ms
[2022-08-05T20:49:13.702+0000][gc,phases     ] GC(194)   Other: 0.3ms
[2022-08-05T20:49:13.702+0000][gc,heap       ] GC(194) Eden regions: 609->0(608)
[2022-08-05T20:49:13.702+0000][gc,heap       ] GC(194) Survivor regions: 5->6(77)
[2022-08-05T20:49:13.702+0000][gc,heap       ] GC(194) Old regions: 64->64
[2022-08-05T20:49:13.702+0000][gc,heap       ] GC(194) Humongous regions: 129->129
[2022-08-05T20:49:13.702+0000][gc,metaspace  ] GC(194) Metaspace: 45329K->45329K(1091584K)
[2022-08-05T20:49:13.702+0000][gc            ] GC(194) Pause Young (Normal) (G1 Evacuation Pause) 805M->196M(1024M) 10.275ms
[2022-08-05T20:49:13.702+0000][gc,cpu        ] GC(194) User=0.02s Sys=0.00s Real=0.01s
[2022-08-05T21:34:20.975+0000][gc,start      ] GC(195) Pause Young (Normal) (G1 Evacuation Pause)
[2022-08-05T21:34:20.975+0000][gc,task       ] GC(195) Using 2 workers of 2 for evacuation
[2022-08-05T21:34:20.981+0000][gc,phases     ] GC(195)   Pre Evacuate Collection Set: 0.0ms
[2022-08-05T21:34:20.981+0000][gc,phases     ] GC(195)   Evacuate Collection Set: 5.6ms
[2022-08-05T21:34:20.981+0000][gc,phases     ] GC(195)   Post Evacuate Collection Set: 0.7ms
[2022-08-05T21:34:20.981+0000][gc,phases     ] GC(195)   Other: 0.2ms
[2022-08-05T21:34:20.981+0000][gc,heap       ] GC(195) Eden regions: 608->0(611)
[2022-08-05T21:34:20.981+0000][gc,heap       ] GC(195) Survivor regions: 6->3(77)
[2022-08-05T21:34:20.981+0000][gc,heap       ] GC(195) Old regions: 64->64
[2022-08-05T21:34:20.981+0000][gc,heap       ] GC(195) Humongous regions: 129->129
[2022-08-05T21:34:20.981+0000][gc,metaspace  ] GC(195) Metaspace: 45329K->45329K(1091584K)
[2022-08-05T21:34:20.981+0000][gc            ] GC(195) Pause Young (Normal) (G1 Evacuation Pause) 804M->194M(1024M) 6.693ms
[2022-08-05T21:34:20.981+0000][gc,cpu        ] GC(195) User=0.00s Sys=0.01s Real=0.00s
[2022-08-05T22:19:21.940+0000][gc,start      ] GC(196) Pause Young (Normal) (G1 Evacuation Pause)
[2022-08-05T22:19:21.940+0000][gc,task       ] GC(196) Using 2 workers of 2 for evacuation
[2022-08-05T22:19:21.947+0000][gc,phases     ] GC(196)   Pre Evacuate Collection Set: 0.0ms
[2022-08-05T22:19:21.947+0000][gc,phases     ] GC(196)   Evacuate Collection Set: 6.1ms
[2022-08-05T22:19:21.947+0000][gc,phases     ] GC(196)   Post Evacuate Collection Set: 0.8ms
[2022-08-05T22:19:21.947+0000][gc,phases     ] GC(196)   Other: 0.2ms
[2022-08-05T22:19:21.947+0000][gc,heap       ] GC(196) Eden regions: 611->0(610)
[2022-08-05T22:19:21.947+0000][gc,heap       ] GC(196) Survivor regions: 3->4(77)
[2022-08-05T22:19:21.947+0000][gc,heap       ] GC(196) Old regions: 64->64
[2022-08-05T22:19:21.947+0000][gc,heap       ] GC(196) Humongous regions: 129->129
[2022-08-05T22:19:21.947+0000][gc,metaspace  ] GC(196) Metaspace: 45329K->45329K(1091584K)
[2022-08-05T22:19:21.947+0000][gc            ] GC(196) Pause Young (Normal) (G1 Evacuation Pause) 805M->194M(1024M) 7.226ms
[2022-08-05T22:19:21.947+0000][gc,cpu        ] GC(196) User=0.01s Sys=0.00s Real=0.01s
[2022-08-05T23:04:16.079+0000][gc,start      ] GC(197) Pause Young (Normal) (G1 Evacuation Pause)
[2022-08-05T23:04:16.079+0000][gc,task       ] GC(197) Using 2 workers of 2 for evacuation
[2022-08-05T23:04:16.086+0000][gc,phases     ] GC(197)   Pre Evacuate Collection Set: 0.0ms
[2022-08-05T23:04:16.086+0000][gc,phases     ] GC(197)   Evacuate Collection Set: 6.3ms
[2022-08-05T23:04:16.086+0000][gc,phases     ] GC(197)   Post Evacuate Collection Set: 0.7ms
[2022-08-05T23:04:16.086+0000][gc,phases     ] GC(197)   Other: 0.2ms
[2022-08-05T23:04:16.086+0000][gc,heap       ] GC(197) Eden regions: 610->0(610)
[2022-08-05T23:04:16.086+0000][gc,heap       ] GC(197) Survivor regions: 4->4(77)
[2022-08-05T23:04:16.086+0000][gc,heap       ] GC(197) Old regions: 64->64
[2022-08-05T23:04:16.086+0000][gc,heap       ] GC(197) Humongous regions: 129->129
[2022-08-05T23:04:16.086+0000][gc,metaspace  ] GC(197) Metaspace: 45329K->45329K(1091584K)
[2022-08-05T23:04:16.086+0000][gc            ] GC(197) Pause Young (Normal) (G1 Evacuation Pause) 804M->194M(1024M) 7.359ms
[2022-08-05T23:04:16.086+0000][gc,cpu        ] GC(197) User=0.01s Sys=0.00s Real=0.01s
[2022-08-05T23:49:20.547+0000][gc,start      ] GC(198) Pause Young (Normal) (G1 Evacuation Pause)
[2022-08-05T23:49:20.547+0000][gc,task       ] GC(198) Using 2 workers of 2 for evacuation
[2022-08-05T23:49:20.555+0000][gc,phases     ] GC(198)   Pre Evacuate Collection Set: 0.0ms
[2022-08-05T23:49:20.555+0000][gc,phases     ] GC(198)   Evacuate Collection Set: 6.8ms
[2022-08-05T23:49:20.555+0000][gc,phases     ] GC(198)   Post Evacuate Collection Set: 0.8ms
[2022-08-05T23:49:20.555+0000][gc,phases     ] GC(198)   Other: 0.2ms
[2022-08-05T23:49:20.555+0000][gc,heap       ] GC(198) Eden regions: 610->0(610)
[2022-08-05T23:49:20.555+0000][gc,heap       ] GC(198) Survivor regions: 4->4(77)
[2022-08-05T23:49:20.555+0000][gc,heap       ] GC(198) Old regions: 64->64
[2022-08-05T23:49:20.555+0000][gc,heap       ] GC(198) Humongous regions: 129->129
[2022-08-05T23:49:20.555+0000][gc,metaspace  ] GC(198) Metaspace: 45329K->45329K(1091584K)
[2022-08-05T23:49:20.555+0000][gc            ] GC(198) Pause Young (Normal) (G1 Evacuation Pause) 804M->195M(1024M) 7.875ms
[2022-08-05T23:49:20.555+0000][gc,cpu        ] GC(198) User=0.01s Sys=0.00s Real=0.01s
[2022-08-06T00:34:27.975+0000][gc,start      ] GC(199) Pause Young (Normal) (G1 Evacuation Pause)
[2022-08-06T00:34:27.975+0000][gc,task       ] GC(199) Using 2 workers of 2 for evacuation
[2022-08-06T00:34:27.983+0000][gc,phases     ] GC(199)   Pre Evacuate Collection Set: 0.0ms
[2022-08-06T00:34:27.983+0000][gc,phases     ] GC(199)   Evacuate Collection Set: 7.6ms
[2022-08-06T00:34:27.983+0000][gc,phases     ] GC(199)   Post Evacuate Collection Set: 0.8ms
[2022-08-06T00:34:27.983+0000][gc,phases     ] GC(199)   Other: 0.2ms
[2022-08-06T00:34:27.983+0000][gc,heap       ] GC(199) Eden regions: 610->0(609)
[2022-08-06T00:34:27.983+0000][gc,heap       ] GC(199) Survivor regions: 4->5(77)
[2022-08-06T00:34:27.983+0000][gc,heap       ] GC(199) Old regions: 64->64
[2022-08-06T00:34:27.983+0000][gc,heap       ] GC(199) Humongous regions: 129->129
[2022-08-06T00:34:27.983+0000][gc,metaspace  ] GC(199) Metaspace: 45331K->45331K(1091584K)
[2022-08-06T00:34:27.984+0000][gc            ] GC(199) Pause Young (Normal) (G1 Evacuation Pause) 805M->195M(1024M) 8.725ms
[2022-08-06T00:34:27.984+0000][gc,cpu        ] GC(199) User=0.02s Sys=0.00s Real=0.00s
[2022-08-06T01:19:23.313+0000][gc,start      ] GC(200) Pause Young (Normal) (G1 Evacuation Pause)
[2022-08-06T01:19:23.313+0000][gc,task       ] GC(200) Using 2 workers of 2 for evacuation
[2022-08-06T01:19:23.322+0000][gc,phases     ] GC(200)   Pre Evacuate Collection Set: 0.0ms
[2022-08-06T01:19:23.322+0000][gc,phases     ] GC(200)   Evacuate Collection Set: 8.1ms
[2022-08-06T01:19:23.322+0000][gc,phases     ] GC(200)   Post Evacuate Collection Set: 0.8ms
[2022-08-06T01:19:23.322+0000][gc,phases     ] GC(200)   Other: 0.2ms
[2022-08-06T01:19:23.322+0000][gc,heap       ] GC(200) Eden regions: 609->0(609)
[2022-08-06T01:19:23.322+0000][gc,heap       ] GC(200) Survivor regions: 5->5(77)
[2022-08-06T01:19:23.322+0000][gc,heap       ] GC(200) Old regions: 64->64
[2022-08-06T01:19:23.322+0000][gc,heap       ] GC(200) Humongous regions: 129->129
[2022-08-06T01:19:23.322+0000][gc,metaspace  ] GC(200) Metaspace: 45331K->45331K(1091584K)
[2022-08-06T01:19:23.322+0000][gc            ] GC(200) Pause Young (Normal) (G1 Evacuation Pause) 804M->196M(1024M) 9.281ms
[2022-08-06T01:19:23.322+0000][gc,cpu        ] GC(200) User=0.01s Sys=0.00s Real=0.00s
[2022-08-06T02:04:15.154+0000][gc,start      ] GC(201) Pause Young (Normal) (G1 Evacuation Pause)
[2022-08-06T02:04:15.154+0000][gc,task       ] GC(201) Using 2 workers of 2 for evacuation
[2022-08-06T02:04:15.163+0000][gc,phases     ] GC(201)   Pre Evacuate Collection Set: 0.0ms
[2022-08-06T02:04:15.163+0000][gc,phases     ] GC(201)   Evacuate Collection Set: 8.2ms
[2022-08-06T02:04:15.163+0000][gc,phases     ] GC(201)   Post Evacuate Collection Set: 0.7ms
[2022-08-06T02:04:15.163+0000][gc,phases     ] GC(201)   Other: 0.2ms
[2022-08-06T02:04:15.163+0000][gc,heap       ] GC(201) Eden regions: 609->0(609)
[2022-08-06T02:04:15.163+0000][gc,heap       ] GC(201) Survivor regions: 5->5(77)
[2022-08-06T02:04:15.163+0000][gc,heap       ] GC(201) Old regions: 64->64
[2022-08-06T02:04:15.163+0000][gc,heap       ] GC(201) Humongous regions: 129->129
[2022-08-06T02:04:15.163+0000][gc,metaspace  ] GC(201) Metaspace: 45331K->45331K(1091584K)
[2022-08-06T02:04:15.163+0000][gc            ] GC(201) Pause Young (Normal) (G1 Evacuation Pause) 805M->196M(1024M) 9.366ms
[2022-08-06T02:04:15.163+0000][gc,cpu        ] GC(201) User=0.02s Sys=0.00s Real=0.00s
[2022-08-06T02:49:14.239+0000][gc,start      ] GC(202) Pause Young (Normal) (G1 Evacuation Pause)
[2022-08-06T02:49:14.239+0000][gc,task       ] GC(202) Using 2 workers of 2 for evacuation
[2022-08-06T02:49:14.245+0000][gc,phases     ] GC(202)   Pre Evacuate Collection Set: 0.0ms
[2022-08-06T02:49:14.245+0000][gc,phases     ] GC(202)   Evacuate Collection Set: 5.0ms
[2022-08-06T02:49:14.245+0000][gc,phases     ] GC(202)   Post Evacuate Collection Set: 0.8ms
[2022-08-06T02:49:14.245+0000][gc,phases     ] GC(202)   Other: 0.2ms
[2022-08-06T02:49:14.245+0000][gc,heap       ] GC(202) Eden regions: 609->0(611)
[2022-08-06T02:49:14.245+0000][gc,heap       ] GC(202) Survivor regions: 5->3(77)
[2022-08-06T02:49:14.245+0000][gc,heap       ] GC(202) Old regions: 64->64
[2022-08-06T02:49:14.245+0000][gc,heap       ] GC(202) Humongous regions: 129->129
[2022-08-06T02:49:14.245+0000][gc,metaspace  ] GC(202) Metaspace: 45331K->45331K(1091584K)
[2022-08-06T02:49:14.245+0000][gc            ] GC(202) Pause Young (Normal) (G1 Evacuation Pause) 805M->193M(1024M) 6.166ms
[2022-08-06T02:49:14.245+0000][gc,cpu        ] GC(202) User=0.01s Sys=0.00s Real=0.01s
[2022-08-06T03:34:23.721+0000][gc,start      ] GC(203) Pause Young (Normal) (G1 Evacuation Pause)
[2022-08-06T03:34:23.721+0000][gc,task       ] GC(203) Using 2 workers of 2 for evacuation
[2022-08-06T03:34:23.729+0000][gc,phases     ] GC(203)   Pre Evacuate Collection Set: 0.0ms
[2022-08-06T03:34:23.729+0000][gc,phases     ] GC(203)   Evacuate Collection Set: 7.5ms
[2022-08-06T03:34:23.729+0000][gc,phases     ] GC(203)   Post Evacuate Collection Set: 0.8ms
[2022-08-06T03:34:23.729+0000][gc,phases     ] GC(203)   Other: 0.2ms
[2022-08-06T03:34:23.729+0000][gc,heap       ] GC(203) Eden regions: 611->0(611)
[2022-08-06T03:34:23.729+0000][gc,heap       ] GC(203) Survivor regions: 3->3(77)
[2022-08-06T03:34:23.729+0000][gc,heap       ] GC(203) Old regions: 64->64
[2022-08-06T03:34:23.729+0000][gc,heap       ] GC(203) Humongous regions: 129->129
[2022-08-06T03:34:23.729+0000][gc,metaspace  ] GC(203) Metaspace: 45331K->45331K(1091584K)
[2022-08-06T03:34:23.730+0000][gc            ] GC(203) Pause Young (Normal) (G1 Evacuation Pause) 804M->194M(1024M) 8.677ms
[2022-08-06T03:34:23.730+0000][gc,cpu        ] GC(203) User=0.00s Sys=0.01s Real=0.01s
[2022-08-06T04:19:27.158+0000][gc,start      ] GC(204) Pause Young (Normal) (G1 Evacuation Pause)
[2022-08-06T04:19:27.158+0000][gc,task       ] GC(204) Using 2 workers of 2 for evacuation
[2022-08-06T04:19:27.166+0000][gc,phases     ] GC(204)   Pre Evacuate Collection Set: 0.0ms
[2022-08-06T04:19:27.166+0000][gc,phases     ] GC(204)   Evacuate Collection Set: 6.4ms
[2022-08-06T04:19:27.166+0000][gc,phases     ] GC(204)   Post Evacuate Collection Set: 0.7ms
[2022-08-06T04:19:27.166+0000][gc,phases     ] GC(204)   Other: 0.2ms
[2022-08-06T04:19:27.166+0000][gc,heap       ] GC(204) Eden regions: 611->0(610)
[2022-08-06T04:19:27.166+0000][gc,heap       ] GC(204) Survivor regions: 3->4(77)
[2022-08-06T04:19:27.166+0000][gc,heap       ] GC(204) Old regions: 64->64
[2022-08-06T04:19:27.166+0000][gc,heap       ] GC(204) Humongous regions: 129->129
[2022-08-06T04:19:27.166+0000][gc,metaspace  ] GC(204) Metaspace: 45331K->45331K(1091584K)
[2022-08-06T04:19:27.166+0000][gc            ] GC(204) Pause Young (Normal) (G1 Evacuation Pause) 805M->194M(1024M) 7.540ms
[2022-08-06T04:19:27.166+0000][gc,cpu        ] GC(204) User=0.02s Sys=0.00s Real=0.01s
[2022-08-06T05:04:21.536+0000][gc,start      ] GC(205) Pause Young (Normal) (G1 Evacuation Pause)
[2022-08-06T05:04:21.536+0000][gc,task       ] GC(205) Using 2 workers of 2 for evacuation
[2022-08-06T05:04:21.544+0000][gc,phases     ] GC(205)   Pre Evacuate Collection Set: 0.0ms
[2022-08-06T05:04:21.544+0000][gc,phases     ] GC(205)   Evacuate Collection Set: 6.8ms
[2022-08-06T05:04:21.544+0000][gc,phases     ] GC(205)   Post Evacuate Collection Set: 0.8ms
[2022-08-06T05:04:21.544+0000][gc,phases     ] GC(205)   Other: 0.2ms
[2022-08-06T05:04:21.544+0000][gc,heap       ] GC(205) Eden regions: 610->0(610)
[2022-08-06T05:04:21.544+0000][gc,heap       ] GC(205) Survivor regions: 4->4(77)
[2022-08-06T05:04:21.544+0000][gc,heap       ] GC(205) Old regions: 64->64
[2022-08-06T05:04:21.544+0000][gc,heap       ] GC(205) Humongous regions: 129->129
[2022-08-06T05:04:21.544+0000][gc,metaspace  ] GC(205) Metaspace: 45331K->45331K(1091584K)
[2022-08-06T05:04:21.544+0000][gc            ] GC(205) Pause Young (Normal) (G1 Evacuation Pause) 804M->195M(1024M) 7.915ms
[2022-08-06T05:04:21.544+0000][gc,cpu        ] GC(205) User=0.02s Sys=0.00s Real=0.00s
[2022-08-06T05:49:22.277+0000][gc,start      ] GC(206) Pause Young (Normal) (G1 Evacuation Pause)
[2022-08-06T05:49:22.277+0000][gc,task       ] GC(206) Using 2 workers of 2 for evacuation
[2022-08-06T05:49:22.286+0000][gc,phases     ] GC(206)   Pre Evacuate Collection Set: 0.0ms
[2022-08-06T05:49:22.286+0000][gc,phases     ] GC(206)   Evacuate Collection Set: 7.1ms
[2022-08-06T05:49:22.286+0000][gc,phases     ] GC(206)   Post Evacuate Collection Set: 0.7ms
[2022-08-06T05:49:22.286+0000][gc,phases     ] GC(206)   Other: 0.2ms
[2022-08-06T05:49:22.286+0000][gc,heap       ] GC(206) Eden regions: 610->0(610)
[2022-08-06T05:49:22.286+0000][gc,heap       ] GC(206) Survivor regions: 4->4(77)
[2022-08-06T05:49:22.286+0000][gc,heap       ] GC(206) Old regions: 64->64
[2022-08-06T05:49:22.286+0000][gc,heap       ] GC(206) Humongous regions: 129->129
[2022-08-06T05:49:22.286+0000][gc,metaspace  ] GC(206) Metaspace: 45332K->45332K(1091584K)
[2022-08-06T05:49:22.286+0000][gc            ] GC(206) Pause Young (Normal) (G1 Evacuation Pause) 805M->195M(1024M) 8.163ms
[2022-08-06T05:49:22.286+0000][gc,cpu        ] GC(206) User=0.00s Sys=0.02s Real=0.01s
[2022-08-06T06:34:29.205+0000][gc,start      ] GC(207) Pause Young (Normal) (G1 Evacuation Pause)
[2022-08-06T06:34:29.205+0000][gc,task       ] GC(207) Using 2 workers of 2 for evacuation
[2022-08-06T06:34:29.214+0000][gc,phases     ] GC(207)   Pre Evacuate Collection Set: 0.0ms
[2022-08-06T06:34:29.214+0000][gc,phases     ] GC(207)   Evacuate Collection Set: 7.9ms
[2022-08-06T06:34:29.214+0000][gc,phases     ] GC(207)   Post Evacuate Collection Set: 0.8ms
[2022-08-06T06:34:29.214+0000][gc,phases     ] GC(207)   Other: 0.2ms
[2022-08-06T06:34:29.214+0000][gc,heap       ] GC(207) Eden regions: 610->0(609)
[2022-08-06T06:34:29.214+0000][gc,heap       ] GC(207) Survivor regions: 4->5(77)
[2022-08-06T06:34:29.214+0000][gc,heap       ] GC(207) Old regions: 64->64
[2022-08-06T06:34:29.214+0000][gc,heap       ] GC(207) Humongous regions: 129->129
[2022-08-06T06:34:29.214+0000][gc,metaspace  ] GC(207) Metaspace: 45332K->45332K(1091584K)
[2022-08-06T06:34:29.214+0000][gc            ] GC(207) Pause Young (Normal) (G1 Evacuation Pause) 805M->196M(1024M) 9.082ms
[2022-08-06T06:34:29.214+0000][gc,cpu        ] GC(207) User=0.02s Sys=0.00s Real=0.01s
[2022-08-06T07:19:16.633+0000][gc,start      ] GC(208) Pause Young (Normal) (G1 Evacuation Pause)
[2022-08-06T07:19:16.633+0000][gc,task       ] GC(208) Using 2 workers of 2 for evacuation
[2022-08-06T07:19:16.643+0000][gc,phases     ] GC(208)   Pre Evacuate Collection Set: 0.0ms
[2022-08-06T07:19:16.643+0000][gc,phases     ] GC(208)   Evacuate Collection Set: 9.0ms
[2022-08-06T07:19:16.643+0000][gc,phases     ] GC(208)   Post Evacuate Collection Set: 0.8ms
[2022-08-06T07:19:16.643+0000][gc,phases     ] GC(208)   Other: 0.2ms
[2022-08-06T07:19:16.643+0000][gc,heap       ] GC(208) Eden regions: 609->0(609)
[2022-08-06T07:19:16.643+0000][gc,heap       ] GC(208) Survivor regions: 5->5(77)
[2022-08-06T07:19:16.643+0000][gc,heap       ] GC(208) Old regions: 64->64
[2022-08-06T07:19:16.643+0000][gc,heap       ] GC(208) Humongous regions: 129->129
[2022-08-06T07:19:16.643+0000][gc,metaspace  ] GC(208) Metaspace: 45332K->45332K(1091584K)
[2022-08-06T07:19:16.643+0000][gc            ] GC(208) Pause Young (Normal) (G1 Evacuation Pause) 805M->196M(1024M) 10.140ms
[2022-08-06T07:19:16.643+0000][gc,cpu        ] GC(208) User=0.02s Sys=0.00s Real=0.00s
[2022-08-06T08:03:59.609+0000][gc,start      ] GC(209) Pause Young (Normal) (G1 Evacuation Pause)
[2022-08-06T08:03:59.609+0000][gc,task       ] GC(209) Using 2 workers of 2 for evacuation
[2022-08-06T08:03:59.618+0000][gc,phases     ] GC(209)   Pre Evacuate Collection Set: 0.0ms
[2022-08-06T08:03:59.618+0000][gc,phases     ] GC(209)   Evacuate Collection Set: 8.1ms
[2022-08-06T08:03:59.618+0000][gc,phases     ] GC(209)   Post Evacuate Collection Set: 0.8ms
[2022-08-06T08:03:59.618+0000][gc,phases     ] GC(209)   Other: 0.2ms
[2022-08-06T08:03:59.618+0000][gc,heap       ] GC(209) Eden regions: 609->0(609)
[2022-08-06T08:03:59.618+0000][gc,heap       ] GC(209) Survivor regions: 5->5(77)
[2022-08-06T08:03:59.618+0000][gc,heap       ] GC(209) Old regions: 64->64
[2022-08-06T08:03:59.618+0000][gc,heap       ] GC(209) Humongous regions: 129->129
[2022-08-06T08:03:59.618+0000][gc,metaspace  ] GC(209) Metaspace: 45332K->45332K(1091584K)
[2022-08-06T08:03:59.618+0000][gc            ] GC(209) Pause Young (Normal) (G1 Evacuation Pause) 805M->196M(1024M) 9.225ms
[2022-08-06T08:03:59.618+0000][gc,cpu        ] GC(209) User=0.01s Sys=0.00s Real=0.01s
[2022-08-06T08:48:51.013+0000][gc,start      ] GC(210) Pause Young (Normal) (G1 Evacuation Pause)
[2022-08-06T08:48:51.013+0000][gc,task       ] GC(210) Using 2 workers of 2 for evacuation
[2022-08-06T08:48:51.022+0000][gc,phases     ] GC(210)   Pre Evacuate Collection Set: 0.0ms
[2022-08-06T08:48:51.022+0000][gc,phases     ] GC(210)   Evacuate Collection Set: 8.6ms
[2022-08-06T08:48:51.022+0000][gc,phases     ] GC(210)   Post Evacuate Collection Set: 0.8ms
[2022-08-06T08:48:51.022+0000][gc,phases     ] GC(210)   Other: 0.2ms
[2022-08-06T08:48:51.022+0000][gc,heap       ] GC(210) Eden regions: 609->0(608)
[2022-08-06T08:48:51.022+0000][gc,heap       ] GC(210) Survivor regions: 5->6(77)
[2022-08-06T08:48:51.022+0000][gc,heap       ] GC(210) Old regions: 64->64
[2022-08-06T08:48:51.022+0000][gc,heap       ] GC(210) Humongous regions: 129->129
[2022-08-06T08:48:51.022+0000][gc,metaspace  ] GC(210) Metaspace: 45332K->45332K(1091584K)
[2022-08-06T08:48:51.022+0000][gc            ] GC(210) Pause Young (Normal) (G1 Evacuation Pause) 805M->196M(1024M) 9.683ms
[2022-08-06T08:48:51.022+0000][gc,cpu        ] GC(210) User=0.02s Sys=0.00s Real=0.00s
[2022-08-06T09:33:47.734+0000][gc,start      ] GC(211) Pause Young (Normal) (G1 Evacuation Pause)
[2022-08-06T09:33:47.734+0000][gc,task       ] GC(211) Using 2 workers of 2 for evacuation
[2022-08-06T09:33:47.742+0000][gc,phases     ] GC(211)   Pre Evacuate Collection Set: 0.0ms
[2022-08-06T09:33:47.742+0000][gc,phases     ] GC(211)   Evacuate Collection Set: 6.4ms
[2022-08-06T09:33:47.742+0000][gc,phases     ] GC(211)   Post Evacuate Collection Set: 0.8ms
[2022-08-06T09:33:47.742+0000][gc,phases     ] GC(211)   Other: 0.2ms
[2022-08-06T09:33:47.742+0000][gc,heap       ] GC(211) Eden regions: 608->0(611)
[2022-08-06T09:33:47.742+0000][gc,heap       ] GC(211) Survivor regions: 6->3(77)
[2022-08-06T09:33:47.742+0000][gc,heap       ] GC(211) Old regions: 64->64
[2022-08-06T09:33:47.742+0000][gc,heap       ] GC(211) Humongous regions: 129->129
[2022-08-06T09:33:47.742+0000][gc,metaspace  ] GC(211) Metaspace: 45332K->45332K(1091584K)
[2022-08-06T09:33:47.742+0000][gc            ] GC(211) Pause Young (Normal) (G1 Evacuation Pause) 804M->194M(1024M) 7.544ms
[2022-08-06T09:33:47.742+0000][gc,cpu        ] GC(211) User=0.02s Sys=0.00s Real=0.00s
[2022-08-06T10:18:48.291+0000][gc,start      ] GC(212) Pause Young (Normal) (G1 Evacuation Pause)
[2022-08-06T10:18:48.292+0000][gc,task       ] GC(212) Using 2 workers of 2 for evacuation
[2022-08-06T10:18:48.301+0000][gc,phases     ] GC(212)   Pre Evacuate Collection Set: 0.0ms
[2022-08-06T10:18:48.301+0000][gc,phases     ] GC(212)   Evacuate Collection Set: 8.3ms
[2022-08-06T10:18:48.301+0000][gc,phases     ] GC(212)   Post Evacuate Collection Set: 1.1ms
[2022-08-06T10:18:48.301+0000][gc,phases     ] GC(212)   Other: 0.2ms
[2022-08-06T10:18:48.301+0000][gc,heap       ] GC(212) Eden regions: 611->0(611)
[2022-08-06T10:18:48.301+0000][gc,heap       ] GC(212) Survivor regions: 3->3(77)
[2022-08-06T10:18:48.301+0000][gc,heap       ] GC(212) Old regions: 64->64
[2022-08-06T10:18:48.301+0000][gc,heap       ] GC(212) Humongous regions: 129->129
[2022-08-06T10:18:48.301+0000][gc,metaspace  ] GC(212) Metaspace: 45332K->45332K(1091584K)
[2022-08-06T10:18:48.301+0000][gc            ] GC(212) Pause Young (Normal) (G1 Evacuation Pause) 805M->194M(1024M) 9.785ms
[2022-08-06T10:18:48.301+0000][gc,cpu        ] GC(212) User=0.01s Sys=0.00s Real=0.01s
[2022-08-06T11:03:48.006+0000][gc,start      ] GC(213) Pause Young (Normal) (G1 Evacuation Pause)
[2022-08-06T11:03:48.006+0000][gc,task       ] GC(213) Using 2 workers of 2 for evacuation
[2022-08-06T11:03:48.013+0000][gc,phases     ] GC(213)   Pre Evacuate Collection Set: 0.0ms
[2022-08-06T11:03:48.013+0000][gc,phases     ] GC(213)   Evacuate Collection Set: 6.1ms
[2022-08-06T11:03:48.013+0000][gc,phases     ] GC(213)   Post Evacuate Collection Set: 0.8ms
[2022-08-06T11:03:48.013+0000][gc,phases     ] GC(213)   Other: 0.2ms
[2022-08-06T11:03:48.013+0000][gc,heap       ] GC(213) Eden regions: 611->0(610)
[2022-08-06T11:03:48.013+0000][gc,heap       ] GC(213) Survivor regions: 3->4(77)
[2022-08-06T11:03:48.013+0000][gc,heap       ] GC(213) Old regions: 64->64
[2022-08-06T11:03:48.013+0000][gc,heap       ] GC(213) Humongous regions: 129->129
[2022-08-06T11:03:48.013+0000][gc,metaspace  ] GC(213) Metaspace: 45332K->45332K(1091584K)
[2022-08-06T11:03:48.013+0000][gc            ] GC(213) Pause Young (Normal) (G1 Evacuation Pause) 805M->194M(1024M) 7.275ms
[2022-08-06T11:03:48.013+0000][gc,cpu        ] GC(213) User=0.01s Sys=0.00s Real=0.01s
[2022-08-06T11:48:52.445+0000][gc,start      ] GC(214) Pause Young (Normal) (G1 Evacuation Pause)
[2022-08-06T11:48:52.445+0000][gc,task       ] GC(214) Using 2 workers of 2 for evacuation
[2022-08-06T11:48:52.452+0000][gc,phases     ] GC(214)   Pre Evacuate Collection Set: 0.0ms
[2022-08-06T11:48:52.453+0000][gc,phases     ] GC(214)   Evacuate Collection Set: 6.9ms
[2022-08-06T11:48:52.453+0000][gc,phases     ] GC(214)   Post Evacuate Collection Set: 0.8ms
[2022-08-06T11:48:52.453+0000][gc,phases     ] GC(214)   Other: 0.2ms
[2022-08-06T11:48:52.453+0000][gc,heap       ] GC(214) Eden regions: 610->0(610)
[2022-08-06T11:48:52.453+0000][gc,heap       ] GC(214) Survivor regions: 4->4(77)
[2022-08-06T11:48:52.453+0000][gc,heap       ] GC(214) Old regions: 64->64
[2022-08-06T11:48:52.453+0000][gc,heap       ] GC(214) Humongous regions: 129->129
[2022-08-06T11:48:52.453+0000][gc,metaspace  ] GC(214) Metaspace: 45332K->45332K(1091584K)
[2022-08-06T11:48:52.453+0000][gc            ] GC(214) Pause Young (Normal) (G1 Evacuation Pause) 804M->195M(1024M) 8.037ms
[2022-08-06T11:48:52.453+0000][gc,cpu        ] GC(214) User=0.01s Sys=0.00s Real=0.01s
[2022-08-06T12:34:06.064+0000][gc,start      ] GC(215) Pause Young (Normal) (G1 Evacuation Pause)
[2022-08-06T12:34:06.064+0000][gc,task       ] GC(215) Using 2 workers of 2 for evacuation
[2022-08-06T12:34:06.072+0000][gc,phases     ] GC(215)   Pre Evacuate Collection Set: 0.0ms
[2022-08-06T12:34:06.073+0000][gc,phases     ] GC(215)   Evacuate Collection Set: 7.6ms
[2022-08-06T12:34:06.073+0000][gc,phases     ] GC(215)   Post Evacuate Collection Set: 0.8ms
[2022-08-06T12:34:06.073+0000][gc,phases     ] GC(215)   Other: 0.3ms
[2022-08-06T12:34:06.073+0000][gc,heap       ] GC(215) Eden regions: 610->0(609)
[2022-08-06T12:34:06.073+0000][gc,heap       ] GC(215) Survivor regions: 4->5(77)
[2022-08-06T12:34:06.073+0000][gc,heap       ] GC(215) Old regions: 64->64
[2022-08-06T12:34:06.073+0000][gc,heap       ] GC(215) Humongous regions: 129->129
[2022-08-06T12:34:06.073+0000][gc,metaspace  ] GC(215) Metaspace: 45332K->45332K(1091584K)
[2022-08-06T12:34:06.073+0000][gc            ] GC(215) Pause Young (Normal) (G1 Evacuation Pause) 805M->196M(1024M) 8.740ms
[2022-08-06T12:34:06.073+0000][gc,cpu        ] GC(215) User=0.01s Sys=0.00s Real=0.02s
[2022-08-06T13:18:57.220+0000][gc,start      ] GC(216) Pause Young (Normal) (G1 Evacuation Pause)
[2022-08-06T13:18:57.220+0000][gc,task       ] GC(216) Using 2 workers of 2 for evacuation
[2022-08-06T13:18:57.228+0000][gc,phases     ] GC(216)   Pre Evacuate Collection Set: 0.0ms
[2022-08-06T13:18:57.229+0000][gc,phases     ] GC(216)   Evacuate Collection Set: 7.8ms
[2022-08-06T13:18:57.229+0000][gc,phases     ] GC(216)   Post Evacuate Collection Set: 0.8ms
[2022-08-06T13:18:57.229+0000][gc,phases     ] GC(216)   Other: 0.2ms
[2022-08-06T13:18:57.229+0000][gc,heap       ] GC(216) Eden regions: 609->0(609)
[2022-08-06T13:18:57.229+0000][gc,heap       ] GC(216) Survivor regions: 5->5(77)
[2022-08-06T13:18:57.229+0000][gc,heap       ] GC(216) Old regions: 64->64
[2022-08-06T13:18:57.229+0000][gc,heap       ] GC(216) Humongous regions: 129->129
[2022-08-06T13:18:57.229+0000][gc,metaspace  ] GC(216) Metaspace: 45332K->45332K(1091584K)
[2022-08-06T13:18:57.229+0000][gc            ] GC(216) Pause Young (Normal) (G1 Evacuation Pause) 805M->196M(1024M) 8.929ms
[2022-08-06T13:18:57.229+0000][gc,cpu        ] GC(216) User=0.02s Sys=0.00s Real=0.01s
[2022-08-06T14:03:48.285+0000][gc,start      ] GC(217) Pause Young (Normal) (G1 Evacuation Pause)
[2022-08-06T14:03:48.285+0000][gc,task       ] GC(217) Using 2 workers of 2 for evacuation
[2022-08-06T14:03:48.294+0000][gc,phases     ] GC(217)   Pre Evacuate Collection Set: 0.0ms
[2022-08-06T14:03:48.294+0000][gc,phases     ] GC(217)   Evacuate Collection Set: 8.0ms
[2022-08-06T14:03:48.294+0000][gc,phases     ] GC(217)   Post Evacuate Collection Set: 0.8ms
[2022-08-06T14:03:48.294+0000][gc,phases     ] GC(217)   Other: 0.2ms
[2022-08-06T14:03:48.294+0000][gc,heap       ] GC(217) Eden regions: 609->0(609)
[2022-08-06T14:03:48.294+0000][gc,heap       ] GC(217) Survivor regions: 5->5(77)
[2022-08-06T14:03:48.294+0000][gc,heap       ] GC(217) Old regions: 64->64
[2022-08-06T14:03:48.294+0000][gc,heap       ] GC(217) Humongous regions: 129->129
[2022-08-06T14:03:48.294+0000][gc,metaspace  ] GC(217) Metaspace: 45332K->45332K(1091584K)
[2022-08-06T14:03:48.294+0000][gc            ] GC(217) Pause Young (Normal) (G1 Evacuation Pause) 805M->196M(1024M) 9.174ms
[2022-08-06T14:03:48.294+0000][gc,cpu        ] GC(217) User=0.02s Sys=0.00s Real=0.01s
[2022-08-06T14:48:45.248+0000][gc,start      ] GC(218) Pause Young (Normal) (G1 Evacuation Pause)
[2022-08-06T14:48:45.248+0000][gc,task       ] GC(218) Using 2 workers of 2 for evacuation
[2022-08-06T14:48:45.258+0000][gc,phases     ] GC(218)   Pre Evacuate Collection Set: 0.0ms
[2022-08-06T14:48:45.258+0000][gc,phases     ] GC(218)   Evacuate Collection Set: 8.3ms
[2022-08-06T14:48:45.258+0000][gc,phases     ] GC(218)   Post Evacuate Collection Set: 1.1ms
[2022-08-06T14:48:45.258+0000][gc,phases     ] GC(218)   Other: 0.3ms
[2022-08-06T14:48:45.258+0000][gc,heap       ] GC(218) Eden regions: 609->0(608)
[2022-08-06T14:48:45.258+0000][gc,heap       ] GC(218) Survivor regions: 5->6(77)
[2022-08-06T14:48:45.258+0000][gc,heap       ] GC(218) Old regions: 64->64
[2022-08-06T14:48:45.258+0000][gc,heap       ] GC(218) Humongous regions: 129->129
[2022-08-06T14:48:45.258+0000][gc,metaspace  ] GC(218) Metaspace: 45332K->45332K(1091584K)
[2022-08-06T14:48:45.258+0000][gc            ] GC(218) Pause Young (Normal) (G1 Evacuation Pause) 805M->196M(1024M) 9.873ms
[2022-08-06T14:48:45.258+0000][gc,cpu        ] GC(218) User=0.02s Sys=0.00s Real=0.01s
[2022-08-06T15:33:39.728+0000][gc,start      ] GC(219) Pause Young (Normal) (G1 Evacuation Pause)
[2022-08-06T15:33:39.728+0000][gc,task       ] GC(219) Using 2 workers of 2 for evacuation
[2022-08-06T15:33:39.735+0000][gc,phases     ] GC(219)   Pre Evacuate Collection Set: 0.0ms
[2022-08-06T15:33:39.735+0000][gc,phases     ] GC(219)   Evacuate Collection Set: 5.6ms
[2022-08-06T15:33:39.735+0000][gc,phases     ] GC(219)   Post Evacuate Collection Set: 1.1ms
[2022-08-06T15:33:39.735+0000][gc,phases     ] GC(219)   Other: 0.2ms
[2022-08-06T15:33:39.735+0000][gc,heap       ] GC(219) Eden regions: 608->0(611)
[2022-08-06T15:33:39.735+0000][gc,heap       ] GC(219) Survivor regions: 6->3(77)
[2022-08-06T15:33:39.735+0000][gc,heap       ] GC(219) Old regions: 64->64
[2022-08-06T15:33:39.735+0000][gc,heap       ] GC(219) Humongous regions: 129->129
[2022-08-06T15:33:39.735+0000][gc,metaspace  ] GC(219) Metaspace: 45332K->45332K(1091584K)
[2022-08-06T15:33:39.735+0000][gc            ] GC(219) Pause Young (Normal) (G1 Evacuation Pause) 804M->193M(1024M) 7.027ms
[2022-08-06T15:33:39.735+0000][gc,cpu        ] GC(219) User=0.02s Sys=0.00s Real=0.01s
[2022-08-06T16:18:42.065+0000][gc,start      ] GC(220) Pause Young (Normal) (G1 Evacuation Pause)
[2022-08-06T16:18:42.065+0000][gc,task       ] GC(220) Using 2 workers of 2 for evacuation
[2022-08-06T16:18:42.072+0000][gc,phases     ] GC(220)   Pre Evacuate Collection Set: 0.0ms
[2022-08-06T16:18:42.073+0000][gc,phases     ] GC(220)   Evacuate Collection Set: 6.0ms
[2022-08-06T16:18:42.073+0000][gc,phases     ] GC(220)   Post Evacuate Collection Set: 0.8ms
[2022-08-06T16:18:42.073+0000][gc,phases     ] GC(220)   Other: 0.2ms
[2022-08-06T16:18:42.073+0000][gc,heap       ] GC(220) Eden regions: 611->0(611)
[2022-08-06T16:18:42.073+0000][gc,heap       ] GC(220) Survivor regions: 3->3(77)
[2022-08-06T16:18:42.073+0000][gc,heap       ] GC(220) Old regions: 64->64
[2022-08-06T16:18:42.073+0000][gc,heap       ] GC(220) Humongous regions: 129->129
[2022-08-06T16:18:42.073+0000][gc,metaspace  ] GC(220) Metaspace: 45332K->45332K(1091584K)
[2022-08-06T16:18:42.073+0000][gc            ] GC(220) Pause Young (Normal) (G1 Evacuation Pause) 804M->194M(1024M) 7.160ms
[2022-08-06T16:18:42.073+0000][gc,cpu        ] GC(220) User=0.01s Sys=0.00s Real=0.01s
[2022-08-06T17:03:39.174+0000][gc,start      ] GC(221) Pause Young (Normal) (G1 Evacuation Pause)
[2022-08-06T17:03:39.174+0000][gc,task       ] GC(221) Using 2 workers of 2 for evacuation
[2022-08-06T17:03:39.181+0000][gc,phases     ] GC(221)   Pre Evacuate Collection Set: 0.0ms
[2022-08-06T17:03:39.181+0000][gc,phases     ] GC(221)   Evacuate Collection Set: 6.3ms
[2022-08-06T17:03:39.181+0000][gc,phases     ] GC(221)   Post Evacuate Collection Set: 1.1ms
[2022-08-06T17:03:39.181+0000][gc,phases     ] GC(221)   Other: 0.2ms
[2022-08-06T17:03:39.181+0000][gc,heap       ] GC(221) Eden regions: 611->0(610)
[2022-08-06T17:03:39.181+0000][gc,heap       ] GC(221) Survivor regions: 3->4(77)
[2022-08-06T17:03:39.181+0000][gc,heap       ] GC(221) Old regions: 64->64
[2022-08-06T17:03:39.181+0000][gc,heap       ] GC(221) Humongous regions: 129->129
[2022-08-06T17:03:39.181+0000][gc,metaspace  ] GC(221) Metaspace: 45332K->45332K(1091584K)
[2022-08-06T17:03:39.181+0000][gc            ] GC(221) Pause Young (Normal) (G1 Evacuation Pause) 805M->194M(1024M) 7.753ms
[2022-08-06T17:03:39.181+0000][gc,cpu        ] GC(221) User=0.01s Sys=0.00s Real=0.00s
[2022-08-06T17:48:41.845+0000][gc,start      ] GC(222) Pause Young (Normal) (G1 Evacuation Pause)
[2022-08-06T17:48:41.845+0000][gc,task       ] GC(222) Using 2 workers of 2 for evacuation
[2022-08-06T17:48:41.853+0000][gc,phases     ] GC(222)   Pre Evacuate Collection Set: 0.0ms
[2022-08-06T17:48:41.853+0000][gc,phases     ] GC(222)   Evacuate Collection Set: 6.7ms
[2022-08-06T17:48:41.853+0000][gc,phases     ] GC(222)   Post Evacuate Collection Set: 0.8ms
[2022-08-06T17:48:41.853+0000][gc,phases     ] GC(222)   Other: 0.2ms
[2022-08-06T17:48:41.853+0000][gc,heap       ] GC(222) Eden regions: 610->0(610)
[2022-08-06T17:48:41.853+0000][gc,heap       ] GC(222) Survivor regions: 4->4(77)
[2022-08-06T17:48:41.853+0000][gc,heap       ] GC(222) Old regions: 64->64
[2022-08-06T17:48:41.853+0000][gc,heap       ] GC(222) Humongous regions: 129->129
[2022-08-06T17:48:41.853+0000][gc,metaspace  ] GC(222) Metaspace: 45332K->45332K(1091584K)
[2022-08-06T17:48:41.853+0000][gc            ] GC(222) Pause Young (Normal) (G1 Evacuation Pause) 804M->194M(1024M) 7.791ms
[2022-08-06T17:48:41.853+0000][gc,cpu        ] GC(222) User=0.01s Sys=0.00s Real=0.01s
[2022-08-06T18:33:52.220+0000][gc,start      ] GC(223) Pause Young (Normal) (G1 Evacuation Pause)
[2022-08-06T18:33:52.220+0000][gc,task       ] GC(223) Using 2 workers of 2 for evacuation
[2022-08-06T18:33:52.228+0000][gc,phases     ] GC(223)   Pre Evacuate Collection Set: 0.0ms
[2022-08-06T18:33:52.228+0000][gc,phases     ] GC(223)   Evacuate Collection Set: 7.4ms
[2022-08-06T18:33:52.228+0000][gc,phases     ] GC(223)   Post Evacuate Collection Set: 0.8ms
[2022-08-06T18:33:52.228+0000][gc,phases     ] GC(223)   Other: 0.2ms
[2022-08-06T18:33:52.228+0000][gc,heap       ] GC(223) Eden regions: 610->0(609)
[2022-08-06T18:33:52.228+0000][gc,heap       ] GC(223) Survivor regions: 4->5(77)
[2022-08-06T18:33:52.228+0000][gc,heap       ] GC(223) Old regions: 64->64
[2022-08-06T18:33:52.228+0000][gc,heap       ] GC(223) Humongous regions: 129->129
[2022-08-06T18:33:52.228+0000][gc,metaspace  ] GC(223) Metaspace: 45332K->45332K(1091584K)
[2022-08-06T18:33:52.228+0000][gc            ] GC(223) Pause Young (Normal) (G1 Evacuation Pause) 804M->195M(1024M) 8.496ms
[2022-08-06T18:33:52.228+0000][gc,cpu        ] GC(223) User=0.01s Sys=0.00s Real=0.01s
[2022-08-06T19:18:45.437+0000][gc,start      ] GC(224) Pause Young (Normal) (G1 Evacuation Pause)
[2022-08-06T19:18:45.437+0000][gc,task       ] GC(224) Using 2 workers of 2 for evacuation
[2022-08-06T19:18:45.445+0000][gc,phases     ] GC(224)   Pre Evacuate Collection Set: 0.0ms
[2022-08-06T19:18:45.445+0000][gc,phases     ] GC(224)   Evacuate Collection Set: 7.8ms
[2022-08-06T19:18:45.445+0000][gc,phases     ] GC(224)   Post Evacuate Collection Set: 0.8ms
[2022-08-06T19:18:45.445+0000][gc,phases     ] GC(224)   Other: 0.2ms
[2022-08-06T19:18:45.445+0000][gc,heap       ] GC(224) Eden regions: 609->0(609)
[2022-08-06T19:18:45.445+0000][gc,heap       ] GC(224) Survivor regions: 5->5(77)
[2022-08-06T19:18:45.445+0000][gc,heap       ] GC(224) Old regions: 64->64
[2022-08-06T19:18:45.445+0000][gc,heap       ] GC(224) Humongous regions: 129->129
[2022-08-06T19:18:45.445+0000][gc,metaspace  ] GC(224) Metaspace: 45332K->45332K(1091584K)
[2022-08-06T19:18:45.446+0000][gc            ] GC(224) Pause Young (Normal) (G1 Evacuation Pause) 804M->196M(1024M) 8.982ms
[2022-08-06T19:18:45.446+0000][gc,cpu        ] GC(224) User=0.02s Sys=0.00s Real=0.01s
[2022-08-06T20:03:41.704+0000][gc,start      ] GC(225) Pause Young (Normal) (G1 Evacuation Pause)
[2022-08-06T20:03:41.704+0000][gc,task       ] GC(225) Using 2 workers of 2 for evacuation
[2022-08-06T20:03:41.713+0000][gc,phases     ] GC(225)   Pre Evacuate Collection Set: 0.0ms
[2022-08-06T20:03:41.713+0000][gc,phases     ] GC(225)   Evacuate Collection Set: 7.9ms
[2022-08-06T20:03:41.713+0000][gc,phases     ] GC(225)   Post Evacuate Collection Set: 0.8ms
[2022-08-06T20:03:41.713+0000][gc,phases     ] GC(225)   Other: 0.3ms
[2022-08-06T20:03:41.713+0000][gc,heap       ] GC(225) Eden regions: 609->0(609)
[2022-08-06T20:03:41.713+0000][gc,heap       ] GC(225) Survivor regions: 5->5(77)
[2022-08-06T20:03:41.713+0000][gc,heap       ] GC(225) Old regions: 64->64
[2022-08-06T20:03:41.713+0000][gc,heap       ] GC(225) Humongous regions: 129->129
[2022-08-06T20:03:41.713+0000][gc,metaspace  ] GC(225) Metaspace: 45332K->45332K(1091584K)
[2022-08-06T20:03:41.713+0000][gc            ] GC(225) Pause Young (Normal) (G1 Evacuation Pause) 805M->196M(1024M) 9.076ms
[2022-08-06T20:03:41.714+0000][gc,cpu        ] GC(225) User=0.02s Sys=0.00s Real=0.01s
[2022-08-06T20:48:39.420+0000][gc,start      ] GC(226) Pause Young (Normal) (G1 Evacuation Pause)
[2022-08-06T20:48:39.420+0000][gc,task       ] GC(226) Using 2 workers of 2 for evacuation
[2022-08-06T20:48:39.430+0000][gc,phases     ] GC(226)   Pre Evacuate Collection Set: 0.0ms
[2022-08-06T20:48:39.430+0000][gc,phases     ] GC(226)   Evacuate Collection Set: 8.4ms
[2022-08-06T20:48:39.430+0000][gc,phases     ] GC(226)   Post Evacuate Collection Set: 0.8ms
[2022-08-06T20:48:39.430+0000][gc,phases     ] GC(226)   Other: 0.2ms
[2022-08-06T20:48:39.430+0000][gc,heap       ] GC(226) Eden regions: 609->0(609)
[2022-08-06T20:48:39.430+0000][gc,heap       ] GC(226) Survivor regions: 5->5(77)
[2022-08-06T20:48:39.430+0000][gc,heap       ] GC(226) Old regions: 64->64
[2022-08-06T20:48:39.430+0000][gc,heap       ] GC(226) Humongous regions: 129->129
[2022-08-06T20:48:39.430+0000][gc,metaspace  ] GC(226) Metaspace: 45332K->45332K(1091584K)
[2022-08-06T20:48:39.430+0000][gc            ] GC(226) Pause Young (Normal) (G1 Evacuation Pause) 805M->196M(1024M) 9.592ms
[2022-08-06T20:48:39.430+0000][gc,cpu        ] GC(226) User=0.02s Sys=0.00s Real=0.01s
[2022-08-06T21:33:49.830+0000][gc,start      ] GC(227) Pause Young (Normal) (G1 Evacuation Pause)
[2022-08-06T21:33:49.830+0000][gc,task       ] GC(227) Using 2 workers of 2 for evacuation
[2022-08-06T21:33:49.837+0000][gc,phases     ] GC(227)   Pre Evacuate Collection Set: 0.0ms
[2022-08-06T21:33:49.837+0000][gc,phases     ] GC(227)   Evacuate Collection Set: 5.9ms
[2022-08-06T21:33:49.837+0000][gc,phases     ] GC(227)   Post Evacuate Collection Set: 0.8ms
[2022-08-06T21:33:49.837+0000][gc,phases     ] GC(227)   Other: 0.2ms
[2022-08-06T21:33:49.837+0000][gc,heap       ] GC(227) Eden regions: 609->0(611)
[2022-08-06T21:33:49.837+0000][gc,heap       ] GC(227) Survivor regions: 5->3(77)
[2022-08-06T21:33:49.837+0000][gc,heap       ] GC(227) Old regions: 64->64
[2022-08-06T21:33:49.837+0000][gc,heap       ] GC(227) Humongous regions: 129->129
[2022-08-06T21:33:49.837+0000][gc,metaspace  ] GC(227) Metaspace: 45332K->45332K(1091584K)
[2022-08-06T21:33:49.837+0000][gc            ] GC(227) Pause Young (Normal) (G1 Evacuation Pause) 805M->194M(1024M) 7.028ms
[2022-08-06T21:33:49.837+0000][gc,cpu        ] GC(227) User=0.02s Sys=0.00s Real=0.01s
[2022-08-06T22:18:57.220+0000][gc,start      ] GC(228) Pause Young (Normal) (G1 Evacuation Pause)
[2022-08-06T22:18:57.220+0000][gc,task       ] GC(228) Using 2 workers of 2 for evacuation
[2022-08-06T22:18:57.227+0000][gc,phases     ] GC(228)   Pre Evacuate Collection Set: 0.0ms
[2022-08-06T22:18:57.227+0000][gc,phases     ] GC(228)   Evacuate Collection Set: 6.3ms
[2022-08-06T22:18:57.227+0000][gc,phases     ] GC(228)   Post Evacuate Collection Set: 0.8ms
[2022-08-06T22:18:57.227+0000][gc,phases     ] GC(228)   Other: 0.2ms
[2022-08-06T22:18:57.227+0000][gc,heap       ] GC(228) Eden regions: 611->0(610)
[2022-08-06T22:18:57.227+0000][gc,heap       ] GC(228) Survivor regions: 3->4(77)
[2022-08-06T22:18:57.227+0000][gc,heap       ] GC(228) Old regions: 64->64
[2022-08-06T22:18:57.227+0000][gc,heap       ] GC(228) Humongous regions: 129->129
[2022-08-06T22:18:57.227+0000][gc,metaspace  ] GC(228) Metaspace: 45332K->45332K(1091584K)
[2022-08-06T22:18:57.227+0000][gc            ] GC(228) Pause Young (Normal) (G1 Evacuation Pause) 805M->194M(1024M) 7.482ms
[2022-08-06T22:18:57.227+0000][gc,cpu        ] GC(228) User=0.01s Sys=0.00s Real=0.01s
[2022-08-06T23:04:02.362+0000][gc,start      ] GC(229) Pause Young (Normal) (G1 Evacuation Pause)
[2022-08-06T23:04:02.362+0000][gc,task       ] GC(229) Using 2 workers of 2 for evacuation
[2022-08-06T23:04:02.370+0000][gc,phases     ] GC(229)   Pre Evacuate Collection Set: 0.0ms
[2022-08-06T23:04:02.370+0000][gc,phases     ] GC(229)   Evacuate Collection Set: 6.9ms
[2022-08-06T23:04:02.370+0000][gc,phases     ] GC(229)   Post Evacuate Collection Set: 0.8ms
[2022-08-06T23:04:02.370+0000][gc,phases     ] GC(229)   Other: 0.2ms
[2022-08-06T23:04:02.370+0000][gc,heap       ] GC(229) Eden regions: 610->0(610)
[2022-08-06T23:04:02.370+0000][gc,heap       ] GC(229) Survivor regions: 4->4(77)
[2022-08-06T23:04:02.370+0000][gc,heap       ] GC(229) Old regions: 64->64
[2022-08-06T23:04:02.370+0000][gc,heap       ] GC(229) Humongous regions: 129->129
[2022-08-06T23:04:02.370+0000][gc,metaspace  ] GC(229) Metaspace: 45332K->45332K(1091584K)
[2022-08-06T23:04:02.370+0000][gc            ] GC(229) Pause Young (Normal) (G1 Evacuation Pause) 804M->195M(1024M) 8.062ms
[2022-08-06T23:04:02.370+0000][gc,cpu        ] GC(229) User=0.01s Sys=0.01s Real=0.01s
[2022-08-06T23:49:04.962+0000][gc,start      ] GC(230) Pause Young (Normal) (G1 Evacuation Pause)
[2022-08-06T23:49:04.962+0000][gc,task       ] GC(230) Using 2 workers of 2 for evacuation
[2022-08-06T23:49:04.970+0000][gc,phases     ] GC(230)   Pre Evacuate Collection Set: 0.0ms
[2022-08-06T23:49:04.970+0000][gc,phases     ] GC(230)   Evacuate Collection Set: 7.2ms
[2022-08-06T23:49:04.970+0000][gc,phases     ] GC(230)   Post Evacuate Collection Set: 0.8ms
[2022-08-06T23:49:04.970+0000][gc,phases     ] GC(230)   Other: 0.2ms
[2022-08-06T23:49:04.970+0000][gc,heap       ] GC(230) Eden regions: 610->0(609)
[2022-08-06T23:49:04.970+0000][gc,heap       ] GC(230) Survivor regions: 4->5(77)
[2022-08-06T23:49:04.970+0000][gc,heap       ] GC(230) Old regions: 64->64
[2022-08-06T23:49:04.970+0000][gc,heap       ] GC(230) Humongous regions: 129->129
[2022-08-06T23:49:04.970+0000][gc,metaspace  ] GC(230) Metaspace: 45332K->45332K(1091584K)
[2022-08-06T23:49:04.971+0000][gc            ] GC(230) Pause Young (Normal) (G1 Evacuation Pause) 805M->195M(1024M) 8.409ms
[2022-08-06T23:49:04.971+0000][gc,cpu        ] GC(230) User=0.02s Sys=0.00s Real=0.01s
[2022-08-07T00:34:08.564+0000][gc,start      ] GC(231) Pause Young (Normal) (G1 Evacuation Pause)
[2022-08-07T00:34:08.564+0000][gc,task       ] GC(231) Using 2 workers of 2 for evacuation
[2022-08-07T00:34:08.573+0000][gc,phases     ] GC(231)   Pre Evacuate Collection Set: 0.0ms
[2022-08-07T00:34:08.573+0000][gc,phases     ] GC(231)   Evacuate Collection Set: 8.1ms
[2022-08-07T00:34:08.573+0000][gc,phases     ] GC(231)   Post Evacuate Collection Set: 0.8ms
[2022-08-07T00:34:08.573+0000][gc,phases     ] GC(231)   Other: 0.2ms
[2022-08-07T00:34:08.573+0000][gc,heap       ] GC(231) Eden regions: 609->0(609)
[2022-08-07T00:34:08.573+0000][gc,heap       ] GC(231) Survivor regions: 5->5(77)
[2022-08-07T00:34:08.573+0000][gc,heap       ] GC(231) Old regions: 64->64
[2022-08-07T00:34:08.573+0000][gc,heap       ] GC(231) Humongous regions: 129->129
[2022-08-07T00:34:08.573+0000][gc,metaspace  ] GC(231) Metaspace: 45332K->45332K(1091584K)
[2022-08-07T00:34:08.573+0000][gc            ] GC(231) Pause Young (Normal) (G1 Evacuation Pause) 804M->196M(1024M) 9.245ms
[2022-08-07T00:34:08.573+0000][gc,cpu        ] GC(231) User=0.02s Sys=0.00s Real=0.02s
[2022-08-07T01:19:06.836+0000][gc,start      ] GC(232) Pause Young (Normal) (G1 Evacuation Pause)
[2022-08-07T01:19:06.837+0000][gc,task       ] GC(232) Using 2 workers of 2 for evacuation
[2022-08-07T01:19:06.846+0000][gc,phases     ] GC(232)   Pre Evacuate Collection Set: 0.0ms
[2022-08-07T01:19:06.846+0000][gc,phases     ] GC(232)   Evacuate Collection Set: 8.5ms
[2022-08-07T01:19:06.846+0000][gc,phases     ] GC(232)   Post Evacuate Collection Set: 0.8ms
[2022-08-07T01:19:06.846+0000][gc,phases     ] GC(232)   Other: 0.3ms
[2022-08-07T01:19:06.846+0000][gc,heap       ] GC(232) Eden regions: 609->0(609)
[2022-08-07T01:19:06.846+0000][gc,heap       ] GC(232) Survivor regions: 5->5(77)
[2022-08-07T01:19:06.846+0000][gc,heap       ] GC(232) Old regions: 64->64
[2022-08-07T01:19:06.846+0000][gc,heap       ] GC(232) Humongous regions: 129->129
[2022-08-07T01:19:06.846+0000][gc,metaspace  ] GC(232) Metaspace: 45332K->45332K(1091584K)
[2022-08-07T01:19:06.846+0000][gc            ] GC(232) Pause Young (Normal) (G1 Evacuation Pause) 805M->196M(1024M) 9.766ms
[2022-08-07T01:19:06.846+0000][gc,cpu        ] GC(232) User=0.02s Sys=0.00s Real=0.01s
[2022-08-07T02:04:01.532+0000][gc,start      ] GC(233) Pause Young (Normal) (G1 Evacuation Pause)
[2022-08-07T02:04:01.532+0000][gc,task       ] GC(233) Using 2 workers of 2 for evacuation
[2022-08-07T02:04:01.538+0000][gc,phases     ] GC(233)   Pre Evacuate Collection Set: 0.0ms
[2022-08-07T02:04:01.538+0000][gc,phases     ] GC(233)   Evacuate Collection Set: 5.4ms
[2022-08-07T02:04:01.538+0000][gc,phases     ] GC(233)   Post Evacuate Collection Set: 0.8ms
[2022-08-07T02:04:01.538+0000][gc,phases     ] GC(233)   Other: 0.2ms
[2022-08-07T02:04:01.538+0000][gc,heap       ] GC(233) Eden regions: 609->0(611)
[2022-08-07T02:04:01.538+0000][gc,heap       ] GC(233) Survivor regions: 5->3(77)
[2022-08-07T02:04:01.538+0000][gc,heap       ] GC(233) Old regions: 64->64
[2022-08-07T02:04:01.538+0000][gc,heap       ] GC(233) Humongous regions: 129->129
[2022-08-07T02:04:01.538+0000][gc,metaspace  ] GC(233) Metaspace: 45332K->45332K(1091584K)
[2022-08-07T02:04:01.538+0000][gc            ] GC(233) Pause Young (Normal) (G1 Evacuation Pause) 805M->194M(1024M) 6.588ms
[2022-08-07T02:04:01.538+0000][gc,cpu        ] GC(233) User=0.01s Sys=0.00s Real=0.01s
[2022-08-07T02:49:07.220+0000][gc,start      ] GC(234) Pause Young (Normal) (G1 Evacuation Pause)
[2022-08-07T02:49:07.220+0000][gc,task       ] GC(234) Using 2 workers of 2 for evacuation
[2022-08-07T02:49:07.226+0000][gc,phases     ] GC(234)   Pre Evacuate Collection Set: 0.0ms
[2022-08-07T02:49:07.227+0000][gc,phases     ] GC(234)   Evacuate Collection Set: 5.8ms
[2022-08-07T02:49:07.227+0000][gc,phases     ] GC(234)   Post Evacuate Collection Set: 0.8ms
[2022-08-07T02:49:07.227+0000][gc,phases     ] GC(234)   Other: 0.2ms
[2022-08-07T02:49:07.227+0000][gc,heap       ] GC(234) Eden regions: 611->0(611)
[2022-08-07T02:49:07.227+0000][gc,heap       ] GC(234) Survivor regions: 3->3(77)
[2022-08-07T02:49:07.227+0000][gc,heap       ] GC(234) Old regions: 64->64
[2022-08-07T02:49:07.227+0000][gc,heap       ] GC(234) Humongous regions: 129->129
[2022-08-07T02:49:07.227+0000][gc,metaspace  ] GC(234) Metaspace: 45332K->45332K(1091584K)
[2022-08-07T02:49:07.227+0000][gc            ] GC(234) Pause Young (Normal) (G1 Evacuation Pause) 805M->194M(1024M) 6.890ms
[2022-08-07T02:49:07.227+0000][gc,cpu        ] GC(234) User=0.02s Sys=0.00s Real=0.01s
[2022-08-07T03:34:25.091+0000][gc,start      ] GC(235) Pause Young (Normal) (G1 Evacuation Pause)
[2022-08-07T03:34:25.091+0000][gc,task       ] GC(235) Using 2 workers of 2 for evacuation
[2022-08-07T03:34:25.099+0000][gc,phases     ] GC(235)   Pre Evacuate Collection Set: 0.0ms
[2022-08-07T03:34:25.099+0000][gc,phases     ] GC(235)   Evacuate Collection Set: 6.9ms
[2022-08-07T03:34:25.099+0000][gc,phases     ] GC(235)   Post Evacuate Collection Set: 0.8ms
[2022-08-07T03:34:25.099+0000][gc,phases     ] GC(235)   Other: 0.2ms
[2022-08-07T03:34:25.099+0000][gc,heap       ] GC(235) Eden regions: 611->0(610)
[2022-08-07T03:34:25.099+0000][gc,heap       ] GC(235) Survivor regions: 3->4(77)
[2022-08-07T03:34:25.099+0000][gc,heap       ] GC(235) Old regions: 64->64
[2022-08-07T03:34:25.099+0000][gc,heap       ] GC(235) Humongous regions: 129->129
[2022-08-07T03:34:25.099+0000][gc,metaspace  ] GC(235) Metaspace: 45332K->45332K(1091584K)
[2022-08-07T03:34:25.099+0000][gc            ] GC(235) Pause Young (Normal) (G1 Evacuation Pause) 805M->195M(1024M) 8.052ms
[2022-08-07T03:34:25.099+0000][gc,cpu        ] GC(235) User=0.01s Sys=0.00s Real=0.01s
[2022-08-07T04:19:26.645+0000][gc,start      ] GC(236) Pause Young (Normal) (G1 Evacuation Pause)
[2022-08-07T04:19:26.645+0000][gc,task       ] GC(236) Using 2 workers of 2 for evacuation
[2022-08-07T04:19:26.653+0000][gc,phases     ] GC(236)   Pre Evacuate Collection Set: 0.0ms
[2022-08-07T04:19:26.653+0000][gc,phases     ] GC(236)   Evacuate Collection Set: 7.1ms
[2022-08-07T04:19:26.653+0000][gc,phases     ] GC(236)   Post Evacuate Collection Set: 0.8ms
[2022-08-07T04:19:26.653+0000][gc,phases     ] GC(236)   Other: 0.2ms
[2022-08-07T04:19:26.653+0000][gc,heap       ] GC(236) Eden regions: 610->0(609)
[2022-08-07T04:19:26.653+0000][gc,heap       ] GC(236) Survivor regions: 4->5(77)
[2022-08-07T04:19:26.653+0000][gc,heap       ] GC(236) Old regions: 64->64
[2022-08-07T04:19:26.653+0000][gc,heap       ] GC(236) Humongous regions: 129->129
[2022-08-07T04:19:26.653+0000][gc,metaspace  ] GC(236) Metaspace: 45332K->45332K(1091584K)
[2022-08-07T04:19:26.653+0000][gc            ] GC(236) Pause Young (Normal) (G1 Evacuation Pause) 805M->195M(1024M) 8.207ms
[2022-08-07T04:19:26.653+0000][gc,cpu        ] GC(236) User=0.02s Sys=0.00s Real=0.01s
[2022-08-07T05:04:21.235+0000][gc,start      ] GC(237) Pause Young (Normal) (G1 Evacuation Pause)
[2022-08-07T05:04:21.235+0000][gc,task       ] GC(237) Using 2 workers of 2 for evacuation
[2022-08-07T05:04:21.244+0000][gc,phases     ] GC(237)   Pre Evacuate Collection Set: 0.0ms
[2022-08-07T05:04:21.244+0000][gc,phases     ] GC(237)   Evacuate Collection Set: 7.7ms
[2022-08-07T05:04:21.244+0000][gc,phases     ] GC(237)   Post Evacuate Collection Set: 0.8ms
[2022-08-07T05:04:21.244+0000][gc,phases     ] GC(237)   Other: 0.2ms
[2022-08-07T05:04:21.244+0000][gc,heap       ] GC(237) Eden regions: 609->0(609)
[2022-08-07T05:04:21.244+0000][gc,heap       ] GC(237) Survivor regions: 5->5(77)
[2022-08-07T05:04:21.244+0000][gc,heap       ] GC(237) Old regions: 64->64
[2022-08-07T05:04:21.244+0000][gc,heap       ] GC(237) Humongous regions: 129->129
[2022-08-07T05:04:21.244+0000][gc,metaspace  ] GC(237) Metaspace: 45332K->45332K(1091584K)
[2022-08-07T05:04:21.244+0000][gc            ] GC(237) Pause Young (Normal) (G1 Evacuation Pause) 804M->195M(1024M) 8.833ms
[2022-08-07T05:04:21.244+0000][gc,cpu        ] GC(237) User=0.02s Sys=0.00s Real=0.00s
[2022-08-07T05:49:20.837+0000][gc,start      ] GC(238) Pause Young (Normal) (G1 Evacuation Pause)
[2022-08-07T05:49:20.837+0000][gc,task       ] GC(238) Using 2 workers of 2 for evacuation
[2022-08-07T05:49:20.847+0000][gc,phases     ] GC(238)   Pre Evacuate Collection Set: 0.0ms
[2022-08-07T05:49:20.847+0000][gc,phases     ] GC(238)   Evacuate Collection Set: 8.1ms
[2022-08-07T05:49:20.847+0000][gc,phases     ] GC(238)   Post Evacuate Collection Set: 0.7ms
[2022-08-07T05:49:20.847+0000][gc,phases     ] GC(238)   Other: 0.2ms
[2022-08-07T05:49:20.847+0000][gc,heap       ] GC(238) Eden regions: 609->0(609)
[2022-08-07T05:49:20.847+0000][gc,heap       ] GC(238) Survivor regions: 5->5(77)
[2022-08-07T05:49:20.847+0000][gc,heap       ] GC(238) Old regions: 64->64
[2022-08-07T05:49:20.847+0000][gc,heap       ] GC(238) Humongous regions: 129->129
[2022-08-07T05:49:20.847+0000][gc,metaspace  ] GC(238) Metaspace: 45332K->45332K(1091584K)
[2022-08-07T05:49:20.847+0000][gc            ] GC(238) Pause Young (Normal) (G1 Evacuation Pause) 804M->196M(1024M) 9.204ms
[2022-08-07T05:49:20.847+0000][gc,cpu        ] GC(238) User=0.02s Sys=0.00s Real=0.01s
[2022-08-07T06:34:23.128+0000][gc,start      ] GC(239) Pause Young (Normal) (G1 Evacuation Pause)
[2022-08-07T06:34:23.128+0000][gc,task       ] GC(239) Using 2 workers of 2 for evacuation
[2022-08-07T06:34:23.138+0000][gc,phases     ] GC(239)   Pre Evacuate Collection Set: 0.0ms
[2022-08-07T06:34:23.138+0000][gc,phases     ] GC(239)   Evacuate Collection Set: 8.7ms
[2022-08-07T06:34:23.138+0000][gc,phases     ] GC(239)   Post Evacuate Collection Set: 0.8ms
[2022-08-07T06:34:23.138+0000][gc,phases     ] GC(239)   Other: 0.3ms
[2022-08-07T06:34:23.138+0000][gc,heap       ] GC(239) Eden regions: 609->0(609)
[2022-08-07T06:34:23.138+0000][gc,heap       ] GC(239) Survivor regions: 5->5(77)
[2022-08-07T06:34:23.138+0000][gc,heap       ] GC(239) Old regions: 64->64
[2022-08-07T06:34:23.138+0000][gc,heap       ] GC(239) Humongous regions: 129->129
[2022-08-07T06:34:23.138+0000][gc,metaspace  ] GC(239) Metaspace: 45332K->45332K(1091584K)
[2022-08-07T06:34:23.138+0000][gc            ] GC(239) Pause Young (Normal) (G1 Evacuation Pause) 805M->196M(1024M) 9.893ms
[2022-08-07T06:34:23.138+0000][gc,cpu        ] GC(239) User=0.02s Sys=0.00s Real=0.01s
[2022-08-07T07:19:19.672+0000][gc,start      ] GC(240) Pause Young (Normal) (G1 Evacuation Pause)
[2022-08-07T07:19:19.672+0000][gc,task       ] GC(240) Using 2 workers of 2 for evacuation
[2022-08-07T07:19:19.678+0000][gc,phases     ] GC(240)   Pre Evacuate Collection Set: 0.0ms
[2022-08-07T07:19:19.678+0000][gc,phases     ] GC(240)   Evacuate Collection Set: 5.7ms
[2022-08-07T07:19:19.678+0000][gc,phases     ] GC(240)   Post Evacuate Collection Set: 0.8ms
[2022-08-07T07:19:19.678+0000][gc,phases     ] GC(240)   Other: 0.2ms
[2022-08-07T07:19:19.678+0000][gc,heap       ] GC(240) Eden regions: 609->0(611)
[2022-08-07T07:19:19.678+0000][gc,heap       ] GC(240) Survivor regions: 5->3(77)
[2022-08-07T07:19:19.678+0000][gc,heap       ] GC(240) Old regions: 64->64
[2022-08-07T07:19:19.678+0000][gc,heap       ] GC(240) Humongous regions: 129->129
[2022-08-07T07:19:19.678+0000][gc,metaspace  ] GC(240) Metaspace: 45332K->45332K(1091584K)
[2022-08-07T07:19:19.678+0000][gc            ] GC(240) Pause Young (Normal) (G1 Evacuation Pause) 805M->194M(1024M) 6.748ms
[2022-08-07T07:19:19.678+0000][gc,cpu        ] GC(240) User=0.00s Sys=0.01s Real=0.01s
[2022-08-07T08:04:26.602+0000][gc,start      ] GC(241) Pause Young (Normal) (G1 Evacuation Pause)
[2022-08-07T08:04:26.602+0000][gc,task       ] GC(241) Using 2 workers of 2 for evacuation
[2022-08-07T08:04:26.610+0000][gc,phases     ] GC(241)   Pre Evacuate Collection Set: 0.0ms
[2022-08-07T08:04:26.610+0000][gc,phases     ] GC(241)   Evacuate Collection Set: 7.3ms
[2022-08-07T08:04:26.610+0000][gc,phases     ] GC(241)   Post Evacuate Collection Set: 0.8ms
[2022-08-07T08:04:26.610+0000][gc,phases     ] GC(241)   Other: 0.2ms
[2022-08-07T08:04:26.610+0000][gc,heap       ] GC(241) Eden regions: 611->0(610)
[2022-08-07T08:04:26.610+0000][gc,heap       ] GC(241) Survivor regions: 3->4(77)
[2022-08-07T08:04:26.610+0000][gc,heap       ] GC(241) Old regions: 64->64
[2022-08-07T08:04:26.610+0000][gc,heap       ] GC(241) Humongous regions: 129->129
[2022-08-07T08:04:26.610+0000][gc,metaspace  ] GC(241) Metaspace: 45332K->45332K(1091584K)
[2022-08-07T08:04:26.610+0000][gc            ] GC(241) Pause Young (Normal) (G1 Evacuation Pause) 805M->194M(1024M) 8.434ms
[2022-08-07T08:04:26.610+0000][gc,cpu        ] GC(241) User=0.01s Sys=0.00s Real=0.01s
[2022-08-07T08:49:31.817+0000][gc,start      ] GC(242) Pause Young (Normal) (G1 Evacuation Pause)
[2022-08-07T08:49:31.817+0000][gc,task       ] GC(242) Using 2 workers of 2 for evacuation
[2022-08-07T08:49:31.825+0000][gc,phases     ] GC(242)   Pre Evacuate Collection Set: 0.0ms
[2022-08-07T08:49:31.825+0000][gc,phases     ] GC(242)   Evacuate Collection Set: 6.7ms
[2022-08-07T08:49:31.825+0000][gc,phases     ] GC(242)   Post Evacuate Collection Set: 0.8ms
[2022-08-07T08:49:31.825+0000][gc,phases     ] GC(242)   Other: 0.2ms
[2022-08-07T08:49:31.825+0000][gc,heap       ] GC(242) Eden regions: 610->0(610)
[2022-08-07T08:49:31.825+0000][gc,heap       ] GC(242) Survivor regions: 4->4(77)
[2022-08-07T08:49:31.825+0000][gc,heap       ] GC(242) Old regions: 64->64
[2022-08-07T08:49:31.825+0000][gc,heap       ] GC(242) Humongous regions: 129->129
[2022-08-07T08:49:31.825+0000][gc,metaspace  ] GC(242) Metaspace: 45332K->45332K(1091584K)
[2022-08-07T08:49:31.825+0000][gc            ] GC(242) Pause Young (Normal) (G1 Evacuation Pause) 804M->195M(1024M) 7.833ms
[2022-08-07T08:49:31.825+0000][gc,cpu        ] GC(242) User=0.02s Sys=0.00s Real=0.01s
[2022-08-07T09:34:42.220+0000][gc,start      ] GC(243) Pause Young (Normal) (G1 Evacuation Pause)
[2022-08-07T09:34:42.220+0000][gc,task       ] GC(243) Using 2 workers of 2 for evacuation
[2022-08-07T09:34:42.228+0000][gc,phases     ] GC(243)   Pre Evacuate Collection Set: 0.0ms
[2022-08-07T09:34:42.228+0000][gc,phases     ] GC(243)   Evacuate Collection Set: 7.6ms
[2022-08-07T09:34:42.228+0000][gc,phases     ] GC(243)   Post Evacuate Collection Set: 0.8ms
[2022-08-07T09:34:42.228+0000][gc,phases     ] GC(243)   Other: 0.2ms
[2022-08-07T09:34:42.228+0000][gc,heap       ] GC(243) Eden regions: 610->0(609)
[2022-08-07T09:34:42.228+0000][gc,heap       ] GC(243) Survivor regions: 4->5(77)
[2022-08-07T09:34:42.228+0000][gc,heap       ] GC(243) Old regions: 64->64
[2022-08-07T09:34:42.228+0000][gc,heap       ] GC(243) Humongous regions: 129->129
[2022-08-07T09:34:42.228+0000][gc,metaspace  ] GC(243) Metaspace: 45332K->45332K(1091584K)
[2022-08-07T09:34:42.228+0000][gc            ] GC(243) Pause Young (Normal) (G1 Evacuation Pause) 805M->196M(1024M) 8.727ms
[2022-08-07T09:34:42.228+0000][gc,cpu        ] GC(243) User=0.01s Sys=0.00s Real=0.01s
[2022-08-07T10:19:35.252+0000][gc,start      ] GC(244) Pause Young (Normal) (G1 Evacuation Pause)
[2022-08-07T10:19:35.252+0000][gc,task       ] GC(244) Using 2 workers of 2 for evacuation
[2022-08-07T10:19:35.261+0000][gc,phases     ] GC(244)   Pre Evacuate Collection Set: 0.0ms
[2022-08-07T10:19:35.261+0000][gc,phases     ] GC(244)   Evacuate Collection Set: 7.6ms
[2022-08-07T10:19:35.261+0000][gc,phases     ] GC(244)   Post Evacuate Collection Set: 1.1ms
[2022-08-07T10:19:35.261+0000][gc,phases     ] GC(244)   Other: 0.2ms
[2022-08-07T10:19:35.261+0000][gc,heap       ] GC(244) Eden regions: 609->0(609)
[2022-08-07T10:19:35.261+0000][gc,heap       ] GC(244) Survivor regions: 5->5(77)
[2022-08-07T10:19:35.261+0000][gc,heap       ] GC(244) Old regions: 64->64
[2022-08-07T10:19:35.261+0000][gc,heap       ] GC(244) Humongous regions: 129->129
[2022-08-07T10:19:35.261+0000][gc,metaspace  ] GC(244) Metaspace: 45332K->45332K(1091584K)
[2022-08-07T10:19:35.261+0000][gc            ] GC(244) Pause Young (Normal) (G1 Evacuation Pause) 805M->196M(1024M) 9.054ms
[2022-08-07T10:19:35.261+0000][gc,cpu        ] GC(244) User=0.02s Sys=0.00s Real=0.01s
[2022-08-07T11:04:31.084+0000][gc,start      ] GC(245) Pause Young (Normal) (G1 Evacuation Pause)
[2022-08-07T11:04:31.084+0000][gc,task       ] GC(245) Using 2 workers of 2 for evacuation
[2022-08-07T11:04:31.093+0000][gc,phases     ] GC(245)   Pre Evacuate Collection Set: 0.0ms
[2022-08-07T11:04:31.093+0000][gc,phases     ] GC(245)   Evacuate Collection Set: 8.3ms
[2022-08-07T11:04:31.093+0000][gc,phases     ] GC(245)   Post Evacuate Collection Set: 0.8ms
[2022-08-07T11:04:31.093+0000][gc,phases     ] GC(245)   Other: 0.2ms
[2022-08-07T11:04:31.093+0000][gc,heap       ] GC(245) Eden regions: 609->0(609)
[2022-08-07T11:04:31.093+0000][gc,heap       ] GC(245) Survivor regions: 5->5(77)
[2022-08-07T11:04:31.093+0000][gc,heap       ] GC(245) Old regions: 64->64
[2022-08-07T11:04:31.093+0000][gc,heap       ] GC(245) Humongous regions: 129->129
[2022-08-07T11:04:31.093+0000][gc,metaspace  ] GC(245) Metaspace: 45332K->45332K(1091584K)
[2022-08-07T11:04:31.093+0000][gc            ] GC(245) Pause Young (Normal) (G1 Evacuation Pause) 805M->196M(1024M) 9.506ms
[2022-08-07T11:04:31.093+0000][gc,cpu        ] GC(245) User=0.02s Sys=0.00s Real=0.02s
[2022-08-07T11:49:26.962+0000][gc,start      ] GC(246) Pause Young (Normal) (G1 Evacuation Pause)
[2022-08-07T11:49:26.962+0000][gc,task       ] GC(246) Using 2 workers of 2 for evacuation
[2022-08-07T11:49:26.971+0000][gc,phases     ] GC(246)   Pre Evacuate Collection Set: 0.0ms
[2022-08-07T11:49:26.971+0000][gc,phases     ] GC(246)   Evacuate Collection Set: 8.3ms
[2022-08-07T11:49:26.971+0000][gc,phases     ] GC(246)   Post Evacuate Collection Set: 0.8ms
[2022-08-07T11:49:26.971+0000][gc,phases     ] GC(246)   Other: 0.2ms
[2022-08-07T11:49:26.971+0000][gc,heap       ] GC(246) Eden regions: 609->0(608)
[2022-08-07T11:49:26.971+0000][gc,heap       ] GC(246) Survivor regions: 5->6(77)
[2022-08-07T11:49:26.971+0000][gc,heap       ] GC(246) Old regions: 64->64
[2022-08-07T11:49:26.971+0000][gc,heap       ] GC(246) Humongous regions: 129->129
[2022-08-07T11:49:26.971+0000][gc,metaspace  ] GC(246) Metaspace: 45332K->45332K(1091584K)
[2022-08-07T11:49:26.971+0000][gc            ] GC(246) Pause Young (Normal) (G1 Evacuation Pause) 805M->196M(1024M) 9.437ms
[2022-08-07T11:49:26.971+0000][gc,cpu        ] GC(246) User=0.02s Sys=0.00s Real=0.01s
[2022-08-07T12:34:30.840+0000][gc,start      ] GC(247) Pause Young (Normal) (G1 Evacuation Pause)
[2022-08-07T12:34:30.840+0000][gc,task       ] GC(247) Using 2 workers of 2 for evacuation
[2022-08-07T12:34:30.847+0000][gc,phases     ] GC(247)   Pre Evacuate Collection Set: 0.0ms
[2022-08-07T12:34:30.847+0000][gc,phases     ] GC(247)   Evacuate Collection Set: 5.7ms
[2022-08-07T12:34:30.847+0000][gc,phases     ] GC(247)   Post Evacuate Collection Set: 0.8ms
[2022-08-07T12:34:30.847+0000][gc,phases     ] GC(247)   Other: 0.2ms
[2022-08-07T12:34:30.847+0000][gc,heap       ] GC(247) Eden regions: 608->0(611)
[2022-08-07T12:34:30.847+0000][gc,heap       ] GC(247) Survivor regions: 6->3(77)
[2022-08-07T12:34:30.847+0000][gc,heap       ] GC(247) Old regions: 64->64
[2022-08-07T12:34:30.847+0000][gc,heap       ] GC(247) Humongous regions: 129->129
[2022-08-07T12:34:30.847+0000][gc,metaspace  ] GC(247) Metaspace: 45332K->45332K(1091584K)
[2022-08-07T12:34:30.847+0000][gc            ] GC(247) Pause Young (Normal) (G1 Evacuation Pause) 804M->194M(1024M) 6.856ms
[2022-08-07T12:34:30.847+0000][gc,cpu        ] GC(247) User=0.01s Sys=0.00s Real=0.01s
[2022-08-07T13:19:34.489+0000][gc,start      ] GC(248) Pause Young (Normal) (G1 Evacuation Pause)
[2022-08-07T13:19:34.489+0000][gc,task       ] GC(248) Using 2 workers of 2 for evacuation
[2022-08-07T13:19:34.496+0000][gc,phases     ] GC(248)   Pre Evacuate Collection Set: 0.0ms
[2022-08-07T13:19:34.496+0000][gc,phases     ] GC(248)   Evacuate Collection Set: 6.3ms
[2022-08-07T13:19:34.496+0000][gc,phases     ] GC(248)   Post Evacuate Collection Set: 0.8ms
[2022-08-07T13:19:34.496+0000][gc,phases     ] GC(248)   Other: 0.2ms
[2022-08-07T13:19:34.496+0000][gc,heap       ] GC(248) Eden regions: 611->0(610)
[2022-08-07T13:19:34.496+0000][gc,heap       ] GC(248) Survivor regions: 3->4(77)
[2022-08-07T13:19:34.496+0000][gc,heap       ] GC(248) Old regions: 64->64
[2022-08-07T13:19:34.496+0000][gc,heap       ] GC(248) Humongous regions: 129->129
[2022-08-07T13:19:34.496+0000][gc,metaspace  ] GC(248) Metaspace: 45332K->45332K(1091584K)
[2022-08-07T13:19:34.496+0000][gc            ] GC(248) Pause Young (Normal) (G1 Evacuation Pause) 805M->194M(1024M) 7.396ms
[2022-08-07T13:19:34.496+0000][gc,cpu        ] GC(248) User=0.01s Sys=0.00s Real=0.01s
[2022-08-07T14:04:32.220+0000][gc,start      ] GC(249) Pause Young (Normal) (G1 Evacuation Pause)
[2022-08-07T14:04:32.220+0000][gc,task       ] GC(249) Using 2 workers of 2 for evacuation
[2022-08-07T14:04:32.227+0000][gc,phases     ] GC(249)   Pre Evacuate Collection Set: 0.0ms
[2022-08-07T14:04:32.227+0000][gc,phases     ] GC(249)   Evacuate Collection Set: 6.5ms
[2022-08-07T14:04:32.227+0000][gc,phases     ] GC(249)   Post Evacuate Collection Set: 0.8ms
[2022-08-07T14:04:32.227+0000][gc,phases     ] GC(249)   Other: 0.2ms
[2022-08-07T14:04:32.227+0000][gc,heap       ] GC(249) Eden regions: 610->0(610)
[2022-08-07T14:04:32.227+0000][gc,heap       ] GC(249) Survivor regions: 4->4(77)
[2022-08-07T14:04:32.227+0000][gc,heap       ] GC(249) Old regions: 64->64
[2022-08-07T14:04:32.227+0000][gc,heap       ] GC(249) Humongous regions: 129->129
[2022-08-07T14:04:32.227+0000][gc,metaspace  ] GC(249) Metaspace: 45332K->45332K(1091584K)
[2022-08-07T14:04:32.227+0000][gc            ] GC(249) Pause Young (Normal) (G1 Evacuation Pause) 804M->195M(1024M) 7.613ms
[2022-08-07T14:04:32.227+0000][gc,cpu        ] GC(249) User=0.02s Sys=0.00s Real=0.01s
[2022-08-07T14:49:37.525+0000][gc,start      ] GC(250) Pause Young (Normal) (G1 Evacuation Pause)
[2022-08-07T14:49:37.525+0000][gc,task       ] GC(250) Using 2 workers of 2 for evacuation
[2022-08-07T14:49:37.534+0000][gc,phases     ] GC(250)   Pre Evacuate Collection Set: 0.0ms
[2022-08-07T14:49:37.534+0000][gc,phases     ] GC(250)   Evacuate Collection Set: 7.1ms
[2022-08-07T14:49:37.534+0000][gc,phases     ] GC(250)   Post Evacuate Collection Set: 1.1ms
[2022-08-07T14:49:37.534+0000][gc,phases     ] GC(250)   Other: 0.2ms
[2022-08-07T14:49:37.534+0000][gc,heap       ] GC(250) Eden regions: 610->0(610)
[2022-08-07T14:49:37.534+0000][gc,heap       ] GC(250) Survivor regions: 4->4(77)
[2022-08-07T14:49:37.534+0000][gc,heap       ] GC(250) Old regions: 64->64
[2022-08-07T14:49:37.534+0000][gc,heap       ] GC(250) Humongous regions: 129->129
[2022-08-07T14:49:37.534+0000][gc,metaspace  ] GC(250) Metaspace: 45332K->45332K(1091584K)
[2022-08-07T14:49:37.534+0000][gc            ] GC(250) Pause Young (Normal) (G1 Evacuation Pause) 805M->195M(1024M) 8.603ms
[2022-08-07T14:49:37.534+0000][gc,cpu        ] GC(250) User=0.01s Sys=0.00s Real=0.01s
[2022-08-07T15:34:49.740+0000][gc,start      ] GC(251) Pause Young (Normal) (G1 Evacuation Pause)
[2022-08-07T15:34:49.740+0000][gc,task       ] GC(251) Using 2 workers of 2 for evacuation
[2022-08-07T15:34:49.749+0000][gc,phases     ] GC(251)   Pre Evacuate Collection Set: 0.0ms
[2022-08-07T15:34:49.749+0000][gc,phases     ] GC(251)   Evacuate Collection Set: 8.1ms
[2022-08-07T15:34:49.749+0000][gc,phases     ] GC(251)   Post Evacuate Collection Set: 0.8ms
[2022-08-07T15:34:49.749+0000][gc,phases     ] GC(251)   Other: 0.2ms
[2022-08-07T15:34:49.749+0000][gc,heap       ] GC(251) Eden regions: 610->0(609)
[2022-08-07T15:34:49.749+0000][gc,heap       ] GC(251) Survivor regions: 4->5(77)
[2022-08-07T15:34:49.749+0000][gc,heap       ] GC(251) Old regions: 64->64
[2022-08-07T15:34:49.749+0000][gc,heap       ] GC(251) Humongous regions: 129->129
[2022-08-07T15:34:49.749+0000][gc,metaspace  ] GC(251) Metaspace: 45332K->45332K(1091584K)
[2022-08-07T15:34:49.749+0000][gc            ] GC(251) Pause Young (Normal) (G1 Evacuation Pause) 805M->196M(1024M) 9.241ms
[2022-08-07T15:34:49.749+0000][gc,cpu        ] GC(251) User=0.01s Sys=0.00s Real=0.01s
[2022-08-07T16:19:46.325+0000][gc,start      ] GC(252) Pause Young (Normal) (G1 Evacuation Pause)
[2022-08-07T16:19:46.325+0000][gc,task       ] GC(252) Using 2 workers of 2 for evacuation
[2022-08-07T16:19:46.334+0000][gc,phases     ] GC(252)   Pre Evacuate Collection Set: 0.0ms
[2022-08-07T16:19:46.334+0000][gc,phases     ] GC(252)   Evacuate Collection Set: 8.4ms
[2022-08-07T16:19:46.334+0000][gc,phases     ] GC(252)   Post Evacuate Collection Set: 0.8ms
[2022-08-07T16:19:46.334+0000][gc,phases     ] GC(252)   Other: 0.2ms
[2022-08-07T16:19:46.334+0000][gc,heap       ] GC(252) Eden regions: 609->0(609)
[2022-08-07T16:19:46.334+0000][gc,heap       ] GC(252) Survivor regions: 5->5(77)
[2022-08-07T16:19:46.334+0000][gc,heap       ] GC(252) Old regions: 64->64
[2022-08-07T16:19:46.334+0000][gc,heap       ] GC(252) Humongous regions: 129->129
[2022-08-07T16:19:46.334+0000][gc,metaspace  ] GC(252) Metaspace: 45332K->45332K(1091584K)
[2022-08-07T16:19:46.334+0000][gc            ] GC(252) Pause Young (Normal) (G1 Evacuation Pause) 805M->196M(1024M) 9.560ms
[2022-08-07T16:19:46.334+0000][gc,cpu        ] GC(252) User=0.02s Sys=0.00s Real=0.01s
[2022-08-07T17:04:44.004+0000][gc,start      ] GC(253) Pause Young (Normal) (G1 Evacuation Pause)
[2022-08-07T17:04:44.004+0000][gc,task       ] GC(253) Using 2 workers of 2 for evacuation
[2022-08-07T17:04:44.010+0000][gc,phases     ] GC(253)   Pre Evacuate Collection Set: 0.0ms
[2022-08-07T17:04:44.010+0000][gc,phases     ] GC(253)   Evacuate Collection Set: 5.0ms
[2022-08-07T17:04:44.010+0000][gc,phases     ] GC(253)   Post Evacuate Collection Set: 0.7ms
[2022-08-07T17:04:44.010+0000][gc,phases     ] GC(253)   Other: 0.2ms
[2022-08-07T17:04:44.010+0000][gc,heap       ] GC(253) Eden regions: 609->0(611)
[2022-08-07T17:04:44.010+0000][gc,heap       ] GC(253) Survivor regions: 5->3(77)
[2022-08-07T17:04:44.010+0000][gc,heap       ] GC(253) Old regions: 64->64
[2022-08-07T17:04:44.010+0000][gc,heap       ] GC(253) Humongous regions: 129->129
[2022-08-07T17:04:44.010+0000][gc,metaspace  ] GC(253) Metaspace: 45332K->45332K(1091584K)
[2022-08-07T17:04:44.010+0000][gc            ] GC(253) Pause Young (Normal) (G1 Evacuation Pause) 805M->194M(1024M) 6.141ms
[2022-08-07T17:04:44.010+0000][gc,cpu        ] GC(253) User=0.00s Sys=0.01s Real=0.01s
[2022-08-07T17:49:50.942+0000][gc,start      ] GC(254) Pause Young (Normal) (G1 Evacuation Pause)
[2022-08-07T17:49:50.942+0000][gc,task       ] GC(254) Using 2 workers of 2 for evacuation
[2022-08-07T17:49:50.949+0000][gc,phases     ] GC(254)   Pre Evacuate Collection Set: 0.0ms
[2022-08-07T17:49:50.949+0000][gc,phases     ] GC(254)   Evacuate Collection Set: 5.8ms
[2022-08-07T17:49:50.949+0000][gc,phases     ] GC(254)   Post Evacuate Collection Set: 0.8ms
[2022-08-07T17:49:50.949+0000][gc,phases     ] GC(254)   Other: 0.2ms
[2022-08-07T17:49:50.949+0000][gc,heap       ] GC(254) Eden regions: 611->0(611)
[2022-08-07T17:49:50.949+0000][gc,heap       ] GC(254) Survivor regions: 3->3(77)
[2022-08-07T17:49:50.949+0000][gc,heap       ] GC(254) Old regions: 64->64
[2022-08-07T17:49:50.949+0000][gc,heap       ] GC(254) Humongous regions: 129->129
[2022-08-07T17:49:50.949+0000][gc,metaspace  ] GC(254) Metaspace: 45332K->45332K(1091584K)
[2022-08-07T17:49:50.949+0000][gc            ] GC(254) Pause Young (Normal) (G1 Evacuation Pause) 805M->194M(1024M) 6.901ms
[2022-08-07T17:49:50.949+0000][gc,cpu        ] GC(254) User=0.02s Sys=0.00s Real=0.01s
[2022-08-07T18:35:07.465+0000][gc,start      ] GC(255) Pause Young (Normal) (G1 Evacuation Pause)
[2022-08-07T18:35:07.465+0000][gc,task       ] GC(255) Using 2 workers of 2 for evacuation
[2022-08-07T18:35:07.473+0000][gc,phases     ] GC(255)   Pre Evacuate Collection Set: 0.0ms
[2022-08-07T18:35:07.473+0000][gc,phases     ] GC(255)   Evacuate Collection Set: 6.8ms
[2022-08-07T18:35:07.473+0000][gc,phases     ] GC(255)   Post Evacuate Collection Set: 0.8ms
[2022-08-07T18:35:07.473+0000][gc,phases     ] GC(255)   Other: 0.2ms
[2022-08-07T18:35:07.473+0000][gc,heap       ] GC(255) Eden regions: 611->0(610)
[2022-08-07T18:35:07.473+0000][gc,heap       ] GC(255) Survivor regions: 3->4(77)
[2022-08-07T18:35:07.473+0000][gc,heap       ] GC(255) Old regions: 64->64
[2022-08-07T18:35:07.473+0000][gc,heap       ] GC(255) Humongous regions: 129->129
[2022-08-07T18:35:07.473+0000][gc,metaspace  ] GC(255) Metaspace: 45332K->45332K(1091584K)
[2022-08-07T18:35:07.473+0000][gc            ] GC(255) Pause Young (Normal) (G1 Evacuation Pause) 805M->195M(1024M) 7.985ms
[2022-08-07T18:35:07.473+0000][gc,cpu        ] GC(255) User=0.01s Sys=0.00s Real=0.01s
[2022-08-07T19:20:08.564+0000][gc,start      ] GC(256) Pause Young (Normal) (G1 Evacuation Pause)
[2022-08-07T19:20:08.564+0000][gc,task       ] GC(256) Using 2 workers of 2 for evacuation
[2022-08-07T19:20:08.572+0000][gc,phases     ] GC(256)   Pre Evacuate Collection Set: 0.0ms
[2022-08-07T19:20:08.572+0000][gc,phases     ] GC(256)   Evacuate Collection Set: 7.3ms
[2022-08-07T19:20:08.572+0000][gc,phases     ] GC(256)   Post Evacuate Collection Set: 0.8ms
[2022-08-07T19:20:08.572+0000][gc,phases     ] GC(256)   Other: 0.2ms
[2022-08-07T19:20:08.572+0000][gc,heap       ] GC(256) Eden regions: 610->0(610)
[2022-08-07T19:20:08.572+0000][gc,heap       ] GC(256) Survivor regions: 4->4(77)
[2022-08-07T19:20:08.572+0000][gc,heap       ] GC(256) Old regions: 64->64
[2022-08-07T19:20:08.572+0000][gc,heap       ] GC(256) Humongous regions: 129->129
[2022-08-07T19:20:08.572+0000][gc,metaspace  ] GC(256) Metaspace: 45332K->45332K(1091584K)
[2022-08-07T19:20:08.572+0000][gc            ] GC(256) Pause Young (Normal) (G1 Evacuation Pause) 805M->195M(1024M) 8.434ms
[2022-08-07T19:20:08.572+0000][gc,cpu        ] GC(256) User=0.01s Sys=0.00s Real=0.01s
[2022-08-07T20:05:08.612+0000][gc,start      ] GC(257) Pause Young (Normal) (G1 Evacuation Pause)
[2022-08-07T20:05:08.612+0000][gc,task       ] GC(257) Using 2 workers of 2 for evacuation
[2022-08-07T20:05:08.621+0000][gc,phases     ] GC(257)   Pre Evacuate Collection Set: 0.0ms
[2022-08-07T20:05:08.621+0000][gc,phases     ] GC(257)   Evacuate Collection Set: 7.8ms
[2022-08-07T20:05:08.621+0000][gc,phases     ] GC(257)   Post Evacuate Collection Set: 0.8ms
[2022-08-07T20:05:08.621+0000][gc,phases     ] GC(257)   Other: 0.2ms
[2022-08-07T20:05:08.621+0000][gc,heap       ] GC(257) Eden regions: 610->0(609)
[2022-08-07T20:05:08.621+0000][gc,heap       ] GC(257) Survivor regions: 4->5(77)
[2022-08-07T20:05:08.621+0000][gc,heap       ] GC(257) Old regions: 64->64
[2022-08-07T20:05:08.621+0000][gc,heap       ] GC(257) Humongous regions: 129->129
[2022-08-07T20:05:08.621+0000][gc,metaspace  ] GC(257) Metaspace: 45332K->45332K(1091584K)
[2022-08-07T20:05:08.621+0000][gc            ] GC(257) Pause Young (Normal) (G1 Evacuation Pause) 805M->195M(1024M) 8.947ms
[2022-08-07T20:05:08.621+0000][gc,cpu        ] GC(257) User=0.02s Sys=0.00s Real=0.01s
[2022-08-07T20:50:07.220+0000][gc,start      ] GC(258) Pause Young (Normal) (G1 Evacuation Pause)
[2022-08-07T20:50:07.220+0000][gc,task       ] GC(258) Using 2 workers of 2 for evacuation
[2022-08-07T20:50:07.229+0000][gc,phases     ] GC(258)   Pre Evacuate Collection Set: 0.0ms
[2022-08-07T20:50:07.229+0000][gc,phases     ] GC(258)   Evacuate Collection Set: 8.1ms
[2022-08-07T20:50:07.229+0000][gc,phases     ] GC(258)   Post Evacuate Collection Set: 0.8ms
[2022-08-07T20:50:07.229+0000][gc,phases     ] GC(258)   Other: 0.2ms
[2022-08-07T20:50:07.229+0000][gc,heap       ] GC(258) Eden regions: 609->0(609)
[2022-08-07T20:50:07.229+0000][gc,heap       ] GC(258) Survivor regions: 5->5(77)
[2022-08-07T20:50:07.229+0000][gc,heap       ] GC(258) Old regions: 64->64
[2022-08-07T20:50:07.229+0000][gc,heap       ] GC(258) Humongous regions: 129->129
[2022-08-07T20:50:07.229+0000][gc,metaspace  ] GC(258) Metaspace: 45332K->45332K(1091584K)
[2022-08-07T20:50:07.229+0000][gc            ] GC(258) Pause Young (Normal) (G1 Evacuation Pause) 804M->196M(1024M) 9.290ms
[2022-08-07T20:50:07.229+0000][gc,cpu        ] GC(258) User=0.02s Sys=0.00s Real=0.01s
[2022-08-07T21:35:13.848+0000][gc,start      ] GC(259) Pause Young (Normal) (G1 Evacuation Pause)
[2022-08-07T21:35:13.848+0000][gc,task       ] GC(259) Using 2 workers of 2 for evacuation
[2022-08-07T21:35:13.854+0000][gc,phases     ] GC(259)   Pre Evacuate Collection Set: 0.0ms
[2022-08-07T21:35:13.854+0000][gc,phases     ] GC(259)   Evacuate Collection Set: 5.1ms
[2022-08-07T21:35:13.854+0000][gc,phases     ] GC(259)   Post Evacuate Collection Set: 0.7ms
[2022-08-07T21:35:13.854+0000][gc,phases     ] GC(259)   Other: 0.2ms
[2022-08-07T21:35:13.854+0000][gc,heap       ] GC(259) Eden regions: 609->0(611)
[2022-08-07T21:35:13.854+0000][gc,heap       ] GC(259) Survivor regions: 5->3(77)
[2022-08-07T21:35:13.854+0000][gc,heap       ] GC(259) Old regions: 64->64
[2022-08-07T21:35:13.854+0000][gc,heap       ] GC(259) Humongous regions: 129->129
[2022-08-07T21:35:13.854+0000][gc,metaspace  ] GC(259) Metaspace: 45332K->45332K(1091584K)
[2022-08-07T21:35:13.854+0000][gc            ] GC(259) Pause Young (Normal) (G1 Evacuation Pause) 805M->194M(1024M) 6.163ms
[2022-08-07T21:35:13.854+0000][gc,cpu        ] GC(259) User=0.00s Sys=0.01s Real=0.01s
[2022-08-07T22:20:20.296+0000][gc,start      ] GC(260) Pause Young (Normal) (G1 Evacuation Pause)
[2022-08-07T22:20:20.296+0000][gc,task       ] GC(260) Using 2 workers of 2 for evacuation
[2022-08-07T22:20:20.303+0000][gc,phases     ] GC(260)   Pre Evacuate Collection Set: 0.0ms
[2022-08-07T22:20:20.303+0000][gc,phases     ] GC(260)   Evacuate Collection Set: 5.7ms
[2022-08-07T22:20:20.303+0000][gc,phases     ] GC(260)   Post Evacuate Collection Set: 0.8ms
[2022-08-07T22:20:20.303+0000][gc,phases     ] GC(260)   Other: 0.2ms
[2022-08-07T22:20:20.303+0000][gc,heap       ] GC(260) Eden regions: 611->0(611)
[2022-08-07T22:20:20.303+0000][gc,heap       ] GC(260) Survivor regions: 3->3(77)
[2022-08-07T22:20:20.303+0000][gc,heap       ] GC(260) Old regions: 64->64
[2022-08-07T22:20:20.303+0000][gc,heap       ] GC(260) Humongous regions: 129->129
[2022-08-07T22:20:20.303+0000][gc,metaspace  ] GC(260) Metaspace: 45332K->45332K(1091584K)
[2022-08-07T22:20:20.303+0000][gc            ] GC(260) Pause Young (Normal) (G1 Evacuation Pause) 805M->194M(1024M) 6.810ms
[2022-08-07T22:20:20.303+0000][gc,cpu        ] GC(260) User=0.02s Sys=0.00s Real=0.00s
[2022-08-07T23:05:25.561+0000][gc,start      ] GC(261) Pause Young (Normal) (G1 Evacuation Pause)
[2022-08-07T23:05:25.561+0000][gc,task       ] GC(261) Using 2 workers of 2 for evacuation
[2022-08-07T23:05:25.568+0000][gc,phases     ] GC(261)   Pre Evacuate Collection Set: 0.0ms
[2022-08-07T23:05:25.568+0000][gc,phases     ] GC(261)   Evacuate Collection Set: 6.2ms
[2022-08-07T23:05:25.568+0000][gc,phases     ] GC(261)   Post Evacuate Collection Set: 0.8ms
[2022-08-07T23:05:25.568+0000][gc,phases     ] GC(261)   Other: 0.2ms
[2022-08-07T23:05:25.568+0000][gc,heap       ] GC(261) Eden regions: 611->0(610)
[2022-08-07T23:05:25.568+0000][gc,heap       ] GC(261) Survivor regions: 3->4(77)
[2022-08-07T23:05:25.568+0000][gc,heap       ] GC(261) Old regions: 64->64
[2022-08-07T23:05:25.568+0000][gc,heap       ] GC(261) Humongous regions: 129->129
[2022-08-07T23:05:25.568+0000][gc,metaspace  ] GC(261) Metaspace: 45332K->45332K(1091584K)
[2022-08-07T23:05:25.568+0000][gc            ] GC(261) Pause Young (Normal) (G1 Evacuation Pause) 805M->195M(1024M) 7.377ms
[2022-08-07T23:05:25.568+0000][gc,cpu        ] GC(261) User=0.01s Sys=0.00s Real=0.01s
[2022-08-07T23:50:23.974+0000][gc,start      ] GC(262) Pause Young (Normal) (G1 Evacuation Pause)
[2022-08-07T23:50:23.974+0000][gc,task       ] GC(262) Using 2 workers of 2 for evacuation
[2022-08-07T23:50:23.982+0000][gc,phases     ] GC(262)   Pre Evacuate Collection Set: 0.0ms
[2022-08-07T23:50:23.982+0000][gc,phases     ] GC(262)   Evacuate Collection Set: 6.7ms
[2022-08-07T23:50:23.982+0000][gc,phases     ] GC(262)   Post Evacuate Collection Set: 0.8ms
[2022-08-07T23:50:23.982+0000][gc,phases     ] GC(262)   Other: 0.2ms
[2022-08-07T23:50:23.982+0000][gc,heap       ] GC(262) Eden regions: 610->0(610)
[2022-08-07T23:50:23.982+0000][gc,heap       ] GC(262) Survivor regions: 4->4(77)
[2022-08-07T23:50:23.982+0000][gc,heap       ] GC(262) Old regions: 64->64
[2022-08-07T23:50:23.982+0000][gc,heap       ] GC(262) Humongous regions: 129->129
[2022-08-07T23:50:23.982+0000][gc,metaspace  ] GC(262) Metaspace: 45332K->45332K(1091584K)
[2022-08-07T23:50:23.982+0000][gc            ] GC(262) Pause Young (Normal) (G1 Evacuation Pause) 805M->195M(1024M) 7.846ms
[2022-08-07T23:50:23.982+0000][gc,cpu        ] GC(262) User=0.01s Sys=0.01s Real=0.00s
[2022-08-08T00:35:26.853+0000][gc,start      ] GC(263) Pause Young (Normal) (G1 Evacuation Pause)
[2022-08-08T00:35:26.853+0000][gc,task       ] GC(263) Using 2 workers of 2 for evacuation
[2022-08-08T00:35:26.861+0000][gc,phases     ] GC(263)   Pre Evacuate Collection Set: 0.0ms
[2022-08-08T00:35:26.861+0000][gc,phases     ] GC(263)   Evacuate Collection Set: 7.3ms
[2022-08-08T00:35:26.861+0000][gc,phases     ] GC(263)   Post Evacuate Collection Set: 0.8ms
[2022-08-08T00:35:26.861+0000][gc,phases     ] GC(263)   Other: 0.2ms
[2022-08-08T00:35:26.861+0000][gc,heap       ] GC(263) Eden regions: 610->0(610)
[2022-08-08T00:35:26.861+0000][gc,heap       ] GC(263) Survivor regions: 4->4(77)
[2022-08-08T00:35:26.861+0000][gc,heap       ] GC(263) Old regions: 64->64
[2022-08-08T00:35:26.861+0000][gc,heap       ] GC(263) Humongous regions: 129->129
[2022-08-08T00:35:26.861+0000][gc,metaspace  ] GC(263) Metaspace: 45332K->45332K(1091584K)
[2022-08-08T00:35:26.861+0000][gc            ] GC(263) Pause Young (Normal) (G1 Evacuation Pause) 805M->195M(1024M) 8.465ms
[2022-08-08T00:35:26.861+0000][gc,cpu        ] GC(263) User=0.02s Sys=0.00s Real=0.00s
[2022-08-08T01:20:24.144+0000][gc,start      ] GC(264) Pause Young (Normal) (G1 Evacuation Pause)
[2022-08-08T01:20:24.144+0000][gc,task       ] GC(264) Using 2 workers of 2 for evacuation
[2022-08-08T01:20:24.154+0000][gc,phases     ] GC(264)   Pre Evacuate Collection Set: 0.0ms
[2022-08-08T01:20:24.154+0000][gc,phases     ] GC(264)   Evacuate Collection Set: 7.9ms
[2022-08-08T01:20:24.154+0000][gc,phases     ] GC(264)   Post Evacuate Collection Set: 1.1ms
[2022-08-08T01:20:24.154+0000][gc,phases     ] GC(264)   Other: 0.3ms
[2022-08-08T01:20:24.154+0000][gc,heap       ] GC(264) Eden regions: 610->0(609)
[2022-08-08T01:20:24.154+0000][gc,heap       ] GC(264) Survivor regions: 4->5(77)
[2022-08-08T01:20:24.154+0000][gc,heap       ] GC(264) Old regions: 64->64
[2022-08-08T01:20:24.154+0000][gc,heap       ] GC(264) Humongous regions: 129->129
[2022-08-08T01:20:24.154+0000][gc,metaspace  ] GC(264) Metaspace: 45332K->45332K(1091584K)
[2022-08-08T01:20:24.154+0000][gc            ] GC(264) Pause Young (Normal) (G1 Evacuation Pause) 805M->196M(1024M) 9.414ms
[2022-08-08T01:20:24.154+0000][gc,cpu        ] GC(264) User=0.02s Sys=0.00s Real=0.01s
[2022-08-08T02:05:12.220+0000][gc,start      ] GC(265) Pause Young (Normal) (G1 Evacuation Pause)
[2022-08-08T02:05:12.220+0000][gc,task       ] GC(265) Using 2 workers of 2 for evacuation
[2022-08-08T02:05:12.229+0000][gc,phases     ] GC(265)   Pre Evacuate Collection Set: 0.0ms
[2022-08-08T02:05:12.229+0000][gc,phases     ] GC(265)   Evacuate Collection Set: 8.1ms
[2022-08-08T02:05:12.229+0000][gc,phases     ] GC(265)   Post Evacuate Collection Set: 0.9ms
[2022-08-08T02:05:12.229+0000][gc,phases     ] GC(265)   Other: 0.3ms
[2022-08-08T02:05:12.229+0000][gc,heap       ] GC(265) Eden regions: 609->0(609)
[2022-08-08T02:05:12.229+0000][gc,heap       ] GC(265) Survivor regions: 5->5(77)
[2022-08-08T02:05:12.229+0000][gc,heap       ] GC(265) Old regions: 64->64
[2022-08-08T02:05:12.229+0000][gc,heap       ] GC(265) Humongous regions: 129->129
[2022-08-08T02:05:12.229+0000][gc,metaspace  ] GC(265) Metaspace: 45332K->45332K(1091584K)
[2022-08-08T02:05:12.229+0000][gc            ] GC(265) Pause Young (Normal) (G1 Evacuation Pause) 805M->196M(1024M) 9.326ms
[2022-08-08T02:05:12.229+0000][gc,cpu        ] GC(265) User=0.02s Sys=0.00s Real=0.01s
[2022-08-08T02:50:05.787+0000][gc,start      ] GC(266) Pause Young (Normal) (G1 Evacuation Pause)
[2022-08-08T02:50:05.787+0000][gc,task       ] GC(266) Using 2 workers of 2 for evacuation
[2022-08-08T02:50:05.796+0000][gc,phases     ] GC(266)   Pre Evacuate Collection Set: 0.0ms
[2022-08-08T02:50:05.796+0000][gc,phases     ] GC(266)   Evacuate Collection Set: 8.4ms
[2022-08-08T02:50:05.796+0000][gc,phases     ] GC(266)   Post Evacuate Collection Set: 0.8ms
[2022-08-08T02:50:05.796+0000][gc,phases     ] GC(266)   Other: 0.2ms
[2022-08-08T02:50:05.796+0000][gc,heap       ] GC(266) Eden regions: 609->0(609)
[2022-08-08T02:50:05.796+0000][gc,heap       ] GC(266) Survivor regions: 5->5(77)
[2022-08-08T02:50:05.796+0000][gc,heap       ] GC(266) Old regions: 64->64
[2022-08-08T02:50:05.796+0000][gc,heap       ] GC(266) Humongous regions: 129->129
[2022-08-08T02:50:05.796+0000][gc,metaspace  ] GC(266) Metaspace: 45332K->45332K(1091584K)
[2022-08-08T02:50:05.796+0000][gc            ] GC(266) Pause Young (Normal) (G1 Evacuation Pause) 805M->196M(1024M) 9.632ms
[2022-08-08T02:50:05.796+0000][gc,cpu        ] GC(266) User=0.02s Sys=0.00s Real=0.01s
[2022-08-08T03:35:10.243+0000][gc,start      ] GC(267) Pause Young (Normal) (G1 Evacuation Pause)
[2022-08-08T03:35:10.243+0000][gc,task       ] GC(267) Using 2 workers of 2 for evacuation
[2022-08-08T03:35:10.250+0000][gc,phases     ] GC(267)   Pre Evacuate Collection Set: 0.0ms
[2022-08-08T03:35:10.250+0000][gc,phases     ] GC(267)   Evacuate Collection Set: 5.3ms
[2022-08-08T03:35:10.250+0000][gc,phases     ] GC(267)   Post Evacuate Collection Set: 0.8ms
[2022-08-08T03:35:10.250+0000][gc,phases     ] GC(267)   Other: 0.2ms
[2022-08-08T03:35:10.250+0000][gc,heap       ] GC(267) Eden regions: 609->0(611)
[2022-08-08T03:35:10.250+0000][gc,heap       ] GC(267) Survivor regions: 5->3(77)
[2022-08-08T03:35:10.250+0000][gc,heap       ] GC(267) Old regions: 64->64
[2022-08-08T03:35:10.250+0000][gc,heap       ] GC(267) Humongous regions: 129->129
[2022-08-08T03:35:10.250+0000][gc,metaspace  ] GC(267) Metaspace: 45332K->45332K(1091584K)
[2022-08-08T03:35:10.250+0000][gc            ] GC(267) Pause Young (Normal) (G1 Evacuation Pause) 805M->194M(1024M) 6.474ms
[2022-08-08T03:35:10.250+0000][gc,cpu        ] GC(267) User=0.01s Sys=0.00s Real=0.01s
[2022-08-08T04:20:10.632+0000][gc,start      ] GC(268) Pause Young (Normal) (G1 Evacuation Pause)
[2022-08-08T04:20:10.632+0000][gc,task       ] GC(268) Using 2 workers of 2 for evacuation
[2022-08-08T04:20:10.638+0000][gc,phases     ] GC(268)   Pre Evacuate Collection Set: 0.0ms
[2022-08-08T04:20:10.638+0000][gc,phases     ] GC(268)   Evacuate Collection Set: 5.8ms
[2022-08-08T04:20:10.638+0000][gc,phases     ] GC(268)   Post Evacuate Collection Set: 0.8ms
[2022-08-08T04:20:10.638+0000][gc,phases     ] GC(268)   Other: 0.2ms
[2022-08-08T04:20:10.638+0000][gc,heap       ] GC(268) Eden regions: 611->0(611)
[2022-08-08T04:20:10.638+0000][gc,heap       ] GC(268) Survivor regions: 3->3(77)
[2022-08-08T04:20:10.638+0000][gc,heap       ] GC(268) Old regions: 64->64
[2022-08-08T04:20:10.638+0000][gc,heap       ] GC(268) Humongous regions: 129->129
[2022-08-08T04:20:10.638+0000][gc,metaspace  ] GC(268) Metaspace: 45332K->45332K(1091584K)
[2022-08-08T04:20:10.638+0000][gc            ] GC(268) Pause Young (Normal) (G1 Evacuation Pause) 805M->194M(1024M) 6.891ms
[2022-08-08T04:20:10.638+0000][gc,cpu        ] GC(268) User=0.01s Sys=0.00s Real=0.01s
[2022-08-08T05:05:07.499+0000][gc,start      ] GC(269) Pause Young (Normal) (G1 Evacuation Pause)
[2022-08-08T05:05:07.499+0000][gc,task       ] GC(269) Using 2 workers of 2 for evacuation
[2022-08-08T05:05:07.506+0000][gc,phases     ] GC(269)   Pre Evacuate Collection Set: 0.0ms
[2022-08-08T05:05:07.506+0000][gc,phases     ] GC(269)   Evacuate Collection Set: 6.1ms
[2022-08-08T05:05:07.506+0000][gc,phases     ] GC(269)   Post Evacuate Collection Set: 1.1ms
[2022-08-08T05:05:07.506+0000][gc,phases     ] GC(269)   Other: 0.2ms
[2022-08-08T05:05:07.506+0000][gc,heap       ] GC(269) Eden regions: 611->0(610)
[2022-08-08T05:05:07.506+0000][gc,heap       ] GC(269) Survivor regions: 3->4(77)
[2022-08-08T05:05:07.506+0000][gc,heap       ] GC(269) Old regions: 64->64
[2022-08-08T05:05:07.506+0000][gc,heap       ] GC(269) Humongous regions: 129->129
[2022-08-08T05:05:07.506+0000][gc,metaspace  ] GC(269) Metaspace: 45332K->45332K(1091584K)
[2022-08-08T05:05:07.506+0000][gc            ] GC(269) Pause Young (Normal) (G1 Evacuation Pause) 805M->194M(1024M) 7.595ms
[2022-08-08T05:05:07.506+0000][gc,cpu        ] GC(269) User=0.01s Sys=0.01s Real=0.01s
[2022-08-08T05:50:02.220+0000][gc,start      ] GC(270) Pause Young (Normal) (G1 Evacuation Pause)
[2022-08-08T05:50:02.220+0000][gc,task       ] GC(270) Using 2 workers of 2 for evacuation
[2022-08-08T05:50:02.227+0000][gc,phases     ] GC(270)   Pre Evacuate Collection Set: 0.0ms
[2022-08-08T05:50:02.227+0000][gc,phases     ] GC(270)   Evacuate Collection Set: 6.4ms
[2022-08-08T05:50:02.227+0000][gc,phases     ] GC(270)   Post Evacuate Collection Set: 0.8ms
[2022-08-08T05:50:02.227+0000][gc,phases     ] GC(270)   Other: 0.3ms
[2022-08-08T05:50:02.227+0000][gc,heap       ] GC(270) Eden regions: 610->0(610)
[2022-08-08T05:50:02.227+0000][gc,heap       ] GC(270) Survivor regions: 4->4(77)
[2022-08-08T05:50:02.227+0000][gc,heap       ] GC(270) Old regions: 64->64
[2022-08-08T05:50:02.227+0000][gc,heap       ] GC(270) Humongous regions: 129->129
[2022-08-08T05:50:02.227+0000][gc,metaspace  ] GC(270) Metaspace: 45332K->45332K(1091584K)
[2022-08-08T05:50:02.227+0000][gc            ] GC(270) Pause Young (Normal) (G1 Evacuation Pause) 804M->194M(1024M) 7.558ms
[2022-08-08T05:50:02.227+0000][gc,cpu        ] GC(270) User=0.01s Sys=0.00s Real=0.01s
[2022-08-08T06:35:08.565+0000][gc,start      ] GC(271) Pause Young (Normal) (G1 Evacuation Pause)
[2022-08-08T06:35:08.565+0000][gc,task       ] GC(271) Using 2 workers of 2 for evacuation
[2022-08-08T06:35:08.573+0000][gc,phases     ] GC(271)   Pre Evacuate Collection Set: 0.0ms
[2022-08-08T06:35:08.573+0000][gc,phases     ] GC(271)   Evacuate Collection Set: 7.0ms
[2022-08-08T06:35:08.573+0000][gc,phases     ] GC(271)   Post Evacuate Collection Set: 0.8ms
[2022-08-08T06:35:08.573+0000][gc,phases     ] GC(271)   Other: 0.3ms
[2022-08-08T06:35:08.573+0000][gc,heap       ] GC(271) Eden regions: 610->0(610)
[2022-08-08T06:35:08.573+0000][gc,heap       ] GC(271) Survivor regions: 4->4(77)
[2022-08-08T06:35:08.573+0000][gc,heap       ] GC(271) Old regions: 64->64
[2022-08-08T06:35:08.573+0000][gc,heap       ] GC(271) Humongous regions: 129->129
[2022-08-08T06:35:08.573+0000][gc,metaspace  ] GC(271) Metaspace: 45333K->45333K(1091584K)
[2022-08-08T06:35:08.573+0000][gc            ] GC(271) Pause Young (Normal) (G1 Evacuation Pause) 804M->195M(1024M) 8.154ms
[2022-08-08T06:35:08.573+0000][gc,cpu        ] GC(271) User=0.01s Sys=0.00s Real=0.01s
[2022-08-08T07:20:08.641+0000][gc,start      ] GC(272) Pause Young (Normal) (G1 Evacuation Pause)
[2022-08-08T07:20:08.641+0000][gc,task       ] GC(272) Using 2 workers of 2 for evacuation
[2022-08-08T07:20:08.649+0000][gc,phases     ] GC(272)   Pre Evacuate Collection Set: 0.0ms
[2022-08-08T07:20:08.649+0000][gc,phases     ] GC(272)   Evacuate Collection Set: 7.4ms
[2022-08-08T07:20:08.650+0000][gc,phases     ] GC(272)   Post Evacuate Collection Set: 1.1ms
[2022-08-08T07:20:08.650+0000][gc,phases     ] GC(272)   Other: 0.2ms
[2022-08-08T07:20:08.650+0000][gc,heap       ] GC(272) Eden regions: 610->0(609)
[2022-08-08T07:20:08.650+0000][gc,heap       ] GC(272) Survivor regions: 4->5(77)
[2022-08-08T07:20:08.650+0000][gc,heap       ] GC(272) Old regions: 64->64
[2022-08-08T07:20:08.650+0000][gc,heap       ] GC(272) Humongous regions: 129->129
[2022-08-08T07:20:08.650+0000][gc,metaspace  ] GC(272) Metaspace: 45333K->45333K(1091584K)
[2022-08-08T07:20:08.650+0000][gc            ] GC(272) Pause Young (Normal) (G1 Evacuation Pause) 805M->195M(1024M) 8.913ms
[2022-08-08T07:20:08.650+0000][gc,cpu        ] GC(272) User=0.02s Sys=0.00s Real=0.01s
[2022-08-08T08:05:02.748+0000][gc,start      ] GC(273) Pause Young (Normal) (G1 Evacuation Pause)
[2022-08-08T08:05:02.748+0000][gc,task       ] GC(273) Using 2 workers of 2 for evacuation
[2022-08-08T08:05:02.758+0000][gc,phases     ] GC(273)   Pre Evacuate Collection Set: 0.0ms
[2022-08-08T08:05:02.758+0000][gc,phases     ] GC(273)   Evacuate Collection Set: 7.9ms
[2022-08-08T08:05:02.758+0000][gc,phases     ] GC(273)   Post Evacuate Collection Set: 1.3ms
[2022-08-08T08:05:02.758+0000][gc,phases     ] GC(273)   Other: 0.3ms
[2022-08-08T08:05:02.758+0000][gc,heap       ] GC(273) Eden regions: 609->0(609)
[2022-08-08T08:05:02.758+0000][gc,heap       ] GC(273) Survivor regions: 5->5(77)
[2022-08-08T08:05:02.758+0000][gc,heap       ] GC(273) Old regions: 64->64
[2022-08-08T08:05:02.758+0000][gc,heap       ] GC(273) Humongous regions: 129->129
[2022-08-08T08:05:02.758+0000][gc,metaspace  ] GC(273) Metaspace: 45333K->45333K(1091584K)
[2022-08-08T08:05:02.758+0000][gc            ] GC(273) Pause Young (Normal) (G1 Evacuation Pause) 804M->196M(1024M) 9.655ms
[2022-08-08T08:05:02.758+0000][gc,cpu        ] GC(273) User=0.01s Sys=0.00s Real=0.01s
[2022-08-08T08:49:59.110+0000][gc,start      ] GC(274) Pause Young (Normal) (G1 Evacuation Pause)
[2022-08-08T08:49:59.110+0000][gc,task       ] GC(274) Using 2 workers of 2 for evacuation
[2022-08-08T08:49:59.120+0000][gc,phases     ] GC(274)   Pre Evacuate Collection Set: 0.0ms
[2022-08-08T08:49:59.120+0000][gc,phases     ] GC(274)   Evacuate Collection Set: 8.1ms
[2022-08-08T08:49:59.120+0000][gc,phases     ] GC(274)   Post Evacuate Collection Set: 1.1ms
[2022-08-08T08:49:59.120+0000][gc,phases     ] GC(274)   Other: 0.2ms
[2022-08-08T08:49:59.120+0000][gc,heap       ] GC(274) Eden regions: 609->0(609)
[2022-08-08T08:49:59.120+0000][gc,heap       ] GC(274) Survivor regions: 5->5(77)
[2022-08-08T08:49:59.120+0000][gc,heap       ] GC(274) Old regions: 64->64
[2022-08-08T08:49:59.120+0000][gc,heap       ] GC(274) Humongous regions: 129->129
[2022-08-08T08:49:59.120+0000][gc,metaspace  ] GC(274) Metaspace: 45333K->45333K(1091584K)
[2022-08-08T08:49:59.120+0000][gc            ] GC(274) Pause Young (Normal) (G1 Evacuation Pause) 805M->196M(1024M) 9.530ms
[2022-08-08T08:49:59.120+0000][gc,cpu        ] GC(274) User=0.02s Sys=0.00s Real=0.01s
[2022-08-08T09:34:59.071+0000][gc,start      ] GC(275) Pause Young (Normal) (G1 Evacuation Pause)
[2022-08-08T09:34:59.071+0000][gc,task       ] GC(275) Using 2 workers of 2 for evacuation
[2022-08-08T09:34:59.081+0000][gc,phases     ] GC(275)   Pre Evacuate Collection Set: 0.0ms
[2022-08-08T09:34:59.081+0000][gc,phases     ] GC(275)   Evacuate Collection Set: 8.9ms
[2022-08-08T09:34:59.081+0000][gc,phases     ] GC(275)   Post Evacuate Collection Set: 0.8ms
[2022-08-08T09:34:59.081+0000][gc,phases     ] GC(275)   Other: 0.2ms
[2022-08-08T09:34:59.081+0000][gc,heap       ] GC(275) Eden regions: 609->0(608)
[2022-08-08T09:34:59.081+0000][gc,heap       ] GC(275) Survivor regions: 5->6(77)
[2022-08-08T09:34:59.081+0000][gc,heap       ] GC(275) Old regions: 64->64
[2022-08-08T09:34:59.081+0000][gc,heap       ] GC(275) Humongous regions: 129->129
[2022-08-08T09:34:59.081+0000][gc,metaspace  ] GC(275) Metaspace: 45333K->45333K(1091584K)
[2022-08-08T09:34:59.081+0000][gc            ] GC(275) Pause Young (Normal) (G1 Evacuation Pause) 805M->197M(1024M) 10.077ms
[2022-08-08T09:34:59.081+0000][gc,cpu        ] GC(275) User=0.02s Sys=0.00s Real=0.01s
[2022-08-08T10:19:41.122+0000][gc,start      ] GC(276) Pause Young (Normal) (G1 Evacuation Pause)
[2022-08-08T10:19:41.122+0000][gc,task       ] GC(276) Using 2 workers of 2 for evacuation
[2022-08-08T10:19:41.131+0000][gc,phases     ] GC(276)   Pre Evacuate Collection Set: 0.0ms
[2022-08-08T10:19:41.131+0000][gc,phases     ] GC(276)   Evacuate Collection Set: 7.8ms
[2022-08-08T10:19:41.131+0000][gc,phases     ] GC(276)   Post Evacuate Collection Set: 1.1ms
[2022-08-08T10:19:41.131+0000][gc,phases     ] GC(276)   Other: 0.2ms
[2022-08-08T10:19:41.131+0000][gc,heap       ] GC(276) Eden regions: 608->0(609)
[2022-08-08T10:19:41.131+0000][gc,heap       ] GC(276) Survivor regions: 6->5(77)
[2022-08-08T10:19:41.131+0000][gc,heap       ] GC(276) Old regions: 64->64
[2022-08-08T10:19:41.131+0000][gc,heap       ] GC(276) Humongous regions: 129->129
[2022-08-08T10:19:41.131+0000][gc,metaspace  ] GC(276) Metaspace: 45333K->45333K(1091584K)
[2022-08-08T10:19:41.131+0000][gc            ] GC(276) Pause Young (Normal) (G1 Evacuation Pause) 805M->196M(1024M) 9.298ms
[2022-08-08T10:19:41.131+0000][gc,cpu        ] GC(276) User=0.02s Sys=0.00s Real=0.01s
[2022-08-08T11:04:28.085+0000][gc,start      ] GC(277) Pause Young (Normal) (G1 Evacuation Pause)
[2022-08-08T11:04:28.085+0000][gc,task       ] GC(277) Using 2 workers of 2 for evacuation
[2022-08-08T11:04:28.092+0000][gc,phases     ] GC(277)   Pre Evacuate Collection Set: 0.0ms
[2022-08-08T11:04:28.092+0000][gc,phases     ] GC(277)   Evacuate Collection Set: 5.5ms
[2022-08-08T11:04:28.092+0000][gc,phases     ] GC(277)   Post Evacuate Collection Set: 0.8ms
[2022-08-08T11:04:28.092+0000][gc,phases     ] GC(277)   Other: 0.2ms
[2022-08-08T11:04:28.092+0000][gc,heap       ] GC(277) Eden regions: 609->0(611)
[2022-08-08T11:04:28.092+0000][gc,heap       ] GC(277) Survivor regions: 5->3(77)
[2022-08-08T11:04:28.092+0000][gc,heap       ] GC(277) Old regions: 64->64
[2022-08-08T11:04:28.092+0000][gc,heap       ] GC(277) Humongous regions: 129->129
[2022-08-08T11:04:28.092+0000][gc,metaspace  ] GC(277) Metaspace: 45576K->45576K(1091584K)
[2022-08-08T11:04:28.092+0000][gc            ] GC(277) Pause Young (Normal) (G1 Evacuation Pause) 805M->194M(1024M) 6.609ms
[2022-08-08T11:04:28.092+0000][gc,cpu        ] GC(277) User=0.01s Sys=0.00s Real=0.00s
[2022-08-08T11:49:32.104+0000][gc,start      ] GC(278) Pause Young (Normal) (G1 Evacuation Pause)
[2022-08-08T11:49:32.104+0000][gc,task       ] GC(278) Using 2 workers of 2 for evacuation
[2022-08-08T11:49:32.111+0000][gc,phases     ] GC(278)   Pre Evacuate Collection Set: 0.0ms
[2022-08-08T11:49:32.111+0000][gc,phases     ] GC(278)   Evacuate Collection Set: 6.0ms
[2022-08-08T11:49:32.111+0000][gc,phases     ] GC(278)   Post Evacuate Collection Set: 0.8ms
[2022-08-08T11:49:32.111+0000][gc,phases     ] GC(278)   Other: 0.2ms
[2022-08-08T11:49:32.111+0000][gc,heap       ] GC(278) Eden regions: 611->0(611)
[2022-08-08T11:49:32.111+0000][gc,heap       ] GC(278) Survivor regions: 3->3(77)
[2022-08-08T11:49:32.111+0000][gc,heap       ] GC(278) Old regions: 64->64
[2022-08-08T11:49:32.111+0000][gc,heap       ] GC(278) Humongous regions: 129->129
[2022-08-08T11:49:32.111+0000][gc,metaspace  ] GC(278) Metaspace: 45576K->45576K(1091584K)
[2022-08-08T11:49:32.111+0000][gc            ] GC(278) Pause Young (Normal) (G1 Evacuation Pause) 805M->194M(1024M) 7.252ms
[2022-08-08T11:49:32.111+0000][gc,cpu        ] GC(278) User=0.02s Sys=0.00s Real=0.01s
[2022-08-08T12:34:39.720+0000][gc,start      ] GC(279) Pause Young (Normal) (G1 Evacuation Pause)
[2022-08-08T12:34:39.720+0000][gc,task       ] GC(279) Using 2 workers of 2 for evacuation
[2022-08-08T12:34:39.728+0000][gc,phases     ] GC(279)   Pre Evacuate Collection Set: 0.0ms
[2022-08-08T12:34:39.728+0000][gc,phases     ] GC(279)   Evacuate Collection Set: 6.9ms
[2022-08-08T12:34:39.728+0000][gc,phases     ] GC(279)   Post Evacuate Collection Set: 1.3ms
[2022-08-08T12:34:39.728+0000][gc,phases     ] GC(279)   Other: 0.2ms
[2022-08-08T12:34:39.728+0000][gc,heap       ] GC(279) Eden regions: 611->0(610)
[2022-08-08T12:34:39.728+0000][gc,heap       ] GC(279) Survivor regions: 3->4(77)
[2022-08-08T12:34:39.728+0000][gc,heap       ] GC(279) Old regions: 64->64
[2022-08-08T12:34:39.728+0000][gc,heap       ] GC(279) Humongous regions: 129->129
[2022-08-08T12:34:39.728+0000][gc,metaspace  ] GC(279) Metaspace: 45576K->45576K(1091584K)
[2022-08-08T12:34:39.728+0000][gc            ] GC(279) Pause Young (Normal) (G1 Evacuation Pause) 805M->195M(1024M) 8.552ms
[2022-08-08T12:34:39.728+0000][gc,cpu        ] GC(279) User=0.02s Sys=0.00s Real=0.01s
[2022-08-08T13:19:33.694+0000][gc,start      ] GC(280) Pause Young (Normal) (G1 Evacuation Pause)
[2022-08-08T13:19:33.694+0000][gc,task       ] GC(280) Using 2 workers of 2 for evacuation
[2022-08-08T13:19:33.702+0000][gc,phases     ] GC(280)   Pre Evacuate Collection Set: 0.0ms
[2022-08-08T13:19:33.702+0000][gc,phases     ] GC(280)   Evacuate Collection Set: 7.2ms
[2022-08-08T13:19:33.702+0000][gc,phases     ] GC(280)   Post Evacuate Collection Set: 0.9ms
[2022-08-08T13:19:33.702+0000][gc,phases     ] GC(280)   Other: 0.2ms
[2022-08-08T13:19:33.702+0000][gc,heap       ] GC(280) Eden regions: 610->0(610)
[2022-08-08T13:19:33.702+0000][gc,heap       ] GC(280) Survivor regions: 4->4(77)
[2022-08-08T13:19:33.702+0000][gc,heap       ] GC(280) Old regions: 64->64
[2022-08-08T13:19:33.702+0000][gc,heap       ] GC(280) Humongous regions: 129->129
[2022-08-08T13:19:33.702+0000][gc,metaspace  ] GC(280) Metaspace: 45576K->45576K(1091584K)
[2022-08-08T13:19:33.703+0000][gc            ] GC(280) Pause Young (Normal) (G1 Evacuation Pause) 805M->195M(1024M) 8.484ms
[2022-08-08T13:19:33.703+0000][gc,cpu        ] GC(280) User=0.01s Sys=0.00s Real=0.00s
[2022-08-08T14:04:27.220+0000][gc,start      ] GC(281) Pause Young (Normal) (G1 Evacuation Pause)
[2022-08-08T14:04:27.220+0000][gc,task       ] GC(281) Using 2 workers of 2 for evacuation
[2022-08-08T14:04:27.228+0000][gc,phases     ] GC(281)   Pre Evacuate Collection Set: 0.0ms
[2022-08-08T14:04:27.228+0000][gc,phases     ] GC(281)   Evacuate Collection Set: 7.4ms
[2022-08-08T14:04:27.228+0000][gc,phases     ] GC(281)   Post Evacuate Collection Set: 0.8ms
[2022-08-08T14:04:27.228+0000][gc,phases     ] GC(281)   Other: 0.2ms
[2022-08-08T14:04:27.228+0000][gc,heap       ] GC(281) Eden regions: 610->0(609)
[2022-08-08T14:04:27.228+0000][gc,heap       ] GC(281) Survivor regions: 4->5(77)
[2022-08-08T14:04:27.228+0000][gc,heap       ] GC(281) Old regions: 64->64
[2022-08-08T14:04:27.228+0000][gc,heap       ] GC(281) Humongous regions: 129->129
[2022-08-08T14:04:27.228+0000][gc,metaspace  ] GC(281) Metaspace: 45576K->45576K(1091584K)
[2022-08-08T14:04:27.228+0000][gc            ] GC(281) Pause Young (Normal) (G1 Evacuation Pause) 805M->195M(1024M) 8.552ms
[2022-08-08T14:04:27.228+0000][gc,cpu        ] GC(281) User=0.01s Sys=0.00s Real=0.01s
[2022-08-08T14:49:19.436+0000][gc,start      ] GC(282) Pause Young (Normal) (G1 Evacuation Pause)
[2022-08-08T14:49:19.436+0000][gc,task       ] GC(282) Using 2 workers of 2 for evacuation
[2022-08-08T14:49:19.445+0000][gc,phases     ] GC(282)   Pre Evacuate Collection Set: 0.0ms
[2022-08-08T14:49:19.445+0000][gc,phases     ] GC(282)   Evacuate Collection Set: 7.6ms
[2022-08-08T14:49:19.445+0000][gc,phases     ] GC(282)   Post Evacuate Collection Set: 1.1ms
[2022-08-08T14:49:19.445+0000][gc,phases     ] GC(282)   Other: 0.3ms
[2022-08-08T14:49:19.445+0000][gc,heap       ] GC(282) Eden regions: 609->0(609)
[2022-08-08T14:49:19.445+0000][gc,heap       ] GC(282) Survivor regions: 5->5(77)
[2022-08-08T14:49:19.445+0000][gc,heap       ] GC(282) Old regions: 64->64
[2022-08-08T14:49:19.445+0000][gc,heap       ] GC(282) Humongous regions: 129->129
[2022-08-08T14:49:19.445+0000][gc,metaspace  ] GC(282) Metaspace: 45576K->45576K(1091584K)
[2022-08-08T14:49:19.445+0000][gc            ] GC(282) Pause Young (Normal) (G1 Evacuation Pause) 804M->195M(1024M) 9.185ms
[2022-08-08T14:49:19.445+0000][gc,cpu        ] GC(282) User=0.02s Sys=0.00s Real=0.01s
[2022-08-08T15:34:23.313+0000][gc,start      ] GC(283) Pause Young (Normal) (G1 Evacuation Pause)
[2022-08-08T15:34:23.313+0000][gc,task       ] GC(283) Using 2 workers of 2 for evacuation
[2022-08-08T15:34:23.322+0000][gc,phases     ] GC(283)   Pre Evacuate Collection Set: 0.0ms
[2022-08-08T15:34:23.322+0000][gc,phases     ] GC(283)   Evacuate Collection Set: 8.6ms
[2022-08-08T15:34:23.322+0000][gc,phases     ] GC(283)   Post Evacuate Collection Set: 0.9ms
[2022-08-08T15:34:23.322+0000][gc,phases     ] GC(283)   Other: 0.2ms
[2022-08-08T15:34:23.322+0000][gc,heap       ] GC(283) Eden regions: 609->0(609)
[2022-08-08T15:34:23.322+0000][gc,heap       ] GC(283) Survivor regions: 5->5(77)
[2022-08-08T15:34:23.322+0000][gc,heap       ] GC(283) Old regions: 64->64
[2022-08-08T15:34:23.322+0000][gc,heap       ] GC(283) Humongous regions: 129->129
[2022-08-08T15:34:23.322+0000][gc,metaspace  ] GC(283) Metaspace: 45578K->45578K(1091584K)
[2022-08-08T15:34:23.322+0000][gc            ] GC(283) Pause Young (Normal) (G1 Evacuation Pause) 804M->196M(1024M) 9.900ms
[2022-08-08T15:34:23.322+0000][gc,cpu        ] GC(283) User=0.02s Sys=0.01s Real=0.00s
[2022-08-08T16:19:11.571+0000][gc,start      ] GC(284) Pause Young (Normal) (G1 Evacuation Pause)
[2022-08-08T16:19:11.571+0000][gc,task       ] GC(284) Using 2 workers of 2 for evacuation
[2022-08-08T16:19:11.582+0000][gc,phases     ] GC(284)   Pre Evacuate Collection Set: 0.0ms
[2022-08-08T16:19:11.582+0000][gc,phases     ] GC(284)   Evacuate Collection Set: 8.9ms
[2022-08-08T16:19:11.582+0000][gc,phases     ] GC(284)   Post Evacuate Collection Set: 1.4ms
[2022-08-08T16:19:11.582+0000][gc,phases     ] GC(284)   Other: 0.3ms
[2022-08-08T16:19:11.582+0000][gc,heap       ] GC(284) Eden regions: 609->0(608)
[2022-08-08T16:19:11.582+0000][gc,heap       ] GC(284) Survivor regions: 5->6(77)
[2022-08-08T16:19:11.582+0000][gc,heap       ] GC(284) Old regions: 64->64
[2022-08-08T16:19:11.582+0000][gc,heap       ] GC(284) Humongous regions: 129->129
[2022-08-08T16:19:11.582+0000][gc,metaspace  ] GC(284) Metaspace: 45578K->45578K(1091584K)
[2022-08-08T16:19:11.582+0000][gc            ] GC(284) Pause Young (Normal) (G1 Evacuation Pause) 805M->197M(1024M) 10.720ms
[2022-08-08T16:19:11.582+0000][gc,cpu        ] GC(284) User=0.02s Sys=0.00s Real=0.01s
[2022-08-08T17:03:55.350+0000][gc,start      ] GC(285) Pause Young (Normal) (G1 Evacuation Pause)
[2022-08-08T17:03:55.350+0000][gc,task       ] GC(285) Using 2 workers of 2 for evacuation
[2022-08-08T17:03:55.359+0000][gc,phases     ] GC(285)   Pre Evacuate Collection Set: 0.0ms
[2022-08-08T17:03:55.359+0000][gc,phases     ] GC(285)   Evacuate Collection Set: 8.5ms
[2022-08-08T17:03:55.359+0000][gc,phases     ] GC(285)   Post Evacuate Collection Set: 0.8ms
[2022-08-08T17:03:55.359+0000][gc,phases     ] GC(285)   Other: 0.2ms
[2022-08-08T17:03:55.359+0000][gc,heap       ] GC(285) Eden regions: 608->0(608)
[2022-08-08T17:03:55.359+0000][gc,heap       ] GC(285) Survivor regions: 6->6(77)
[2022-08-08T17:03:55.359+0000][gc,heap       ] GC(285) Old regions: 64->64
[2022-08-08T17:03:55.359+0000][gc,heap       ] GC(285) Humongous regions: 129->129
[2022-08-08T17:03:55.359+0000][gc,metaspace  ] GC(285) Metaspace: 45578K->45578K(1091584K)
[2022-08-08T17:03:55.359+0000][gc            ] GC(285) Pause Young (Normal) (G1 Evacuation Pause) 805M->197M(1024M) 9.747ms
[2022-08-08T17:03:55.359+0000][gc,cpu        ] GC(285) User=0.02s Sys=0.00s Real=0.01s
[2022-08-08T17:48:44.513+0000][gc,start      ] GC(286) Pause Young (Normal) (G1 Evacuation Pause)
[2022-08-08T17:48:44.513+0000][gc,task       ] GC(286) Using 2 workers of 2 for evacuation
[2022-08-08T17:48:44.523+0000][gc,phases     ] GC(286)   Pre Evacuate Collection Set: 0.0ms
[2022-08-08T17:48:44.523+0000][gc,phases     ] GC(286)   Evacuate Collection Set: 9.1ms
[2022-08-08T17:48:44.523+0000][gc,phases     ] GC(286)   Post Evacuate Collection Set: 0.9ms
[2022-08-08T17:48:44.524+0000][gc,phases     ] GC(286)   Other: 0.2ms
[2022-08-08T17:48:44.524+0000][gc,heap       ] GC(286) Eden regions: 608->0(608)
[2022-08-08T17:48:44.524+0000][gc,heap       ] GC(286) Survivor regions: 6->6(77)
[2022-08-08T17:48:44.524+0000][gc,heap       ] GC(286) Old regions: 64->64
[2022-08-08T17:48:44.524+0000][gc,heap       ] GC(286) Humongous regions: 129->129
[2022-08-08T17:48:44.524+0000][gc,metaspace  ] GC(286) Metaspace: 45578K->45578K(1091584K)
[2022-08-08T17:48:44.524+0000][gc            ] GC(286) Pause Young (Normal) (G1 Evacuation Pause) 805M->197M(1024M) 10.418ms
[2022-08-08T17:48:44.524+0000][gc,cpu        ] GC(286) User=0.02s Sys=0.00s Real=0.00s
[2022-08-08T18:33:44.318+0000][gc,start      ] GC(287) Pause Young (Normal) (G1 Evacuation Pause)
[2022-08-08T18:33:44.318+0000][gc,task       ] GC(287) Using 2 workers of 2 for evacuation
[2022-08-08T18:33:44.325+0000][gc,phases     ] GC(287)   Pre Evacuate Collection Set: 0.0ms
[2022-08-08T18:33:44.325+0000][gc,phases     ] GC(287)   Evacuate Collection Set: 5.7ms
[2022-08-08T18:33:44.325+0000][gc,phases     ] GC(287)   Post Evacuate Collection Set: 1.4ms
[2022-08-08T18:33:44.325+0000][gc,phases     ] GC(287)   Other: 0.2ms
[2022-08-08T18:33:44.325+0000][gc,heap       ] GC(287) Eden regions: 608->0(611)
[2022-08-08T18:33:44.325+0000][gc,heap       ] GC(287) Survivor regions: 6->3(77)
[2022-08-08T18:33:44.325+0000][gc,heap       ] GC(287) Old regions: 64->64
[2022-08-08T18:33:44.325+0000][gc,heap       ] GC(287) Humongous regions: 129->129
[2022-08-08T18:33:44.325+0000][gc,metaspace  ] GC(287) Metaspace: 45578K->45578K(1091584K)
[2022-08-08T18:33:44.325+0000][gc            ] GC(287) Pause Young (Normal) (G1 Evacuation Pause) 805M->194M(1024M) 7.421ms
[2022-08-08T18:33:44.325+0000][gc,cpu        ] GC(287) User=0.01s Sys=0.00s Real=0.01s
[2022-08-08T19:18:40.488+0000][gc,start      ] GC(288) Pause Young (Normal) (G1 Evacuation Pause)
[2022-08-08T19:18:40.488+0000][gc,task       ] GC(288) Using 2 workers of 2 for evacuation
[2022-08-08T19:18:40.496+0000][gc,phases     ] GC(288)   Pre Evacuate Collection Set: 0.0ms
[2022-08-08T19:18:40.496+0000][gc,phases     ] GC(288)   Evacuate Collection Set: 6.1ms
[2022-08-08T19:18:40.496+0000][gc,phases     ] GC(288)   Post Evacuate Collection Set: 1.2ms
[2022-08-08T19:18:40.496+0000][gc,phases     ] GC(288)   Other: 0.3ms
[2022-08-08T19:18:40.496+0000][gc,heap       ] GC(288) Eden regions: 611->0(611)
[2022-08-08T19:18:40.496+0000][gc,heap       ] GC(288) Survivor regions: 3->3(77)
[2022-08-08T19:18:40.496+0000][gc,heap       ] GC(288) Old regions: 64->64
[2022-08-08T19:18:40.496+0000][gc,heap       ] GC(288) Humongous regions: 129->129
[2022-08-08T19:18:40.496+0000][gc,metaspace  ] GC(288) Metaspace: 45578K->45578K(1091584K)
[2022-08-08T19:18:40.496+0000][gc            ] GC(288) Pause Young (Normal) (G1 Evacuation Pause) 805M->194M(1024M) 7.645ms
[2022-08-08T19:18:40.496+0000][gc,cpu        ] GC(288) User=0.01s Sys=0.00s Real=0.01s
[2022-08-08T20:03:42.220+0000][gc,start      ] GC(289) Pause Young (Normal) (G1 Evacuation Pause)
[2022-08-08T20:03:42.220+0000][gc,task       ] GC(289) Using 2 workers of 2 for evacuation
[2022-08-08T20:03:42.227+0000][gc,phases     ] GC(289)   Pre Evacuate Collection Set: 0.0ms
[2022-08-08T20:03:42.227+0000][gc,phases     ] GC(289)   Evacuate Collection Set: 6.5ms
[2022-08-08T20:03:42.227+0000][gc,phases     ] GC(289)   Post Evacuate Collection Set: 0.8ms
[2022-08-08T20:03:42.227+0000][gc,phases     ] GC(289)   Other: 0.2ms
[2022-08-08T20:03:42.227+0000][gc,heap       ] GC(289) Eden regions: 611->0(610)
[2022-08-08T20:03:42.227+0000][gc,heap       ] GC(289) Survivor regions: 3->4(77)
[2022-08-08T20:03:42.227+0000][gc,heap       ] GC(289) Old regions: 64->64
[2022-08-08T20:03:42.227+0000][gc,heap       ] GC(289) Humongous regions: 129->129
[2022-08-08T20:03:42.227+0000][gc,metaspace  ] GC(289) Metaspace: 45578K->45578K(1091584K)
[2022-08-08T20:03:42.227+0000][gc            ] GC(289) Pause Young (Normal) (G1 Evacuation Pause) 805M->194M(1024M) 7.715ms
[2022-08-08T20:03:42.227+0000][gc,cpu        ] GC(289) User=0.01s Sys=0.00s Real=0.01s
[2022-08-08T20:48:44.040+0000][gc,start      ] GC(290) Pause Young (Normal) (G1 Evacuation Pause)
[2022-08-08T20:48:44.040+0000][gc,task       ] GC(290) Using 2 workers of 2 for evacuation
[2022-08-08T20:48:44.048+0000][gc,phases     ] GC(290)   Pre Evacuate Collection Set: 0.0ms
[2022-08-08T20:48:44.048+0000][gc,phases     ] GC(290)   Evacuate Collection Set: 6.9ms
[2022-08-08T20:48:44.048+0000][gc,phases     ] GC(290)   Post Evacuate Collection Set: 0.8ms
[2022-08-08T20:48:44.048+0000][gc,phases     ] GC(290)   Other: 0.2ms
[2022-08-08T20:48:44.048+0000][gc,heap       ] GC(290) Eden regions: 610->0(610)
[2022-08-08T20:48:44.048+0000][gc,heap       ] GC(290) Survivor regions: 4->4(77)
[2022-08-08T20:48:44.048+0000][gc,heap       ] GC(290) Old regions: 64->64
[2022-08-08T20:48:44.048+0000][gc,heap       ] GC(290) Humongous regions: 129->129
[2022-08-08T20:48:44.048+0000][gc,metaspace  ] GC(290) Metaspace: 45578K->45578K(1091584K)
[2022-08-08T20:48:44.048+0000][gc            ] GC(290) Pause Young (Normal) (G1 Evacuation Pause) 804M->195M(1024M) 8.105ms
[2022-08-08T20:48:44.048+0000][gc,cpu        ] GC(290) User=0.02s Sys=0.00s Real=0.01s
[2022-08-08T21:33:50.704+0000][gc,start      ] GC(291) Pause Young (Normal) (G1 Evacuation Pause)
[2022-08-08T21:33:50.704+0000][gc,task       ] GC(291) Using 2 workers of 2 for evacuation
[2022-08-08T21:33:50.713+0000][gc,phases     ] GC(291)   Pre Evacuate Collection Set: 0.0ms
[2022-08-08T21:33:50.713+0000][gc,phases     ] GC(291)   Evacuate Collection Set: 7.9ms
[2022-08-08T21:33:50.713+0000][gc,phases     ] GC(291)   Post Evacuate Collection Set: 1.2ms
[2022-08-08T21:33:50.713+0000][gc,phases     ] GC(291)   Other: 0.2ms
[2022-08-08T21:33:50.713+0000][gc,heap       ] GC(291) Eden regions: 610->0(609)
[2022-08-08T21:33:50.713+0000][gc,heap       ] GC(291) Survivor regions: 4->5(77)
[2022-08-08T21:33:50.713+0000][gc,heap       ] GC(291) Old regions: 64->64
[2022-08-08T21:33:50.713+0000][gc,heap       ] GC(291) Humongous regions: 129->129
[2022-08-08T21:33:50.713+0000][gc,metaspace  ] GC(291) Metaspace: 45578K->45578K(1091584K)
[2022-08-08T21:33:50.713+0000][gc            ] GC(291) Pause Young (Normal) (G1 Evacuation Pause) 805M->195M(1024M) 9.415ms
[2022-08-08T21:33:50.713+0000][gc,cpu        ] GC(291) User=0.02s Sys=0.00s Real=0.02s
[2022-08-08T22:18:38.312+0000][gc,start      ] GC(292) Pause Young (Normal) (G1 Evacuation Pause)
[2022-08-08T22:18:38.313+0000][gc,task       ] GC(292) Using 2 workers of 2 for evacuation
[2022-08-08T22:18:38.322+0000][gc,phases     ] GC(292)   Pre Evacuate Collection Set: 0.0ms
[2022-08-08T22:18:38.322+0000][gc,phases     ] GC(292)   Evacuate Collection Set: 7.9ms
[2022-08-08T22:18:38.322+0000][gc,phases     ] GC(292)   Post Evacuate Collection Set: 0.8ms
[2022-08-08T22:18:38.322+0000][gc,phases     ] GC(292)   Other: 0.3ms
[2022-08-08T22:18:38.322+0000][gc,heap       ] GC(292) Eden regions: 609->0(609)
[2022-08-08T22:18:38.322+0000][gc,heap       ] GC(292) Survivor regions: 5->5(77)
[2022-08-08T22:18:38.322+0000][gc,heap       ] GC(292) Old regions: 64->65
[2022-08-08T22:18:38.322+0000][gc,heap       ] GC(292) Humongous regions: 129->129
[2022-08-08T22:18:38.322+0000][gc,metaspace  ] GC(292) Metaspace: 45579K->45579K(1091584K)
[2022-08-08T22:18:38.322+0000][gc            ] GC(292) Pause Young (Normal) (G1 Evacuation Pause) 804M->196M(1024M) 9.153ms
[2022-08-08T22:18:38.322+0000][gc,cpu        ] GC(292) User=0.01s Sys=0.00s Real=0.00s
[2022-08-08T23:03:31.551+0000][gc,start      ] GC(293) Pause Young (Normal) (G1 Evacuation Pause)
[2022-08-08T23:03:31.551+0000][gc,task       ] GC(293) Using 2 workers of 2 for evacuation
[2022-08-08T23:03:31.560+0000][gc,phases     ] GC(293)   Pre Evacuate Collection Set: 0.0ms
[2022-08-08T23:03:31.560+0000][gc,phases     ] GC(293)   Evacuate Collection Set: 8.0ms
[2022-08-08T23:03:31.560+0000][gc,phases     ] GC(293)   Post Evacuate Collection Set: 0.8ms
[2022-08-08T23:03:31.560+0000][gc,phases     ] GC(293)   Other: 0.3ms
[2022-08-08T23:03:31.560+0000][gc,heap       ] GC(293) Eden regions: 609->0(609)
[2022-08-08T23:03:31.560+0000][gc,heap       ] GC(293) Survivor regions: 5->5(77)
[2022-08-08T23:03:31.560+0000][gc,heap       ] GC(293) Old regions: 65->65
[2022-08-08T23:03:31.560+0000][gc,heap       ] GC(293) Humongous regions: 129->129
[2022-08-08T23:03:31.560+0000][gc,metaspace  ] GC(293) Metaspace: 45579K->45579K(1091584K)
[2022-08-08T23:03:31.560+0000][gc            ] GC(293) Pause Young (Normal) (G1 Evacuation Pause) 805M->196M(1024M) 9.155ms
[2022-08-08T23:03:31.560+0000][gc,cpu        ] GC(293) User=0.02s Sys=0.00s Real=0.01s
[2022-08-08T23:48:27.292+0000][gc,start      ] GC(294) Pause Young (Normal) (G1 Evacuation Pause)
[2022-08-08T23:48:27.292+0000][gc,task       ] GC(294) Using 2 workers of 2 for evacuation
[2022-08-08T23:48:27.301+0000][gc,phases     ] GC(294)   Pre Evacuate Collection Set: 0.0ms
[2022-08-08T23:48:27.301+0000][gc,phases     ] GC(294)   Evacuate Collection Set: 7.9ms
[2022-08-08T23:48:27.301+0000][gc,phases     ] GC(294)   Post Evacuate Collection Set: 0.8ms
[2022-08-08T23:48:27.301+0000][gc,phases     ] GC(294)   Other: 0.2ms
[2022-08-08T23:48:27.301+0000][gc,heap       ] GC(294) Eden regions: 609->0(609)
[2022-08-08T23:48:27.301+0000][gc,heap       ] GC(294) Survivor regions: 5->5(77)
[2022-08-08T23:48:27.301+0000][gc,heap       ] GC(294) Old regions: 65->65
[2022-08-08T23:48:27.301+0000][gc,heap       ] GC(294) Humongous regions: 129->129
[2022-08-08T23:48:27.301+0000][gc,metaspace  ] GC(294) Metaspace: 45579K->45579K(1091584K)
[2022-08-08T23:48:27.301+0000][gc            ] GC(294) Pause Young (Normal) (G1 Evacuation Pause) 805M->196M(1024M) 9.110ms
[2022-08-08T23:48:27.301+0000][gc,cpu        ] GC(294) User=0.01s Sys=0.01s Real=0.01s
[2022-08-09T00:33:27.220+0000][gc,start      ] GC(295) Pause Young (Normal) (G1 Evacuation Pause)
[2022-08-09T00:33:27.220+0000][gc,task       ] GC(295) Using 2 workers of 2 for evacuation
[2022-08-09T00:33:27.230+0000][gc,phases     ] GC(295)   Pre Evacuate Collection Set: 0.0ms
[2022-08-09T00:33:27.230+0000][gc,phases     ] GC(295)   Evacuate Collection Set: 8.8ms
[2022-08-09T00:33:27.230+0000][gc,phases     ] GC(295)   Post Evacuate Collection Set: 0.8ms
[2022-08-09T00:33:27.230+0000][gc,phases     ] GC(295)   Other: 0.2ms
[2022-08-09T00:33:27.230+0000][gc,heap       ] GC(295) Eden regions: 609->0(608)
[2022-08-09T00:33:27.230+0000][gc,heap       ] GC(295) Survivor regions: 5->6(77)
[2022-08-09T00:33:27.230+0000][gc,heap       ] GC(295) Old regions: 65->65
[2022-08-09T00:33:27.230+0000][gc,heap       ] GC(295) Humongous regions: 129->129
[2022-08-09T00:33:27.230+0000][gc,metaspace  ] GC(295) Metaspace: 45583K->45583K(1091584K)
[2022-08-09T00:33:27.230+0000][gc            ] GC(295) Pause Young (Normal) (G1 Evacuation Pause) 805M->197M(1024M) 9.942ms
[2022-08-09T00:33:27.230+0000][gc,cpu        ] GC(295) User=0.02s Sys=0.00s Real=0.01s
[2022-08-09T01:18:12.220+0000][gc,start      ] GC(296) Pause Young (Normal) (G1 Evacuation Pause)
[2022-08-09T01:18:12.220+0000][gc,task       ] GC(296) Using 2 workers of 2 for evacuation
[2022-08-09T01:18:12.226+0000][gc,phases     ] GC(296)   Pre Evacuate Collection Set: 0.0ms
[2022-08-09T01:18:12.226+0000][gc,phases     ] GC(296)   Evacuate Collection Set: 5.3ms
[2022-08-09T01:18:12.226+0000][gc,phases     ] GC(296)   Post Evacuate Collection Set: 0.8ms
[2022-08-09T01:18:12.226+0000][gc,phases     ] GC(296)   Other: 0.2ms
[2022-08-09T01:18:12.226+0000][gc,heap       ] GC(296) Eden regions: 608->0(611)
[2022-08-09T01:18:12.226+0000][gc,heap       ] GC(296) Survivor regions: 6->3(77)
[2022-08-09T01:18:12.226+0000][gc,heap       ] GC(296) Old regions: 65->65
[2022-08-09T01:18:12.226+0000][gc,heap       ] GC(296) Humongous regions: 129->129
[2022-08-09T01:18:12.226+0000][gc,metaspace  ] GC(296) Metaspace: 45583K->45583K(1091584K)
[2022-08-09T01:18:12.226+0000][gc            ] GC(296) Pause Young (Normal) (G1 Evacuation Pause) 805M->194M(1024M) 6.378ms
[2022-08-09T01:18:12.226+0000][gc,cpu        ] GC(296) User=0.01s Sys=0.00s Real=0.01s
[2022-08-09T02:03:07.220+0000][gc,start      ] GC(297) Pause Young (Normal) (G1 Evacuation Pause)
[2022-08-09T02:03:07.220+0000][gc,task       ] GC(297) Using 2 workers of 2 for evacuation
[2022-08-09T02:03:07.226+0000][gc,phases     ] GC(297)   Pre Evacuate Collection Set: 0.0ms
[2022-08-09T02:03:07.226+0000][gc,phases     ] GC(297)   Evacuate Collection Set: 5.5ms
[2022-08-09T02:03:07.226+0000][gc,phases     ] GC(297)   Post Evacuate Collection Set: 0.8ms
[2022-08-09T02:03:07.226+0000][gc,phases     ] GC(297)   Other: 0.2ms
[2022-08-09T02:03:07.226+0000][gc,heap       ] GC(297) Eden regions: 611->0(611)
[2022-08-09T02:03:07.226+0000][gc,heap       ] GC(297) Survivor regions: 3->3(77)
[2022-08-09T02:03:07.226+0000][gc,heap       ] GC(297) Old regions: 65->65
[2022-08-09T02:03:07.226+0000][gc,heap       ] GC(297) Humongous regions: 129->129
[2022-08-09T02:03:07.226+0000][gc,metaspace  ] GC(297) Metaspace: 45583K->45583K(1091584K)
[2022-08-09T02:03:07.226+0000][gc            ] GC(297) Pause Young (Normal) (G1 Evacuation Pause) 805M->194M(1024M) 6.593ms
[2022-08-09T02:03:07.226+0000][gc,cpu        ] GC(297) User=0.01s Sys=0.00s Real=0.01s
[2022-08-09T02:48:12.617+0000][gc,start      ] GC(298) Pause Young (Normal) (G1 Evacuation Pause)
[2022-08-09T02:48:12.617+0000][gc,task       ] GC(298) Using 2 workers of 2 for evacuation
[2022-08-09T02:48:12.624+0000][gc,phases     ] GC(298)   Pre Evacuate Collection Set: 0.0ms
[2022-08-09T02:48:12.624+0000][gc,phases     ] GC(298)   Evacuate Collection Set: 5.9ms
[2022-08-09T02:48:12.624+0000][gc,phases     ] GC(298)   Post Evacuate Collection Set: 0.7ms
[2022-08-09T02:48:12.624+0000][gc,phases     ] GC(298)   Other: 0.2ms
[2022-08-09T02:48:12.624+0000][gc,heap       ] GC(298) Eden regions: 611->0(610)
[2022-08-09T02:48:12.624+0000][gc,heap       ] GC(298) Survivor regions: 3->4(77)
[2022-08-09T02:48:12.624+0000][gc,heap       ] GC(298) Old regions: 65->65
[2022-08-09T02:48:12.624+0000][gc,heap       ] GC(298) Humongous regions: 129->129
[2022-08-09T02:48:12.624+0000][gc,metaspace  ] GC(298) Metaspace: 45583K->45583K(1091584K)
[2022-08-09T02:48:12.624+0000][gc            ] GC(298) Pause Young (Normal) (G1 Evacuation Pause) 805M->194M(1024M) 6.948ms
[2022-08-09T02:48:12.624+0000][gc,cpu        ] GC(298) User=0.01s Sys=0.00s Real=0.00s
[2022-08-09T03:33:22.015+0000][gc,start      ] GC(299) Pause Young (Normal) (G1 Evacuation Pause)
[2022-08-09T03:33:22.015+0000][gc,task       ] GC(299) Using 2 workers of 2 for evacuation
[2022-08-09T03:33:22.023+0000][gc,phases     ] GC(299)   Pre Evacuate Collection Set: 0.0ms
[2022-08-09T03:33:22.023+0000][gc,phases     ] GC(299)   Evacuate Collection Set: 6.8ms
[2022-08-09T03:33:22.023+0000][gc,phases     ] GC(299)   Post Evacuate Collection Set: 0.8ms
[2022-08-09T03:33:22.023+0000][gc,phases     ] GC(299)   Other: 0.2ms
[2022-08-09T03:33:22.023+0000][gc,heap       ] GC(299) Eden regions: 610->0(610)
[2022-08-09T03:33:22.023+0000][gc,heap       ] GC(299) Survivor regions: 4->4(77)
[2022-08-09T03:33:22.023+0000][gc,heap       ] GC(299) Old regions: 65->65
[2022-08-09T03:33:22.023+0000][gc,heap       ] GC(299) Humongous regions: 129->129
[2022-08-09T03:33:22.023+0000][gc,metaspace  ] GC(299) Metaspace: 45583K->45583K(1091584K)
[2022-08-09T03:33:22.023+0000][gc            ] GC(299) Pause Young (Normal) (G1 Evacuation Pause) 804M->195M(1024M) 7.882ms
[2022-08-09T03:33:22.023+0000][gc,cpu        ] GC(299) User=0.01s Sys=0.00s Real=0.00s
[2022-08-09T04:18:18.564+0000][gc,start      ] GC(300) Pause Young (Normal) (G1 Evacuation Pause)
[2022-08-09T04:18:18.564+0000][gc,task       ] GC(300) Using 2 workers of 2 for evacuation
[2022-08-09T04:18:18.572+0000][gc,phases     ] GC(300)   Pre Evacuate Collection Set: 0.0ms
[2022-08-09T04:18:18.572+0000][gc,phases     ] GC(300)   Evacuate Collection Set: 7.2ms
[2022-08-09T04:18:18.572+0000][gc,phases     ] GC(300)   Post Evacuate Collection Set: 0.8ms
[2022-08-09T04:18:18.572+0000][gc,phases     ] GC(300)   Other: 0.2ms
[2022-08-09T04:18:18.572+0000][gc,heap       ] GC(300) Eden regions: 610->0(610)
[2022-08-09T04:18:18.572+0000][gc,heap       ] GC(300) Survivor regions: 4->4(77)
[2022-08-09T04:18:18.572+0000][gc,heap       ] GC(300) Old regions: 65->65
[2022-08-09T04:18:18.572+0000][gc,heap       ] GC(300) Humongous regions: 129->129
[2022-08-09T04:18:18.572+0000][gc,metaspace  ] GC(300) Metaspace: 45583K->45583K(1091584K)
[2022-08-09T04:18:18.572+0000][gc            ] GC(300) Pause Young (Normal) (G1 Evacuation Pause) 805M->195M(1024M) 8.362ms
[2022-08-09T04:18:18.572+0000][gc,cpu        ] GC(300) User=0.01s Sys=0.00s Real=0.01s
[2022-08-09T05:03:09.667+0000][gc,start      ] GC(301) Pause Young (Normal) (G1 Evacuation Pause)
[2022-08-09T05:03:09.667+0000][gc,task       ] GC(301) Using 2 workers of 2 for evacuation
[2022-08-09T05:03:09.676+0000][gc,phases     ] GC(301)   Pre Evacuate Collection Set: 0.0ms
[2022-08-09T05:03:09.676+0000][gc,phases     ] GC(301)   Evacuate Collection Set: 7.6ms
[2022-08-09T05:03:09.676+0000][gc,phases     ] GC(301)   Post Evacuate Collection Set: 0.8ms
[2022-08-09T05:03:09.676+0000][gc,phases     ] GC(301)   Other: 0.2ms
[2022-08-09T05:03:09.676+0000][gc,heap       ] GC(301) Eden regions: 610->0(609)
[2022-08-09T05:03:09.676+0000][gc,heap       ] GC(301) Survivor regions: 4->5(77)
[2022-08-09T05:03:09.676+0000][gc,heap       ] GC(301) Old regions: 65->65
[2022-08-09T05:03:09.676+0000][gc,heap       ] GC(301) Humongous regions: 129->129
[2022-08-09T05:03:09.676+0000][gc,metaspace  ] GC(301) Metaspace: 45583K->45583K(1091584K)
[2022-08-09T05:03:09.676+0000][gc            ] GC(301) Pause Young (Normal) (G1 Evacuation Pause) 805M->196M(1024M) 8.791ms
[2022-08-09T05:03:09.676+0000][gc,cpu        ] GC(301) User=0.02s Sys=0.00s Real=0.01s
[2022-08-09T05:48:07.408+0000][gc,start      ] GC(302) Pause Young (Normal) (G1 Evacuation Pause)
[2022-08-09T05:48:07.408+0000][gc,task       ] GC(302) Using 2 workers of 2 for evacuation
[2022-08-09T05:48:07.416+0000][gc,phases     ] GC(302)   Pre Evacuate Collection Set: 0.0ms
[2022-08-09T05:48:07.417+0000][gc,phases     ] GC(302)   Evacuate Collection Set: 7.5ms
[2022-08-09T05:48:07.417+0000][gc,phases     ] GC(302)   Post Evacuate Collection Set: 1.1ms
[2022-08-09T05:48:07.417+0000][gc,phases     ] GC(302)   Other: 0.2ms
[2022-08-09T05:48:07.417+0000][gc,heap       ] GC(302) Eden regions: 609->0(609)
[2022-08-09T05:48:07.417+0000][gc,heap       ] GC(302) Survivor regions: 5->5(77)
[2022-08-09T05:48:07.417+0000][gc,heap       ] GC(302) Old regions: 65->65
[2022-08-09T05:48:07.417+0000][gc,heap       ] GC(302) Humongous regions: 129->129
[2022-08-09T05:48:07.417+0000][gc,metaspace  ] GC(302) Metaspace: 45583K->45583K(1091584K)
[2022-08-09T05:48:07.417+0000][gc            ] GC(302) Pause Young (Normal) (G1 Evacuation Pause) 805M->196M(1024M) 9.027ms
[2022-08-09T05:48:07.417+0000][gc,cpu        ] GC(302) User=0.02s Sys=0.00s Real=0.01s
[2022-08-09T06:33:12.220+0000][gc,start      ] GC(303) Pause Young (Normal) (G1 Evacuation Pause)
[2022-08-09T06:33:12.220+0000][gc,task       ] GC(303) Using 2 workers of 2 for evacuation
[2022-08-09T06:33:12.229+0000][gc,phases     ] GC(303)   Pre Evacuate Collection Set: 0.0ms
[2022-08-09T06:33:12.229+0000][gc,phases     ] GC(303)   Evacuate Collection Set: 8.5ms
[2022-08-09T06:33:12.229+0000][gc,phases     ] GC(303)   Post Evacuate Collection Set: 0.8ms
[2022-08-09T06:33:12.229+0000][gc,phases     ] GC(303)   Other: 0.2ms
[2022-08-09T06:33:12.229+0000][gc,heap       ] GC(303) Eden regions: 609->0(609)
[2022-08-09T06:33:12.229+0000][gc,heap       ] GC(303) Survivor regions: 5->5(77)
[2022-08-09T06:33:12.229+0000][gc,heap       ] GC(303) Old regions: 65->65
[2022-08-09T06:33:12.229+0000][gc,heap       ] GC(303) Humongous regions: 129->129
[2022-08-09T06:33:12.229+0000][gc,metaspace  ] GC(303) Metaspace: 45583K->45583K(1091584K)
[2022-08-09T06:33:12.229+0000][gc            ] GC(303) Pause Young (Normal) (G1 Evacuation Pause) 805M->196M(1024M) 9.621ms
[2022-08-09T06:33:12.229+0000][gc,cpu        ] GC(303) User=0.01s Sys=0.00s Real=0.01s
[2022-08-09T07:18:04.984+0000][gc,start      ] GC(304) Pause Young (Normal) (G1 Evacuation Pause)
[2022-08-09T07:18:04.984+0000][gc,task       ] GC(304) Using 2 workers of 2 for evacuation
[2022-08-09T07:18:04.994+0000][gc,phases     ] GC(304)   Pre Evacuate Collection Set: 0.0ms
[2022-08-09T07:18:04.994+0000][gc,phases     ] GC(304)   Evacuate Collection Set: 8.3ms
[2022-08-09T07:18:04.994+0000][gc,phases     ] GC(304)   Post Evacuate Collection Set: 0.8ms
[2022-08-09T07:18:04.994+0000][gc,phases     ] GC(304)   Other: 0.3ms
[2022-08-09T07:18:04.994+0000][gc,heap       ] GC(304) Eden regions: 609->0(609)
[2022-08-09T07:18:04.994+0000][gc,heap       ] GC(304) Survivor regions: 5->5(77)
[2022-08-09T07:18:04.994+0000][gc,heap       ] GC(304) Old regions: 65->65
[2022-08-09T07:18:04.994+0000][gc,heap       ] GC(304) Humongous regions: 129->129
[2022-08-09T07:18:04.994+0000][gc,metaspace  ] GC(304) Metaspace: 45583K->45583K(1091584K)
[2022-08-09T07:18:04.994+0000][gc            ] GC(304) Pause Young (Normal) (G1 Evacuation Pause) 805M->196M(1024M) 9.427ms
[2022-08-09T07:18:04.994+0000][gc,cpu        ] GC(304) User=0.02s Sys=0.00s Real=0.02s
[2022-08-09T08:02:56.290+0000][gc,start      ] GC(305) Pause Young (Normal) (G1 Evacuation Pause)
[2022-08-09T08:02:56.290+0000][gc,task       ] GC(305) Using 2 workers of 2 for evacuation
[2022-08-09T08:02:56.297+0000][gc,phases     ] GC(305)   Pre Evacuate Collection Set: 0.0ms
[2022-08-09T08:02:56.297+0000][gc,phases     ] GC(305)   Evacuate Collection Set: 5.3ms
[2022-08-09T08:02:56.297+0000][gc,phases     ] GC(305)   Post Evacuate Collection Set: 0.8ms
[2022-08-09T08:02:56.297+0000][gc,phases     ] GC(305)   Other: 0.2ms
[2022-08-09T08:02:56.297+0000][gc,heap       ] GC(305) Eden regions: 609->0(611)
[2022-08-09T08:02:56.297+0000][gc,heap       ] GC(305) Survivor regions: 5->3(77)
[2022-08-09T08:02:56.297+0000][gc,heap       ] GC(305) Old regions: 65->65
[2022-08-09T08:02:56.297+0000][gc,heap       ] GC(305) Humongous regions: 129->129
[2022-08-09T08:02:56.297+0000][gc,metaspace  ] GC(305) Metaspace: 45583K->45583K(1091584K)
[2022-08-09T08:02:56.297+0000][gc            ] GC(305) Pause Young (Normal) (G1 Evacuation Pause) 805M->194M(1024M) 6.494ms
[2022-08-09T08:02:56.297+0000][gc,cpu        ] GC(305) User=0.00s Sys=0.00s Real=0.01s
[2022-08-09T08:47:59.393+0000][gc,start      ] GC(306) Pause Young (Normal) (G1 Evacuation Pause)
[2022-08-09T08:47:59.393+0000][gc,task       ] GC(306) Using 2 workers of 2 for evacuation
[2022-08-09T08:47:59.400+0000][gc,phases     ] GC(306)   Pre Evacuate Collection Set: 0.0ms
[2022-08-09T08:47:59.400+0000][gc,phases     ] GC(306)   Evacuate Collection Set: 5.7ms
[2022-08-09T08:47:59.400+0000][gc,phases     ] GC(306)   Post Evacuate Collection Set: 0.7ms
[2022-08-09T08:47:59.400+0000][gc,phases     ] GC(306)   Other: 0.2ms
[2022-08-09T08:47:59.400+0000][gc,heap       ] GC(306) Eden regions: 611->0(610)
[2022-08-09T08:47:59.400+0000][gc,heap       ] GC(306) Survivor regions: 3->4(77)
[2022-08-09T08:47:59.400+0000][gc,heap       ] GC(306) Old regions: 65->65
[2022-08-09T08:47:59.400+0000][gc,heap       ] GC(306) Humongous regions: 129->129
[2022-08-09T08:47:59.400+0000][gc,metaspace  ] GC(306) Metaspace: 45583K->45583K(1091584K)
[2022-08-09T08:47:59.400+0000][gc            ] GC(306) Pause Young (Normal) (G1 Evacuation Pause) 805M->195M(1024M) 6.819ms
[2022-08-09T08:47:59.400+0000][gc,cpu        ] GC(306) User=0.01s Sys=0.00s Real=0.00s
[2022-08-09T09:33:06.355+0000][gc,start      ] GC(307) Pause Young (Normal) (G1 Evacuation Pause)
[2022-08-09T09:33:06.355+0000][gc,task       ] GC(307) Using 2 workers of 2 for evacuation
[2022-08-09T09:33:06.362+0000][gc,phases     ] GC(307)   Pre Evacuate Collection Set: 0.0ms
[2022-08-09T09:33:06.362+0000][gc,phases     ] GC(307)   Evacuate Collection Set: 6.6ms
[2022-08-09T09:33:06.362+0000][gc,phases     ] GC(307)   Post Evacuate Collection Set: 0.8ms
[2022-08-09T09:33:06.362+0000][gc,phases     ] GC(307)   Other: 0.2ms
[2022-08-09T09:33:06.363+0000][gc,heap       ] GC(307) Eden regions: 610->0(610)
[2022-08-09T09:33:06.363+0000][gc,heap       ] GC(307) Survivor regions: 4->4(77)
[2022-08-09T09:33:06.363+0000][gc,heap       ] GC(307) Old regions: 65->65
[2022-08-09T09:33:06.363+0000][gc,heap       ] GC(307) Humongous regions: 129->129
[2022-08-09T09:33:06.363+0000][gc,metaspace  ] GC(307) Metaspace: 45583K->45583K(1091584K)
[2022-08-09T09:33:06.363+0000][gc            ] GC(307) Pause Young (Normal) (G1 Evacuation Pause) 805M->195M(1024M) 7.764ms
[2022-08-09T09:33:06.363+0000][gc,cpu        ] GC(307) User=0.02s Sys=0.00s Real=0.00s
[2022-08-09T10:17:54.911+0000][gc,start      ] GC(308) Pause Young (Normal) (G1 Evacuation Pause)
[2022-08-09T10:17:54.911+0000][gc,task       ] GC(308) Using 2 workers of 2 for evacuation
[2022-08-09T10:17:54.919+0000][gc,phases     ] GC(308)   Pre Evacuate Collection Set: 0.0ms
[2022-08-09T10:17:54.919+0000][gc,phases     ] GC(308)   Evacuate Collection Set: 7.0ms
[2022-08-09T10:17:54.919+0000][gc,phases     ] GC(308)   Post Evacuate Collection Set: 0.8ms
[2022-08-09T10:17:54.919+0000][gc,phases     ] GC(308)   Other: 0.3ms
[2022-08-09T10:17:54.919+0000][gc,heap       ] GC(308) Eden regions: 610->0(610)
[2022-08-09T10:17:54.919+0000][gc,heap       ] GC(308) Survivor regions: 4->4(77)
[2022-08-09T10:17:54.919+0000][gc,heap       ] GC(308) Old regions: 65->65
[2022-08-09T10:17:54.919+0000][gc,heap       ] GC(308) Humongous regions: 129->129
[2022-08-09T10:17:54.919+0000][gc,metaspace  ] GC(308) Metaspace: 45583K->45583K(1091584K)
[2022-08-09T10:17:54.919+0000][gc            ] GC(308) Pause Young (Normal) (G1 Evacuation Pause) 805M->195M(1024M) 8.256ms
[2022-08-09T10:17:54.919+0000][gc,cpu        ] GC(308) User=0.01s Sys=0.00s Real=0.01s
[2022-08-09T11:02:48.361+0000][gc,start      ] GC(309) Pause Young (Normal) (G1 Evacuation Pause)
[2022-08-09T11:02:48.361+0000][gc,task       ] GC(309) Using 2 workers of 2 for evacuation
[2022-08-09T11:02:48.369+0000][gc,phases     ] GC(309)   Pre Evacuate Collection Set: 0.0ms
[2022-08-09T11:02:48.369+0000][gc,phases     ] GC(309)   Evacuate Collection Set: 7.0ms
[2022-08-09T11:02:48.369+0000][gc,phases     ] GC(309)   Post Evacuate Collection Set: 0.8ms
[2022-08-09T11:02:48.369+0000][gc,phases     ] GC(309)   Other: 0.3ms
[2022-08-09T11:02:48.369+0000][gc,heap       ] GC(309) Eden regions: 610->0(610)
[2022-08-09T11:02:48.369+0000][gc,heap       ] GC(309) Survivor regions: 4->4(77)
[2022-08-09T11:02:48.369+0000][gc,heap       ] GC(309) Old regions: 65->65
[2022-08-09T11:02:48.369+0000][gc,heap       ] GC(309) Humongous regions: 129->129
[2022-08-09T11:02:48.369+0000][gc,metaspace  ] GC(309) Metaspace: 45583K->45583K(1091584K)
[2022-08-09T11:02:48.369+0000][gc            ] GC(309) Pause Young (Normal) (G1 Evacuation Pause) 805M->195M(1024M) 8.239ms
[2022-08-09T11:02:48.369+0000][gc,cpu        ] GC(309) User=0.01s Sys=0.00s Real=0.01s
[2022-08-09T11:47:44.882+0000][gc,start      ] GC(310) Pause Young (Normal) (G1 Evacuation Pause)
[2022-08-09T11:47:44.882+0000][gc,task       ] GC(310) Using 2 workers of 2 for evacuation
[2022-08-09T11:47:44.891+0000][gc,phases     ] GC(310)   Pre Evacuate Collection Set: 0.0ms
[2022-08-09T11:47:44.891+0000][gc,phases     ] GC(310)   Evacuate Collection Set: 7.6ms
[2022-08-09T11:47:44.891+0000][gc,phases     ] GC(310)   Post Evacuate Collection Set: 0.8ms
[2022-08-09T11:47:44.891+0000][gc,phases     ] GC(310)   Other: 0.3ms
[2022-08-09T11:47:44.891+0000][gc,heap       ] GC(310) Eden regions: 610->0(609)
[2022-08-09T11:47:44.891+0000][gc,heap       ] GC(310) Survivor regions: 4->5(77)
[2022-08-09T11:47:44.891+0000][gc,heap       ] GC(310) Old regions: 65->65
[2022-08-09T11:47:44.891+0000][gc,heap       ] GC(310) Humongous regions: 129->129
[2022-08-09T11:47:44.891+0000][gc,metaspace  ] GC(310) Metaspace: 45583K->45583K(1091584K)
[2022-08-09T11:47:44.891+0000][gc            ] GC(310) Pause Young (Normal) (G1 Evacuation Pause) 805M->196M(1024M) 8.863ms
[2022-08-09T11:47:44.891+0000][gc,cpu        ] GC(310) User=0.02s Sys=0.01s Real=0.01s
[2022-08-09T12:32:43.693+0000][gc,start      ] GC(311) Pause Young (Normal) (G1 Evacuation Pause)
[2022-08-09T12:32:43.693+0000][gc,task       ] GC(311) Using 2 workers of 2 for evacuation
[2022-08-09T12:32:43.702+0000][gc,phases     ] GC(311)   Pre Evacuate Collection Set: 0.0ms
[2022-08-09T12:32:43.702+0000][gc,phases     ] GC(311)   Evacuate Collection Set: 8.1ms
[2022-08-09T12:32:43.702+0000][gc,phases     ] GC(311)   Post Evacuate Collection Set: 0.8ms
[2022-08-09T12:32:43.702+0000][gc,phases     ] GC(311)   Other: 0.3ms
[2022-08-09T12:32:43.702+0000][gc,heap       ] GC(311) Eden regions: 609->0(609)
[2022-08-09T12:32:43.702+0000][gc,heap       ] GC(311) Survivor regions: 5->5(77)
[2022-08-09T12:32:43.702+0000][gc,heap       ] GC(311) Old regions: 65->65
[2022-08-09T12:32:43.702+0000][gc,heap       ] GC(311) Humongous regions: 129->129
[2022-08-09T12:32:43.702+0000][gc,metaspace  ] GC(311) Metaspace: 45583K->45583K(1091584K)
[2022-08-09T12:32:43.702+0000][gc            ] GC(311) Pause Young (Normal) (G1 Evacuation Pause) 805M->196M(1024M) 9.322ms
[2022-08-09T12:32:43.702+0000][gc,cpu        ] GC(311) User=0.01s Sys=0.01s Real=0.00s
[2022-08-09T13:17:37.220+0000][gc,start      ] GC(312) Pause Young (Normal) (G1 Evacuation Pause)
[2022-08-09T13:17:37.220+0000][gc,task       ] GC(312) Using 2 workers of 2 for evacuation
[2022-08-09T13:17:37.229+0000][gc,phases     ] GC(312)   Pre Evacuate Collection Set: 0.0ms
[2022-08-09T13:17:37.229+0000][gc,phases     ] GC(312)   Evacuate Collection Set: 8.3ms
[2022-08-09T13:17:37.229+0000][gc,phases     ] GC(312)   Post Evacuate Collection Set: 0.8ms
[2022-08-09T13:17:37.229+0000][gc,phases     ] GC(312)   Other: 0.2ms
[2022-08-09T13:17:37.229+0000][gc,heap       ] GC(312) Eden regions: 609->0(609)
[2022-08-09T13:17:37.229+0000][gc,heap       ] GC(312) Survivor regions: 5->5(77)
[2022-08-09T13:17:37.229+0000][gc,heap       ] GC(312) Old regions: 65->65
[2022-08-09T13:17:37.229+0000][gc,heap       ] GC(312) Humongous regions: 129->129
[2022-08-09T13:17:37.229+0000][gc,metaspace  ] GC(312) Metaspace: 45583K->45583K(1091584K)
[2022-08-09T13:17:37.229+0000][gc            ] GC(312) Pause Young (Normal) (G1 Evacuation Pause) 805M->196M(1024M) 9.539ms
[2022-08-09T13:17:37.229+0000][gc,cpu        ] GC(312) User=0.02s Sys=0.00s Real=0.01s
[2022-08-09T14:02:27.220+0000][gc,start      ] GC(313) Pause Young (Normal) (G1 Evacuation Pause)
[2022-08-09T14:02:27.220+0000][gc,task       ] GC(313) Using 2 workers of 2 for evacuation
[2022-08-09T14:02:27.230+0000][gc,phases     ] GC(313)   Pre Evacuate Collection Set: 0.0ms
[2022-08-09T14:02:27.230+0000][gc,phases     ] GC(313)   Evacuate Collection Set: 8.5ms
[2022-08-09T14:02:27.230+0000][gc,phases     ] GC(313)   Post Evacuate Collection Set: 1.2ms
[2022-08-09T14:02:27.230+0000][gc,phases     ] GC(313)   Other: 0.2ms
[2022-08-09T14:02:27.230+0000][gc,heap       ] GC(313) Eden regions: 609->0(609)
[2022-08-09T14:02:27.230+0000][gc,heap       ] GC(313) Survivor regions: 5->5(77)
[2022-08-09T14:02:27.230+0000][gc,heap       ] GC(313) Old regions: 65->65
[2022-08-09T14:02:27.230+0000][gc,heap       ] GC(313) Humongous regions: 129->129
[2022-08-09T14:02:27.230+0000][gc,metaspace  ] GC(313) Metaspace: 45583K->45583K(1091584K)
[2022-08-09T14:02:27.230+0000][gc            ] GC(313) Pause Young (Normal) (G1 Evacuation Pause) 805M->196M(1024M) 10.048ms
[2022-08-09T14:02:27.230+0000][gc,cpu        ] GC(313) User=0.02s Sys=0.00s Real=0.01s
[2022-08-09T14:47:24.930+0000][gc,start      ] GC(314) Pause Young (Normal) (G1 Evacuation Pause)
[2022-08-09T14:47:24.930+0000][gc,task       ] GC(314) Using 2 workers of 2 for evacuation
[2022-08-09T14:47:24.936+0000][gc,phases     ] GC(314)   Pre Evacuate Collection Set: 0.0ms
[2022-08-09T14:47:24.937+0000][gc,phases     ] GC(314)   Evacuate Collection Set: 5.1ms
[2022-08-09T14:47:24.937+0000][gc,phases     ] GC(314)   Post Evacuate Collection Set: 0.8ms
[2022-08-09T14:47:24.937+0000][gc,phases     ] GC(314)   Other: 0.2ms
[2022-08-09T14:47:24.937+0000][gc,heap       ] GC(314) Eden regions: 609->0(611)
[2022-08-09T14:47:24.937+0000][gc,heap       ] GC(314) Survivor regions: 5->3(77)
[2022-08-09T14:47:24.937+0000][gc,heap       ] GC(314) Old regions: 65->65
[2022-08-09T14:47:24.937+0000][gc,heap       ] GC(314) Humongous regions: 129->129
[2022-08-09T14:47:24.937+0000][gc,metaspace  ] GC(314) Metaspace: 45583K->45583K(1091584K)
[2022-08-09T14:47:24.937+0000][gc            ] GC(314) Pause Young (Normal) (G1 Evacuation Pause) 805M->194M(1024M) 6.262ms
[2022-08-09T14:47:24.937+0000][gc,cpu        ] GC(314) User=0.02s Sys=0.00s Real=0.01s
[2022-08-09T15:32:43.679+0000][gc,start      ] GC(315) Pause Young (Normal) (G1 Evacuation Pause)
[2022-08-09T15:32:43.679+0000][gc,task       ] GC(315) Using 2 workers of 2 for evacuation
[2022-08-09T15:32:43.686+0000][gc,phases     ] GC(315)   Pre Evacuate Collection Set: 0.0ms
[2022-08-09T15:32:43.686+0000][gc,phases     ] GC(315)   Evacuate Collection Set: 6.4ms
[2022-08-09T15:32:43.686+0000][gc,phases     ] GC(315)   Post Evacuate Collection Set: 0.8ms
[2022-08-09T15:32:43.686+0000][gc,phases     ] GC(315)   Other: 0.3ms
[2022-08-09T15:32:43.686+0000][gc,heap       ] GC(315) Eden regions: 611->0(610)
[2022-08-09T15:32:43.686+0000][gc,heap       ] GC(315) Survivor regions: 3->4(77)
[2022-08-09T15:32:43.686+0000][gc,heap       ] GC(315) Old regions: 65->65
[2022-08-09T15:32:43.686+0000][gc,heap       ] GC(315) Humongous regions: 129->129
[2022-08-09T15:32:43.686+0000][gc,metaspace  ] GC(315) Metaspace: 45583K->45583K(1091584K)
[2022-08-09T15:32:43.686+0000][gc            ] GC(315) Pause Young (Normal) (G1 Evacuation Pause) 805M->195M(1024M) 7.635ms
[2022-08-09T15:32:43.686+0000][gc,cpu        ] GC(315) User=0.01s Sys=0.00s Real=0.01s
[2022-08-09T16:17:40.627+0000][gc,start      ] GC(316) Pause Young (Normal) (G1 Evacuation Pause)
[2022-08-09T16:17:40.627+0000][gc,task       ] GC(316) Using 2 workers of 2 for evacuation
[2022-08-09T16:17:40.635+0000][gc,phases     ] GC(316)   Pre Evacuate Collection Set: 0.0ms
[2022-08-09T16:17:40.635+0000][gc,phases     ] GC(316)   Evacuate Collection Set: 6.7ms
[2022-08-09T16:17:40.635+0000][gc,phases     ] GC(316)   Post Evacuate Collection Set: 0.8ms
[2022-08-09T16:17:40.635+0000][gc,phases     ] GC(316)   Other: 0.3ms
[2022-08-09T16:17:40.635+0000][gc,heap       ] GC(316) Eden regions: 610->0(610)
[2022-08-09T16:17:40.635+0000][gc,heap       ] GC(316) Survivor regions: 4->4(77)
[2022-08-09T16:17:40.635+0000][gc,heap       ] GC(316) Old regions: 65->65
[2022-08-09T16:17:40.635+0000][gc,heap       ] GC(316) Humongous regions: 129->129
[2022-08-09T16:17:40.635+0000][gc,metaspace  ] GC(316) Metaspace: 45583K->45583K(1091584K)
[2022-08-09T16:17:40.635+0000][gc            ] GC(316) Pause Young (Normal) (G1 Evacuation Pause) 805M->195M(1024M) 7.879ms
[2022-08-09T16:17:40.635+0000][gc,cpu        ] GC(316) User=0.02s Sys=0.00s Real=0.01s
[2022-08-09T17:02:45.022+0000][gc,start      ] GC(317) Pause Young (Normal) (G1 Evacuation Pause)
[2022-08-09T17:02:45.022+0000][gc,task       ] GC(317) Using 2 workers of 2 for evacuation
[2022-08-09T17:02:45.030+0000][gc,phases     ] GC(317)   Pre Evacuate Collection Set: 0.0ms
[2022-08-09T17:02:45.030+0000][gc,phases     ] GC(317)   Evacuate Collection Set: 7.1ms
[2022-08-09T17:02:45.030+0000][gc,phases     ] GC(317)   Post Evacuate Collection Set: 0.8ms
[2022-08-09T17:02:45.030+0000][gc,phases     ] GC(317)   Other: 0.2ms
[2022-08-09T17:02:45.030+0000][gc,heap       ] GC(317) Eden regions: 610->0(610)
[2022-08-09T17:02:45.030+0000][gc,heap       ] GC(317) Survivor regions: 4->4(77)
[2022-08-09T17:02:45.030+0000][gc,heap       ] GC(317) Old regions: 65->65
[2022-08-09T17:02:45.030+0000][gc,heap       ] GC(317) Humongous regions: 129->129
[2022-08-09T17:02:45.030+0000][gc,metaspace  ] GC(317) Metaspace: 45583K->45583K(1091584K)
[2022-08-09T17:02:45.030+0000][gc            ] GC(317) Pause Young (Normal) (G1 Evacuation Pause) 805M->195M(1024M) 8.291ms
[2022-08-09T17:02:45.030+0000][gc,cpu        ] GC(317) User=0.01s Sys=0.01s Real=0.01s
[2022-08-09T17:47:42.880+0000][gc,start      ] GC(318) Pause Young (Normal) (G1 Evacuation Pause)
[2022-08-09T17:47:42.880+0000][gc,task       ] GC(318) Using 2 workers of 2 for evacuation
[2022-08-09T17:47:42.888+0000][gc,phases     ] GC(318)   Pre Evacuate Collection Set: 0.0ms
[2022-08-09T17:47:42.888+0000][gc,phases     ] GC(318)   Evacuate Collection Set: 7.4ms
[2022-08-09T17:47:42.888+0000][gc,phases     ] GC(318)   Post Evacuate Collection Set: 0.8ms
[2022-08-09T17:47:42.888+0000][gc,phases     ] GC(318)   Other: 0.2ms
[2022-08-09T17:47:42.888+0000][gc,heap       ] GC(318) Eden regions: 610->0(609)
[2022-08-09T17:47:42.888+0000][gc,heap       ] GC(318) Survivor regions: 4->5(77)
[2022-08-09T17:47:42.888+0000][gc,heap       ] GC(318) Old regions: 65->65
[2022-08-09T17:47:42.888+0000][gc,heap       ] GC(318) Humongous regions: 129->129
[2022-08-09T17:47:42.888+0000][gc,metaspace  ] GC(318) Metaspace: 45583K->45583K(1091584K)
[2022-08-09T17:47:42.888+0000][gc            ] GC(318) Pause Young (Normal) (G1 Evacuation Pause) 805M->196M(1024M) 8.542ms
[2022-08-09T17:47:42.888+0000][gc,cpu        ] GC(318) User=0.02s Sys=0.00s Real=0.01s
[2022-08-09T18:32:49.346+0000][gc,start      ] GC(319) Pause Young (Normal) (G1 Evacuation Pause)
[2022-08-09T18:32:49.346+0000][gc,task       ] GC(319) Using 2 workers of 2 for evacuation
[2022-08-09T18:32:49.355+0000][gc,phases     ] GC(319)   Pre Evacuate Collection Set: 0.0ms
[2022-08-09T18:32:49.355+0000][gc,phases     ] GC(319)   Evacuate Collection Set: 8.3ms
[2022-08-09T18:32:49.355+0000][gc,phases     ] GC(319)   Post Evacuate Collection Set: 1.1ms
[2022-08-09T18:32:49.355+0000][gc,phases     ] GC(319)   Other: 0.2ms
[2022-08-09T18:32:49.355+0000][gc,heap       ] GC(319) Eden regions: 609->0(609)
[2022-08-09T18:32:49.355+0000][gc,heap       ] GC(319) Survivor regions: 5->5(77)
[2022-08-09T18:32:49.355+0000][gc,heap       ] GC(319) Old regions: 65->65
[2022-08-09T18:32:49.355+0000][gc,heap       ] GC(319) Humongous regions: 129->129
[2022-08-09T18:32:49.355+0000][gc,metaspace  ] GC(319) Metaspace: 45604K->45604K(1091584K)
[2022-08-09T18:32:49.355+0000][gc            ] GC(319) Pause Young (Normal) (G1 Evacuation Pause) 805M->196M(1024M) 9.757ms
[2022-08-09T18:32:49.355+0000][gc,cpu        ] GC(319) User=0.02s Sys=0.01s Real=0.01s
[2022-08-09T19:17:38.313+0000][gc,start      ] GC(320) Pause Young (Normal) (G1 Evacuation Pause)
[2022-08-09T19:17:38.313+0000][gc,task       ] GC(320) Using 2 workers of 2 for evacuation
[2022-08-09T19:17:38.322+0000][gc,phases     ] GC(320)   Pre Evacuate Collection Set: 0.0ms
[2022-08-09T19:17:38.322+0000][gc,phases     ] GC(320)   Evacuate Collection Set: 8.3ms
[2022-08-09T19:17:38.322+0000][gc,phases     ] GC(320)   Post Evacuate Collection Set: 0.8ms
[2022-08-09T19:17:38.322+0000][gc,phases     ] GC(320)   Other: 0.2ms
[2022-08-09T19:17:38.322+0000][gc,heap       ] GC(320) Eden regions: 609->0(609)
[2022-08-09T19:17:38.322+0000][gc,heap       ] GC(320) Survivor regions: 5->5(77)
[2022-08-09T19:17:38.322+0000][gc,heap       ] GC(320) Old regions: 65->65
[2022-08-09T19:17:38.322+0000][gc,heap       ] GC(320) Humongous regions: 129->129
[2022-08-09T19:17:38.322+0000][gc,metaspace  ] GC(320) Metaspace: 45606K->45606K(1091584K)
[2022-08-09T19:17:38.322+0000][gc            ] GC(320) Pause Young (Normal) (G1 Evacuation Pause) 805M->196M(1024M) 9.500ms
[2022-08-09T19:17:38.322+0000][gc,cpu        ] GC(320) User=0.02s Sys=0.00s Real=0.00s
[2022-08-09T20:02:29.479+0000][gc,start      ] GC(321) Pause Young (Normal) (G1 Evacuation Pause)
[2022-08-09T20:02:29.479+0000][gc,task       ] GC(321) Using 2 workers of 2 for evacuation
[2022-08-09T20:02:29.489+0000][gc,phases     ] GC(321)   Pre Evacuate Collection Set: 0.0ms
[2022-08-09T20:02:29.489+0000][gc,phases     ] GC(321)   Evacuate Collection Set: 8.6ms
[2022-08-09T20:02:29.489+0000][gc,phases     ] GC(321)   Post Evacuate Collection Set: 0.8ms
[2022-08-09T20:02:29.489+0000][gc,phases     ] GC(321)   Other: 0.3ms
[2022-08-09T20:02:29.489+0000][gc,heap       ] GC(321) Eden regions: 609->0(608)
[2022-08-09T20:02:29.489+0000][gc,heap       ] GC(321) Survivor regions: 5->6(77)
[2022-08-09T20:02:29.489+0000][gc,heap       ] GC(321) Old regions: 65->65
[2022-08-09T20:02:29.489+0000][gc,heap       ] GC(321) Humongous regions: 129->129
[2022-08-09T20:02:29.489+0000][gc,metaspace  ] GC(321) Metaspace: 45606K->45606K(1091584K)
[2022-08-09T20:02:29.489+0000][gc            ] GC(321) Pause Young (Normal) (G1 Evacuation Pause) 805M->197M(1024M) 9.849ms
[2022-08-09T20:02:29.489+0000][gc,cpu        ] GC(321) User=0.01s Sys=0.00s Real=0.01s
[2022-08-09T20:47:20.673+0000][gc,start      ] GC(322) Pause Young (Normal) (G1 Evacuation Pause)
[2022-08-09T20:47:20.673+0000][gc,task       ] GC(322) Using 2 workers of 2 for evacuation
[2022-08-09T20:47:20.680+0000][gc,phases     ] GC(322)   Pre Evacuate Collection Set: 0.0ms
[2022-08-09T20:47:20.680+0000][gc,phases     ] GC(322)   Evacuate Collection Set: 5.2ms
[2022-08-09T20:47:20.680+0000][gc,phases     ] GC(322)   Post Evacuate Collection Set: 1.1ms
[2022-08-09T20:47:20.680+0000][gc,phases     ] GC(322)   Other: 0.2ms
[2022-08-09T20:47:20.680+0000][gc,heap       ] GC(322) Eden regions: 608->0(611)
[2022-08-09T20:47:20.680+0000][gc,heap       ] GC(322) Survivor regions: 6->3(77)
[2022-08-09T20:47:20.680+0000][gc,heap       ] GC(322) Old regions: 65->65
[2022-08-09T20:47:20.680+0000][gc,heap       ] GC(322) Humongous regions: 129->129
[2022-08-09T20:47:20.680+0000][gc,metaspace  ] GC(322) Metaspace: 45606K->45606K(1091584K)
[2022-08-09T20:47:20.680+0000][gc            ] GC(322) Pause Young (Normal) (G1 Evacuation Pause) 805M->194M(1024M) 6.624ms
[2022-08-09T20:47:20.680+0000][gc,cpu        ] GC(322) User=0.01s Sys=0.00s Real=0.00s
[2022-08-09T21:32:32.220+0000][gc,start      ] GC(323) Pause Young (Normal) (G1 Evacuation Pause)
[2022-08-09T21:32:32.220+0000][gc,task       ] GC(323) Using 2 workers of 2 for evacuation
[2022-08-09T21:32:32.227+0000][gc,phases     ] GC(323)   Pre Evacuate Collection Set: 0.0ms
[2022-08-09T21:32:32.227+0000][gc,phases     ] GC(323)   Evacuate Collection Set: 6.1ms
[2022-08-09T21:32:32.227+0000][gc,phases     ] GC(323)   Post Evacuate Collection Set: 0.8ms
[2022-08-09T21:32:32.227+0000][gc,phases     ] GC(323)   Other: 0.2ms
[2022-08-09T21:32:32.227+0000][gc,heap       ] GC(323) Eden regions: 611->0(611)
[2022-08-09T21:32:32.227+0000][gc,heap       ] GC(323) Survivor regions: 3->3(77)
[2022-08-09T21:32:32.227+0000][gc,heap       ] GC(323) Old regions: 65->65
[2022-08-09T21:32:32.227+0000][gc,heap       ] GC(323) Humongous regions: 129->129
[2022-08-09T21:32:32.227+0000][gc,metaspace  ] GC(323) Metaspace: 45606K->45606K(1091584K)
[2022-08-09T21:32:32.227+0000][gc            ] GC(323) Pause Young (Normal) (G1 Evacuation Pause) 805M->194M(1024M) 7.184ms
[2022-08-09T21:32:32.227+0000][gc,cpu        ] GC(323) User=0.01s Sys=0.01s Real=0.01s
[2022-08-09T22:17:37.030+0000][gc,start      ] GC(324) Pause Young (Normal) (G1 Evacuation Pause)
[2022-08-09T22:17:37.030+0000][gc,task       ] GC(324) Using 2 workers of 2 for evacuation
[2022-08-09T22:17:37.038+0000][gc,phases     ] GC(324)   Pre Evacuate Collection Set: 0.0ms
[2022-08-09T22:17:37.038+0000][gc,phases     ] GC(324)   Evacuate Collection Set: 6.6ms
[2022-08-09T22:17:37.038+0000][gc,phases     ] GC(324)   Post Evacuate Collection Set: 0.7ms
[2022-08-09T22:17:37.038+0000][gc,phases     ] GC(324)   Other: 0.2ms
[2022-08-09T22:17:37.038+0000][gc,heap       ] GC(324) Eden regions: 611->0(610)
[2022-08-09T22:17:37.038+0000][gc,heap       ] GC(324) Survivor regions: 3->4(77)
[2022-08-09T22:17:37.038+0000][gc,heap       ] GC(324) Old regions: 65->65
[2022-08-09T22:17:37.038+0000][gc,heap       ] GC(324) Humongous regions: 129->129
[2022-08-09T22:17:37.038+0000][gc,metaspace  ] GC(324) Metaspace: 45606K->45606K(1091584K)
[2022-08-09T22:17:37.038+0000][gc            ] GC(324) Pause Young (Normal) (G1 Evacuation Pause) 805M->195M(1024M) 7.731ms
[2022-08-09T22:17:37.038+0000][gc,cpu        ] GC(324) User=0.01s Sys=0.00s Real=0.01s
[2022-08-09T23:02:32.220+0000][gc,start      ] GC(325) Pause Young (Normal) (G1 Evacuation Pause)
[2022-08-09T23:02:32.220+0000][gc,task       ] GC(325) Using 2 workers of 2 for evacuation
[2022-08-09T23:02:32.227+0000][gc,phases     ] GC(325)   Pre Evacuate Collection Set: 0.0ms
[2022-08-09T23:02:32.227+0000][gc,phases     ] GC(325)   Evacuate Collection Set: 6.8ms
[2022-08-09T23:02:32.227+0000][gc,phases     ] GC(325)   Post Evacuate Collection Set: 0.8ms
[2022-08-09T23:02:32.227+0000][gc,phases     ] GC(325)   Other: 0.2ms
[2022-08-09T23:02:32.227+0000][gc,heap       ] GC(325) Eden regions: 610->0(610)
[2022-08-09T23:02:32.227+0000][gc,heap       ] GC(325) Survivor regions: 4->4(77)
[2022-08-09T23:02:32.227+0000][gc,heap       ] GC(325) Old regions: 65->65
[2022-08-09T23:02:32.227+0000][gc,heap       ] GC(325) Humongous regions: 129->129
[2022-08-09T23:02:32.227+0000][gc,metaspace  ] GC(325) Metaspace: 45606K->45606K(1091584K)
[2022-08-09T23:02:32.227+0000][gc            ] GC(325) Pause Young (Normal) (G1 Evacuation Pause) 805M->195M(1024M) 7.952ms
[2022-08-09T23:02:32.228+0000][gc,cpu        ] GC(325) User=0.01s Sys=0.00s Real=0.01s
[2022-08-09T23:47:29.991+0000][gc,start      ] GC(326) Pause Young (Normal) (G1 Evacuation Pause)
[2022-08-09T23:47:29.991+0000][gc,task       ] GC(326) Using 2 workers of 2 for evacuation
[2022-08-09T23:47:29.999+0000][gc,phases     ] GC(326)   Pre Evacuate Collection Set: 0.0ms
[2022-08-09T23:47:30.000+0000][gc,phases     ] GC(326)   Evacuate Collection Set: 7.2ms
[2022-08-09T23:47:30.000+0000][gc,phases     ] GC(326)   Post Evacuate Collection Set: 0.8ms
[2022-08-09T23:47:30.000+0000][gc,phases     ] GC(326)   Other: 0.2ms
[2022-08-09T23:47:30.000+0000][gc,heap       ] GC(326) Eden regions: 610->0(610)
[2022-08-09T23:47:30.000+0000][gc,heap       ] GC(326) Survivor regions: 4->4(77)
[2022-08-09T23:47:30.000+0000][gc,heap       ] GC(326) Old regions: 65->65
[2022-08-09T23:47:30.000+0000][gc,heap       ] GC(326) Humongous regions: 129->129
[2022-08-09T23:47:30.000+0000][gc,metaspace  ] GC(326) Metaspace: 45606K->45606K(1091584K)
[2022-08-09T23:47:30.000+0000][gc            ] GC(326) Pause Young (Normal) (G1 Evacuation Pause) 805M->195M(1024M) 8.265ms
[2022-08-09T23:47:30.000+0000][gc,cpu        ] GC(326) User=0.02s Sys=0.00s Real=0.01s
[2022-08-10T00:32:36.801+0000][gc,start      ] GC(327) Pause Young (Normal) (G1 Evacuation Pause)
[2022-08-10T00:32:36.802+0000][gc,task       ] GC(327) Using 2 workers of 2 for evacuation
[2022-08-10T00:32:36.810+0000][gc,phases     ] GC(327)   Pre Evacuate Collection Set: 0.0ms
[2022-08-10T00:32:36.810+0000][gc,phases     ] GC(327)   Evacuate Collection Set: 7.9ms
[2022-08-10T00:32:36.810+0000][gc,phases     ] GC(327)   Post Evacuate Collection Set: 0.8ms
[2022-08-10T00:32:36.810+0000][gc,phases     ] GC(327)   Other: 0.2ms
[2022-08-10T00:32:36.810+0000][gc,heap       ] GC(327) Eden regions: 610->0(609)
[2022-08-10T00:32:36.810+0000][gc,heap       ] GC(327) Survivor regions: 4->5(77)
[2022-08-10T00:32:36.810+0000][gc,heap       ] GC(327) Old regions: 65->65
[2022-08-10T00:32:36.810+0000][gc,heap       ] GC(327) Humongous regions: 129->129
[2022-08-10T00:32:36.810+0000][gc,metaspace  ] GC(327) Metaspace: 45606K->45606K(1091584K)
[2022-08-10T00:32:36.811+0000][gc            ] GC(327) Pause Young (Normal) (G1 Evacuation Pause) 805M->196M(1024M) 9.039ms
[2022-08-10T00:32:36.811+0000][gc,cpu        ] GC(327) User=0.02s Sys=0.00s Real=0.01s
[2022-08-10T01:17:27.220+0000][gc,start      ] GC(328) Pause Young (Normal) (G1 Evacuation Pause)
[2022-08-10T01:17:27.220+0000][gc,task       ] GC(328) Using 2 workers of 2 for evacuation
[2022-08-10T01:17:27.229+0000][gc,phases     ] GC(328)   Pre Evacuate Collection Set: 0.0ms
[2022-08-10T01:17:27.229+0000][gc,phases     ] GC(328)   Evacuate Collection Set: 8.0ms
[2022-08-10T01:17:27.229+0000][gc,phases     ] GC(328)   Post Evacuate Collection Set: 1.1ms
[2022-08-10T01:17:27.229+0000][gc,phases     ] GC(328)   Other: 0.2ms
[2022-08-10T01:17:27.229+0000][gc,heap       ] GC(328) Eden regions: 609->0(609)
[2022-08-10T01:17:27.229+0000][gc,heap       ] GC(328) Survivor regions: 5->5(77)
[2022-08-10T01:17:27.229+0000][gc,heap       ] GC(328) Old regions: 65->65
[2022-08-10T01:17:27.229+0000][gc,heap       ] GC(328) Humongous regions: 129->129
[2022-08-10T01:17:27.229+0000][gc,metaspace  ] GC(328) Metaspace: 45606K->45606K(1091584K)
[2022-08-10T01:17:27.229+0000][gc            ] GC(328) Pause Young (Normal) (G1 Evacuation Pause) 805M->196M(1024M) 9.514ms
[2022-08-10T01:17:27.229+0000][gc,cpu        ] GC(328) User=0.02s Sys=0.00s Real=0.01s
[2022-08-10T02:02:17.392+0000][gc,start      ] GC(329) Pause Young (Normal) (G1 Evacuation Pause)
[2022-08-10T02:02:17.392+0000][gc,task       ] GC(329) Using 2 workers of 2 for evacuation
[2022-08-10T02:02:17.402+0000][gc,phases     ] GC(329)   Pre Evacuate Collection Set: 0.0ms
[2022-08-10T02:02:17.402+0000][gc,phases     ] GC(329)   Evacuate Collection Set: 8.5ms
[2022-08-10T02:02:17.402+0000][gc,phases     ] GC(329)   Post Evacuate Collection Set: 0.8ms
[2022-08-10T02:02:17.402+0000][gc,phases     ] GC(329)   Other: 0.3ms
[2022-08-10T02:02:17.402+0000][gc,heap       ] GC(329) Eden regions: 609->0(608)
[2022-08-10T02:02:17.402+0000][gc,heap       ] GC(329) Survivor regions: 5->6(77)
[2022-08-10T02:02:17.402+0000][gc,heap       ] GC(329) Old regions: 65->65
[2022-08-10T02:02:17.402+0000][gc,heap       ] GC(329) Humongous regions: 129->129
[2022-08-10T02:02:17.402+0000][gc,metaspace  ] GC(329) Metaspace: 45606K->45606K(1091584K)
[2022-08-10T02:02:17.402+0000][gc            ] GC(329) Pause Young (Normal) (G1 Evacuation Pause) 805M->197M(1024M) 9.669ms
[2022-08-10T02:02:17.402+0000][gc,cpu        ] GC(329) User=0.01s Sys=0.00s Real=0.01s
[2022-08-10T02:47:07.220+0000][gc,start      ] GC(330) Pause Young (Normal) (G1 Evacuation Pause)
[2022-08-10T02:47:07.220+0000][gc,task       ] GC(330) Using 2 workers of 2 for evacuation
[2022-08-10T02:47:07.229+0000][gc,phases     ] GC(330)   Pre Evacuate Collection Set: 0.0ms
[2022-08-10T02:47:07.229+0000][gc,phases     ] GC(330)   Evacuate Collection Set: 8.3ms
[2022-08-10T02:47:07.229+0000][gc,phases     ] GC(330)   Post Evacuate Collection Set: 0.8ms
[2022-08-10T02:47:07.229+0000][gc,phases     ] GC(330)   Other: 0.2ms
[2022-08-10T02:47:07.229+0000][gc,heap       ] GC(330) Eden regions: 608->0(608)
[2022-08-10T02:47:07.229+0000][gc,heap       ] GC(330) Survivor regions: 6->6(77)
[2022-08-10T02:47:07.229+0000][gc,heap       ] GC(330) Old regions: 65->65
[2022-08-10T02:47:07.229+0000][gc,heap       ] GC(330) Humongous regions: 129->129
[2022-08-10T02:47:07.229+0000][gc,metaspace  ] GC(330) Metaspace: 45606K->45606K(1091584K)
[2022-08-10T02:47:07.229+0000][gc            ] GC(330) Pause Young (Normal) (G1 Evacuation Pause) 805M->197M(1024M) 9.452ms
[2022-08-10T02:47:07.229+0000][gc,cpu        ] GC(330) User=0.02s Sys=0.00s Real=0.01s
[2022-08-10T03:32:06.981+0000][gc,start      ] GC(331) Pause Young (Normal) (G1 Evacuation Pause)
[2022-08-10T03:32:06.981+0000][gc,task       ] GC(331) Using 2 workers of 2 for evacuation
[2022-08-10T03:32:06.987+0000][gc,phases     ] GC(331)   Pre Evacuate Collection Set: 0.0ms
[2022-08-10T03:32:06.987+0000][gc,phases     ] GC(331)   Evacuate Collection Set: 5.6ms
[2022-08-10T03:32:06.987+0000][gc,phases     ] GC(331)   Post Evacuate Collection Set: 0.7ms
[2022-08-10T03:32:06.987+0000][gc,phases     ] GC(331)   Other: 0.2ms
[2022-08-10T03:32:06.988+0000][gc,heap       ] GC(331) Eden regions: 608->0(611)
[2022-08-10T03:32:06.988+0000][gc,heap       ] GC(331) Survivor regions: 6->3(77)
[2022-08-10T03:32:06.988+0000][gc,heap       ] GC(331) Old regions: 65->65
[2022-08-10T03:32:06.988+0000][gc,heap       ] GC(331) Humongous regions: 129->129
[2022-08-10T03:32:06.988+0000][gc,metaspace  ] GC(331) Metaspace: 45606K->45606K(1091584K)
[2022-08-10T03:32:06.988+0000][gc            ] GC(331) Pause Young (Normal) (G1 Evacuation Pause) 805M->194M(1024M) 6.740ms
[2022-08-10T03:32:06.988+0000][gc,cpu        ] GC(331) User=0.01s Sys=0.00s Real=0.01s
[2022-08-10T04:17:07.872+0000][gc,start      ] GC(332) Pause Young (Normal) (G1 Evacuation Pause)
[2022-08-10T04:17:07.872+0000][gc,task       ] GC(332) Using 2 workers of 2 for evacuation
[2022-08-10T04:17:07.879+0000][gc,phases     ] GC(332)   Pre Evacuate Collection Set: 0.0ms
[2022-08-10T04:17:07.879+0000][gc,phases     ] GC(332)   Evacuate Collection Set: 6.1ms
[2022-08-10T04:17:07.879+0000][gc,phases     ] GC(332)   Post Evacuate Collection Set: 0.8ms
[2022-08-10T04:17:07.879+0000][gc,phases     ] GC(332)   Other: 0.2ms
[2022-08-10T04:17:07.879+0000][gc,heap       ] GC(332) Eden regions: 611->0(611)
[2022-08-10T04:17:07.879+0000][gc,heap       ] GC(332) Survivor regions: 3->3(77)
[2022-08-10T04:17:07.879+0000][gc,heap       ] GC(332) Old regions: 65->65
[2022-08-10T04:17:07.879+0000][gc,heap       ] GC(332) Humongous regions: 129->129
[2022-08-10T04:17:07.879+0000][gc,metaspace  ] GC(332) Metaspace: 45606K->45606K(1091584K)
[2022-08-10T04:17:07.879+0000][gc            ] GC(332) Pause Young (Normal) (G1 Evacuation Pause) 805M->194M(1024M) 7.224ms
[2022-08-10T04:17:07.879+0000][gc,cpu        ] GC(332) User=0.01s Sys=0.00s Real=0.01s
[2022-08-10T05:02:09.754+0000][gc,start      ] GC(333) Pause Young (Normal) (G1 Evacuation Pause)
[2022-08-10T05:02:09.754+0000][gc,task       ] GC(333) Using 2 workers of 2 for evacuation
[2022-08-10T05:02:09.762+0000][gc,phases     ] GC(333)   Pre Evacuate Collection Set: 0.0ms
[2022-08-10T05:02:09.762+0000][gc,phases     ] GC(333)   Evacuate Collection Set: 6.5ms
[2022-08-10T05:02:09.762+0000][gc,phases     ] GC(333)   Post Evacuate Collection Set: 1.1ms
[2022-08-10T05:02:09.762+0000][gc,phases     ] GC(333)   Other: 0.2ms
[2022-08-10T05:02:09.762+0000][gc,heap       ] GC(333) Eden regions: 611->0(610)
[2022-08-10T05:02:09.762+0000][gc,heap       ] GC(333) Survivor regions: 3->4(77)
[2022-08-10T05:02:09.762+0000][gc,heap       ] GC(333) Old regions: 65->65
[2022-08-10T05:02:09.762+0000][gc,heap       ] GC(333) Humongous regions: 129->129
[2022-08-10T05:02:09.762+0000][gc,metaspace  ] GC(333) Metaspace: 45606K->45606K(1091584K)
[2022-08-10T05:02:09.762+0000][gc            ] GC(333) Pause Young (Normal) (G1 Evacuation Pause) 805M->195M(1024M) 8.008ms
[2022-08-10T05:02:09.762+0000][gc,cpu        ] GC(333) User=0.02s Sys=0.00s Real=0.00s
[2022-08-10T05:47:05.844+0000][gc,start      ] GC(334) Pause Young (Normal) (G1 Evacuation Pause)
[2022-08-10T05:47:05.844+0000][gc,task       ] GC(334) Using 2 workers of 2 for evacuation
[2022-08-10T05:47:05.851+0000][gc,phases     ] GC(334)   Pre Evacuate Collection Set: 0.0ms
[2022-08-10T05:47:05.851+0000][gc,phases     ] GC(334)   Evacuate Collection Set: 6.7ms
[2022-08-10T05:47:05.851+0000][gc,phases     ] GC(334)   Post Evacuate Collection Set: 0.8ms
[2022-08-10T05:47:05.851+0000][gc,phases     ] GC(334)   Other: 0.2ms
[2022-08-10T05:47:05.851+0000][gc,heap       ] GC(334) Eden regions: 610->0(610)
[2022-08-10T05:47:05.851+0000][gc,heap       ] GC(334) Survivor regions: 4->4(77)
[2022-08-10T05:47:05.851+0000][gc,heap       ] GC(334) Old regions: 65->65
[2022-08-10T05:47:05.851+0000][gc,heap       ] GC(334) Humongous regions: 129->129
[2022-08-10T05:47:05.851+0000][gc,metaspace  ] GC(334) Metaspace: 45606K->45606K(1091584K)
[2022-08-10T05:47:05.851+0000][gc            ] GC(334) Pause Young (Normal) (G1 Evacuation Pause) 805M->195M(1024M) 7.897ms
[2022-08-10T05:47:05.851+0000][gc,cpu        ] GC(334) User=0.01s Sys=0.00s Real=0.01s
[2022-08-10T06:32:14.404+0000][gc,start      ] GC(335) Pause Young (Normal) (G1 Evacuation Pause)
[2022-08-10T06:32:14.405+0000][gc,task       ] GC(335) Using 2 workers of 2 for evacuation
[2022-08-10T06:32:14.413+0000][gc,phases     ] GC(335)   Pre Evacuate Collection Set: 0.0ms
[2022-08-10T06:32:14.413+0000][gc,phases     ] GC(335)   Evacuate Collection Set: 7.5ms
[2022-08-10T06:32:14.413+0000][gc,phases     ] GC(335)   Post Evacuate Collection Set: 0.8ms
[2022-08-10T06:32:14.413+0000][gc,phases     ] GC(335)   Other: 0.2ms
[2022-08-10T06:32:14.413+0000][gc,heap       ] GC(335) Eden regions: 610->0(609)
[2022-08-10T06:32:14.413+0000][gc,heap       ] GC(335) Survivor regions: 4->5(77)
[2022-08-10T06:32:14.413+0000][gc,heap       ] GC(335) Old regions: 65->65
[2022-08-10T06:32:14.413+0000][gc,heap       ] GC(335) Humongous regions: 129->129
[2022-08-10T06:32:14.413+0000][gc,metaspace  ] GC(335) Metaspace: 45606K->45606K(1091584K)
[2022-08-10T06:32:14.413+0000][gc            ] GC(335) Pause Young (Normal) (G1 Evacuation Pause) 805M->196M(1024M) 8.669ms
[2022-08-10T06:32:14.413+0000][gc,cpu        ] GC(335) User=0.00s Sys=0.01s Real=0.01s
[2022-08-10T07:17:08.434+0000][gc,start      ] GC(336) Pause Young (Normal) (G1 Evacuation Pause)
[2022-08-10T07:17:08.434+0000][gc,task       ] GC(336) Using 2 workers of 2 for evacuation
[2022-08-10T07:17:08.443+0000][gc,phases     ] GC(336)   Pre Evacuate Collection Set: 0.0ms
[2022-08-10T07:17:08.443+0000][gc,phases     ] GC(336)   Evacuate Collection Set: 7.9ms
[2022-08-10T07:17:08.443+0000][gc,phases     ] GC(336)   Post Evacuate Collection Set: 1.2ms
[2022-08-10T07:17:08.443+0000][gc,phases     ] GC(336)   Other: 0.2ms
[2022-08-10T07:17:08.443+0000][gc,heap       ] GC(336) Eden regions: 609->0(609)
[2022-08-10T07:17:08.443+0000][gc,heap       ] GC(336) Survivor regions: 5->5(77)
[2022-08-10T07:17:08.443+0000][gc,heap       ] GC(336) Old regions: 65->65
[2022-08-10T07:17:08.443+0000][gc,heap       ] GC(336) Humongous regions: 129->129
[2022-08-10T07:17:08.443+0000][gc,metaspace  ] GC(336) Metaspace: 45606K->45606K(1091584K)
[2022-08-10T07:17:08.443+0000][gc            ] GC(336) Pause Young (Normal) (G1 Evacuation Pause) 805M->196M(1024M) 9.483ms
[2022-08-10T07:17:08.443+0000][gc,cpu        ] GC(336) User=0.01s Sys=0.00s Real=0.00s
[2022-08-10T08:02:01.719+0000][gc,start      ] GC(337) Pause Young (Normal) (G1 Evacuation Pause)
[2022-08-10T08:02:01.719+0000][gc,task       ] GC(337) Using 2 workers of 2 for evacuation
[2022-08-10T08:02:01.728+0000][gc,phases     ] GC(337)   Pre Evacuate Collection Set: 0.0ms
[2022-08-10T08:02:01.728+0000][gc,phases     ] GC(337)   Evacuate Collection Set: 8.3ms
[2022-08-10T08:02:01.728+0000][gc,phases     ] GC(337)   Post Evacuate Collection Set: 1.1ms
[2022-08-10T08:02:01.728+0000][gc,phases     ] GC(337)   Other: 0.2ms
[2022-08-10T08:02:01.728+0000][gc,heap       ] GC(337) Eden regions: 609->0(609)
[2022-08-10T08:02:01.728+0000][gc,heap       ] GC(337) Survivor regions: 5->5(77)
[2022-08-10T08:02:01.728+0000][gc,heap       ] GC(337) Old regions: 65->65
[2022-08-10T08:02:01.728+0000][gc,heap       ] GC(337) Humongous regions: 129->129
[2022-08-10T08:02:01.728+0000][gc,metaspace  ] GC(337) Metaspace: 45606K->45606K(1091584K)
[2022-08-10T08:02:01.728+0000][gc            ] GC(337) Pause Young (Normal) (G1 Evacuation Pause) 805M->196M(1024M) 9.804ms
[2022-08-10T08:02:01.728+0000][gc,cpu        ] GC(337) User=0.02s Sys=0.00s Real=0.01s
[2022-08-10T08:47:00.755+0000][gc,start      ] GC(338) Pause Young (Normal) (G1 Evacuation Pause)
[2022-08-10T08:47:00.755+0000][gc,task       ] GC(338) Using 2 workers of 2 for evacuation
[2022-08-10T08:47:00.761+0000][gc,phases     ] GC(338)   Pre Evacuate Collection Set: 0.0ms
[2022-08-10T08:47:00.761+0000][gc,phases     ] GC(338)   Evacuate Collection Set: 5.1ms
[2022-08-10T08:47:00.761+0000][gc,phases     ] GC(338)   Post Evacuate Collection Set: 1.1ms
[2022-08-10T08:47:00.761+0000][gc,phases     ] GC(338)   Other: 0.2ms
[2022-08-10T08:47:00.761+0000][gc,heap       ] GC(338) Eden regions: 609->0(611)
[2022-08-10T08:47:00.761+0000][gc,heap       ] GC(338) Survivor regions: 5->3(77)
[2022-08-10T08:47:00.761+0000][gc,heap       ] GC(338) Old regions: 65->65
[2022-08-10T08:47:00.761+0000][gc,heap       ] GC(338) Humongous regions: 129->129
[2022-08-10T08:47:00.761+0000][gc,metaspace  ] GC(338) Metaspace: 45607K->45607K(1091584K)
[2022-08-10T08:47:00.761+0000][gc            ] GC(338) Pause Young (Normal) (G1 Evacuation Pause) 805M->194M(1024M) 6.533ms
[2022-08-10T08:47:00.761+0000][gc,cpu        ] GC(338) User=0.01s Sys=0.00s Real=0.00s
[2022-08-10T09:32:13.117+0000][gc,start      ] GC(339) Pause Young (Normal) (G1 Evacuation Pause)
[2022-08-10T09:32:13.117+0000][gc,task       ] GC(339) Using 2 workers of 2 for evacuation
[2022-08-10T09:32:13.124+0000][gc,phases     ] GC(339)   Pre Evacuate Collection Set: 0.0ms
[2022-08-10T09:32:13.124+0000][gc,phases     ] GC(339)   Evacuate Collection Set: 6.3ms
[2022-08-10T09:32:13.124+0000][gc,phases     ] GC(339)   Post Evacuate Collection Set: 1.2ms
[2022-08-10T09:32:13.124+0000][gc,phases     ] GC(339)   Other: 0.2ms
[2022-08-10T09:32:13.124+0000][gc,heap       ] GC(339) Eden regions: 611->0(611)
[2022-08-10T09:32:13.124+0000][gc,heap       ] GC(339) Survivor regions: 3->3(77)
[2022-08-10T09:32:13.124+0000][gc,heap       ] GC(339) Old regions: 65->65
[2022-08-10T09:32:13.124+0000][gc,heap       ] GC(339) Humongous regions: 129->129
[2022-08-10T09:32:13.124+0000][gc,metaspace  ] GC(339) Metaspace: 45607K->45607K(1091584K)
[2022-08-10T09:32:13.124+0000][gc            ] GC(339) Pause Young (Normal) (G1 Evacuation Pause) 805M->194M(1024M) 7.877ms
[2022-08-10T09:32:13.124+0000][gc,cpu        ] GC(339) User=0.01s Sys=0.00s Real=0.01s
[2022-08-10T10:17:13.434+0000][gc,start      ] GC(340) Pause Young (Normal) (G1 Evacuation Pause)
[2022-08-10T10:17:13.434+0000][gc,task       ] GC(340) Using 2 workers of 2 for evacuation
[2022-08-10T10:17:13.441+0000][gc,phases     ] GC(340)   Pre Evacuate Collection Set: 0.0ms
[2022-08-10T10:17:13.441+0000][gc,phases     ] GC(340)   Evacuate Collection Set: 6.5ms
[2022-08-10T10:17:13.441+0000][gc,phases     ] GC(340)   Post Evacuate Collection Set: 0.8ms
[2022-08-10T10:17:13.441+0000][gc,phases     ] GC(340)   Other: 0.2ms
[2022-08-10T10:17:13.441+0000][gc,heap       ] GC(340) Eden regions: 611->0(610)
[2022-08-10T10:17:13.441+0000][gc,heap       ] GC(340) Survivor regions: 3->4(77)
[2022-08-10T10:17:13.441+0000][gc,heap       ] GC(340) Old regions: 65->65
[2022-08-10T10:17:13.441+0000][gc,heap       ] GC(340) Humongous regions: 129->129
[2022-08-10T10:17:13.441+0000][gc,metaspace  ] GC(340) Metaspace: 45607K->45607K(1091584K)
[2022-08-10T10:17:13.441+0000][gc            ] GC(340) Pause Young (Normal) (G1 Evacuation Pause) 805M->195M(1024M) 7.653ms
[2022-08-10T10:17:13.441+0000][gc,cpu        ] GC(340) User=0.02s Sys=0.00s Real=0.00s
[2022-08-10T11:02:09.370+0000][gc,start      ] GC(341) Pause Young (Normal) (G1 Evacuation Pause)
[2022-08-10T11:02:09.370+0000][gc,task       ] GC(341) Using 2 workers of 2 for evacuation
[2022-08-10T11:02:09.378+0000][gc,phases     ] GC(341)   Pre Evacuate Collection Set: 0.0ms
[2022-08-10T11:02:09.378+0000][gc,phases     ] GC(341)   Evacuate Collection Set: 6.7ms
[2022-08-10T11:02:09.378+0000][gc,phases     ] GC(341)   Post Evacuate Collection Set: 0.8ms
[2022-08-10T11:02:09.378+0000][gc,phases     ] GC(341)   Other: 0.2ms
[2022-08-10T11:02:09.378+0000][gc,heap       ] GC(341) Eden regions: 610->0(610)
[2022-08-10T11:02:09.378+0000][gc,heap       ] GC(341) Survivor regions: 4->4(77)
[2022-08-10T11:02:09.378+0000][gc,heap       ] GC(341) Old regions: 65->65
[2022-08-10T11:02:09.378+0000][gc,heap       ] GC(341) Humongous regions: 129->129
[2022-08-10T11:02:09.378+0000][gc,metaspace  ] GC(341) Metaspace: 45607K->45607K(1091584K)
[2022-08-10T11:02:09.378+0000][gc            ] GC(341) Pause Young (Normal) (G1 Evacuation Pause) 805M->195M(1024M) 7.915ms
[2022-08-10T11:02:09.378+0000][gc,cpu        ] GC(341) User=0.01s Sys=0.00s Real=0.01s
[2022-08-10T11:47:10.818+0000][gc,start      ] GC(342) Pause Young (Normal) (G1 Evacuation Pause)
[2022-08-10T11:47:10.818+0000][gc,task       ] GC(342) Using 2 workers of 2 for evacuation
[2022-08-10T11:47:10.826+0000][gc,phases     ] GC(342)   Pre Evacuate Collection Set: 0.0ms
[2022-08-10T11:47:10.826+0000][gc,phases     ] GC(342)   Evacuate Collection Set: 7.0ms
[2022-08-10T11:47:10.826+0000][gc,phases     ] GC(342)   Post Evacuate Collection Set: 0.8ms
[2022-08-10T11:47:10.826+0000][gc,phases     ] GC(342)   Other: 0.3ms
[2022-08-10T11:47:10.826+0000][gc,heap       ] GC(342) Eden regions: 610->0(610)
[2022-08-10T11:47:10.826+0000][gc,heap       ] GC(342) Survivor regions: 4->4(77)
[2022-08-10T11:47:10.826+0000][gc,heap       ] GC(342) Old regions: 65->65
[2022-08-10T11:47:10.826+0000][gc,heap       ] GC(342) Humongous regions: 129->129
[2022-08-10T11:47:10.826+0000][gc,metaspace  ] GC(342) Metaspace: 45607K->45607K(1091584K)
[2022-08-10T11:47:10.826+0000][gc            ] GC(342) Pause Young (Normal) (G1 Evacuation Pause) 805M->195M(1024M) 8.121ms
[2022-08-10T11:47:10.826+0000][gc,cpu        ] GC(342) User=0.01s Sys=0.00s Real=0.01s
[2022-08-10T12:32:17.220+0000][gc,start      ] GC(343) Pause Young (Normal) (G1 Evacuation Pause)
[2022-08-10T12:32:17.220+0000][gc,task       ] GC(343) Using 2 workers of 2 for evacuation
[2022-08-10T12:32:17.229+0000][gc,phases     ] GC(343)   Pre Evacuate Collection Set: 0.0ms
[2022-08-10T12:32:17.229+0000][gc,phases     ] GC(343)   Evacuate Collection Set: 7.9ms
[2022-08-10T12:32:17.229+0000][gc,phases     ] GC(343)   Post Evacuate Collection Set: 0.8ms
[2022-08-10T12:32:17.229+0000][gc,phases     ] GC(343)   Other: 0.2ms
[2022-08-10T12:32:17.229+0000][gc,heap       ] GC(343) Eden regions: 610->0(609)
[2022-08-10T12:32:17.229+0000][gc,heap       ] GC(343) Survivor regions: 4->5(77)
[2022-08-10T12:32:17.229+0000][gc,heap       ] GC(343) Old regions: 65->65
[2022-08-10T12:32:17.229+0000][gc,heap       ] GC(343) Humongous regions: 129->129
[2022-08-10T12:32:17.229+0000][gc,metaspace  ] GC(343) Metaspace: 45607K->45607K(1091584K)
[2022-08-10T12:32:17.229+0000][gc            ] GC(343) Pause Young (Normal) (G1 Evacuation Pause) 805M->196M(1024M) 9.037ms
[2022-08-10T12:32:17.229+0000][gc,cpu        ] GC(343) User=0.02s Sys=0.00s Real=0.01s
[2022-08-10T13:17:09.380+0000][gc,start      ] GC(344) Pause Young (Normal) (G1 Evacuation Pause)
[2022-08-10T13:17:09.381+0000][gc,task       ] GC(344) Using 2 workers of 2 for evacuation
[2022-08-10T13:17:09.390+0000][gc,phases     ] GC(344)   Pre Evacuate Collection Set: 0.0ms
[2022-08-10T13:17:09.390+0000][gc,phases     ] GC(344)   Evacuate Collection Set: 8.2ms
[2022-08-10T13:17:09.390+0000][gc,phases     ] GC(344)   Post Evacuate Collection Set: 0.8ms
[2022-08-10T13:17:09.390+0000][gc,phases     ] GC(344)   Other: 0.3ms
[2022-08-10T13:17:09.390+0000][gc,heap       ] GC(344) Eden regions: 609->0(609)
[2022-08-10T13:17:09.390+0000][gc,heap       ] GC(344) Survivor regions: 5->5(77)
[2022-08-10T13:17:09.390+0000][gc,heap       ] GC(344) Old regions: 65->65
[2022-08-10T13:17:09.390+0000][gc,heap       ] GC(344) Humongous regions: 129->129
[2022-08-10T13:17:09.390+0000][gc,metaspace  ] GC(344) Metaspace: 45608K->45608K(1091584K)
[2022-08-10T13:17:09.390+0000][gc            ] GC(344) Pause Young (Normal) (G1 Evacuation Pause) 805M->196M(1024M) 9.421ms
[2022-08-10T13:17:09.390+0000][gc,cpu        ] GC(344) User=0.02s Sys=0.00s Real=0.01s
[2022-08-10T14:01:59.410+0000][gc,start      ] GC(345) Pause Young (Normal) (G1 Evacuation Pause)
[2022-08-10T14:01:59.410+0000][gc,task       ] GC(345) Using 2 workers of 2 for evacuation
[2022-08-10T14:01:59.420+0000][gc,phases     ] GC(345)   Pre Evacuate Collection Set: 0.0ms
[2022-08-10T14:01:59.420+0000][gc,phases     ] GC(345)   Evacuate Collection Set: 8.3ms
[2022-08-10T14:01:59.420+0000][gc,phases     ] GC(345)   Post Evacuate Collection Set: 1.1ms
[2022-08-10T14:01:59.420+0000][gc,phases     ] GC(345)   Other: 0.2ms
[2022-08-10T14:01:59.420+0000][gc,heap       ] GC(345) Eden regions: 609->0(608)
[2022-08-10T14:01:59.420+0000][gc,heap       ] GC(345) Survivor regions: 5->6(77)
[2022-08-10T14:01:59.420+0000][gc,heap       ] GC(345) Old regions: 65->65
[2022-08-10T14:01:59.420+0000][gc,heap       ] GC(345) Humongous regions: 129->129
[2022-08-10T14:01:59.420+0000][gc,metaspace  ] GC(345) Metaspace: 45611K->45611K(1091584K)
[2022-08-10T14:01:59.420+0000][gc            ] GC(345) Pause Young (Normal) (G1 Evacuation Pause) 805M->197M(1024M) 9.796ms
[2022-08-10T14:01:59.420+0000][gc,cpu        ] GC(345) User=0.02s Sys=0.00s Real=0.01s
[2022-08-10T14:46:52.141+0000][gc,start      ] GC(346) Pause Young (Normal) (G1 Evacuation Pause)
[2022-08-10T14:46:52.141+0000][gc,task       ] GC(346) Using 2 workers of 2 for evacuation
[2022-08-10T14:46:52.150+0000][gc,phases     ] GC(346)   Pre Evacuate Collection Set: 0.0ms
[2022-08-10T14:46:52.150+0000][gc,phases     ] GC(346)   Evacuate Collection Set: 7.9ms
[2022-08-10T14:46:52.150+0000][gc,phases     ] GC(346)   Post Evacuate Collection Set: 0.8ms
[2022-08-10T14:46:52.150+0000][gc,phases     ] GC(346)   Other: 0.2ms
[2022-08-10T14:46:52.150+0000][gc,heap       ] GC(346) Eden regions: 608->0(609)
[2022-08-10T14:46:52.150+0000][gc,heap       ] GC(346) Survivor regions: 6->5(77)
[2022-08-10T14:46:52.150+0000][gc,heap       ] GC(346) Old regions: 65->65
[2022-08-10T14:46:52.150+0000][gc,heap       ] GC(346) Humongous regions: 129->129
[2022-08-10T14:46:52.150+0000][gc,metaspace  ] GC(346) Metaspace: 45611K->45611K(1091584K)
[2022-08-10T14:46:52.150+0000][gc            ] GC(346) Pause Young (Normal) (G1 Evacuation Pause) 805M->196M(1024M) 9.041ms
[2022-08-10T14:46:52.150+0000][gc,cpu        ] GC(346) User=0.02s Sys=0.00s Real=0.01s
[2022-08-10T15:31:54.720+0000][gc,start      ] GC(347) Pause Young (Normal) (G1 Evacuation Pause)
[2022-08-10T15:31:54.720+0000][gc,task       ] GC(347) Using 2 workers of 2 for evacuation
[2022-08-10T15:31:54.727+0000][gc,phases     ] GC(347)   Pre Evacuate Collection Set: 0.0ms
[2022-08-10T15:31:54.727+0000][gc,phases     ] GC(347)   Evacuate Collection Set: 5.9ms
[2022-08-10T15:31:54.727+0000][gc,phases     ] GC(347)   Post Evacuate Collection Set: 0.8ms
[2022-08-10T15:31:54.727+0000][gc,phases     ] GC(347)   Other: 0.2ms
[2022-08-10T15:31:54.727+0000][gc,heap       ] GC(347) Eden regions: 609->0(611)
[2022-08-10T15:31:54.727+0000][gc,heap       ] GC(347) Survivor regions: 5->3(77)
[2022-08-10T15:31:54.727+0000][gc,heap       ] GC(347) Old regions: 65->65
[2022-08-10T15:31:54.727+0000][gc,heap       ] GC(347) Humongous regions: 129->129
[2022-08-10T15:31:54.727+0000][gc,metaspace  ] GC(347) Metaspace: 45611K->45611K(1091584K)
[2022-08-10T15:31:54.727+0000][gc            ] GC(347) Pause Young (Normal) (G1 Evacuation Pause) 805M->194M(1024M) 7.037ms
[2022-08-10T15:31:54.727+0000][gc,cpu        ] GC(347) User=0.01s Sys=0.00s Real=0.01s
[2022-08-10T16:16:52.634+0000][gc,start      ] GC(348) Pause Young (Normal) (G1 Evacuation Pause)
[2022-08-10T16:16:52.634+0000][gc,task       ] GC(348) Using 2 workers of 2 for evacuation
[2022-08-10T16:16:52.641+0000][gc,phases     ] GC(348)   Pre Evacuate Collection Set: 0.0ms
[2022-08-10T16:16:52.641+0000][gc,phases     ] GC(348)   Evacuate Collection Set: 6.0ms
[2022-08-10T16:16:52.641+0000][gc,phases     ] GC(348)   Post Evacuate Collection Set: 0.8ms
[2022-08-10T16:16:52.641+0000][gc,phases     ] GC(348)   Other: 0.2ms
[2022-08-10T16:16:52.641+0000][gc,heap       ] GC(348) Eden regions: 611->0(611)
[2022-08-10T16:16:52.641+0000][gc,heap       ] GC(348) Survivor regions: 3->3(77)
[2022-08-10T16:16:52.641+0000][gc,heap       ] GC(348) Old regions: 65->65
[2022-08-10T16:16:52.641+0000][gc,heap       ] GC(348) Humongous regions: 129->129
[2022-08-10T16:16:52.641+0000][gc,metaspace  ] GC(348) Metaspace: 45611K->45611K(1091584K)
[2022-08-10T16:16:52.641+0000][gc            ] GC(348) Pause Young (Normal) (G1 Evacuation Pause) 805M->194M(1024M) 7.173ms
[2022-08-10T16:16:52.641+0000][gc,cpu        ] GC(348) User=0.02s Sys=0.00s Real=0.00s
[2022-08-10T17:01:51.328+0000][gc,start      ] GC(349) Pause Young (Normal) (G1 Evacuation Pause)
[2022-08-10T17:01:51.328+0000][gc,task       ] GC(349) Using 2 workers of 2 for evacuation
[2022-08-10T17:01:51.336+0000][gc,phases     ] GC(349)   Pre Evacuate Collection Set: 0.0ms
[2022-08-10T17:01:51.336+0000][gc,phases     ] GC(349)   Evacuate Collection Set: 6.7ms
[2022-08-10T17:01:51.336+0000][gc,phases     ] GC(349)   Post Evacuate Collection Set: 0.8ms
[2022-08-10T17:01:51.336+0000][gc,phases     ] GC(349)   Other: 0.3ms
[2022-08-10T17:01:51.336+0000][gc,heap       ] GC(349) Eden regions: 611->0(610)
[2022-08-10T17:01:51.336+0000][gc,heap       ] GC(349) Survivor regions: 3->4(77)
[2022-08-10T17:01:51.336+0000][gc,heap       ] GC(349) Old regions: 65->65
[2022-08-10T17:01:51.336+0000][gc,heap       ] GC(349) Humongous regions: 178->178
[2022-08-10T17:01:51.336+0000][gc,metaspace  ] GC(349) Metaspace: 45612K->45612K(1091584K)
[2022-08-10T17:01:51.336+0000][gc            ] GC(349) Pause Young (Normal) (G1 Evacuation Pause) 854M->244M(1024M) 7.875ms
[2022-08-10T17:01:51.336+0000][gc,cpu        ] GC(349) User=0.02s Sys=0.00s Real=0.01s
[2022-08-10T17:46:48.124+0000][gc,start      ] GC(350) Pause Young (Normal) (G1 Evacuation Pause)
[2022-08-10T17:46:48.124+0000][gc,task       ] GC(350) Using 2 workers of 2 for evacuation
[2022-08-10T17:46:48.132+0000][gc,phases     ] GC(350)   Pre Evacuate Collection Set: 0.0ms
[2022-08-10T17:46:48.132+0000][gc,phases     ] GC(350)   Evacuate Collection Set: 7.2ms
[2022-08-10T17:46:48.132+0000][gc,phases     ] GC(350)   Post Evacuate Collection Set: 1.3ms
[2022-08-10T17:46:48.132+0000][gc,phases     ] GC(350)   Other: 0.2ms
[2022-08-10T17:46:48.132+0000][gc,heap       ] GC(350) Eden regions: 610->0(610)
[2022-08-10T17:46:48.132+0000][gc,heap       ] GC(350) Survivor regions: 4->4(77)
[2022-08-10T17:46:48.132+0000][gc,heap       ] GC(350) Old regions: 65->65
[2022-08-10T17:46:48.132+0000][gc,heap       ] GC(350) Humongous regions: 178->129
[2022-08-10T17:46:48.132+0000][gc,metaspace  ] GC(350) Metaspace: 45612K->45612K(1091584K)
[2022-08-10T17:46:48.133+0000][gc            ] GC(350) Pause Young (Normal) (G1 Evacuation Pause) 854M->195M(1024M) 8.900ms
[2022-08-10T17:46:48.133+0000][gc,cpu        ] GC(350) User=0.01s Sys=0.00s Real=0.02s
[2022-08-10T18:32:00.294+0000][gc,start      ] GC(351) Pause Young (Normal) (G1 Evacuation Pause)
[2022-08-10T18:32:00.294+0000][gc,task       ] GC(351) Using 2 workers of 2 for evacuation
[2022-08-10T18:32:00.303+0000][gc,phases     ] GC(351)   Pre Evacuate Collection Set: 0.0ms
[2022-08-10T18:32:00.303+0000][gc,phases     ] GC(351)   Evacuate Collection Set: 7.9ms
[2022-08-10T18:32:00.303+0000][gc,phases     ] GC(351)   Post Evacuate Collection Set: 0.8ms
[2022-08-10T18:32:00.303+0000][gc,phases     ] GC(351)   Other: 0.2ms
[2022-08-10T18:32:00.303+0000][gc,heap       ] GC(351) Eden regions: 610->0(609)
[2022-08-10T18:32:00.303+0000][gc,heap       ] GC(351) Survivor regions: 4->5(77)
[2022-08-10T18:32:00.303+0000][gc,heap       ] GC(351) Old regions: 65->65
[2022-08-10T18:32:00.303+0000][gc,heap       ] GC(351) Humongous regions: 129->129
[2022-08-10T18:32:00.303+0000][gc,metaspace  ] GC(351) Metaspace: 45612K->45612K(1091584K)
[2022-08-10T18:32:00.303+0000][gc            ] GC(351) Pause Young (Normal) (G1 Evacuation Pause) 805M->196M(1024M) 9.079ms
[2022-08-10T18:32:00.303+0000][gc,cpu        ] GC(351) User=0.01s Sys=0.00s Real=0.00s
[2022-08-10T19:16:54.235+0000][gc,start      ] GC(352) Pause Young (Normal) (G1 Evacuation Pause)
[2022-08-10T19:16:54.235+0000][gc,task       ] GC(352) Using 2 workers of 2 for evacuation
[2022-08-10T19:16:54.244+0000][gc,phases     ] GC(352)   Pre Evacuate Collection Set: 0.0ms
[2022-08-10T19:16:54.244+0000][gc,phases     ] GC(352)   Evacuate Collection Set: 8.2ms
[2022-08-10T19:16:54.244+0000][gc,phases     ] GC(352)   Post Evacuate Collection Set: 0.8ms
[2022-08-10T19:16:54.244+0000][gc,phases     ] GC(352)   Other: 0.3ms
[2022-08-10T19:16:54.244+0000][gc,heap       ] GC(352) Eden regions: 609->0(609)
[2022-08-10T19:16:54.244+0000][gc,heap       ] GC(352) Survivor regions: 5->5(77)
[2022-08-10T19:16:54.244+0000][gc,heap       ] GC(352) Old regions: 65->65
[2022-08-10T19:16:54.244+0000][gc,heap       ] GC(352) Humongous regions: 129->129
[2022-08-10T19:16:54.244+0000][gc,metaspace  ] GC(352) Metaspace: 45612K->45612K(1091584K)
[2022-08-10T19:16:54.244+0000][gc            ] GC(352) Pause Young (Normal) (G1 Evacuation Pause) 805M->196M(1024M) 9.371ms
[2022-08-10T19:16:54.244+0000][gc,cpu        ] GC(352) User=0.02s Sys=0.00s Real=0.00s
[2022-08-10T20:01:46.332+0000][gc,start      ] GC(353) Pause Young (Normal) (G1 Evacuation Pause)
[2022-08-10T20:01:46.332+0000][gc,task       ] GC(353) Using 2 workers of 2 for evacuation
[2022-08-10T20:01:46.342+0000][gc,phases     ] GC(353)   Pre Evacuate Collection Set: 0.0ms
[2022-08-10T20:01:46.342+0000][gc,phases     ] GC(353)   Evacuate Collection Set: 8.3ms
[2022-08-10T20:01:46.342+0000][gc,phases     ] GC(353)   Post Evacuate Collection Set: 0.8ms
[2022-08-10T20:01:46.342+0000][gc,phases     ] GC(353)   Other: 0.3ms
[2022-08-10T20:01:46.342+0000][gc,heap       ] GC(353) Eden regions: 609->0(609)
[2022-08-10T20:01:46.342+0000][gc,heap       ] GC(353) Survivor regions: 5->5(77)
[2022-08-10T20:01:46.342+0000][gc,heap       ] GC(353) Old regions: 65->65
[2022-08-10T20:01:46.342+0000][gc,heap       ] GC(353) Humongous regions: 129->129
[2022-08-10T20:01:46.342+0000][gc,metaspace  ] GC(353) Metaspace: 45616K->45616K(1091584K)
[2022-08-10T20:01:46.342+0000][gc            ] GC(353) Pause Young (Normal) (G1 Evacuation Pause) 805M->196M(1024M) 9.400ms
[2022-08-10T20:01:46.342+0000][gc,cpu        ] GC(353) User=0.00s Sys=0.02s Real=0.00s
[2022-08-10T20:46:42.220+0000][gc,start      ] GC(354) Pause Young (Normal) (G1 Evacuation Pause)
[2022-08-10T20:46:42.220+0000][gc,task       ] GC(354) Using 2 workers of 2 for evacuation
[2022-08-10T20:46:42.230+0000][gc,phases     ] GC(354)   Pre Evacuate Collection Set: 0.0ms
[2022-08-10T20:46:42.230+0000][gc,phases     ] GC(354)   Evacuate Collection Set: 8.7ms
[2022-08-10T20:46:42.230+0000][gc,phases     ] GC(354)   Post Evacuate Collection Set: 1.1ms
[2022-08-10T20:46:42.230+0000][gc,phases     ] GC(354)   Other: 0.2ms
[2022-08-10T20:46:42.230+0000][gc,heap       ] GC(354) Eden regions: 609->0(608)
[2022-08-10T20:46:42.230+0000][gc,heap       ] GC(354) Survivor regions: 5->6(77)
[2022-08-10T20:46:42.230+0000][gc,heap       ] GC(354) Old regions: 65->65
[2022-08-10T20:46:42.230+0000][gc,heap       ] GC(354) Humongous regions: 129->129
[2022-08-10T20:46:42.230+0000][gc,metaspace  ] GC(354) Metaspace: 45616K->45616K(1091584K)
[2022-08-10T20:46:42.230+0000][gc            ] GC(354) Pause Young (Normal) (G1 Evacuation Pause) 805M->197M(1024M) 10.202ms
[2022-08-10T20:46:42.230+0000][gc,cpu        ] GC(354) User=0.01s Sys=0.00s Real=0.01s
[2022-08-10T21:31:42.220+0000][gc,start      ] GC(355) Pause Young (Normal) (G1 Evacuation Pause)
[2022-08-10T21:31:42.220+0000][gc,task       ] GC(355) Using 2 workers of 2 for evacuation
[2022-08-10T21:31:42.226+0000][gc,phases     ] GC(355)   Pre Evacuate Collection Set: 0.0ms
[2022-08-10T21:31:42.226+0000][gc,phases     ] GC(355)   Evacuate Collection Set: 5.6ms
[2022-08-10T21:31:42.226+0000][gc,phases     ] GC(355)   Post Evacuate Collection Set: 0.7ms
[2022-08-10T21:31:42.226+0000][gc,phases     ] GC(355)   Other: 0.2ms
[2022-08-10T21:31:42.226+0000][gc,heap       ] GC(355) Eden regions: 608->0(611)
[2022-08-10T21:31:42.226+0000][gc,heap       ] GC(355) Survivor regions: 6->3(77)
[2022-08-10T21:31:42.226+0000][gc,heap       ] GC(355) Old regions: 65->65
[2022-08-10T21:31:42.226+0000][gc,heap       ] GC(355) Humongous regions: 129->129
[2022-08-10T21:31:42.226+0000][gc,metaspace  ] GC(355) Metaspace: 45621K->45621K(1091584K)
[2022-08-10T21:31:42.226+0000][gc            ] GC(355) Pause Young (Normal) (G1 Evacuation Pause) 805M->194M(1024M) 6.724ms
[2022-08-10T21:31:42.226+0000][gc,cpu        ] GC(355) User=0.01s Sys=0.00s Real=0.01s
[2022-08-10T22:16:43.085+0000][gc,start      ] GC(356) Pause Young (Normal) (G1 Evacuation Pause)
[2022-08-10T22:16:43.085+0000][gc,task       ] GC(356) Using 2 workers of 2 for evacuation
[2022-08-10T22:16:43.092+0000][gc,phases     ] GC(356)   Pre Evacuate Collection Set: 0.0ms
[2022-08-10T22:16:43.093+0000][gc,phases     ] GC(356)   Evacuate Collection Set: 6.3ms
[2022-08-10T22:16:43.093+0000][gc,phases     ] GC(356)   Post Evacuate Collection Set: 1.1ms
[2022-08-10T22:16:43.093+0000][gc,phases     ] GC(356)   Other: 0.2ms
[2022-08-10T22:16:43.093+0000][gc,heap       ] GC(356) Eden regions: 611->0(611)
[2022-08-10T22:16:43.093+0000][gc,heap       ] GC(356) Survivor regions: 3->3(77)
[2022-08-10T22:16:43.093+0000][gc,heap       ] GC(356) Old regions: 65->65
[2022-08-10T22:16:43.093+0000][gc,heap       ] GC(356) Humongous regions: 129->129
[2022-08-10T22:16:43.093+0000][gc,metaspace  ] GC(356) Metaspace: 45621K->45621K(1091584K)
[2022-08-10T22:16:43.093+0000][gc            ] GC(356) Pause Young (Normal) (G1 Evacuation Pause) 805M->194M(1024M) 7.758ms
[2022-08-10T22:16:43.093+0000][gc,cpu        ] GC(356) User=0.00s Sys=0.01s Real=0.01s
[2022-08-10T23:01:38.433+0000][gc,start      ] GC(357) Pause Young (Normal) (G1 Evacuation Pause)
[2022-08-10T23:01:38.433+0000][gc,task       ] GC(357) Using 2 workers of 2 for evacuation
[2022-08-10T23:01:38.441+0000][gc,phases     ] GC(357)   Pre Evacuate Collection Set: 0.1ms
[2022-08-10T23:01:38.441+0000][gc,phases     ] GC(357)   Evacuate Collection Set: 6.4ms
[2022-08-10T23:01:38.441+0000][gc,phases     ] GC(357)   Post Evacuate Collection Set: 0.8ms
[2022-08-10T23:01:38.441+0000][gc,phases     ] GC(357)   Other: 0.3ms
[2022-08-10T23:01:38.441+0000][gc,heap       ] GC(357) Eden regions: 611->0(610)
[2022-08-10T23:01:38.441+0000][gc,heap       ] GC(357) Survivor regions: 3->4(77)
[2022-08-10T23:01:38.441+0000][gc,heap       ] GC(357) Old regions: 65->65
[2022-08-10T23:01:38.441+0000][gc,heap       ] GC(357) Humongous regions: 129->129
[2022-08-10T23:01:38.441+0000][gc,metaspace  ] GC(357) Metaspace: 45621K->45621K(1091584K)
[2022-08-10T23:01:38.441+0000][gc            ] GC(357) Pause Young (Normal) (G1 Evacuation Pause) 805M->195M(1024M) 7.642ms
[2022-08-10T23:01:38.441+0000][gc,cpu        ] GC(357) User=0.00s Sys=0.01s Real=0.00s
[2022-08-10T23:46:36.081+0000][gc,start      ] GC(358) Pause Young (Normal) (G1 Evacuation Pause)
[2022-08-10T23:46:36.081+0000][gc,task       ] GC(358) Using 2 workers of 2 for evacuation
[2022-08-10T23:46:36.090+0000][gc,phases     ] GC(358)   Pre Evacuate Collection Set: 0.0ms
[2022-08-10T23:46:36.090+0000][gc,phases     ] GC(358)   Evacuate Collection Set: 6.8ms
[2022-08-10T23:46:36.090+0000][gc,phases     ] GC(358)   Post Evacuate Collection Set: 1.1ms
[2022-08-10T23:46:36.090+0000][gc,phases     ] GC(358)   Other: 0.2ms
[2022-08-10T23:46:36.090+0000][gc,heap       ] GC(358) Eden regions: 610->0(610)
[2022-08-10T23:46:36.090+0000][gc,heap       ] GC(358) Survivor regions: 4->4(77)
[2022-08-10T23:46:36.090+0000][gc,heap       ] GC(358) Old regions: 65->65
[2022-08-10T23:46:36.090+0000][gc,heap       ] GC(358) Humongous regions: 129->129
[2022-08-10T23:46:36.090+0000][gc,metaspace  ] GC(358) Metaspace: 45621K->45621K(1091584K)
[2022-08-10T23:46:36.090+0000][gc            ] GC(358) Pause Young (Normal) (G1 Evacuation Pause) 805M->195M(1024M) 8.283ms
[2022-08-10T23:46:36.090+0000][gc,cpu        ] GC(358) User=0.01s Sys=0.00s Real=0.01s
[2022-08-11T00:31:42.220+0000][gc,start      ] GC(359) Pause Young (Normal) (G1 Evacuation Pause)
[2022-08-11T00:31:42.220+0000][gc,task       ] GC(359) Using 2 workers of 2 for evacuation
[2022-08-11T00:31:42.228+0000][gc,phases     ] GC(359)   Pre Evacuate Collection Set: 0.0ms
[2022-08-11T00:31:42.228+0000][gc,phases     ] GC(359)   Evacuate Collection Set: 7.6ms
[2022-08-11T00:31:42.228+0000][gc,phases     ] GC(359)   Post Evacuate Collection Set: 0.8ms
[2022-08-11T00:31:42.228+0000][gc,phases     ] GC(359)   Other: 0.2ms
[2022-08-11T00:31:42.228+0000][gc,heap       ] GC(359) Eden regions: 610->0(609)
[2022-08-11T00:31:42.228+0000][gc,heap       ] GC(359) Survivor regions: 4->5(77)
[2022-08-11T00:31:42.228+0000][gc,heap       ] GC(359) Old regions: 65->65
[2022-08-11T00:31:42.228+0000][gc,heap       ] GC(359) Humongous regions: 129->129
[2022-08-11T00:31:42.228+0000][gc,metaspace  ] GC(359) Metaspace: 45621K->45621K(1091584K)
[2022-08-11T00:31:42.228+0000][gc            ] GC(359) Pause Young (Normal) (G1 Evacuation Pause) 805M->196M(1024M) 8.699ms
[2022-08-11T00:31:42.228+0000][gc,cpu        ] GC(359) User=0.02s Sys=0.01s Real=0.01s
[2022-08-11T01:16:30.556+0000][gc,start      ] GC(360) Pause Young (Normal) (G1 Evacuation Pause)
[2022-08-11T01:16:30.556+0000][gc,task       ] GC(360) Using 2 workers of 2 for evacuation
[2022-08-11T01:16:30.565+0000][gc,phases     ] GC(360)   Pre Evacuate Collection Set: 0.0ms
[2022-08-11T01:16:30.565+0000][gc,phases     ] GC(360)   Evacuate Collection Set: 7.7ms
[2022-08-11T01:16:30.565+0000][gc,phases     ] GC(360)   Post Evacuate Collection Set: 0.8ms
[2022-08-11T01:16:30.565+0000][gc,phases     ] GC(360)   Other: 0.2ms
[2022-08-11T01:16:30.565+0000][gc,heap       ] GC(360) Eden regions: 609->0(609)
[2022-08-11T01:16:30.565+0000][gc,heap       ] GC(360) Survivor regions: 5->5(77)
[2022-08-11T01:16:30.565+0000][gc,heap       ] GC(360) Old regions: 65->65
[2022-08-11T01:16:30.565+0000][gc,heap       ] GC(360) Humongous regions: 129->129
[2022-08-11T01:16:30.565+0000][gc,metaspace  ] GC(360) Metaspace: 45621K->45621K(1091584K)
[2022-08-11T01:16:30.565+0000][gc            ] GC(360) Pause Young (Normal) (G1 Evacuation Pause) 805M->196M(1024M) 8.902ms
[2022-08-11T01:16:30.565+0000][gc,cpu        ] GC(360) User=0.02s Sys=0.00s Real=0.01s
[2022-08-11T02:01:20.207+0000][gc,start      ] GC(361) Pause Young (Normal) (G1 Evacuation Pause)
[2022-08-11T02:01:20.207+0000][gc,task       ] GC(361) Using 2 workers of 2 for evacuation
[2022-08-11T02:01:20.216+0000][gc,phases     ] GC(361)   Pre Evacuate Collection Set: 0.0ms
[2022-08-11T02:01:20.216+0000][gc,phases     ] GC(361)   Evacuate Collection Set: 7.8ms
[2022-08-11T02:01:20.216+0000][gc,phases     ] GC(361)   Post Evacuate Collection Set: 0.7ms
[2022-08-11T02:01:20.216+0000][gc,phases     ] GC(361)   Other: 0.2ms
[2022-08-11T02:01:20.216+0000][gc,heap       ] GC(361) Eden regions: 609->0(609)
[2022-08-11T02:01:20.216+0000][gc,heap       ] GC(361) Survivor regions: 5->5(77)
[2022-08-11T02:01:20.216+0000][gc,heap       ] GC(361) Old regions: 65->65
[2022-08-11T02:01:20.216+0000][gc,heap       ] GC(361) Humongous regions: 129->129
[2022-08-11T02:01:20.216+0000][gc,metaspace  ] GC(361) Metaspace: 45622K->45622K(1091584K)
[2022-08-11T02:01:20.216+0000][gc            ] GC(361) Pause Young (Normal) (G1 Evacuation Pause) 805M->196M(1024M) 8.945ms
[2022-08-11T02:01:20.216+0000][gc,cpu        ] GC(361) User=0.02s Sys=0.00s Real=0.01s
[2022-08-11T02:46:15.866+0000][gc,start      ] GC(362) Pause Young (Normal) (G1 Evacuation Pause)
[2022-08-11T02:46:15.866+0000][gc,task       ] GC(362) Using 2 workers of 2 for evacuation
[2022-08-11T02:46:15.875+0000][gc,phases     ] GC(362)   Pre Evacuate Collection Set: 0.0ms
[2022-08-11T02:46:15.875+0000][gc,phases     ] GC(362)   Evacuate Collection Set: 8.2ms
[2022-08-11T02:46:15.875+0000][gc,phases     ] GC(362)   Post Evacuate Collection Set: 1.1ms
[2022-08-11T02:46:15.875+0000][gc,phases     ] GC(362)   Other: 0.2ms
[2022-08-11T02:46:15.875+0000][gc,heap       ] GC(362) Eden regions: 609->0(609)
[2022-08-11T02:46:15.875+0000][gc,heap       ] GC(362) Survivor regions: 5->5(77)
[2022-08-11T02:46:15.875+0000][gc,heap       ] GC(362) Old regions: 65->65
[2022-08-11T02:46:15.875+0000][gc,heap       ] GC(362) Humongous regions: 129->129
[2022-08-11T02:46:15.875+0000][gc,metaspace  ] GC(362) Metaspace: 45622K->45622K(1091584K)
[2022-08-11T02:46:15.876+0000][gc            ] GC(362) Pause Young (Normal) (G1 Evacuation Pause) 805M->196M(1024M) 9.703ms
[2022-08-11T02:46:15.876+0000][gc,cpu        ] GC(362) User=0.02s Sys=0.00s Real=0.01s
[2022-08-11T03:31:21.116+0000][gc,start      ] GC(363) Pause Young (Normal) (G1 Evacuation Pause)
[2022-08-11T03:31:21.116+0000][gc,task       ] GC(363) Using 2 workers of 2 for evacuation
[2022-08-11T03:31:21.122+0000][gc,phases     ] GC(363)   Pre Evacuate Collection Set: 0.0ms
[2022-08-11T03:31:21.122+0000][gc,phases     ] GC(363)   Evacuate Collection Set: 5.4ms
[2022-08-11T03:31:21.122+0000][gc,phases     ] GC(363)   Post Evacuate Collection Set: 0.8ms
[2022-08-11T03:31:21.122+0000][gc,phases     ] GC(363)   Other: 0.2ms
[2022-08-11T03:31:21.122+0000][gc,heap       ] GC(363) Eden regions: 609->0(611)
[2022-08-11T03:31:21.122+0000][gc,heap       ] GC(363) Survivor regions: 5->3(77)
[2022-08-11T03:31:21.122+0000][gc,heap       ] GC(363) Old regions: 65->65
[2022-08-11T03:31:21.122+0000][gc,heap       ] GC(363) Humongous regions: 129->129
[2022-08-11T03:31:21.122+0000][gc,metaspace  ] GC(363) Metaspace: 45622K->45622K(1091584K)
[2022-08-11T03:31:21.122+0000][gc            ] GC(363) Pause Young (Normal) (G1 Evacuation Pause) 805M->194M(1024M) 6.570ms
[2022-08-11T03:31:21.122+0000][gc,cpu        ] GC(363) User=0.01s Sys=0.01s Real=0.00s
[2022-08-11T04:16:23.307+0000][gc,start      ] GC(364) Pause Young (Normal) (G1 Evacuation Pause)
[2022-08-11T04:16:23.307+0000][gc,task       ] GC(364) Using 2 workers of 2 for evacuation
[2022-08-11T04:16:23.313+0000][gc,phases     ] GC(364)   Pre Evacuate Collection Set: 0.0ms
[2022-08-11T04:16:23.313+0000][gc,phases     ] GC(364)   Evacuate Collection Set: 5.7ms
[2022-08-11T04:16:23.313+0000][gc,phases     ] GC(364)   Post Evacuate Collection Set: 0.8ms
[2022-08-11T04:16:23.313+0000][gc,phases     ] GC(364)   Other: 0.2ms
[2022-08-11T04:16:23.313+0000][gc,heap       ] GC(364) Eden regions: 611->0(611)
[2022-08-11T04:16:23.313+0000][gc,heap       ] GC(364) Survivor regions: 3->3(77)
[2022-08-11T04:16:23.313+0000][gc,heap       ] GC(364) Old regions: 65->65
[2022-08-11T04:16:23.313+0000][gc,heap       ] GC(364) Humongous regions: 129->129
[2022-08-11T04:16:23.314+0000][gc,metaspace  ] GC(364) Metaspace: 45625K->45625K(1091584K)
[2022-08-11T04:16:23.314+0000][gc            ] GC(364) Pause Young (Normal) (G1 Evacuation Pause) 805M->194M(1024M) 6.824ms
[2022-08-11T04:16:23.314+0000][gc,cpu        ] GC(364) User=0.01s Sys=0.00s Real=0.01s
[2022-08-11T05:01:23.313+0000][gc,start      ] GC(365) Pause Young (Normal) (G1 Evacuation Pause)
[2022-08-11T05:01:23.313+0000][gc,task       ] GC(365) Using 2 workers of 2 for evacuation
[2022-08-11T05:01:23.320+0000][gc,phases     ] GC(365)   Pre Evacuate Collection Set: 0.0ms
[2022-08-11T05:01:23.320+0000][gc,phases     ] GC(365)   Evacuate Collection Set: 6.0ms
[2022-08-11T05:01:23.320+0000][gc,phases     ] GC(365)   Post Evacuate Collection Set: 0.8ms
[2022-08-11T05:01:23.320+0000][gc,phases     ] GC(365)   Other: 0.2ms
[2022-08-11T05:01:23.320+0000][gc,heap       ] GC(365) Eden regions: 611->0(610)
[2022-08-11T05:01:23.320+0000][gc,heap       ] GC(365) Survivor regions: 3->4(77)
[2022-08-11T05:01:23.320+0000][gc,heap       ] GC(365) Old regions: 65->65
[2022-08-11T05:01:23.320+0000][gc,heap       ] GC(365) Humongous regions: 129->129
[2022-08-11T05:01:23.320+0000][gc,metaspace  ] GC(365) Metaspace: 45625K->45625K(1091584K)
[2022-08-11T05:01:23.320+0000][gc            ] GC(365) Pause Young (Normal) (G1 Evacuation Pause) 805M->195M(1024M) 7.104ms
[2022-08-11T05:01:23.320+0000][gc,cpu        ] GC(365) User=0.02s Sys=0.00s Real=0.00s
[2022-08-11T05:46:22.551+0000][gc,start      ] GC(366) Pause Young (Normal) (G1 Evacuation Pause)
[2022-08-11T05:46:22.551+0000][gc,task       ] GC(366) Using 2 workers of 2 for evacuation
[2022-08-11T05:46:22.559+0000][gc,phases     ] GC(366)   Pre Evacuate Collection Set: 0.0ms
[2022-08-11T05:46:22.559+0000][gc,phases     ] GC(366)   Evacuate Collection Set: 6.3ms
[2022-08-11T05:46:22.559+0000][gc,phases     ] GC(366)   Post Evacuate Collection Set: 1.1ms
[2022-08-11T05:46:22.559+0000][gc,phases     ] GC(366)   Other: 0.2ms
[2022-08-11T05:46:22.559+0000][gc,heap       ] GC(366) Eden regions: 610->0(610)
[2022-08-11T05:46:22.559+0000][gc,heap       ] GC(366) Survivor regions: 4->4(77)
[2022-08-11T05:46:22.559+0000][gc,heap       ] GC(366) Old regions: 65->65
[2022-08-11T05:46:22.559+0000][gc,heap       ] GC(366) Humongous regions: 129->129
[2022-08-11T05:46:22.559+0000][gc,metaspace  ] GC(366) Metaspace: 45625K->45625K(1091584K)
[2022-08-11T05:46:22.559+0000][gc            ] GC(366) Pause Young (Normal) (G1 Evacuation Pause) 805M->195M(1024M) 7.764ms
[2022-08-11T05:46:22.559+0000][gc,cpu        ] GC(366) User=0.01s Sys=0.00s Real=0.01s
[2022-08-11T06:31:32.220+0000][gc,start      ] GC(367) Pause Young (Normal) (G1 Evacuation Pause)
[2022-08-11T06:31:32.220+0000][gc,task       ] GC(367) Using 2 workers of 2 for evacuation
[2022-08-11T06:31:32.228+0000][gc,phases     ] GC(367)   Pre Evacuate Collection Set: 0.0ms
[2022-08-11T06:31:32.228+0000][gc,phases     ] GC(367)   Evacuate Collection Set: 7.3ms
[2022-08-11T06:31:32.228+0000][gc,phases     ] GC(367)   Post Evacuate Collection Set: 0.8ms
[2022-08-11T06:31:32.228+0000][gc,phases     ] GC(367)   Other: 0.2ms
[2022-08-11T06:31:32.228+0000][gc,heap       ] GC(367) Eden regions: 610->0(610)
[2022-08-11T06:31:32.228+0000][gc,heap       ] GC(367) Survivor regions: 4->4(77)
[2022-08-11T06:31:32.228+0000][gc,heap       ] GC(367) Old regions: 65->65
[2022-08-11T06:31:32.228+0000][gc,heap       ] GC(367) Humongous regions: 129->129
[2022-08-11T06:31:32.228+0000][gc,metaspace  ] GC(367) Metaspace: 45625K->45625K(1091584K)
[2022-08-11T06:31:32.228+0000][gc            ] GC(367) Pause Young (Normal) (G1 Evacuation Pause) 805M->195M(1024M) 8.397ms
[2022-08-11T06:31:32.228+0000][gc,cpu        ] GC(367) User=0.02s Sys=0.00s Real=0.01s
[2022-08-11T07:16:27.220+0000][gc,start      ] GC(368) Pause Young (Normal) (G1 Evacuation Pause)
[2022-08-11T07:16:27.220+0000][gc,task       ] GC(368) Using 2 workers of 2 for evacuation
[2022-08-11T07:16:27.228+0000][gc,phases     ] GC(368)   Pre Evacuate Collection Set: 0.0ms
[2022-08-11T07:16:27.228+0000][gc,phases     ] GC(368)   Evacuate Collection Set: 7.6ms
[2022-08-11T07:16:27.228+0000][gc,phases     ] GC(368)   Post Evacuate Collection Set: 0.8ms
[2022-08-11T07:16:27.228+0000][gc,phases     ] GC(368)   Other: 0.2ms
[2022-08-11T07:16:27.228+0000][gc,heap       ] GC(368) Eden regions: 610->0(609)
[2022-08-11T07:16:27.228+0000][gc,heap       ] GC(368) Survivor regions: 4->5(77)
[2022-08-11T07:16:27.228+0000][gc,heap       ] GC(368) Old regions: 65->65
[2022-08-11T07:16:27.228+0000][gc,heap       ] GC(368) Humongous regions: 129->129
[2022-08-11T07:16:27.228+0000][gc,metaspace  ] GC(368) Metaspace: 45625K->45625K(1091584K)
[2022-08-11T07:16:27.229+0000][gc            ] GC(368) Pause Young (Normal) (G1 Evacuation Pause) 805M->196M(1024M) 8.788ms
[2022-08-11T07:16:27.229+0000][gc,cpu        ] GC(368) User=0.02s Sys=0.00s Real=0.01s
[2022-08-11T08:01:17.220+0000][gc,start      ] GC(369) Pause Young (Normal) (G1 Evacuation Pause)
[2022-08-11T08:01:17.220+0000][gc,task       ] GC(369) Using 2 workers of 2 for evacuation
[2022-08-11T08:01:17.229+0000][gc,phases     ] GC(369)   Pre Evacuate Collection Set: 0.0ms
[2022-08-11T08:01:17.229+0000][gc,phases     ] GC(369)   Evacuate Collection Set: 7.9ms
[2022-08-11T08:01:17.229+0000][gc,phases     ] GC(369)   Post Evacuate Collection Set: 0.8ms
[2022-08-11T08:01:17.229+0000][gc,phases     ] GC(369)   Other: 0.2ms
[2022-08-11T08:01:17.229+0000][gc,heap       ] GC(369) Eden regions: 609->0(609)
[2022-08-11T08:01:17.229+0000][gc,heap       ] GC(369) Survivor regions: 5->5(77)
[2022-08-11T08:01:17.229+0000][gc,heap       ] GC(369) Old regions: 65->65
[2022-08-11T08:01:17.229+0000][gc,heap       ] GC(369) Humongous regions: 129->129
[2022-08-11T08:01:17.229+0000][gc,metaspace  ] GC(369) Metaspace: 45625K->45625K(1091584K)
[2022-08-11T08:01:17.229+0000][gc            ] GC(369) Pause Young (Normal) (G1 Evacuation Pause) 805M->196M(1024M) 9.076ms
[2022-08-11T08:01:17.229+0000][gc,cpu        ] GC(369) User=0.01s Sys=0.00s Real=0.01s
[2022-08-11T08:46:12.220+0000][gc,start      ] GC(370) Pause Young (Normal) (G1 Evacuation Pause)
[2022-08-11T08:46:12.220+0000][gc,task       ] GC(370) Using 2 workers of 2 for evacuation
[2022-08-11T08:46:12.229+0000][gc,phases     ] GC(370)   Pre Evacuate Collection Set: 0.0ms
[2022-08-11T08:46:12.229+0000][gc,phases     ] GC(370)   Evacuate Collection Set: 7.9ms
[2022-08-11T08:46:12.229+0000][gc,phases     ] GC(370)   Post Evacuate Collection Set: 0.8ms
[2022-08-11T08:46:12.229+0000][gc,phases     ] GC(370)   Other: 0.2ms
[2022-08-11T08:46:12.229+0000][gc,heap       ] GC(370) Eden regions: 609->0(609)
[2022-08-11T08:46:12.229+0000][gc,heap       ] GC(370) Survivor regions: 5->5(77)
[2022-08-11T08:46:12.229+0000][gc,heap       ] GC(370) Old regions: 65->65
[2022-08-11T08:46:12.229+0000][gc,heap       ] GC(370) Humongous regions: 129->129
[2022-08-11T08:46:12.229+0000][gc,metaspace  ] GC(370) Metaspace: 45625K->45625K(1091584K)
[2022-08-11T08:46:12.229+0000][gc            ] GC(370) Pause Young (Normal) (G1 Evacuation Pause) 805M->196M(1024M) 9.063ms
[2022-08-11T08:46:12.229+0000][gc,cpu        ] GC(370) User=0.01s Sys=0.01s Real=0.01s
[2022-08-11T09:31:16.752+0000][gc,start      ] GC(371) Pause Young (Normal) (G1 Evacuation Pause)
[2022-08-11T09:31:16.752+0000][gc,task       ] GC(371) Using 2 workers of 2 for evacuation
[2022-08-11T09:31:16.759+0000][gc,phases     ] GC(371)   Pre Evacuate Collection Set: 0.0ms
[2022-08-11T09:31:16.759+0000][gc,phases     ] GC(371)   Evacuate Collection Set: 5.2ms
[2022-08-11T09:31:16.759+0000][gc,phases     ] GC(371)   Post Evacuate Collection Set: 0.8ms
[2022-08-11T09:31:16.759+0000][gc,phases     ] GC(371)   Other: 0.2ms
[2022-08-11T09:31:16.759+0000][gc,heap       ] GC(371) Eden regions: 609->0(611)
[2022-08-11T09:31:16.759+0000][gc,heap       ] GC(371) Survivor regions: 5->3(77)
[2022-08-11T09:31:16.759+0000][gc,heap       ] GC(371) Old regions: 65->65
[2022-08-11T09:31:16.759+0000][gc,heap       ] GC(371) Humongous regions: 129->129
[2022-08-11T09:31:16.759+0000][gc,metaspace  ] GC(371) Metaspace: 45627K->45627K(1091584K)
[2022-08-11T09:31:16.759+0000][gc            ] GC(371) Pause Young (Normal) (G1 Evacuation Pause) 805M->194M(1024M) 6.355ms
[2022-08-11T09:31:16.759+0000][gc,cpu        ] GC(371) User=0.01s Sys=0.00s Real=0.01s
[2022-08-11T10:16:18.037+0000][gc,start      ] GC(372) Pause Young (Normal) (G1 Evacuation Pause)
[2022-08-11T10:16:18.037+0000][gc,task       ] GC(372) Using 2 workers of 2 for evacuation
[2022-08-11T10:16:18.043+0000][gc,phases     ] GC(372)   Pre Evacuate Collection Set: 0.0ms
[2022-08-11T10:16:18.043+0000][gc,phases     ] GC(372)   Evacuate Collection Set: 5.7ms
[2022-08-11T10:16:18.043+0000][gc,phases     ] GC(372)   Post Evacuate Collection Set: 0.8ms
[2022-08-11T10:16:18.043+0000][gc,phases     ] GC(372)   Other: 0.2ms
[2022-08-11T10:16:18.043+0000][gc,heap       ] GC(372) Eden regions: 611->0(611)
[2022-08-11T10:16:18.044+0000][gc,heap       ] GC(372) Survivor regions: 3->3(77)
[2022-08-11T10:16:18.044+0000][gc,heap       ] GC(372) Old regions: 65->65
[2022-08-11T10:16:18.044+0000][gc,heap       ] GC(372) Humongous regions: 129->129
[2022-08-11T10:16:18.044+0000][gc,metaspace  ] GC(372) Metaspace: 45627K->45627K(1091584K)
[2022-08-11T10:16:18.044+0000][gc            ] GC(372) Pause Young (Normal) (G1 Evacuation Pause) 805M->194M(1024M) 6.815ms
[2022-08-11T10:16:18.044+0000][gc,cpu        ] GC(372) User=0.01s Sys=0.00s Real=0.00s
[2022-08-11T11:01:17.220+0000][gc,start      ] GC(373) Pause Young (Normal) (G1 Evacuation Pause)
[2022-08-11T11:01:17.220+0000][gc,task       ] GC(373) Using 2 workers of 2 for evacuation
[2022-08-11T11:01:17.227+0000][gc,phases     ] GC(373)   Pre Evacuate Collection Set: 0.0ms
[2022-08-11T11:01:17.227+0000][gc,phases     ] GC(373)   Evacuate Collection Set: 6.2ms
[2022-08-11T11:01:17.227+0000][gc,phases     ] GC(373)   Post Evacuate Collection Set: 0.8ms
[2022-08-11T11:01:17.227+0000][gc,phases     ] GC(373)   Other: 0.2ms
[2022-08-11T11:01:17.227+0000][gc,heap       ] GC(373) Eden regions: 611->0(610)
[2022-08-11T11:01:17.227+0000][gc,heap       ] GC(373) Survivor regions: 3->4(77)
[2022-08-11T11:01:17.227+0000][gc,heap       ] GC(373) Old regions: 65->65
[2022-08-11T11:01:17.227+0000][gc,heap       ] GC(373) Humongous regions: 129->129
[2022-08-11T11:01:17.227+0000][gc,metaspace  ] GC(373) Metaspace: 45627K->45627K(1091584K)
[2022-08-11T11:01:17.227+0000][gc            ] GC(373) Pause Young (Normal) (G1 Evacuation Pause) 805M->195M(1024M) 7.283ms
[2022-08-11T11:01:17.227+0000][gc,cpu        ] GC(373) User=0.01s Sys=0.00s Real=0.01s
[2022-08-11T11:46:19.466+0000][gc,start      ] GC(374) Pause Young (Normal) (G1 Evacuation Pause)
[2022-08-11T11:46:19.466+0000][gc,task       ] GC(374) Using 2 workers of 2 for evacuation
[2022-08-11T11:46:19.474+0000][gc,phases     ] GC(374)   Pre Evacuate Collection Set: 0.0ms
[2022-08-11T11:46:19.474+0000][gc,phases     ] GC(374)   Evacuate Collection Set: 6.5ms
[2022-08-11T11:46:19.474+0000][gc,phases     ] GC(374)   Post Evacuate Collection Set: 0.8ms
[2022-08-11T11:46:19.474+0000][gc,phases     ] GC(374)   Other: 0.2ms
[2022-08-11T11:46:19.474+0000][gc,heap       ] GC(374) Eden regions: 610->0(610)
[2022-08-11T11:46:19.474+0000][gc,heap       ] GC(374) Survivor regions: 4->4(77)
[2022-08-11T11:46:19.474+0000][gc,heap       ] GC(374) Old regions: 65->65
[2022-08-11T11:46:19.474+0000][gc,heap       ] GC(374) Humongous regions: 129->129
[2022-08-11T11:46:19.474+0000][gc,metaspace  ] GC(374) Metaspace: 45627K->45627K(1091584K)
[2022-08-11T11:46:19.474+0000][gc            ] GC(374) Pause Young (Normal) (G1 Evacuation Pause) 805M->195M(1024M) 7.627ms
[2022-08-11T11:46:19.474+0000][gc,cpu        ] GC(374) User=0.00s Sys=0.02s Real=0.01s
[2022-08-11T12:31:30.755+0000][gc,start      ] GC(375) Pause Young (Normal) (G1 Evacuation Pause)
[2022-08-11T12:31:30.755+0000][gc,task       ] GC(375) Using 2 workers of 2 for evacuation
[2022-08-11T12:31:30.764+0000][gc,phases     ] GC(375)   Pre Evacuate Collection Set: 0.0ms
[2022-08-11T12:31:30.764+0000][gc,phases     ] GC(375)   Evacuate Collection Set: 8.3ms
[2022-08-11T12:31:30.764+0000][gc,phases     ] GC(375)   Post Evacuate Collection Set: 0.8ms
[2022-08-11T12:31:30.764+0000][gc,phases     ] GC(375)   Other: 0.2ms
[2022-08-11T12:31:30.764+0000][gc,heap       ] GC(375) Eden regions: 610->0(610)
[2022-08-11T12:31:30.764+0000][gc,heap       ] GC(375) Survivor regions: 4->4(77)
[2022-08-11T12:31:30.764+0000][gc,heap       ] GC(375) Old regions: 65->65
[2022-08-11T12:31:30.764+0000][gc,heap       ] GC(375) Humongous regions: 129->129
[2022-08-11T12:31:30.764+0000][gc,metaspace  ] GC(375) Metaspace: 45627K->45627K(1091584K)
[2022-08-11T12:31:30.764+0000][gc            ] GC(375) Pause Young (Normal) (G1 Evacuation Pause) 805M->196M(1024M) 9.444ms
[2022-08-11T12:31:30.764+0000][gc,cpu        ] GC(375) User=0.02s Sys=0.00s Real=0.01s
[2022-08-11T13:16:27.015+0000][gc,start      ] GC(376) Pause Young (Normal) (G1 Evacuation Pause)
[2022-08-11T13:16:27.015+0000][gc,task       ] GC(376) Using 2 workers of 2 for evacuation
[2022-08-11T13:16:27.025+0000][gc,phases     ] GC(376)   Pre Evacuate Collection Set: 0.0ms
[2022-08-11T13:16:27.025+0000][gc,phases     ] GC(376)   Evacuate Collection Set: 7.9ms
[2022-08-11T13:16:27.025+0000][gc,phases     ] GC(376)   Post Evacuate Collection Set: 1.1ms
[2022-08-11T13:16:27.025+0000][gc,phases     ] GC(376)   Other: 0.2ms
[2022-08-11T13:16:27.025+0000][gc,heap       ] GC(376) Eden regions: 610->0(609)
[2022-08-11T13:16:27.025+0000][gc,heap       ] GC(376) Survivor regions: 4->5(77)
[2022-08-11T13:16:27.025+0000][gc,heap       ] GC(376) Old regions: 65->65
[2022-08-11T13:16:27.025+0000][gc,heap       ] GC(376) Humongous regions: 129->129
[2022-08-11T13:16:27.025+0000][gc,metaspace  ] GC(376) Metaspace: 45627K->45627K(1091584K)
[2022-08-11T13:16:27.025+0000][gc            ] GC(376) Pause Young (Normal) (G1 Evacuation Pause) 806M->196M(1024M) 9.372ms
[2022-08-11T13:16:27.025+0000][gc,cpu        ] GC(376) User=0.02s Sys=0.00s Real=0.01s
[2022-08-11T14:01:19.101+0000][gc,start      ] GC(377) Pause Young (Normal) (G1 Evacuation Pause)
[2022-08-11T14:01:19.101+0000][gc,task       ] GC(377) Using 2 workers of 2 for evacuation
[2022-08-11T14:01:19.110+0000][gc,phases     ] GC(377)   Pre Evacuate Collection Set: 0.0ms
[2022-08-11T14:01:19.110+0000][gc,phases     ] GC(377)   Evacuate Collection Set: 8.1ms
[2022-08-11T14:01:19.110+0000][gc,phases     ] GC(377)   Post Evacuate Collection Set: 0.8ms
[2022-08-11T14:01:19.110+0000][gc,phases     ] GC(377)   Other: 0.2ms
[2022-08-11T14:01:19.110+0000][gc,heap       ] GC(377) Eden regions: 609->0(609)
[2022-08-11T14:01:19.110+0000][gc,heap       ] GC(377) Survivor regions: 5->5(77)
[2022-08-11T14:01:19.110+0000][gc,heap       ] GC(377) Old regions: 65->65
[2022-08-11T14:01:19.110+0000][gc,heap       ] GC(377) Humongous regions: 129->129
[2022-08-11T14:01:19.110+0000][gc,metaspace  ] GC(377) Metaspace: 45627K->45627K(1091584K)
[2022-08-11T14:01:19.110+0000][gc            ] GC(377) Pause Young (Normal) (G1 Evacuation Pause) 805M->196M(1024M) 9.235ms
[2022-08-11T14:01:19.110+0000][gc,cpu        ] GC(377) User=0.02s Sys=0.00s Real=0.01s
[2022-08-11T14:46:15.697+0000][gc,start      ] GC(378) Pause Young (Normal) (G1 Evacuation Pause)
[2022-08-11T14:46:15.697+0000][gc,task       ] GC(378) Using 2 workers of 2 for evacuation
[2022-08-11T14:46:15.707+0000][gc,phases     ] GC(378)   Pre Evacuate Collection Set: 0.0ms
[2022-08-11T14:46:15.707+0000][gc,phases     ] GC(378)   Evacuate Collection Set: 8.3ms
[2022-08-11T14:46:15.707+0000][gc,phases     ] GC(378)   Post Evacuate Collection Set: 0.8ms
[2022-08-11T14:46:15.707+0000][gc,phases     ] GC(378)   Other: 0.2ms
[2022-08-11T14:46:15.707+0000][gc,heap       ] GC(378) Eden regions: 609->0(609)
[2022-08-11T14:46:15.707+0000][gc,heap       ] GC(378) Survivor regions: 5->5(77)
[2022-08-11T14:46:15.707+0000][gc,heap       ] GC(378) Old regions: 65->65
[2022-08-11T14:46:15.707+0000][gc,heap       ] GC(378) Humongous regions: 129->129
[2022-08-11T14:46:15.707+0000][gc,metaspace  ] GC(378) Metaspace: 45627K->45627K(1091584K)
[2022-08-11T14:46:15.707+0000][gc            ] GC(378) Pause Young (Normal) (G1 Evacuation Pause) 805M->197M(1024M) 9.486ms
[2022-08-11T14:46:15.707+0000][gc,cpu        ] GC(378) User=0.01s Sys=0.00s Real=0.01s
[2022-08-11T15:31:16.068+0000][gc,start      ] GC(379) Pause Young (Normal) (G1 Evacuation Pause)
[2022-08-11T15:31:16.068+0000][gc,task       ] GC(379) Using 2 workers of 2 for evacuation
[2022-08-11T15:31:16.074+0000][gc,phases     ] GC(379)   Pre Evacuate Collection Set: 0.0ms
[2022-08-11T15:31:16.074+0000][gc,phases     ] GC(379)   Evacuate Collection Set: 5.4ms
[2022-08-11T15:31:16.074+0000][gc,phases     ] GC(379)   Post Evacuate Collection Set: 0.8ms
[2022-08-11T15:31:16.074+0000][gc,phases     ] GC(379)   Other: 0.2ms
[2022-08-11T15:31:16.074+0000][gc,heap       ] GC(379) Eden regions: 609->0(611)
[2022-08-11T15:31:16.074+0000][gc,heap       ] GC(379) Survivor regions: 5->3(77)
[2022-08-11T15:31:16.074+0000][gc,heap       ] GC(379) Old regions: 65->65
[2022-08-11T15:31:16.074+0000][gc,heap       ] GC(379) Humongous regions: 129->129
[2022-08-11T15:31:16.074+0000][gc,metaspace  ] GC(379) Metaspace: 45627K->45627K(1091584K)
[2022-08-11T15:31:16.074+0000][gc            ] GC(379) Pause Young (Normal) (G1 Evacuation Pause) 806M->194M(1024M) 6.481ms
[2022-08-11T15:31:16.074+0000][gc,cpu        ] GC(379) User=0.01s Sys=0.00s Real=0.01s
[2022-08-11T16:16:16.160+0000][gc,start      ] GC(380) Pause Young (Normal) (G1 Evacuation Pause)
[2022-08-11T16:16:16.160+0000][gc,task       ] GC(380) Using 2 workers of 2 for evacuation
[2022-08-11T16:16:16.168+0000][gc,phases     ] GC(380)   Pre Evacuate Collection Set: 0.0ms
[2022-08-11T16:16:16.168+0000][gc,phases     ] GC(380)   Evacuate Collection Set: 5.9ms
[2022-08-11T16:16:16.168+0000][gc,phases     ] GC(380)   Post Evacuate Collection Set: 1.1ms
[2022-08-11T16:16:16.168+0000][gc,phases     ] GC(380)   Other: 0.3ms
[2022-08-11T16:16:16.168+0000][gc,heap       ] GC(380) Eden regions: 611->0(611)
[2022-08-11T16:16:16.168+0000][gc,heap       ] GC(380) Survivor regions: 3->3(77)
[2022-08-11T16:16:16.168+0000][gc,heap       ] GC(380) Old regions: 65->65
[2022-08-11T16:16:16.168+0000][gc,heap       ] GC(380) Humongous regions: 129->129
[2022-08-11T16:16:16.168+0000][gc,metaspace  ] GC(380) Metaspace: 45627K->45627K(1091584K)
[2022-08-11T16:16:16.168+0000][gc            ] GC(380) Pause Young (Normal) (G1 Evacuation Pause) 805M->194M(1024M) 7.367ms
[2022-08-11T16:16:16.168+0000][gc,cpu        ] GC(380) User=0.01s Sys=0.00s Real=0.01s
[2022-08-11T17:01:15.031+0000][gc,start      ] GC(381) Pause Young (Normal) (G1 Evacuation Pause)
[2022-08-11T17:01:15.031+0000][gc,task       ] GC(381) Using 2 workers of 2 for evacuation
[2022-08-11T17:01:15.038+0000][gc,phases     ] GC(381)   Pre Evacuate Collection Set: 0.0ms
[2022-08-11T17:01:15.038+0000][gc,phases     ] GC(381)   Evacuate Collection Set: 6.4ms
[2022-08-11T17:01:15.038+0000][gc,phases     ] GC(381)   Post Evacuate Collection Set: 0.8ms
[2022-08-11T17:01:15.038+0000][gc,phases     ] GC(381)   Other: 0.3ms
[2022-08-11T17:01:15.038+0000][gc,heap       ] GC(381) Eden regions: 611->0(610)
[2022-08-11T17:01:15.038+0000][gc,heap       ] GC(381) Survivor regions: 3->4(77)
[2022-08-11T17:01:15.038+0000][gc,heap       ] GC(381) Old regions: 65->65
[2022-08-11T17:01:15.038+0000][gc,heap       ] GC(381) Humongous regions: 129->129
[2022-08-11T17:01:15.038+0000][gc,metaspace  ] GC(381) Metaspace: 45627K->45627K(1091584K)
[2022-08-11T17:01:15.038+0000][gc            ] GC(381) Pause Young (Normal) (G1 Evacuation Pause) 805M->195M(1024M) 7.575ms
[2022-08-11T17:01:15.038+0000][gc,cpu        ] GC(381) User=0.00s Sys=0.01s Real=0.01s
[2022-08-11T17:46:11.578+0000][gc,start      ] GC(382) Pause Young (Normal) (G1 Evacuation Pause)
[2022-08-11T17:46:11.578+0000][gc,task       ] GC(382) Using 2 workers of 2 for evacuation
[2022-08-11T17:46:11.585+0000][gc,phases     ] GC(382)   Pre Evacuate Collection Set: 0.0ms
[2022-08-11T17:46:11.585+0000][gc,phases     ] GC(382)   Evacuate Collection Set: 6.3ms
[2022-08-11T17:46:11.585+0000][gc,phases     ] GC(382)   Post Evacuate Collection Set: 0.8ms
[2022-08-11T17:46:11.586+0000][gc,phases     ] GC(382)   Other: 0.3ms
[2022-08-11T17:46:11.586+0000][gc,heap       ] GC(382) Eden regions: 610->0(610)
[2022-08-11T17:46:11.586+0000][gc,heap       ] GC(382) Survivor regions: 4->4(77)
[2022-08-11T17:46:11.586+0000][gc,heap       ] GC(382) Old regions: 65->65
[2022-08-11T17:46:11.586+0000][gc,heap       ] GC(382) Humongous regions: 129->129
[2022-08-11T17:46:11.586+0000][gc,metaspace  ] GC(382) Metaspace: 45627K->45627K(1091584K)
[2022-08-11T17:46:11.586+0000][gc            ] GC(382) Pause Young (Normal) (G1 Evacuation Pause) 805M->195M(1024M) 7.468ms
[2022-08-11T17:46:11.586+0000][gc,cpu        ] GC(382) User=0.02s Sys=0.00s Real=0.01s
[2022-08-11T18:31:18.424+0000][gc,start      ] GC(383) Pause Young (Normal) (G1 Evacuation Pause)
[2022-08-11T18:31:18.424+0000][gc,task       ] GC(383) Using 2 workers of 2 for evacuation
[2022-08-11T18:31:18.433+0000][gc,phases     ] GC(383)   Pre Evacuate Collection Set: 0.0ms
[2022-08-11T18:31:18.433+0000][gc,phases     ] GC(383)   Evacuate Collection Set: 7.4ms
[2022-08-11T18:31:18.433+0000][gc,phases     ] GC(383)   Post Evacuate Collection Set: 1.2ms
[2022-08-11T18:31:18.433+0000][gc,phases     ] GC(383)   Other: 0.2ms
[2022-08-11T18:31:18.433+0000][gc,heap       ] GC(383) Eden regions: 610->0(610)
[2022-08-11T18:31:18.433+0000][gc,heap       ] GC(383) Survivor regions: 4->4(77)
[2022-08-11T18:31:18.433+0000][gc,heap       ] GC(383) Old regions: 65->65
[2022-08-11T18:31:18.433+0000][gc,heap       ] GC(383) Humongous regions: 129->129
[2022-08-11T18:31:18.433+0000][gc,metaspace  ] GC(383) Metaspace: 45627K->45627K(1091584K)
[2022-08-11T18:31:18.433+0000][gc            ] GC(383) Pause Young (Normal) (G1 Evacuation Pause) 805M->195M(1024M) 8.938ms
[2022-08-11T18:31:18.433+0000][gc,cpu        ] GC(383) User=0.01s Sys=0.00s Real=0.02s
[2022-08-11T19:16:15.663+0000][gc,start      ] GC(384) Pause Young (Normal) (G1 Evacuation Pause)
[2022-08-11T19:16:15.663+0000][gc,task       ] GC(384) Using 2 workers of 2 for evacuation
[2022-08-11T19:16:15.672+0000][gc,phases     ] GC(384)   Pre Evacuate Collection Set: 0.0ms
[2022-08-11T19:16:15.672+0000][gc,phases     ] GC(384)   Evacuate Collection Set: 7.5ms
[2022-08-11T19:16:15.672+0000][gc,phases     ] GC(384)   Post Evacuate Collection Set: 1.1ms
[2022-08-11T19:16:15.672+0000][gc,phases     ] GC(384)   Other: 0.2ms
[2022-08-11T19:16:15.672+0000][gc,heap       ] GC(384) Eden regions: 610->0(609)
[2022-08-11T19:16:15.672+0000][gc,heap       ] GC(384) Survivor regions: 4->5(77)
[2022-08-11T19:16:15.672+0000][gc,heap       ] GC(384) Old regions: 65->65
[2022-08-11T19:16:15.672+0000][gc,heap       ] GC(384) Humongous regions: 129->129
[2022-08-11T19:16:15.672+0000][gc,metaspace  ] GC(384) Metaspace: 45627K->45627K(1091584K)
[2022-08-11T19:16:15.672+0000][gc            ] GC(384) Pause Young (Normal) (G1 Evacuation Pause) 805M->196M(1024M) 9.036ms
[2022-08-11T19:16:15.672+0000][gc,cpu        ] GC(384) User=0.01s Sys=0.00s Real=0.01s
[2022-08-11T20:01:08.156+0000][gc,start      ] GC(385) Pause Young (Normal) (G1 Evacuation Pause)
[2022-08-11T20:01:08.156+0000][gc,task       ] GC(385) Using 2 workers of 2 for evacuation
[2022-08-11T20:01:08.165+0000][gc,phases     ] GC(385)   Pre Evacuate Collection Set: 0.0ms
[2022-08-11T20:01:08.165+0000][gc,phases     ] GC(385)   Evacuate Collection Set: 7.9ms
[2022-08-11T20:01:08.165+0000][gc,phases     ] GC(385)   Post Evacuate Collection Set: 1.1ms
[2022-08-11T20:01:08.165+0000][gc,phases     ] GC(385)   Other: 0.3ms
[2022-08-11T20:01:08.165+0000][gc,heap       ] GC(385) Eden regions: 609->0(609)
[2022-08-11T20:01:08.165+0000][gc,heap       ] GC(385) Survivor regions: 5->5(77)
[2022-08-11T20:01:08.165+0000][gc,heap       ] GC(385) Old regions: 65->65
[2022-08-11T20:01:08.165+0000][gc,heap       ] GC(385) Humongous regions: 129->129
[2022-08-11T20:01:08.165+0000][gc,metaspace  ] GC(385) Metaspace: 45627K->45627K(1091584K)
[2022-08-11T20:01:08.165+0000][gc            ] GC(385) Pause Young (Normal) (G1 Evacuation Pause) 805M->196M(1024M) 9.427ms
[2022-08-11T20:01:08.165+0000][gc,cpu        ] GC(385) User=0.02s Sys=0.00s Real=0.01s
[2022-08-11T20:46:02.220+0000][gc,start      ] GC(386) Pause Young (Normal) (G1 Evacuation Pause)
[2022-08-11T20:46:02.220+0000][gc,task       ] GC(386) Using 2 workers of 2 for evacuation
[2022-08-11T20:46:02.229+0000][gc,phases     ] GC(386)   Pre Evacuate Collection Set: 0.0ms
[2022-08-11T20:46:02.229+0000][gc,phases     ] GC(386)   Evacuate Collection Set: 8.3ms
[2022-08-11T20:46:02.229+0000][gc,phases     ] GC(386)   Post Evacuate Collection Set: 1.3ms
[2022-08-11T20:46:02.229+0000][gc,phases     ] GC(386)   Other: 0.3ms
[2022-08-11T20:46:02.229+0000][gc,heap       ] GC(386) Eden regions: 609->0(609)
[2022-08-11T20:46:02.229+0000][gc,heap       ] GC(386) Survivor regions: 5->5(77)
[2022-08-11T20:46:02.229+0000][gc,heap       ] GC(386) Old regions: 65->65
[2022-08-11T20:46:02.229+0000][gc,heap       ] GC(386) Humongous regions: 129->129
[2022-08-11T20:46:02.230+0000][gc,metaspace  ] GC(386) Metaspace: 45627K->45627K(1091584K)
[2022-08-11T20:46:02.230+0000][gc            ] GC(386) Pause Young (Normal) (G1 Evacuation Pause) 805M->196M(1024M) 9.976ms
[2022-08-11T20:46:02.230+0000][gc,cpu        ] GC(386) User=0.02s Sys=0.00s Real=0.01s
[2022-08-11T21:31:02.220+0000][gc,start      ] GC(387) Pause Young (Normal) (G1 Evacuation Pause)
[2022-08-11T21:31:02.220+0000][gc,task       ] GC(387) Using 2 workers of 2 for evacuation
[2022-08-11T21:31:02.230+0000][gc,phases     ] GC(387)   Pre Evacuate Collection Set: 0.0ms
[2022-08-11T21:31:02.230+0000][gc,phases     ] GC(387)   Evacuate Collection Set: 8.7ms
[2022-08-11T21:31:02.230+0000][gc,phases     ] GC(387)   Post Evacuate Collection Set: 0.8ms
[2022-08-11T21:31:02.230+0000][gc,phases     ] GC(387)   Other: 0.2ms
[2022-08-11T21:31:02.230+0000][gc,heap       ] GC(387) Eden regions: 609->0(608)
[2022-08-11T21:31:02.230+0000][gc,heap       ] GC(387) Survivor regions: 5->6(77)
[2022-08-11T21:31:02.230+0000][gc,heap       ] GC(387) Old regions: 65->65
[2022-08-11T21:31:02.230+0000][gc,heap       ] GC(387) Humongous regions: 129->129
[2022-08-11T21:31:02.230+0000][gc,metaspace  ] GC(387) Metaspace: 45628K->45628K(1091584K)
[2022-08-11T21:31:02.230+0000][gc            ] GC(387) Pause Young (Normal) (G1 Evacuation Pause) 805M->197M(1024M) 9.917ms
[2022-08-11T21:31:02.230+0000][gc,cpu        ] GC(387) User=0.02s Sys=0.00s Real=0.01s
[2022-08-11T22:15:51.151+0000][gc,start      ] GC(388) Pause Young (Normal) (G1 Evacuation Pause)
[2022-08-11T22:15:51.151+0000][gc,task       ] GC(388) Using 2 workers of 2 for evacuation
[2022-08-11T22:15:51.158+0000][gc,phases     ] GC(388)   Pre Evacuate Collection Set: 0.0ms
[2022-08-11T22:15:51.158+0000][gc,phases     ] GC(388)   Evacuate Collection Set: 5.4ms
[2022-08-11T22:15:51.158+0000][gc,phases     ] GC(388)   Post Evacuate Collection Set: 0.8ms
[2022-08-11T22:15:51.158+0000][gc,phases     ] GC(388)   Other: 0.3ms
[2022-08-11T22:15:51.158+0000][gc,heap       ] GC(388) Eden regions: 608->0(611)
[2022-08-11T22:15:51.158+0000][gc,heap       ] GC(388) Survivor regions: 6->3(77)
[2022-08-11T22:15:51.158+0000][gc,heap       ] GC(388) Old regions: 65->65
[2022-08-11T22:15:51.158+0000][gc,heap       ] GC(388) Humongous regions: 129->129
[2022-08-11T22:15:51.158+0000][gc,metaspace  ] GC(388) Metaspace: 45628K->45628K(1091584K)
[2022-08-11T22:15:51.158+0000][gc            ] GC(388) Pause Young (Normal) (G1 Evacuation Pause) 805M->195M(1024M) 6.632ms
[2022-08-11T22:15:51.158+0000][gc,cpu        ] GC(388) User=0.02s Sys=0.00s Real=0.01s
[2022-08-11T23:00:51.197+0000][gc,start      ] GC(389) Pause Young (Normal) (G1 Evacuation Pause)
[2022-08-11T23:00:51.197+0000][gc,task       ] GC(389) Using 2 workers of 2 for evacuation
[2022-08-11T23:00:51.203+0000][gc,phases     ] GC(389)   Pre Evacuate Collection Set: 0.0ms
[2022-08-11T23:00:51.203+0000][gc,phases     ] GC(389)   Evacuate Collection Set: 5.6ms
[2022-08-11T23:00:51.203+0000][gc,phases     ] GC(389)   Post Evacuate Collection Set: 0.8ms
[2022-08-11T23:00:51.203+0000][gc,phases     ] GC(389)   Other: 0.2ms
[2022-08-11T23:00:51.203+0000][gc,heap       ] GC(389) Eden regions: 611->0(611)
[2022-08-11T23:00:51.203+0000][gc,heap       ] GC(389) Survivor regions: 3->3(77)
[2022-08-11T23:00:51.203+0000][gc,heap       ] GC(389) Old regions: 65->65
[2022-08-11T23:00:51.203+0000][gc,heap       ] GC(389) Humongous regions: 129->129
[2022-08-11T23:00:51.203+0000][gc,metaspace  ] GC(389) Metaspace: 45628K->45628K(1091584K)
[2022-08-11T23:00:51.203+0000][gc            ] GC(389) Pause Young (Normal) (G1 Evacuation Pause) 806M->194M(1024M) 6.700ms
[2022-08-11T23:00:51.203+0000][gc,cpu        ] GC(389) User=0.01s Sys=0.00s Real=0.00s
[2022-08-11T23:45:53.313+0000][gc,start      ] GC(390) Pause Young (Normal) (G1 Evacuation Pause)
[2022-08-11T23:45:53.313+0000][gc,task       ] GC(390) Using 2 workers of 2 for evacuation
[2022-08-11T23:45:53.319+0000][gc,phases     ] GC(390)   Pre Evacuate Collection Set: 0.0ms
[2022-08-11T23:45:53.319+0000][gc,phases     ] GC(390)   Evacuate Collection Set: 5.8ms
[2022-08-11T23:45:53.319+0000][gc,phases     ] GC(390)   Post Evacuate Collection Set: 0.8ms
[2022-08-11T23:45:53.319+0000][gc,phases     ] GC(390)   Other: 0.2ms
[2022-08-11T23:45:53.319+0000][gc,heap       ] GC(390) Eden regions: 611->0(610)
[2022-08-11T23:45:53.319+0000][gc,heap       ] GC(390) Survivor regions: 3->4(77)
[2022-08-11T23:45:53.319+0000][gc,heap       ] GC(390) Old regions: 65->65
[2022-08-11T23:45:53.319+0000][gc,heap       ] GC(390) Humongous regions: 129->129
[2022-08-11T23:45:53.319+0000][gc,metaspace  ] GC(390) Metaspace: 45628K->45628K(1091584K)
[2022-08-11T23:45:53.319+0000][gc            ] GC(390) Pause Young (Normal) (G1 Evacuation Pause) 805M->195M(1024M) 6.964ms
[2022-08-11T23:45:53.319+0000][gc,cpu        ] GC(390) User=0.02s Sys=0.00s Real=0.00s
[2022-08-12T00:31:03.821+0000][gc,start      ] GC(391) Pause Young (Normal) (G1 Evacuation Pause)
[2022-08-12T00:31:03.822+0000][gc,task       ] GC(391) Using 2 workers of 2 for evacuation
[2022-08-12T00:31:03.829+0000][gc,phases     ] GC(391)   Pre Evacuate Collection Set: 0.0ms
[2022-08-12T00:31:03.830+0000][gc,phases     ] GC(391)   Evacuate Collection Set: 6.9ms
[2022-08-12T00:31:03.830+0000][gc,phases     ] GC(391)   Post Evacuate Collection Set: 0.8ms
[2022-08-12T00:31:03.830+0000][gc,phases     ] GC(391)   Other: 0.2ms
[2022-08-12T00:31:03.830+0000][gc,heap       ] GC(391) Eden regions: 610->0(610)
[2022-08-12T00:31:03.830+0000][gc,heap       ] GC(391) Survivor regions: 4->4(77)
[2022-08-12T00:31:03.830+0000][gc,heap       ] GC(391) Old regions: 65->65
[2022-08-12T00:31:03.830+0000][gc,heap       ] GC(391) Humongous regions: 129->129
[2022-08-12T00:31:03.830+0000][gc,metaspace  ] GC(391) Metaspace: 45628K->45628K(1091584K)
[2022-08-12T00:31:03.830+0000][gc            ] GC(391) Pause Young (Normal) (G1 Evacuation Pause) 805M->195M(1024M) 8.112ms
[2022-08-12T00:31:03.830+0000][gc,cpu        ] GC(391) User=0.02s Sys=0.00s Real=0.01s
[2022-08-12T01:15:58.839+0000][gc,start      ] GC(392) Pause Young (Normal) (G1 Evacuation Pause)
[2022-08-12T01:15:58.839+0000][gc,task       ] GC(392) Using 2 workers of 2 for evacuation
[2022-08-12T01:15:58.848+0000][gc,phases     ] GC(392)   Pre Evacuate Collection Set: 0.0ms
[2022-08-12T01:15:58.848+0000][gc,phases     ] GC(392)   Evacuate Collection Set: 7.3ms
[2022-08-12T01:15:58.848+0000][gc,phases     ] GC(392)   Post Evacuate Collection Set: 1.1ms
[2022-08-12T01:15:58.848+0000][gc,phases     ] GC(392)   Other: 0.2ms
[2022-08-12T01:15:58.848+0000][gc,heap       ] GC(392) Eden regions: 610->0(609)
[2022-08-12T01:15:58.848+0000][gc,heap       ] GC(392) Survivor regions: 4->5(77)
[2022-08-12T01:15:58.848+0000][gc,heap       ] GC(392) Old regions: 65->65
[2022-08-12T01:15:58.848+0000][gc,heap       ] GC(392) Humongous regions: 129->129
[2022-08-12T01:15:58.848+0000][gc,metaspace  ] GC(392) Metaspace: 45628K->45628K(1091584K)
[2022-08-12T01:15:58.848+0000][gc            ] GC(392) Pause Young (Normal) (G1 Evacuation Pause) 805M->196M(1024M) 8.782ms
[2022-08-12T01:15:58.848+0000][gc,cpu        ] GC(392) User=0.02s Sys=0.00s Real=0.01s
[2022-08-12T02:00:47.325+0000][gc,start      ] GC(393) Pause Young (Normal) (G1 Evacuation Pause)
[2022-08-12T02:00:47.326+0000][gc,task       ] GC(393) Using 2 workers of 2 for evacuation
[2022-08-12T02:00:47.334+0000][gc,phases     ] GC(393)   Pre Evacuate Collection Set: 0.0ms
[2022-08-12T02:00:47.334+0000][gc,phases     ] GC(393)   Evacuate Collection Set: 7.2ms
[2022-08-12T02:00:47.334+0000][gc,phases     ] GC(393)   Post Evacuate Collection Set: 0.8ms
[2022-08-12T02:00:47.334+0000][gc,phases     ] GC(393)   Other: 0.2ms
[2022-08-12T02:00:47.334+0000][gc,heap       ] GC(393) Eden regions: 609->0(609)
[2022-08-12T02:00:47.334+0000][gc,heap       ] GC(393) Survivor regions: 5->5(77)
[2022-08-12T02:00:47.334+0000][gc,heap       ] GC(393) Old regions: 65->65
[2022-08-12T02:00:47.334+0000][gc,heap       ] GC(393) Humongous regions: 129->129
[2022-08-12T02:00:47.334+0000][gc,metaspace  ] GC(393) Metaspace: 45628K->45628K(1091584K)
[2022-08-12T02:00:47.334+0000][gc            ] GC(393) Pause Young (Normal) (G1 Evacuation Pause) 805M->196M(1024M) 8.351ms
[2022-08-12T02:00:47.334+0000][gc,cpu        ] GC(393) User=0.01s Sys=0.00s Real=0.01s
[2022-08-12T02:45:47.165+0000][gc,start      ] GC(394) Pause Young (Normal) (G1 Evacuation Pause)
[2022-08-12T02:45:47.165+0000][gc,task       ] GC(394) Using 2 workers of 2 for evacuation
[2022-08-12T02:45:47.174+0000][gc,phases     ] GC(394)   Pre Evacuate Collection Set: 0.0ms
[2022-08-12T02:45:47.174+0000][gc,phases     ] GC(394)   Evacuate Collection Set: 7.6ms
[2022-08-12T02:45:47.174+0000][gc,phases     ] GC(394)   Post Evacuate Collection Set: 0.8ms
[2022-08-12T02:45:47.174+0000][gc,phases     ] GC(394)   Other: 0.2ms
[2022-08-12T02:45:47.174+0000][gc,heap       ] GC(394) Eden regions: 609->0(609)
[2022-08-12T02:45:47.174+0000][gc,heap       ] GC(394) Survivor regions: 5->5(77)
[2022-08-12T02:45:47.174+0000][gc,heap       ] GC(394) Old regions: 65->65
[2022-08-12T02:45:47.174+0000][gc,heap       ] GC(394) Humongous regions: 129->129
[2022-08-12T02:45:47.174+0000][gc,metaspace  ] GC(394) Metaspace: 45628K->45628K(1091584K)
[2022-08-12T02:45:47.174+0000][gc            ] GC(394) Pause Young (Normal) (G1 Evacuation Pause) 805M->196M(1024M) 8.755ms
[2022-08-12T02:45:47.174+0000][gc,cpu        ] GC(394) User=0.02s Sys=0.00s Real=0.01s
[2022-08-12T03:30:46.989+0000][gc,start      ] GC(395) Pause Young (Normal) (G1 Evacuation Pause)
[2022-08-12T03:30:46.989+0000][gc,task       ] GC(395) Using 2 workers of 2 for evacuation
[2022-08-12T03:30:46.998+0000][gc,phases     ] GC(395)   Pre Evacuate Collection Set: 0.0ms
[2022-08-12T03:30:46.998+0000][gc,phases     ] GC(395)   Evacuate Collection Set: 8.3ms
[2022-08-12T03:30:46.998+0000][gc,phases     ] GC(395)   Post Evacuate Collection Set: 0.8ms
[2022-08-12T03:30:46.998+0000][gc,phases     ] GC(395)   Other: 0.2ms
[2022-08-12T03:30:46.998+0000][gc,heap       ] GC(395) Eden regions: 609->0(609)
[2022-08-12T03:30:46.998+0000][gc,heap       ] GC(395) Survivor regions: 5->5(77)
[2022-08-12T03:30:46.998+0000][gc,heap       ] GC(395) Old regions: 65->65
[2022-08-12T03:30:46.998+0000][gc,heap       ] GC(395) Humongous regions: 129->129
[2022-08-12T03:30:46.998+0000][gc,metaspace  ] GC(395) Metaspace: 45628K->45628K(1091584K)
[2022-08-12T03:30:46.998+0000][gc            ] GC(395) Pause Young (Normal) (G1 Evacuation Pause) 805M->197M(1024M) 9.516ms
[2022-08-12T03:30:46.998+0000][gc,cpu        ] GC(395) User=0.02s Sys=0.00s Real=0.01s
[2022-08-12T04:15:38.198+0000][gc,start      ] GC(396) Pause Young (Normal) (G1 Evacuation Pause)
[2022-08-12T04:15:38.198+0000][gc,task       ] GC(396) Using 2 workers of 2 for evacuation
[2022-08-12T04:15:38.208+0000][gc,phases     ] GC(396)   Pre Evacuate Collection Set: 0.0ms
[2022-08-12T04:15:38.208+0000][gc,phases     ] GC(396)   Evacuate Collection Set: 8.5ms
[2022-08-12T04:15:38.208+0000][gc,phases     ] GC(396)   Post Evacuate Collection Set: 0.8ms
[2022-08-12T04:15:38.208+0000][gc,phases     ] GC(396)   Other: 0.2ms
[2022-08-12T04:15:38.208+0000][gc,heap       ] GC(396) Eden regions: 609->0(608)
[2022-08-12T04:15:38.208+0000][gc,heap       ] GC(396) Survivor regions: 5->6(77)
[2022-08-12T04:15:38.208+0000][gc,heap       ] GC(396) Old regions: 65->65
[2022-08-12T04:15:38.208+0000][gc,heap       ] GC(396) Humongous regions: 129->129
[2022-08-12T04:15:38.208+0000][gc,metaspace  ] GC(396) Metaspace: 45628K->45628K(1091584K)
[2022-08-12T04:15:38.208+0000][gc            ] GC(396) Pause Young (Normal) (G1 Evacuation Pause) 806M->197M(1024M) 9.638ms
[2022-08-12T04:15:38.208+0000][gc,cpu        ] GC(396) User=0.01s Sys=0.00s Real=0.01s
[2022-08-12T05:00:28.564+0000][gc,start      ] GC(397) Pause Young (Normal) (G1 Evacuation Pause)
[2022-08-12T05:00:28.564+0000][gc,task       ] GC(397) Using 2 workers of 2 for evacuation
[2022-08-12T05:00:28.570+0000][gc,phases     ] GC(397)   Pre Evacuate Collection Set: 0.0ms
[2022-08-12T05:00:28.570+0000][gc,phases     ] GC(397)   Evacuate Collection Set: 5.3ms
[2022-08-12T05:00:28.570+0000][gc,phases     ] GC(397)   Post Evacuate Collection Set: 0.8ms
[2022-08-12T05:00:28.570+0000][gc,phases     ] GC(397)   Other: 0.2ms
[2022-08-12T05:00:28.570+0000][gc,heap       ] GC(397) Eden regions: 608->0(611)
[2022-08-12T05:00:28.570+0000][gc,heap       ] GC(397) Survivor regions: 6->3(77)
[2022-08-12T05:00:28.570+0000][gc,heap       ] GC(397) Old regions: 65->65
[2022-08-12T05:00:28.570+0000][gc,heap       ] GC(397) Humongous regions: 129->129
[2022-08-12T05:00:28.570+0000][gc,metaspace  ] GC(397) Metaspace: 45628K->45628K(1091584K)
[2022-08-12T05:00:28.570+0000][gc            ] GC(397) Pause Young (Normal) (G1 Evacuation Pause) 805M->194M(1024M) 6.404ms
[2022-08-12T05:00:28.570+0000][gc,cpu        ] GC(397) User=0.01s Sys=0.01s Real=0.01s
[2022-08-12T05:45:35.401+0000][gc,start      ] GC(398) Pause Young (Normal) (G1 Evacuation Pause)
[2022-08-12T05:45:35.401+0000][gc,task       ] GC(398) Using 2 workers of 2 for evacuation
[2022-08-12T05:45:35.408+0000][gc,phases     ] GC(398)   Pre Evacuate Collection Set: 0.0ms
[2022-08-12T05:45:35.408+0000][gc,phases     ] GC(398)   Evacuate Collection Set: 5.8ms
[2022-08-12T05:45:35.408+0000][gc,phases     ] GC(398)   Post Evacuate Collection Set: 0.8ms
[2022-08-12T05:45:35.408+0000][gc,phases     ] GC(398)   Other: 0.2ms
[2022-08-12T05:45:35.408+0000][gc,heap       ] GC(398) Eden regions: 611->0(611)
[2022-08-12T05:45:35.408+0000][gc,heap       ] GC(398) Survivor regions: 3->3(77)
[2022-08-12T05:45:35.408+0000][gc,heap       ] GC(398) Old regions: 65->65
[2022-08-12T05:45:35.408+0000][gc,heap       ] GC(398) Humongous regions: 129->129
[2022-08-12T05:45:35.408+0000][gc,metaspace  ] GC(398) Metaspace: 45628K->45628K(1091584K)
[2022-08-12T05:45:35.408+0000][gc            ] GC(398) Pause Young (Normal) (G1 Evacuation Pause) 805M->195M(1024M) 6.940ms
[2022-08-12T05:45:35.408+0000][gc,cpu        ] GC(398) User=0.01s Sys=0.00s Real=0.01s
[2022-08-12T06:30:44.409+0000][gc,start      ] GC(399) Pause Young (Normal) (G1 Evacuation Pause)
[2022-08-12T06:30:44.409+0000][gc,task       ] GC(399) Using 2 workers of 2 for evacuation
[2022-08-12T06:30:44.416+0000][gc,phases     ] GC(399)   Pre Evacuate Collection Set: 0.0ms
[2022-08-12T06:30:44.416+0000][gc,phases     ] GC(399)   Evacuate Collection Set: 6.4ms
[2022-08-12T06:30:44.416+0000][gc,phases     ] GC(399)   Post Evacuate Collection Set: 0.8ms
[2022-08-12T06:30:44.416+0000][gc,phases     ] GC(399)   Other: 0.2ms
[2022-08-12T06:30:44.416+0000][gc,heap       ] GC(399) Eden regions: 611->0(610)
[2022-08-12T06:30:44.416+0000][gc,heap       ] GC(399) Survivor regions: 3->4(77)
[2022-08-12T06:30:44.416+0000][gc,heap       ] GC(399) Old regions: 65->65
[2022-08-12T06:30:44.416+0000][gc,heap       ] GC(399) Humongous regions: 129->129
[2022-08-12T06:30:44.416+0000][gc,metaspace  ] GC(399) Metaspace: 45628K->45628K(1091584K)
[2022-08-12T06:30:44.416+0000][gc            ] GC(399) Pause Young (Normal) (G1 Evacuation Pause) 806M->195M(1024M) 7.585ms
[2022-08-12T06:30:44.416+0000][gc,cpu        ] GC(399) User=0.02s Sys=0.00s Real=0.01s
[2022-08-12T07:15:37.220+0000][gc,start      ] GC(400) Pause Young (Normal) (G1 Evacuation Pause)
[2022-08-12T07:15:37.220+0000][gc,task       ] GC(400) Using 2 workers of 2 for evacuation
[2022-08-12T07:15:37.228+0000][gc,phases     ] GC(400)   Pre Evacuate Collection Set: 0.0ms
[2022-08-12T07:15:37.228+0000][gc,phases     ] GC(400)   Evacuate Collection Set: 6.8ms
[2022-08-12T07:15:37.228+0000][gc,phases     ] GC(400)   Post Evacuate Collection Set: 0.8ms
[2022-08-12T07:15:37.228+0000][gc,phases     ] GC(400)   Other: 0.2ms
[2022-08-12T07:15:37.228+0000][gc,heap       ] GC(400) Eden regions: 610->0(610)
[2022-08-12T07:15:37.228+0000][gc,heap       ] GC(400) Survivor regions: 4->4(77)
[2022-08-12T07:15:37.228+0000][gc,heap       ] GC(400) Old regions: 65->65
[2022-08-12T07:15:37.228+0000][gc,heap       ] GC(400) Humongous regions: 129->129
[2022-08-12T07:15:37.228+0000][gc,metaspace  ] GC(400) Metaspace: 45628K->45628K(1091584K)
[2022-08-12T07:15:37.228+0000][gc            ] GC(400) Pause Young (Normal) (G1 Evacuation Pause) 805M->196M(1024M) 8.007ms
[2022-08-12T07:15:37.228+0000][gc,cpu        ] GC(400) User=0.02s Sys=0.00s Real=0.01s
[2022-08-12T08:00:31.606+0000][gc,start      ] GC(401) Pause Young (Normal) (G1 Evacuation Pause)
[2022-08-12T08:00:31.606+0000][gc,task       ] GC(401) Using 2 workers of 2 for evacuation
[2022-08-12T08:00:31.614+0000][gc,phases     ] GC(401)   Pre Evacuate Collection Set: 0.0ms
[2022-08-12T08:00:31.614+0000][gc,phases     ] GC(401)   Evacuate Collection Set: 6.9ms
[2022-08-12T08:00:31.614+0000][gc,phases     ] GC(401)   Post Evacuate Collection Set: 1.1ms
[2022-08-12T08:00:31.614+0000][gc,phases     ] GC(401)   Other: 0.2ms
[2022-08-12T08:00:31.614+0000][gc,heap       ] GC(401) Eden regions: 610->0(610)
[2022-08-12T08:00:31.614+0000][gc,heap       ] GC(401) Survivor regions: 4->4(77)
[2022-08-12T08:00:31.614+0000][gc,heap       ] GC(401) Old regions: 65->65
[2022-08-12T08:00:31.614+0000][gc,heap       ] GC(401) Humongous regions: 129->129
[2022-08-12T08:00:31.614+0000][gc,metaspace  ] GC(401) Metaspace: 45628K->45628K(1091584K)
[2022-08-12T08:00:31.614+0000][gc            ] GC(401) Pause Young (Normal) (G1 Evacuation Pause) 806M->196M(1024M) 8.354ms
[2022-08-12T08:00:31.614+0000][gc,cpu        ] GC(401) User=0.01s Sys=0.00s Real=0.01s
[2022-08-12T08:45:31.186+0000][gc,start      ] GC(402) Pause Young (Normal) (G1 Evacuation Pause)
[2022-08-12T08:45:31.186+0000][gc,task       ] GC(402) Using 2 workers of 2 for evacuation
[2022-08-12T08:45:31.194+0000][gc,phases     ] GC(402)   Pre Evacuate Collection Set: 0.0ms
[2022-08-12T08:45:31.194+0000][gc,phases     ] GC(402)   Evacuate Collection Set: 7.2ms
[2022-08-12T08:45:31.194+0000][gc,phases     ] GC(402)   Post Evacuate Collection Set: 0.8ms
[2022-08-12T08:45:31.194+0000][gc,phases     ] GC(402)   Other: 0.2ms
[2022-08-12T08:45:31.194+0000][gc,heap       ] GC(402) Eden regions: 610->0(609)
[2022-08-12T08:45:31.194+0000][gc,heap       ] GC(402) Survivor regions: 4->5(77)
[2022-08-12T08:45:31.194+0000][gc,heap       ] GC(402) Old regions: 65->65
[2022-08-12T08:45:31.194+0000][gc,heap       ] GC(402) Humongous regions: 129->129
[2022-08-12T08:45:31.194+0000][gc,metaspace  ] GC(402) Metaspace: 45629K->45629K(1091584K)
[2022-08-12T08:45:31.194+0000][gc            ] GC(402) Pause Young (Normal) (G1 Evacuation Pause) 806M->196M(1024M) 8.291ms
[2022-08-12T08:45:31.194+0000][gc,cpu        ] GC(402) User=0.01s Sys=0.00s Real=0.01s
[2022-08-12T09:30:32.795+0000][gc,start      ] GC(403) Pause Young (Normal) (G1 Evacuation Pause)
[2022-08-12T09:30:32.795+0000][gc,task       ] GC(403) Using 2 workers of 2 for evacuation
[2022-08-12T09:30:32.804+0000][gc,phases     ] GC(403)   Pre Evacuate Collection Set: 0.0ms
[2022-08-12T09:30:32.805+0000][gc,phases     ] GC(403)   Evacuate Collection Set: 8.1ms
[2022-08-12T09:30:32.805+0000][gc,phases     ] GC(403)   Post Evacuate Collection Set: 0.8ms
[2022-08-12T09:30:32.805+0000][gc,phases     ] GC(403)   Other: 0.3ms
[2022-08-12T09:30:32.805+0000][gc,heap       ] GC(403) Eden regions: 609->0(609)
[2022-08-12T09:30:32.805+0000][gc,heap       ] GC(403) Survivor regions: 5->5(77)
[2022-08-12T09:30:32.805+0000][gc,heap       ] GC(403) Old regions: 65->65
[2022-08-12T09:30:32.805+0000][gc,heap       ] GC(403) Humongous regions: 129->129
[2022-08-12T09:30:32.805+0000][gc,metaspace  ] GC(403) Metaspace: 45629K->45629K(1091584K)
[2022-08-12T09:30:32.805+0000][gc            ] GC(403) Pause Young (Normal) (G1 Evacuation Pause) 805M->196M(1024M) 9.301ms
[2022-08-12T09:30:32.805+0000][gc,cpu        ] GC(403) User=0.02s Sys=0.00s Real=0.01s
[2022-08-12T10:15:22.220+0000][gc,start      ] GC(404) Pause Young (Normal) (G1 Evacuation Pause)
[2022-08-12T10:15:22.220+0000][gc,task       ] GC(404) Using 2 workers of 2 for evacuation
[2022-08-12T10:15:22.229+0000][gc,phases     ] GC(404)   Pre Evacuate Collection Set: 0.0ms
[2022-08-12T10:15:22.229+0000][gc,phases     ] GC(404)   Evacuate Collection Set: 8.2ms
[2022-08-12T10:15:22.229+0000][gc,phases     ] GC(404)   Post Evacuate Collection Set: 0.8ms
[2022-08-12T10:15:22.229+0000][gc,phases     ] GC(404)   Other: 0.2ms
[2022-08-12T10:15:22.229+0000][gc,heap       ] GC(404) Eden regions: 609->0(609)
[2022-08-12T10:15:22.229+0000][gc,heap       ] GC(404) Survivor regions: 5->5(77)
[2022-08-12T10:15:22.229+0000][gc,heap       ] GC(404) Old regions: 65->65
[2022-08-12T10:15:22.229+0000][gc,heap       ] GC(404) Humongous regions: 129->129
[2022-08-12T10:15:22.229+0000][gc,metaspace  ] GC(404) Metaspace: 45629K->45629K(1091584K)
[2022-08-12T10:15:22.229+0000][gc            ] GC(404) Pause Young (Normal) (G1 Evacuation Pause) 805M->196M(1024M) 9.403ms
[2022-08-12T10:15:22.229+0000][gc,cpu        ] GC(404) User=0.01s Sys=0.00s Real=0.01s
[2022-08-12T11:00:17.219+0000][gc,start      ] GC(405) Pause Young (Normal) (G1 Evacuation Pause)
[2022-08-12T11:00:17.220+0000][gc,task       ] GC(405) Using 2 workers of 2 for evacuation
[2022-08-12T11:00:17.229+0000][gc,phases     ] GC(405)   Pre Evacuate Collection Set: 0.0ms
[2022-08-12T11:00:17.229+0000][gc,phases     ] GC(405)   Evacuate Collection Set: 8.7ms
[2022-08-12T11:00:17.229+0000][gc,phases     ] GC(405)   Post Evacuate Collection Set: 0.8ms
[2022-08-12T11:00:17.229+0000][gc,phases     ] GC(405)   Other: 0.2ms
[2022-08-12T11:00:17.229+0000][gc,heap       ] GC(405) Eden regions: 609->0(608)
[2022-08-12T11:00:17.229+0000][gc,heap       ] GC(405) Survivor regions: 5->6(77)
[2022-08-12T11:00:17.229+0000][gc,heap       ] GC(405) Old regions: 65->65
[2022-08-12T11:00:17.229+0000][gc,heap       ] GC(405) Humongous regions: 129->129
[2022-08-12T11:00:17.229+0000][gc,metaspace  ] GC(405) Metaspace: 45629K->45629K(1091584K)
[2022-08-12T11:00:17.229+0000][gc            ] GC(405) Pause Young (Normal) (G1 Evacuation Pause) 805M->197M(1024M) 9.875ms
[2022-08-12T11:00:17.229+0000][gc,cpu        ] GC(405) User=0.02s Sys=0.00s Real=0.01s
[2022-08-12T11:45:12.220+0000][gc,start      ] GC(406) Pause Young (Normal) (G1 Evacuation Pause)
[2022-08-12T11:45:12.220+0000][gc,task       ] GC(406) Using 2 workers of 2 for evacuation
[2022-08-12T11:45:12.226+0000][gc,phases     ] GC(406)   Pre Evacuate Collection Set: 0.0ms
[2022-08-12T11:45:12.226+0000][gc,phases     ] GC(406)   Evacuate Collection Set: 5.3ms
[2022-08-12T11:45:12.226+0000][gc,phases     ] GC(406)   Post Evacuate Collection Set: 0.8ms
[2022-08-12T11:45:12.226+0000][gc,phases     ] GC(406)   Other: 0.2ms
[2022-08-12T11:45:12.226+0000][gc,heap       ] GC(406) Eden regions: 608->0(611)
[2022-08-12T11:45:12.226+0000][gc,heap       ] GC(406) Survivor regions: 6->3(77)
[2022-08-12T11:45:12.226+0000][gc,heap       ] GC(406) Old regions: 65->65
[2022-08-12T11:45:12.226+0000][gc,heap       ] GC(406) Humongous regions: 129->129
[2022-08-12T11:45:12.226+0000][gc,metaspace  ] GC(406) Metaspace: 45629K->45629K(1091584K)
[2022-08-12T11:45:12.226+0000][gc            ] GC(406) Pause Young (Normal) (G1 Evacuation Pause) 805M->195M(1024M) 6.476ms
[2022-08-12T11:45:12.226+0000][gc,cpu        ] GC(406) User=0.02s Sys=0.00s Real=0.01s
[2022-08-12T12:30:20.641+0000][gc,start      ] GC(407) Pause Young (Normal) (G1 Evacuation Pause)
[2022-08-12T12:30:20.641+0000][gc,task       ] GC(407) Using 2 workers of 2 for evacuation
[2022-08-12T12:30:20.649+0000][gc,phases     ] GC(407)   Pre Evacuate Collection Set: 0.0ms
[2022-08-12T12:30:20.649+0000][gc,phases     ] GC(407)   Evacuate Collection Set: 6.3ms
[2022-08-12T12:30:20.649+0000][gc,phases     ] GC(407)   Post Evacuate Collection Set: 0.8ms
[2022-08-12T12:30:20.649+0000][gc,phases     ] GC(407)   Other: 0.2ms
[2022-08-12T12:30:20.649+0000][gc,heap       ] GC(407) Eden regions: 611->0(610)
[2022-08-12T12:30:20.649+0000][gc,heap       ] GC(407) Survivor regions: 3->4(77)
[2022-08-12T12:30:20.649+0000][gc,heap       ] GC(407) Old regions: 65->65
[2022-08-12T12:30:20.649+0000][gc,heap       ] GC(407) Humongous regions: 129->129
[2022-08-12T12:30:20.649+0000][gc,metaspace  ] GC(407) Metaspace: 45629K->45629K(1091584K)
[2022-08-12T12:30:20.649+0000][gc            ] GC(407) Pause Young (Normal) (G1 Evacuation Pause) 806M->195M(1024M) 7.439ms
[2022-08-12T12:30:20.649+0000][gc,cpu        ] GC(407) User=0.01s Sys=0.00s Real=0.01s
[2022-08-12T13:15:21.374+0000][gc,start      ] GC(408) Pause Young (Normal) (G1 Evacuation Pause)
[2022-08-12T13:15:21.374+0000][gc,task       ] GC(408) Using 2 workers of 2 for evacuation
[2022-08-12T13:15:21.382+0000][gc,phases     ] GC(408)   Pre Evacuate Collection Set: 0.0ms
[2022-08-12T13:15:21.382+0000][gc,phases     ] GC(408)   Evacuate Collection Set: 6.9ms
[2022-08-12T13:15:21.382+0000][gc,phases     ] GC(408)   Post Evacuate Collection Set: 0.8ms
[2022-08-12T13:15:21.382+0000][gc,phases     ] GC(408)   Other: 0.2ms
[2022-08-12T13:15:21.382+0000][gc,heap       ] GC(408) Eden regions: 610->0(610)
[2022-08-12T13:15:21.382+0000][gc,heap       ] GC(408) Survivor regions: 4->4(77)
[2022-08-12T13:15:21.382+0000][gc,heap       ] GC(408) Old regions: 65->65
[2022-08-12T13:15:21.382+0000][gc,heap       ] GC(408) Humongous regions: 129->129
[2022-08-12T13:15:21.382+0000][gc,metaspace  ] GC(408) Metaspace: 45629K->45629K(1091584K)
[2022-08-12T13:15:21.382+0000][gc            ] GC(408) Pause Young (Normal) (G1 Evacuation Pause) 805M->195M(1024M) 7.982ms
[2022-08-12T13:15:21.382+0000][gc,cpu        ] GC(408) User=0.01s Sys=0.00s Real=0.00s
[2022-08-12T14:00:22.220+0000][gc,start      ] GC(409) Pause Young (Normal) (G1 Evacuation Pause)
[2022-08-12T14:00:22.220+0000][gc,task       ] GC(409) Using 2 workers of 2 for evacuation
[2022-08-12T14:00:22.228+0000][gc,phases     ] GC(409)   Pre Evacuate Collection Set: 0.0ms
[2022-08-12T14:00:22.228+0000][gc,phases     ] GC(409)   Evacuate Collection Set: 7.2ms
[2022-08-12T14:00:22.228+0000][gc,phases     ] GC(409)   Post Evacuate Collection Set: 0.8ms
[2022-08-12T14:00:22.228+0000][gc,phases     ] GC(409)   Other: 0.2ms
[2022-08-12T14:00:22.228+0000][gc,heap       ] GC(409) Eden regions: 610->0(609)
[2022-08-12T14:00:22.228+0000][gc,heap       ] GC(409) Survivor regions: 4->5(77)
[2022-08-12T14:00:22.228+0000][gc,heap       ] GC(409) Old regions: 65->65
[2022-08-12T14:00:22.228+0000][gc,heap       ] GC(409) Humongous regions: 129->129
[2022-08-12T14:00:22.228+0000][gc,metaspace  ] GC(409) Metaspace: 45629K->45629K(1091584K)
[2022-08-12T14:00:22.228+0000][gc            ] GC(409) Pause Young (Normal) (G1 Evacuation Pause) 805M->196M(1024M) 8.357ms
[2022-08-12T14:00:22.228+0000][gc,cpu        ] GC(409) User=0.01s Sys=0.00s Real=0.01s
[2022-08-12T14:45:26.487+0000][gc,start      ] GC(410) Pause Young (Normal) (G1 Evacuation Pause)
[2022-08-12T14:45:26.487+0000][gc,task       ] GC(410) Using 2 workers of 2 for evacuation
[2022-08-12T14:45:26.496+0000][gc,phases     ] GC(410)   Pre Evacuate Collection Set: 0.0ms
[2022-08-12T14:45:26.496+0000][gc,phases     ] GC(410)   Evacuate Collection Set: 8.0ms
[2022-08-12T14:45:26.496+0000][gc,phases     ] GC(410)   Post Evacuate Collection Set: 0.9ms
[2022-08-12T14:45:26.496+0000][gc,phases     ] GC(410)   Other: 0.2ms
[2022-08-12T14:45:26.496+0000][gc,heap       ] GC(410) Eden regions: 609->0(609)
[2022-08-12T14:45:26.496+0000][gc,heap       ] GC(410) Survivor regions: 5->5(77)
[2022-08-12T14:45:26.496+0000][gc,heap       ] GC(410) Old regions: 65->65
[2022-08-12T14:45:26.496+0000][gc,heap       ] GC(410) Humongous regions: 129->129
[2022-08-12T14:45:26.496+0000][gc,metaspace  ] GC(410) Metaspace: 45631K->45631K(1091584K)
[2022-08-12T14:45:26.496+0000][gc            ] GC(410) Pause Young (Normal) (G1 Evacuation Pause) 805M->196M(1024M) 9.312ms
[2022-08-12T14:45:26.496+0000][gc,cpu        ] GC(410) User=0.02s Sys=0.00s Real=0.01s
[2022-08-12T15:30:26.234+0000][gc,start      ] GC(411) Pause Young (Normal) (G1 Evacuation Pause)
[2022-08-12T15:30:26.234+0000][gc,task       ] GC(411) Using 2 workers of 2 for evacuation
[2022-08-12T15:30:26.243+0000][gc,phases     ] GC(411)   Pre Evacuate Collection Set: 0.0ms
[2022-08-12T15:30:26.243+0000][gc,phases     ] GC(411)   Evacuate Collection Set: 8.6ms
[2022-08-12T15:30:26.243+0000][gc,phases     ] GC(411)   Post Evacuate Collection Set: 0.8ms
[2022-08-12T15:30:26.243+0000][gc,phases     ] GC(411)   Other: 0.2ms
[2022-08-12T15:30:26.243+0000][gc,heap       ] GC(411) Eden regions: 609->0(609)
[2022-08-12T15:30:26.243+0000][gc,heap       ] GC(411) Survivor regions: 5->5(77)
[2022-08-12T15:30:26.243+0000][gc,heap       ] GC(411) Old regions: 65->65
[2022-08-12T15:30:26.243+0000][gc,heap       ] GC(411) Humongous regions: 129->129
[2022-08-12T15:30:26.243+0000][gc,metaspace  ] GC(411) Metaspace: 45631K->45631K(1091584K)
[2022-08-12T15:30:26.244+0000][gc            ] GC(411) Pause Young (Normal) (G1 Evacuation Pause) 805M->197M(1024M) 9.834ms
[2022-08-12T15:30:26.244+0000][gc,cpu        ] GC(411) User=0.02s Sys=0.00s Real=0.00s
[2022-08-12T16:15:15.492+0000][gc,start      ] GC(412) Pause Young (Normal) (G1 Evacuation Pause)
[2022-08-12T16:15:15.492+0000][gc,task       ] GC(412) Using 2 workers of 2 for evacuation
[2022-08-12T16:15:15.502+0000][gc,phases     ] GC(412)   Pre Evacuate Collection Set: 0.0ms
[2022-08-12T16:15:15.502+0000][gc,phases     ] GC(412)   Evacuate Collection Set: 8.5ms
[2022-08-12T16:15:15.502+0000][gc,phases     ] GC(412)   Post Evacuate Collection Set: 0.8ms
[2022-08-12T16:15:15.502+0000][gc,phases     ] GC(412)   Other: 0.3ms
[2022-08-12T16:15:15.502+0000][gc,heap       ] GC(412) Eden regions: 609->0(608)
[2022-08-12T16:15:15.502+0000][gc,heap       ] GC(412) Survivor regions: 5->6(77)
[2022-08-12T16:15:15.502+0000][gc,heap       ] GC(412) Old regions: 65->65
[2022-08-12T16:15:15.502+0000][gc,heap       ] GC(412) Humongous regions: 129->129
[2022-08-12T16:15:15.502+0000][gc,metaspace  ] GC(412) Metaspace: 45631K->45631K(1091584K)
[2022-08-12T16:15:15.502+0000][gc            ] GC(412) Pause Young (Normal) (G1 Evacuation Pause) 806M->197M(1024M) 9.668ms
[2022-08-12T16:15:15.502+0000][gc,cpu        ] GC(412) User=0.02s Sys=0.00s Real=0.01s
[2022-08-12T17:00:04.132+0000][gc,start      ] GC(413) Pause Young (Normal) (G1 Evacuation Pause)
[2022-08-12T17:00:04.132+0000][gc,task       ] GC(413) Using 2 workers of 2 for evacuation
[2022-08-12T17:00:04.142+0000][gc,phases     ] GC(413)   Pre Evacuate Collection Set: 0.0ms
[2022-08-12T17:00:04.142+0000][gc,phases     ] GC(413)   Evacuate Collection Set: 8.9ms
[2022-08-12T17:00:04.142+0000][gc,phases     ] GC(413)   Post Evacuate Collection Set: 0.8ms
[2022-08-12T17:00:04.142+0000][gc,phases     ] GC(413)   Other: 0.3ms
[2022-08-12T17:00:04.142+0000][gc,heap       ] GC(413) Eden regions: 608->0(608)
[2022-08-12T17:00:04.142+0000][gc,heap       ] GC(413) Survivor regions: 6->6(77)
[2022-08-12T17:00:04.142+0000][gc,heap       ] GC(413) Old regions: 65->65
[2022-08-12T17:00:04.142+0000][gc,heap       ] GC(413) Humongous regions: 129->129
[2022-08-12T17:00:04.142+0000][gc,metaspace  ] GC(413) Metaspace: 45631K->45631K(1091584K)
[2022-08-12T17:00:04.142+0000][gc            ] GC(413) Pause Young (Normal) (G1 Evacuation Pause) 805M->197M(1024M) 10.065ms
[2022-08-12T17:00:04.142+0000][gc,cpu        ] GC(413) User=0.02s Sys=0.00s Real=0.01s
[2022-08-12T17:45:01.345+0000][gc,start      ] GC(414) Pause Young (Normal) (G1 Evacuation Pause)
[2022-08-12T17:45:01.345+0000][gc,task       ] GC(414) Using 2 workers of 2 for evacuation
[2022-08-12T17:45:01.352+0000][gc,phases     ] GC(414)   Pre Evacuate Collection Set: 0.0ms
[2022-08-12T17:45:01.352+0000][gc,phases     ] GC(414)   Evacuate Collection Set: 5.2ms
[2022-08-12T17:45:01.352+0000][gc,phases     ] GC(414)   Post Evacuate Collection Set: 0.8ms
[2022-08-12T17:45:01.352+0000][gc,phases     ] GC(414)   Other: 0.2ms
[2022-08-12T17:45:01.352+0000][gc,heap       ] GC(414) Eden regions: 608->0(611)
[2022-08-12T17:45:01.352+0000][gc,heap       ] GC(414) Survivor regions: 6->3(77)
[2022-08-12T17:45:01.352+0000][gc,heap       ] GC(414) Old regions: 65->65
[2022-08-12T17:45:01.352+0000][gc,heap       ] GC(414) Humongous regions: 129->129
[2022-08-12T17:45:01.352+0000][gc,metaspace  ] GC(414) Metaspace: 45631K->45631K(1091584K)
[2022-08-12T17:45:01.352+0000][gc            ] GC(414) Pause Young (Normal) (G1 Evacuation Pause) 805M->195M(1024M) 6.395ms
[2022-08-12T17:45:01.352+0000][gc,cpu        ] GC(414) User=0.01s Sys=0.00s Real=0.00s
[2022-08-12T18:30:09.519+0000][gc,start      ] GC(415) Pause Young (Normal) (G1 Evacuation Pause)
[2022-08-12T18:30:09.519+0000][gc,task       ] GC(415) Using 2 workers of 2 for evacuation
[2022-08-12T18:30:09.526+0000][gc,phases     ] GC(415)   Pre Evacuate Collection Set: 0.0ms
[2022-08-12T18:30:09.526+0000][gc,phases     ] GC(415)   Evacuate Collection Set: 6.4ms
[2022-08-12T18:30:09.526+0000][gc,phases     ] GC(415)   Post Evacuate Collection Set: 0.8ms
[2022-08-12T18:30:09.526+0000][gc,phases     ] GC(415)   Other: 0.2ms
[2022-08-12T18:30:09.526+0000][gc,heap       ] GC(415) Eden regions: 611->0(610)
[2022-08-12T18:30:09.526+0000][gc,heap       ] GC(415) Survivor regions: 3->4(77)
[2022-08-12T18:30:09.526+0000][gc,heap       ] GC(415) Old regions: 65->65
[2022-08-12T18:30:09.526+0000][gc,heap       ] GC(415) Humongous regions: 129->129
[2022-08-12T18:30:09.526+0000][gc,metaspace  ] GC(415) Metaspace: 45631K->45631K(1091584K)
[2022-08-12T18:30:09.526+0000][gc            ] GC(415) Pause Young (Normal) (G1 Evacuation Pause) 806M->195M(1024M) 7.555ms
[2022-08-12T18:30:09.526+0000][gc,cpu        ] GC(415) User=0.00s Sys=0.02s Real=0.01s
[2022-08-12T19:15:02.220+0000][gc,start      ] GC(416) Pause Young (Normal) (G1 Evacuation Pause)
[2022-08-12T19:15:02.220+0000][gc,task       ] GC(416) Using 2 workers of 2 for evacuation
[2022-08-12T19:15:02.227+0000][gc,phases     ] GC(416)   Pre Evacuate Collection Set: 0.0ms
[2022-08-12T19:15:02.227+0000][gc,phases     ] GC(416)   Evacuate Collection Set: 6.6ms
[2022-08-12T19:15:02.227+0000][gc,phases     ] GC(416)   Post Evacuate Collection Set: 0.8ms
[2022-08-12T19:15:02.227+0000][gc,phases     ] GC(416)   Other: 0.2ms
[2022-08-12T19:15:02.227+0000][gc,heap       ] GC(416) Eden regions: 610->0(610)
[2022-08-12T19:15:02.227+0000][gc,heap       ] GC(416) Survivor regions: 4->4(77)
[2022-08-12T19:15:02.227+0000][gc,heap       ] GC(416) Old regions: 65->65
[2022-08-12T19:15:02.227+0000][gc,heap       ] GC(416) Humongous regions: 129->129
[2022-08-12T19:15:02.227+0000][gc,metaspace  ] GC(416) Metaspace: 45631K->45631K(1091584K)
[2022-08-12T19:15:02.228+0000][gc            ] GC(416) Pause Young (Normal) (G1 Evacuation Pause) 805M->195M(1024M) 7.791ms
[2022-08-12T19:15:02.228+0000][gc,cpu        ] GC(416) User=0.02s Sys=0.00s Real=0.01s
[2022-08-12T19:59:57.218+0000][gc,start      ] GC(417) Pause Young (Normal) (G1 Evacuation Pause)
[2022-08-12T19:59:57.218+0000][gc,task       ] GC(417) Using 2 workers of 2 for evacuation
[2022-08-12T19:59:57.226+0000][gc,phases     ] GC(417)   Pre Evacuate Collection Set: 0.0ms
[2022-08-12T19:59:57.226+0000][gc,phases     ] GC(417)   Evacuate Collection Set: 6.7ms
[2022-08-12T19:59:57.226+0000][gc,phases     ] GC(417)   Post Evacuate Collection Set: 0.8ms
[2022-08-12T19:59:57.226+0000][gc,phases     ] GC(417)   Other: 0.2ms
[2022-08-12T19:59:57.226+0000][gc,heap       ] GC(417) Eden regions: 610->0(610)
[2022-08-12T19:59:57.226+0000][gc,heap       ] GC(417) Survivor regions: 4->4(77)
[2022-08-12T19:59:57.226+0000][gc,heap       ] GC(417) Old regions: 65->65
[2022-08-12T19:59:57.226+0000][gc,heap       ] GC(417) Humongous regions: 129->129
[2022-08-12T19:59:57.226+0000][gc,metaspace  ] GC(417) Metaspace: 45631K->45631K(1091584K)
[2022-08-12T19:59:57.226+0000][gc            ] GC(417) Pause Young (Normal) (G1 Evacuation Pause) 805M->195M(1024M) 7.915ms
[2022-08-12T19:59:57.226+0000][gc,cpu        ] GC(417) User=0.01s Sys=0.00s Real=0.01s
[2022-08-12T20:45:00.532+0000][gc,start      ] GC(418) Pause Young (Normal) (G1 Evacuation Pause)
[2022-08-12T20:45:00.532+0000][gc,task       ] GC(418) Using 2 workers of 2 for evacuation
[2022-08-12T20:45:00.540+0000][gc,phases     ] GC(418)   Pre Evacuate Collection Set: 0.0ms
[2022-08-12T20:45:00.540+0000][gc,phases     ] GC(418)   Evacuate Collection Set: 7.1ms
[2022-08-12T20:45:00.540+0000][gc,phases     ] GC(418)   Post Evacuate Collection Set: 0.8ms
[2022-08-12T20:45:00.540+0000][gc,phases     ] GC(418)   Other: 0.2ms
[2022-08-12T20:45:00.540+0000][gc,heap       ] GC(418) Eden regions: 610->0(609)
[2022-08-12T20:45:00.540+0000][gc,heap       ] GC(418) Survivor regions: 4->5(77)
[2022-08-12T20:45:00.540+0000][gc,heap       ] GC(418) Old regions: 65->65
[2022-08-12T20:45:00.540+0000][gc,heap       ] GC(418) Humongous regions: 129->129
[2022-08-12T20:45:00.540+0000][gc,metaspace  ] GC(418) Metaspace: 45631K->45631K(1091584K)
[2022-08-12T20:45:00.540+0000][gc            ] GC(418) Pause Young (Normal) (G1 Evacuation Pause) 805M->196M(1024M) 8.297ms
[2022-08-12T20:45:00.540+0000][gc,cpu        ] GC(418) User=0.01s Sys=0.00s Real=0.01s
[2022-08-12T21:29:51.868+0000][gc,start      ] GC(419) Pause Young (Normal) (G1 Evacuation Pause)
[2022-08-12T21:29:51.868+0000][gc,task       ] GC(419) Using 2 workers of 2 for evacuation
[2022-08-12T21:29:51.877+0000][gc,phases     ] GC(419)   Pre Evacuate Collection Set: 0.0ms
[2022-08-12T21:29:51.877+0000][gc,phases     ] GC(419)   Evacuate Collection Set: 7.8ms
[2022-08-12T21:29:51.877+0000][gc,phases     ] GC(419)   Post Evacuate Collection Set: 0.8ms
[2022-08-12T21:29:51.877+0000][gc,phases     ] GC(419)   Other: 0.3ms
[2022-08-12T21:29:51.877+0000][gc,heap       ] GC(419) Eden regions: 609->0(609)
[2022-08-12T21:29:51.877+0000][gc,heap       ] GC(419) Survivor regions: 5->5(77)
[2022-08-12T21:29:51.877+0000][gc,heap       ] GC(419) Old regions: 65->65
[2022-08-12T21:29:51.877+0000][gc,heap       ] GC(419) Humongous regions: 129->129
[2022-08-12T21:29:51.877+0000][gc,metaspace  ] GC(419) Metaspace: 45631K->45631K(1091584K)
[2022-08-12T21:29:51.877+0000][gc            ] GC(419) Pause Young (Normal) (G1 Evacuation Pause) 805M->196M(1024M) 8.956ms
[2022-08-12T21:29:51.877+0000][gc,cpu        ] GC(419) User=0.02s Sys=0.00s Real=0.01s
[2022-08-12T22:14:43.967+0000][gc,start      ] GC(420) Pause Young (Normal) (G1 Evacuation Pause)
[2022-08-12T22:14:43.967+0000][gc,task       ] GC(420) Using 2 workers of 2 for evacuation
[2022-08-12T22:14:43.976+0000][gc,phases     ] GC(420)   Pre Evacuate Collection Set: 0.0ms
[2022-08-12T22:14:43.976+0000][gc,phases     ] GC(420)   Evacuate Collection Set: 7.7ms
[2022-08-12T22:14:43.976+0000][gc,phases     ] GC(420)   Post Evacuate Collection Set: 0.8ms
[2022-08-12T22:14:43.976+0000][gc,phases     ] GC(420)   Other: 0.2ms
[2022-08-12T22:14:43.976+0000][gc,heap       ] GC(420) Eden regions: 609->0(609)
[2022-08-12T22:14:43.976+0000][gc,heap       ] GC(420) Survivor regions: 5->5(77)
[2022-08-12T22:14:43.976+0000][gc,heap       ] GC(420) Old regions: 65->65
[2022-08-12T22:14:43.976+0000][gc,heap       ] GC(420) Humongous regions: 129->129
[2022-08-12T22:14:43.976+0000][gc,metaspace  ] GC(420) Metaspace: 45631K->45631K(1091584K)
[2022-08-12T22:14:43.976+0000][gc            ] GC(420) Pause Young (Normal) (G1 Evacuation Pause) 805M->196M(1024M) 8.899ms
[2022-08-12T22:14:43.976+0000][gc,cpu        ] GC(420) User=0.01s Sys=0.00s Real=0.01s
[2022-08-12T22:59:36.701+0000][gc,start      ] GC(421) Pause Young (Normal) (G1 Evacuation Pause)
[2022-08-12T22:59:36.702+0000][gc,task       ] GC(421) Using 2 workers of 2 for evacuation
[2022-08-12T22:59:36.711+0000][gc,phases     ] GC(421)   Pre Evacuate Collection Set: 0.0ms
[2022-08-12T22:59:36.711+0000][gc,phases     ] GC(421)   Evacuate Collection Set: 8.1ms
[2022-08-12T22:59:36.711+0000][gc,phases     ] GC(421)   Post Evacuate Collection Set: 0.8ms
[2022-08-12T22:59:36.711+0000][gc,phases     ] GC(421)   Other: 0.2ms
[2022-08-12T22:59:36.711+0000][gc,heap       ] GC(421) Eden regions: 609->0(609)
[2022-08-12T22:59:36.711+0000][gc,heap       ] GC(421) Survivor regions: 5->5(77)
[2022-08-12T22:59:36.711+0000][gc,heap       ] GC(421) Old regions: 65->65
[2022-08-12T22:59:36.711+0000][gc,heap       ] GC(421) Humongous regions: 129->129
[2022-08-12T22:59:36.711+0000][gc,metaspace  ] GC(421) Metaspace: 45631K->45631K(1091584K)
[2022-08-12T22:59:36.711+0000][gc            ] GC(421) Pause Young (Normal) (G1 Evacuation Pause) 805M->196M(1024M) 9.276ms
[2022-08-12T22:59:36.711+0000][gc,cpu        ] GC(421) User=0.01s Sys=0.00s Real=0.01s
[2022-08-12T23:44:43.934+0000][gc,start      ] GC(422) Pause Young (Normal) (G1 Evacuation Pause)
[2022-08-12T23:44:43.934+0000][gc,task       ] GC(422) Using 2 workers of 2 for evacuation
[2022-08-12T23:44:43.943+0000][gc,phases     ] GC(422)   Pre Evacuate Collection Set: 0.0ms
[2022-08-12T23:44:43.943+0000][gc,phases     ] GC(422)   Evacuate Collection Set: 8.0ms
[2022-08-12T23:44:43.943+0000][gc,phases     ] GC(422)   Post Evacuate Collection Set: 0.8ms
[2022-08-12T23:44:43.943+0000][gc,phases     ] GC(422)   Other: 0.2ms
[2022-08-12T23:44:43.943+0000][gc,heap       ] GC(422) Eden regions: 609->0(609)
[2022-08-12T23:44:43.943+0000][gc,heap       ] GC(422) Survivor regions: 5->5(77)
[2022-08-12T23:44:43.943+0000][gc,heap       ] GC(422) Old regions: 65->65
[2022-08-12T23:44:43.943+0000][gc,heap       ] GC(422) Humongous regions: 129->129
[2022-08-12T23:44:43.943+0000][gc,metaspace  ] GC(422) Metaspace: 45631K->45631K(1091584K)
[2022-08-12T23:44:43.943+0000][gc            ] GC(422) Pause Young (Normal) (G1 Evacuation Pause) 805M->197M(1024M) 9.150ms
[2022-08-12T23:44:43.943+0000][gc,cpu        ] GC(422) User=0.02s Sys=0.00s Real=0.00s
[2022-08-13T00:29:35.976+0000][gc,start      ] GC(423) Pause Young (Normal) (G1 Evacuation Pause)
[2022-08-13T00:29:35.977+0000][gc,task       ] GC(423) Using 2 workers of 2 for evacuation
[2022-08-13T00:29:35.983+0000][gc,phases     ] GC(423)   Pre Evacuate Collection Set: 0.0ms
[2022-08-13T00:29:35.983+0000][gc,phases     ] GC(423)   Evacuate Collection Set: 5.4ms
[2022-08-13T00:29:35.983+0000][gc,phases     ] GC(423)   Post Evacuate Collection Set: 0.7ms
[2022-08-13T00:29:35.983+0000][gc,phases     ] GC(423)   Other: 0.2ms
[2022-08-13T00:29:35.983+0000][gc,heap       ] GC(423) Eden regions: 609->0(611)
[2022-08-13T00:29:35.983+0000][gc,heap       ] GC(423) Survivor regions: 5->3(77)
[2022-08-13T00:29:35.983+0000][gc,heap       ] GC(423) Old regions: 65->65
[2022-08-13T00:29:35.983+0000][gc,heap       ] GC(423) Humongous regions: 129->129
[2022-08-13T00:29:35.983+0000][gc,metaspace  ] GC(423) Metaspace: 45631K->45631K(1091584K)
[2022-08-13T00:29:35.983+0000][gc            ] GC(423) Pause Young (Normal) (G1 Evacuation Pause) 806M->195M(1024M) 6.514ms
[2022-08-13T00:29:35.983+0000][gc,cpu        ] GC(423) User=0.01s Sys=0.00s Real=0.00s
[2022-08-13T01:14:35.099+0000][gc,start      ] GC(424) Pause Young (Normal) (G1 Evacuation Pause)
[2022-08-13T01:14:35.099+0000][gc,task       ] GC(424) Using 2 workers of 2 for evacuation
[2022-08-13T01:14:35.106+0000][gc,phases     ] GC(424)   Pre Evacuate Collection Set: 0.0ms
[2022-08-13T01:14:35.106+0000][gc,phases     ] GC(424)   Evacuate Collection Set: 6.1ms
[2022-08-13T01:14:35.106+0000][gc,phases     ] GC(424)   Post Evacuate Collection Set: 0.8ms
[2022-08-13T01:14:35.106+0000][gc,phases     ] GC(424)   Other: 0.2ms
[2022-08-13T01:14:35.106+0000][gc,heap       ] GC(424) Eden regions: 611->0(611)
[2022-08-13T01:14:35.106+0000][gc,heap       ] GC(424) Survivor regions: 3->3(77)
[2022-08-13T01:14:35.106+0000][gc,heap       ] GC(424) Old regions: 65->65
[2022-08-13T01:14:35.106+0000][gc,heap       ] GC(424) Humongous regions: 129->129
[2022-08-13T01:14:35.106+0000][gc,metaspace  ] GC(424) Metaspace: 45631K->45631K(1091584K)
[2022-08-13T01:14:35.106+0000][gc            ] GC(424) Pause Young (Normal) (G1 Evacuation Pause) 806M->195M(1024M) 7.277ms
[2022-08-13T01:14:35.106+0000][gc,cpu        ] GC(424) User=0.00s Sys=0.02s Real=0.01s
[2022-08-13T01:59:42.153+0000][gc,start      ] GC(425) Pause Young (Normal) (G1 Evacuation Pause)
[2022-08-13T01:59:42.153+0000][gc,task       ] GC(425) Using 2 workers of 2 for evacuation
[2022-08-13T01:59:42.161+0000][gc,phases     ] GC(425)   Pre Evacuate Collection Set: 0.0ms
[2022-08-13T01:59:42.161+0000][gc,phases     ] GC(425)   Evacuate Collection Set: 6.4ms
[2022-08-13T01:59:42.161+0000][gc,phases     ] GC(425)   Post Evacuate Collection Set: 0.8ms
[2022-08-13T01:59:42.161+0000][gc,phases     ] GC(425)   Other: 0.2ms
[2022-08-13T01:59:42.161+0000][gc,heap       ] GC(425) Eden regions: 611->0(610)
[2022-08-13T01:59:42.161+0000][gc,heap       ] GC(425) Survivor regions: 3->4(77)
[2022-08-13T01:59:42.161+0000][gc,heap       ] GC(425) Old regions: 65->65
[2022-08-13T01:59:42.161+0000][gc,heap       ] GC(425) Humongous regions: 129->129
[2022-08-13T01:59:42.161+0000][gc,metaspace  ] GC(425) Metaspace: 45631K->45631K(1091584K)
[2022-08-13T01:59:42.161+0000][gc            ] GC(425) Pause Young (Normal) (G1 Evacuation Pause) 806M->195M(1024M) 7.623ms
[2022-08-13T01:59:42.161+0000][gc,cpu        ] GC(425) User=0.01s Sys=0.01s Real=0.00s
[2022-08-13T02:44:56.792+0000][gc,start      ] GC(426) Pause Young (Normal) (G1 Evacuation Pause)
[2022-08-13T02:44:56.792+0000][gc,task       ] GC(426) Using 2 workers of 2 for evacuation
[2022-08-13T02:44:56.800+0000][gc,phases     ] GC(426)   Pre Evacuate Collection Set: 0.0ms
[2022-08-13T02:44:56.800+0000][gc,phases     ] GC(426)   Evacuate Collection Set: 7.4ms
[2022-08-13T02:44:56.800+0000][gc,phases     ] GC(426)   Post Evacuate Collection Set: 0.8ms
[2022-08-13T02:44:56.800+0000][gc,phases     ] GC(426)   Other: 0.2ms
[2022-08-13T02:44:56.800+0000][gc,heap       ] GC(426) Eden regions: 610->0(610)
[2022-08-13T02:44:56.800+0000][gc,heap       ] GC(426) Survivor regions: 4->4(77)
[2022-08-13T02:44:56.800+0000][gc,heap       ] GC(426) Old regions: 65->65
[2022-08-13T02:44:56.800+0000][gc,heap       ] GC(426) Humongous regions: 129->129
[2022-08-13T02:44:56.800+0000][gc,metaspace  ] GC(426) Metaspace: 45631K->45631K(1091584K)
[2022-08-13T02:44:56.800+0000][gc            ] GC(426) Pause Young (Normal) (G1 Evacuation Pause) 805M->196M(1024M) 8.519ms
[2022-08-13T02:44:56.800+0000][gc,cpu        ] GC(426) User=0.01s Sys=0.00s Real=0.01s
[2022-08-13T03:29:52.724+0000][gc,start      ] GC(427) Pause Young (Normal) (G1 Evacuation Pause)
[2022-08-13T03:29:52.724+0000][gc,task       ] GC(427) Using 2 workers of 2 for evacuation
[2022-08-13T03:29:52.733+0000][gc,phases     ] GC(427)   Pre Evacuate Collection Set: 0.0ms
[2022-08-13T03:29:52.733+0000][gc,phases     ] GC(427)   Evacuate Collection Set: 7.8ms
[2022-08-13T03:29:52.733+0000][gc,phases     ] GC(427)   Post Evacuate Collection Set: 0.8ms
[2022-08-13T03:29:52.733+0000][gc,phases     ] GC(427)   Other: 0.2ms
[2022-08-13T03:29:52.733+0000][gc,heap       ] GC(427) Eden regions: 610->0(609)
[2022-08-13T03:29:52.733+0000][gc,heap       ] GC(427) Survivor regions: 4->5(77)
[2022-08-13T03:29:52.733+0000][gc,heap       ] GC(427) Old regions: 65->65
[2022-08-13T03:29:52.733+0000][gc,heap       ] GC(427) Humongous regions: 129->129
[2022-08-13T03:29:52.733+0000][gc,metaspace  ] GC(427) Metaspace: 45631K->45631K(1091584K)
[2022-08-13T03:29:52.733+0000][gc            ] GC(427) Pause Young (Normal) (G1 Evacuation Pause) 806M->196M(1024M) 8.951ms
[2022-08-13T03:29:52.733+0000][gc,cpu        ] GC(427) User=0.02s Sys=0.00s Real=0.02s
[2022-08-13T04:14:49.534+0000][gc,start      ] GC(428) Pause Young (Normal) (G1 Evacuation Pause)
[2022-08-13T04:14:49.534+0000][gc,task       ] GC(428) Using 2 workers of 2 for evacuation
[2022-08-13T04:14:49.544+0000][gc,phases     ] GC(428)   Pre Evacuate Collection Set: 0.0ms
[2022-08-13T04:14:49.544+0000][gc,phases     ] GC(428)   Evacuate Collection Set: 8.2ms
[2022-08-13T04:14:49.544+0000][gc,phases     ] GC(428)   Post Evacuate Collection Set: 1.1ms
[2022-08-13T04:14:49.544+0000][gc,phases     ] GC(428)   Other: 0.3ms
[2022-08-13T04:14:49.544+0000][gc,heap       ] GC(428) Eden regions: 609->0(609)
[2022-08-13T04:14:49.544+0000][gc,heap       ] GC(428) Survivor regions: 5->5(77)
[2022-08-13T04:14:49.544+0000][gc,heap       ] GC(428) Old regions: 65->65
[2022-08-13T04:14:49.544+0000][gc,heap       ] GC(428) Humongous regions: 129->129
[2022-08-13T04:14:49.544+0000][gc,metaspace  ] GC(428) Metaspace: 45631K->45631K(1091584K)
[2022-08-13T04:14:49.544+0000][gc            ] GC(428) Pause Young (Normal) (G1 Evacuation Pause) 805M->197M(1024M) 9.724ms
[2022-08-13T04:14:49.544+0000][gc,cpu        ] GC(428) User=0.02s Sys=0.00s Real=0.00s
[2022-08-13T04:59:44.638+0000][gc,start      ] GC(429) Pause Young (Normal) (G1 Evacuation Pause)
[2022-08-13T04:59:44.638+0000][gc,task       ] GC(429) Using 2 workers of 2 for evacuation
[2022-08-13T04:59:44.648+0000][gc,phases     ] GC(429)   Pre Evacuate Collection Set: 0.0ms
[2022-08-13T04:59:44.648+0000][gc,phases     ] GC(429)   Evacuate Collection Set: 8.5ms
[2022-08-13T04:59:44.648+0000][gc,phases     ] GC(429)   Post Evacuate Collection Set: 1.1ms
[2022-08-13T04:59:44.648+0000][gc,phases     ] GC(429)   Other: 0.2ms
[2022-08-13T04:59:44.648+0000][gc,heap       ] GC(429) Eden regions: 609->0(608)
[2022-08-13T04:59:44.648+0000][gc,heap       ] GC(429) Survivor regions: 5->6(77)
[2022-08-13T04:59:44.648+0000][gc,heap       ] GC(429) Old regions: 65->65
[2022-08-13T04:59:44.648+0000][gc,heap       ] GC(429) Humongous regions: 129->129
[2022-08-13T04:59:44.648+0000][gc,metaspace  ] GC(429) Metaspace: 45631K->45631K(1091584K)
[2022-08-13T04:59:44.648+0000][gc            ] GC(429) Pause Young (Normal) (G1 Evacuation Pause) 806M->197M(1024M) 9.881ms
[2022-08-13T04:59:44.648+0000][gc,cpu        ] GC(429) User=0.02s Sys=0.00s Real=0.01s
[2022-08-13T05:44:53.061+0000][gc,start      ] GC(430) Pause Young (Normal) (G1 Evacuation Pause)
[2022-08-13T05:44:53.061+0000][gc,task       ] GC(430) Using 2 workers of 2 for evacuation
[2022-08-13T05:44:53.067+0000][gc,phases     ] GC(430)   Pre Evacuate Collection Set: 0.0ms
[2022-08-13T05:44:53.067+0000][gc,phases     ] GC(430)   Evacuate Collection Set: 5.6ms
[2022-08-13T05:44:53.067+0000][gc,phases     ] GC(430)   Post Evacuate Collection Set: 0.8ms
[2022-08-13T05:44:53.067+0000][gc,phases     ] GC(430)   Other: 0.2ms
[2022-08-13T05:44:53.067+0000][gc,heap       ] GC(430) Eden regions: 608->0(611)
[2022-08-13T05:44:53.067+0000][gc,heap       ] GC(430) Survivor regions: 6->3(77)
[2022-08-13T05:44:53.067+0000][gc,heap       ] GC(430) Old regions: 65->65
[2022-08-13T05:44:53.067+0000][gc,heap       ] GC(430) Humongous regions: 129->129
[2022-08-13T05:44:53.067+0000][gc,metaspace  ] GC(430) Metaspace: 45631K->45631K(1091584K)
[2022-08-13T05:44:53.067+0000][gc            ] GC(430) Pause Young (Normal) (G1 Evacuation Pause) 805M->195M(1024M) 6.711ms
[2022-08-13T05:44:53.067+0000][gc,cpu        ] GC(430) User=0.01s Sys=0.00s Real=0.01s
[2022-08-13T06:29:56.275+0000][gc,start      ] GC(431) Pause Young (Normal) (G1 Evacuation Pause)
[2022-08-13T06:29:56.275+0000][gc,task       ] GC(431) Using 2 workers of 2 for evacuation
[2022-08-13T06:29:56.282+0000][gc,phases     ] GC(431)   Pre Evacuate Collection Set: 0.0ms
[2022-08-13T06:29:56.282+0000][gc,phases     ] GC(431)   Evacuate Collection Set: 6.2ms
[2022-08-13T06:29:56.282+0000][gc,phases     ] GC(431)   Post Evacuate Collection Set: 0.8ms
[2022-08-13T06:29:56.282+0000][gc,phases     ] GC(431)   Other: 0.2ms
[2022-08-13T06:29:56.282+0000][gc,heap       ] GC(431) Eden regions: 611->0(610)
[2022-08-13T06:29:56.282+0000][gc,heap       ] GC(431) Survivor regions: 3->4(77)
[2022-08-13T06:29:56.282+0000][gc,heap       ] GC(431) Old regions: 65->65
[2022-08-13T06:29:56.282+0000][gc,heap       ] GC(431) Humongous regions: 129->129
[2022-08-13T06:29:56.282+0000][gc,metaspace  ] GC(431) Metaspace: 45631K->45631K(1091584K)
[2022-08-13T06:29:56.282+0000][gc            ] GC(431) Pause Young (Normal) (G1 Evacuation Pause) 806M->195M(1024M) 7.339ms
[2022-08-13T06:29:56.282+0000][gc,cpu        ] GC(431) User=0.01s Sys=0.01s Real=0.00s
[2022-08-13T07:14:56.849+0000][gc,start      ] GC(432) Pause Young (Normal) (G1 Evacuation Pause)
[2022-08-13T07:14:56.849+0000][gc,task       ] GC(432) Using 2 workers of 2 for evacuation
[2022-08-13T07:14:56.857+0000][gc,phases     ] GC(432)   Pre Evacuate Collection Set: 0.0ms
[2022-08-13T07:14:56.857+0000][gc,phases     ] GC(432)   Evacuate Collection Set: 6.6ms
[2022-08-13T07:14:56.857+0000][gc,phases     ] GC(432)   Post Evacuate Collection Set: 0.8ms
[2022-08-13T07:14:56.857+0000][gc,phases     ] GC(432)   Other: 0.3ms
[2022-08-13T07:14:56.857+0000][gc,heap       ] GC(432) Eden regions: 610->0(610)
[2022-08-13T07:14:56.857+0000][gc,heap       ] GC(432) Survivor regions: 4->4(77)
[2022-08-13T07:14:56.857+0000][gc,heap       ] GC(432) Old regions: 65->65
[2022-08-13T07:14:56.857+0000][gc,heap       ] GC(432) Humongous regions: 129->129
[2022-08-13T07:14:56.857+0000][gc,metaspace  ] GC(432) Metaspace: 45631K->45631K(1091584K)
[2022-08-13T07:14:56.857+0000][gc            ] GC(432) Pause Young (Normal) (G1 Evacuation Pause) 805M->195M(1024M) 7.799ms
[2022-08-13T07:14:56.857+0000][gc,cpu        ] GC(432) User=0.02s Sys=0.00s Real=0.01s
[2022-08-13T07:59:57.220+0000][gc,start      ] GC(433) Pause Young (Normal) (G1 Evacuation Pause)
[2022-08-13T07:59:57.220+0000][gc,task       ] GC(433) Using 2 workers of 2 for evacuation
[2022-08-13T07:59:57.228+0000][gc,phases     ] GC(433)   Pre Evacuate Collection Set: 0.0ms
[2022-08-13T07:59:57.228+0000][gc,phases     ] GC(433)   Evacuate Collection Set: 7.1ms
[2022-08-13T07:59:57.228+0000][gc,phases     ] GC(433)   Post Evacuate Collection Set: 0.7ms
[2022-08-13T07:59:57.228+0000][gc,phases     ] GC(433)   Other: 0.2ms
[2022-08-13T07:59:57.228+0000][gc,heap       ] GC(433) Eden regions: 610->0(610)
[2022-08-13T07:59:57.228+0000][gc,heap       ] GC(433) Survivor regions: 4->4(77)
[2022-08-13T07:59:57.228+0000][gc,heap       ] GC(433) Old regions: 65->65
[2022-08-13T07:59:57.228+0000][gc,heap       ] GC(433) Humongous regions: 129->129
[2022-08-13T07:59:57.228+0000][gc,metaspace  ] GC(433) Metaspace: 45631K->45631K(1091584K)
[2022-08-13T07:59:57.228+0000][gc            ] GC(433) Pause Young (Normal) (G1 Evacuation Pause) 805M->196M(1024M) 8.217ms
[2022-08-13T07:59:57.228+0000][gc,cpu        ] GC(433) User=0.02s Sys=0.00s Real=0.01s
[2022-08-13T08:45:05.821+0000][gc,start      ] GC(434) Pause Young (Normal) (G1 Evacuation Pause)
[2022-08-13T08:45:05.821+0000][gc,task       ] GC(434) Using 2 workers of 2 for evacuation
[2022-08-13T08:45:05.830+0000][gc,phases     ] GC(434)   Pre Evacuate Collection Set: 0.0ms
[2022-08-13T08:45:05.830+0000][gc,phases     ] GC(434)   Evacuate Collection Set: 7.6ms
[2022-08-13T08:45:05.830+0000][gc,phases     ] GC(434)   Post Evacuate Collection Set: 1.1ms
[2022-08-13T08:45:05.830+0000][gc,phases     ] GC(434)   Other: 0.2ms
[2022-08-13T08:45:05.830+0000][gc,heap       ] GC(434) Eden regions: 610->0(609)
[2022-08-13T08:45:05.830+0000][gc,heap       ] GC(434) Survivor regions: 4->5(77)
[2022-08-13T08:45:05.830+0000][gc,heap       ] GC(434) Old regions: 65->65
[2022-08-13T08:45:05.830+0000][gc,heap       ] GC(434) Humongous regions: 129->129
[2022-08-13T08:45:05.830+0000][gc,metaspace  ] GC(434) Metaspace: 45631K->45631K(1091584K)
[2022-08-13T08:45:05.830+0000][gc            ] GC(434) Pause Young (Normal) (G1 Evacuation Pause) 806M->196M(1024M) 9.085ms
[2022-08-13T08:45:05.830+0000][gc,cpu        ] GC(434) User=0.01s Sys=0.00s Real=0.01s
[2022-08-13T09:30:08.051+0000][gc,start      ] GC(435) Pause Young (Normal) (G1 Evacuation Pause)
[2022-08-13T09:30:08.051+0000][gc,task       ] GC(435) Using 2 workers of 2 for evacuation
[2022-08-13T09:30:08.061+0000][gc,phases     ] GC(435)   Pre Evacuate Collection Set: 0.0ms
[2022-08-13T09:30:08.061+0000][gc,phases     ] GC(435)   Evacuate Collection Set: 8.5ms
[2022-08-13T09:30:08.061+0000][gc,phases     ] GC(435)   Post Evacuate Collection Set: 0.8ms
[2022-08-13T09:30:08.061+0000][gc,phases     ] GC(435)   Other: 0.2ms
[2022-08-13T09:30:08.061+0000][gc,heap       ] GC(435) Eden regions: 609->0(609)
[2022-08-13T09:30:08.061+0000][gc,heap       ] GC(435) Survivor regions: 5->5(77)
[2022-08-13T09:30:08.061+0000][gc,heap       ] GC(435) Old regions: 65->65
[2022-08-13T09:30:08.061+0000][gc,heap       ] GC(435) Humongous regions: 129->129
[2022-08-13T09:30:08.061+0000][gc,metaspace  ] GC(435) Metaspace: 45631K->45631K(1091584K)
[2022-08-13T09:30:08.061+0000][gc            ] GC(435) Pause Young (Normal) (G1 Evacuation Pause) 805M->197M(1024M) 9.726ms
[2022-08-13T09:30:08.061+0000][gc,cpu        ] GC(435) User=0.02s Sys=0.00s Real=0.01s
[2022-08-13T10:14:59.233+0000][gc,start      ] GC(436) Pause Young (Normal) (G1 Evacuation Pause)
[2022-08-13T10:14:59.233+0000][gc,task       ] GC(436) Using 2 workers of 2 for evacuation
[2022-08-13T10:14:59.242+0000][gc,phases     ] GC(436)   Pre Evacuate Collection Set: 0.0ms
[2022-08-13T10:14:59.242+0000][gc,phases     ] GC(436)   Evacuate Collection Set: 8.6ms
[2022-08-13T10:14:59.243+0000][gc,phases     ] GC(436)   Post Evacuate Collection Set: 0.8ms
[2022-08-13T10:14:59.243+0000][gc,phases     ] GC(436)   Other: 0.2ms
[2022-08-13T10:14:59.243+0000][gc,heap       ] GC(436) Eden regions: 609->0(609)
[2022-08-13T10:14:59.243+0000][gc,heap       ] GC(436) Survivor regions: 5->5(77)
[2022-08-13T10:14:59.243+0000][gc,heap       ] GC(436) Old regions: 65->65
[2022-08-13T10:14:59.243+0000][gc,heap       ] GC(436) Humongous regions: 129->129
[2022-08-13T10:14:59.243+0000][gc,metaspace  ] GC(436) Metaspace: 45631K->45631K(1091584K)
[2022-08-13T10:14:59.243+0000][gc            ] GC(436) Pause Young (Normal) (G1 Evacuation Pause) 806M->197M(1024M) 9.738ms
[2022-08-13T10:14:59.243+0000][gc,cpu        ] GC(436) User=0.02s Sys=0.00s Real=0.00s
[2022-08-13T10:59:50.845+0000][gc,start      ] GC(437) Pause Young (Normal) (G1 Evacuation Pause)
[2022-08-13T10:59:50.845+0000][gc,task       ] GC(437) Using 2 workers of 2 for evacuation
[2022-08-13T10:59:50.852+0000][gc,phases     ] GC(437)   Pre Evacuate Collection Set: 0.0ms
[2022-08-13T10:59:50.852+0000][gc,phases     ] GC(437)   Evacuate Collection Set: 5.1ms
[2022-08-13T10:59:50.852+0000][gc,phases     ] GC(437)   Post Evacuate Collection Set: 1.1ms
[2022-08-13T10:59:50.852+0000][gc,phases     ] GC(437)   Other: 0.2ms
[2022-08-13T10:59:50.852+0000][gc,heap       ] GC(437) Eden regions: 609->0(611)
[2022-08-13T10:59:50.852+0000][gc,heap       ] GC(437) Survivor regions: 5->3(77)
[2022-08-13T10:59:50.852+0000][gc,heap       ] GC(437) Old regions: 65->65
[2022-08-13T10:59:50.852+0000][gc,heap       ] GC(437) Humongous regions: 129->129
[2022-08-13T10:59:50.852+0000][gc,metaspace  ] GC(437) Metaspace: 45631K->45631K(1091584K)
[2022-08-13T10:59:50.852+0000][gc            ] GC(437) Pause Young (Normal) (G1 Evacuation Pause) 806M->195M(1024M) 6.516ms
[2022-08-13T10:59:50.852+0000][gc,cpu        ] GC(437) User=0.01s Sys=0.00s Real=0.00s
[2022-08-13T11:45:03.635+0000][gc,start      ] GC(438) Pause Young (Normal) (G1 Evacuation Pause)
[2022-08-13T11:45:03.635+0000][gc,task       ] GC(438) Using 2 workers of 2 for evacuation
[2022-08-13T11:45:03.643+0000][gc,phases     ] GC(438)   Pre Evacuate Collection Set: 0.0ms
[2022-08-13T11:45:03.643+0000][gc,phases     ] GC(438)   Evacuate Collection Set: 6.0ms
[2022-08-13T11:45:03.643+0000][gc,phases     ] GC(438)   Post Evacuate Collection Set: 1.2ms
[2022-08-13T11:45:03.643+0000][gc,phases     ] GC(438)   Other: 0.2ms
[2022-08-13T11:45:03.643+0000][gc,heap       ] GC(438) Eden regions: 611->0(611)
[2022-08-13T11:45:03.643+0000][gc,heap       ] GC(438) Survivor regions: 3->3(77)
[2022-08-13T11:45:03.643+0000][gc,heap       ] GC(438) Old regions: 65->65
[2022-08-13T11:45:03.643+0000][gc,heap       ] GC(438) Humongous regions: 129->129
[2022-08-13T11:45:03.643+0000][gc,metaspace  ] GC(438) Metaspace: 45631K->45631K(1091584K)
[2022-08-13T11:45:03.643+0000][gc            ] GC(438) Pause Young (Normal) (G1 Evacuation Pause) 806M->195M(1024M) 7.564ms
[2022-08-13T11:45:03.643+0000][gc,cpu        ] GC(438) User=0.01s Sys=0.01s Real=0.00s
[2022-08-13T12:30:07.220+0000][gc,start      ] GC(439) Pause Young (Normal) (G1 Evacuation Pause)
[2022-08-13T12:30:07.220+0000][gc,task       ] GC(439) Using 2 workers of 2 for evacuation
[2022-08-13T12:30:07.227+0000][gc,phases     ] GC(439)   Pre Evacuate Collection Set: 0.0ms
[2022-08-13T12:30:07.227+0000][gc,phases     ] GC(439)   Evacuate Collection Set: 6.7ms
[2022-08-13T12:30:07.227+0000][gc,phases     ] GC(439)   Post Evacuate Collection Set: 0.8ms
[2022-08-13T12:30:07.227+0000][gc,phases     ] GC(439)   Other: 0.2ms
[2022-08-13T12:30:07.227+0000][gc,heap       ] GC(439) Eden regions: 611->0(610)
[2022-08-13T12:30:07.227+0000][gc,heap       ] GC(439) Survivor regions: 3->4(77)
[2022-08-13T12:30:07.227+0000][gc,heap       ] GC(439) Old regions: 65->65
[2022-08-13T12:30:07.227+0000][gc,heap       ] GC(439) Humongous regions: 129->129
[2022-08-13T12:30:07.227+0000][gc,metaspace  ] GC(439) Metaspace: 45631K->45631K(1091584K)
[2022-08-13T12:30:07.227+0000][gc            ] GC(439) Pause Young (Normal) (G1 Evacuation Pause) 806M->195M(1024M) 7.862ms
[2022-08-13T12:30:07.228+0000][gc,cpu        ] GC(439) User=0.02s Sys=0.00s Real=0.01s
[2022-08-13T13:15:02.997+0000][gc,start      ] GC(440) Pause Young (Normal) (G1 Evacuation Pause)
[2022-08-13T13:15:02.997+0000][gc,task       ] GC(440) Using 2 workers of 2 for evacuation
[2022-08-13T13:15:03.007+0000][gc,phases     ] GC(440)   Pre Evacuate Collection Set: 0.0ms
[2022-08-13T13:15:03.007+0000][gc,phases     ] GC(440)   Evacuate Collection Set: 8.8ms
[2022-08-13T13:15:03.007+0000][gc,phases     ] GC(440)   Post Evacuate Collection Set: 0.8ms
[2022-08-13T13:15:03.007+0000][gc,phases     ] GC(440)   Other: 0.2ms
[2022-08-13T13:15:03.007+0000][gc,heap       ] GC(440) Eden regions: 610->0(610)
[2022-08-13T13:15:03.007+0000][gc,heap       ] GC(440) Survivor regions: 4->4(77)
[2022-08-13T13:15:03.007+0000][gc,heap       ] GC(440) Old regions: 65->65
[2022-08-13T13:15:03.007+0000][gc,heap       ] GC(440) Humongous regions: 129->129
[2022-08-13T13:15:03.007+0000][gc,metaspace  ] GC(440) Metaspace: 45631K->45631K(1091584K)
[2022-08-13T13:15:03.007+0000][gc            ] GC(440) Pause Young (Normal) (G1 Evacuation Pause) 805M->196M(1024M) 10.026ms
[2022-08-13T13:15:03.007+0000][gc,cpu        ] GC(440) User=0.01s Sys=0.00s Real=0.01s
[2022-08-13T13:59:56.281+0000][gc,start      ] GC(441) Pause Young (Normal) (G1 Evacuation Pause)
[2022-08-13T13:59:56.281+0000][gc,task       ] GC(441) Using 2 workers of 2 for evacuation
[2022-08-13T13:59:56.289+0000][gc,phases     ] GC(441)   Pre Evacuate Collection Set: 0.0ms
[2022-08-13T13:59:56.289+0000][gc,phases     ] GC(441)   Evacuate Collection Set: 7.2ms
[2022-08-13T13:59:56.289+0000][gc,phases     ] GC(441)   Post Evacuate Collection Set: 1.1ms
[2022-08-13T13:59:56.290+0000][gc,phases     ] GC(441)   Other: 0.2ms
[2022-08-13T13:59:56.290+0000][gc,heap       ] GC(441) Eden regions: 610->0(610)
[2022-08-13T13:59:56.290+0000][gc,heap       ] GC(441) Survivor regions: 4->4(77)
[2022-08-13T13:59:56.290+0000][gc,heap       ] GC(441) Old regions: 65->65
[2022-08-13T13:59:56.290+0000][gc,heap       ] GC(441) Humongous regions: 129->129
[2022-08-13T13:59:56.290+0000][gc,metaspace  ] GC(441) Metaspace: 45631K->45631K(1091584K)
[2022-08-13T13:59:56.290+0000][gc            ] GC(441) Pause Young (Normal) (G1 Evacuation Pause) 806M->196M(1024M) 8.701ms
[2022-08-13T13:59:56.290+0000][gc,cpu        ] GC(441) User=0.02s Sys=0.00s Real=0.01s
[2022-08-13T14:45:03.936+0000][gc,start      ] GC(442) Pause Young (Normal) (G1 Evacuation Pause)
[2022-08-13T14:45:03.936+0000][gc,task       ] GC(442) Using 2 workers of 2 for evacuation
[2022-08-13T14:45:03.945+0000][gc,phases     ] GC(442)   Pre Evacuate Collection Set: 0.0ms
[2022-08-13T14:45:03.945+0000][gc,phases     ] GC(442)   Evacuate Collection Set: 7.7ms
[2022-08-13T14:45:03.945+0000][gc,phases     ] GC(442)   Post Evacuate Collection Set: 0.8ms
[2022-08-13T14:45:03.945+0000][gc,phases     ] GC(442)   Other: 0.3ms
[2022-08-13T14:45:03.945+0000][gc,heap       ] GC(442) Eden regions: 610->0(609)
[2022-08-13T14:45:03.945+0000][gc,heap       ] GC(442) Survivor regions: 4->5(77)
[2022-08-13T14:45:03.945+0000][gc,heap       ] GC(442) Old regions: 65->65
[2022-08-13T14:45:03.945+0000][gc,heap       ] GC(442) Humongous regions: 129->129
[2022-08-13T14:45:03.945+0000][gc,metaspace  ] GC(442) Metaspace: 45631K->45631K(1091584K)
[2022-08-13T14:45:03.945+0000][gc            ] GC(442) Pause Young (Normal) (G1 Evacuation Pause) 806M->196M(1024M) 8.935ms
[2022-08-13T14:45:03.945+0000][gc,cpu        ] GC(442) User=0.01s Sys=0.00s Real=0.01s
[2022-08-13T15:29:57.354+0000][gc,start      ] GC(443) Pause Young (Normal) (G1 Evacuation Pause)
[2022-08-13T15:29:57.354+0000][gc,task       ] GC(443) Using 2 workers of 2 for evacuation
[2022-08-13T15:29:57.363+0000][gc,phases     ] GC(443)   Pre Evacuate Collection Set: 0.0ms
[2022-08-13T15:29:57.363+0000][gc,phases     ] GC(443)   Evacuate Collection Set: 8.4ms
[2022-08-13T15:29:57.363+0000][gc,phases     ] GC(443)   Post Evacuate Collection Set: 0.8ms
[2022-08-13T15:29:57.363+0000][gc,phases     ] GC(443)   Other: 0.3ms
[2022-08-13T15:29:57.363+0000][gc,heap       ] GC(443) Eden regions: 609->0(609)
[2022-08-13T15:29:57.363+0000][gc,heap       ] GC(443) Survivor regions: 5->5(77)
[2022-08-13T15:29:57.363+0000][gc,heap       ] GC(443) Old regions: 65->65
[2022-08-13T15:29:57.363+0000][gc,heap       ] GC(443) Humongous regions: 129->129
[2022-08-13T15:29:57.363+0000][gc,metaspace  ] GC(443) Metaspace: 45631K->45631K(1091584K)
[2022-08-13T15:29:57.363+0000][gc            ] GC(443) Pause Young (Normal) (G1 Evacuation Pause) 805M->197M(1024M) 9.579ms
[2022-08-13T15:29:57.363+0000][gc,cpu        ] GC(443) User=0.01s Sys=0.00s Real=0.00s
[2022-08-13T16:14:49.543+0000][gc,start      ] GC(444) Pause Young (Normal) (G1 Evacuation Pause)
[2022-08-13T16:14:49.543+0000][gc,task       ] GC(444) Using 2 workers of 2 for evacuation
[2022-08-13T16:14:49.553+0000][gc,phases     ] GC(444)   Pre Evacuate Collection Set: 0.0ms
[2022-08-13T16:14:49.553+0000][gc,phases     ] GC(444)   Evacuate Collection Set: 8.5ms
[2022-08-13T16:14:49.553+0000][gc,phases     ] GC(444)   Post Evacuate Collection Set: 0.8ms
[2022-08-13T16:14:49.553+0000][gc,phases     ] GC(444)   Other: 0.2ms
[2022-08-13T16:14:49.553+0000][gc,heap       ] GC(444) Eden regions: 609->0(609)
[2022-08-13T16:14:49.553+0000][gc,heap       ] GC(444) Survivor regions: 5->5(77)
[2022-08-13T16:14:49.553+0000][gc,heap       ] GC(444) Old regions: 65->65
[2022-08-13T16:14:49.553+0000][gc,heap       ] GC(444) Humongous regions: 129->129
[2022-08-13T16:14:49.553+0000][gc,metaspace  ] GC(444) Metaspace: 45631K->45631K(1091584K)
[2022-08-13T16:14:49.553+0000][gc            ] GC(444) Pause Young (Normal) (G1 Evacuation Pause) 806M->197M(1024M) 9.690ms
[2022-08-13T16:14:49.553+0000][gc,cpu        ] GC(444) User=0.02s Sys=0.00s Real=0.02s
[2022-08-13T16:59:39.422+0000][gc,start      ] GC(445) Pause Young (Normal) (G1 Evacuation Pause)
[2022-08-13T16:59:39.422+0000][gc,task       ] GC(445) Using 2 workers of 2 for evacuation
[2022-08-13T16:59:39.428+0000][gc,phases     ] GC(445)   Pre Evacuate Collection Set: 0.0ms
[2022-08-13T16:59:39.428+0000][gc,phases     ] GC(445)   Evacuate Collection Set: 5.0ms
[2022-08-13T16:59:39.428+0000][gc,phases     ] GC(445)   Post Evacuate Collection Set: 0.7ms
[2022-08-13T16:59:39.428+0000][gc,phases     ] GC(445)   Other: 0.2ms
[2022-08-13T16:59:39.428+0000][gc,heap       ] GC(445) Eden regions: 609->0(611)
[2022-08-13T16:59:39.428+0000][gc,heap       ] GC(445) Survivor regions: 5->3(77)
[2022-08-13T16:59:39.428+0000][gc,heap       ] GC(445) Old regions: 65->65
[2022-08-13T16:59:39.428+0000][gc,heap       ] GC(445) Humongous regions: 129->129
[2022-08-13T16:59:39.428+0000][gc,metaspace  ] GC(445) Metaspace: 45631K->45631K(1091584K)
[2022-08-13T16:59:39.428+0000][gc            ] GC(445) Pause Young (Normal) (G1 Evacuation Pause) 806M->195M(1024M) 6.089ms
[2022-08-13T16:59:39.428+0000][gc,cpu        ] GC(445) User=0.01s Sys=0.00s Real=0.01s
[2022-08-13T17:44:53.215+0000][gc,start      ] GC(446) Pause Young (Normal) (G1 Evacuation Pause)
[2022-08-13T17:44:53.215+0000][gc,task       ] GC(446) Using 2 workers of 2 for evacuation
[2022-08-13T17:44:53.222+0000][gc,phases     ] GC(446)   Pre Evacuate Collection Set: 0.0ms
[2022-08-13T17:44:53.222+0000][gc,phases     ] GC(446)   Evacuate Collection Set: 5.9ms
[2022-08-13T17:44:53.222+0000][gc,phases     ] GC(446)   Post Evacuate Collection Set: 0.8ms
[2022-08-13T17:44:53.222+0000][gc,phases     ] GC(446)   Other: 0.2ms
[2022-08-13T17:44:53.222+0000][gc,heap       ] GC(446) Eden regions: 611->0(611)
[2022-08-13T17:44:53.222+0000][gc,heap       ] GC(446) Survivor regions: 3->3(77)
[2022-08-13T17:44:53.222+0000][gc,heap       ] GC(446) Old regions: 65->65
[2022-08-13T17:44:53.222+0000][gc,heap       ] GC(446) Humongous regions: 129->129
[2022-08-13T17:44:53.222+0000][gc,metaspace  ] GC(446) Metaspace: 45631K->45631K(1091584K)
[2022-08-13T17:44:53.222+0000][gc            ] GC(446) Pause Young (Normal) (G1 Evacuation Pause) 806M->195M(1024M) 7.022ms
[2022-08-13T17:44:53.222+0000][gc,cpu        ] GC(446) User=0.02s Sys=0.00s Real=0.00s
[2022-08-13T18:29:52.384+0000][gc,start      ] GC(447) Pause Young (Normal) (G1 Evacuation Pause)
[2022-08-13T18:29:52.384+0000][gc,task       ] GC(447) Using 2 workers of 2 for evacuation
[2022-08-13T18:29:52.392+0000][gc,phases     ] GC(447)   Pre Evacuate Collection Set: 0.0ms
[2022-08-13T18:29:52.392+0000][gc,phases     ] GC(447)   Evacuate Collection Set: 6.4ms
[2022-08-13T18:29:52.392+0000][gc,phases     ] GC(447)   Post Evacuate Collection Set: 0.8ms
[2022-08-13T18:29:52.392+0000][gc,phases     ] GC(447)   Other: 0.3ms
[2022-08-13T18:29:52.392+0000][gc,heap       ] GC(447) Eden regions: 611->0(610)
[2022-08-13T18:29:52.392+0000][gc,heap       ] GC(447) Survivor regions: 3->4(77)
[2022-08-13T18:29:52.392+0000][gc,heap       ] GC(447) Old regions: 65->65
[2022-08-13T18:29:52.392+0000][gc,heap       ] GC(447) Humongous regions: 129->129
[2022-08-13T18:29:52.392+0000][gc,metaspace  ] GC(447) Metaspace: 45631K->45631K(1091584K)
[2022-08-13T18:29:52.392+0000][gc            ] GC(447) Pause Young (Normal) (G1 Evacuation Pause) 806M->195M(1024M) 7.658ms
[2022-08-13T18:29:52.392+0000][gc,cpu        ] GC(447) User=0.02s Sys=0.00s Real=0.01s
[2022-08-13T19:14:50.754+0000][gc,start      ] GC(448) Pause Young (Normal) (G1 Evacuation Pause)
[2022-08-13T19:14:50.754+0000][gc,task       ] GC(448) Using 2 workers of 2 for evacuation
[2022-08-13T19:14:50.762+0000][gc,phases     ] GC(448)   Pre Evacuate Collection Set: 0.0ms
[2022-08-13T19:14:50.762+0000][gc,phases     ] GC(448)   Evacuate Collection Set: 6.7ms
[2022-08-13T19:14:50.762+0000][gc,phases     ] GC(448)   Post Evacuate Collection Set: 0.8ms
[2022-08-13T19:14:50.762+0000][gc,phases     ] GC(448)   Other: 0.2ms
[2022-08-13T19:14:50.762+0000][gc,heap       ] GC(448) Eden regions: 610->0(610)
[2022-08-13T19:14:50.762+0000][gc,heap       ] GC(448) Survivor regions: 4->4(77)
[2022-08-13T19:14:50.762+0000][gc,heap       ] GC(448) Old regions: 65->65
[2022-08-13T19:14:50.762+0000][gc,heap       ] GC(448) Humongous regions: 129->129
[2022-08-13T19:14:50.762+0000][gc,metaspace  ] GC(448) Metaspace: 45631K->45631K(1091584K)
[2022-08-13T19:14:50.762+0000][gc            ] GC(448) Pause Young (Normal) (G1 Evacuation Pause) 805M->196M(1024M) 7.822ms
[2022-08-13T19:14:50.762+0000][gc,cpu        ] GC(448) User=0.02s Sys=0.00s Real=0.00s
[2022-08-13T19:59:46.481+0000][gc,start      ] GC(449) Pause Young (Normal) (G1 Evacuation Pause)
[2022-08-13T19:59:46.481+0000][gc,task       ] GC(449) Using 2 workers of 2 for evacuation
[2022-08-13T19:59:46.490+0000][gc,phases     ] GC(449)   Pre Evacuate Collection Set: 0.0ms
[2022-08-13T19:59:46.490+0000][gc,phases     ] GC(449)   Evacuate Collection Set: 7.1ms
[2022-08-13T19:59:46.490+0000][gc,phases     ] GC(449)   Post Evacuate Collection Set: 0.8ms
[2022-08-13T19:59:46.490+0000][gc,phases     ] GC(449)   Other: 0.2ms
[2022-08-13T19:59:46.490+0000][gc,heap       ] GC(449) Eden regions: 610->0(609)
[2022-08-13T19:59:46.490+0000][gc,heap       ] GC(449) Survivor regions: 4->5(77)
[2022-08-13T19:59:46.490+0000][gc,heap       ] GC(449) Old regions: 65->65
[2022-08-13T19:59:46.490+0000][gc,heap       ] GC(449) Humongous regions: 129->129
[2022-08-13T19:59:46.490+0000][gc,metaspace  ] GC(449) Metaspace: 45631K->45631K(1091584K)
[2022-08-13T19:59:46.490+0000][gc            ] GC(449) Pause Young (Normal) (G1 Evacuation Pause) 806M->196M(1024M) 8.286ms
[2022-08-13T19:59:46.490+0000][gc,cpu        ] GC(449) User=0.01s Sys=0.00s Real=0.01s
[2022-08-13T20:44:54.887+0000][gc,start      ] GC(450) Pause Young (Normal) (G1 Evacuation Pause)
[2022-08-13T20:44:54.887+0000][gc,task       ] GC(450) Using 2 workers of 2 for evacuation
[2022-08-13T20:44:54.896+0000][gc,phases     ] GC(450)   Pre Evacuate Collection Set: 0.0ms
[2022-08-13T20:44:54.896+0000][gc,phases     ] GC(450)   Evacuate Collection Set: 8.0ms
[2022-08-13T20:44:54.896+0000][gc,phases     ] GC(450)   Post Evacuate Collection Set: 0.8ms
[2022-08-13T20:44:54.896+0000][gc,phases     ] GC(450)   Other: 0.3ms
[2022-08-13T20:44:54.896+0000][gc,heap       ] GC(450) Eden regions: 609->0(609)
[2022-08-13T20:44:54.896+0000][gc,heap       ] GC(450) Survivor regions: 5->5(77)
[2022-08-13T20:44:54.896+0000][gc,heap       ] GC(450) Old regions: 65->65
[2022-08-13T20:44:54.896+0000][gc,heap       ] GC(450) Humongous regions: 129->129
[2022-08-13T20:44:54.896+0000][gc,metaspace  ] GC(450) Metaspace: 45631K->45631K(1091584K)
[2022-08-13T20:44:54.896+0000][gc            ] GC(450) Pause Young (Normal) (G1 Evacuation Pause) 805M->196M(1024M) 9.172ms
[2022-08-13T20:44:54.896+0000][gc,cpu        ] GC(450) User=0.02s Sys=0.00s Real=0.01s
[2022-08-13T21:29:44.409+0000][gc,start      ] GC(451) Pause Young (Normal) (G1 Evacuation Pause)
[2022-08-13T21:29:44.409+0000][gc,task       ] GC(451) Using 2 workers of 2 for evacuation
[2022-08-13T21:29:44.418+0000][gc,phases     ] GC(451)   Pre Evacuate Collection Set: 0.0ms
[2022-08-13T21:29:44.418+0000][gc,phases     ] GC(451)   Evacuate Collection Set: 8.1ms
[2022-08-13T21:29:44.418+0000][gc,phases     ] GC(451)   Post Evacuate Collection Set: 0.8ms
[2022-08-13T21:29:44.418+0000][gc,phases     ] GC(451)   Other: 0.2ms
[2022-08-13T21:29:44.418+0000][gc,heap       ] GC(451) Eden regions: 609->0(609)
[2022-08-13T21:29:44.418+0000][gc,heap       ] GC(451) Survivor regions: 5->5(77)
[2022-08-13T21:29:44.418+0000][gc,heap       ] GC(451) Old regions: 65->65
[2022-08-13T21:29:44.418+0000][gc,heap       ] GC(451) Humongous regions: 129->129
[2022-08-13T21:29:44.418+0000][gc,metaspace  ] GC(451) Metaspace: 45631K->45631K(1091584K)
[2022-08-13T21:29:44.418+0000][gc            ] GC(451) Pause Young (Normal) (G1 Evacuation Pause) 805M->197M(1024M) 9.258ms
[2022-08-13T21:29:44.418+0000][gc,cpu        ] GC(451) User=0.02s Sys=0.00s Real=0.01s
[2022-08-13T22:14:29.860+0000][gc,start      ] GC(452) Pause Young (Normal) (G1 Evacuation Pause)
[2022-08-13T22:14:29.860+0000][gc,task       ] GC(452) Using 2 workers of 2 for evacuation
[2022-08-13T22:14:29.869+0000][gc,phases     ] GC(452)   Pre Evacuate Collection Set: 0.0ms
[2022-08-13T22:14:29.869+0000][gc,phases     ] GC(452)   Evacuate Collection Set: 7.9ms
[2022-08-13T22:14:29.869+0000][gc,phases     ] GC(452)   Post Evacuate Collection Set: 0.8ms
[2022-08-13T22:14:29.869+0000][gc,phases     ] GC(452)   Other: 0.2ms
[2022-08-13T22:14:29.869+0000][gc,heap       ] GC(452) Eden regions: 609->0(609)
[2022-08-13T22:14:29.869+0000][gc,heap       ] GC(452) Survivor regions: 5->5(77)
[2022-08-13T22:14:29.869+0000][gc,heap       ] GC(452) Old regions: 65->65
[2022-08-13T22:14:29.869+0000][gc,heap       ] GC(452) Humongous regions: 129->129
[2022-08-13T22:14:29.869+0000][gc,metaspace  ] GC(452) Metaspace: 45631K->45631K(1091584K)
[2022-08-13T22:14:29.869+0000][gc            ] GC(452) Pause Young (Normal) (G1 Evacuation Pause) 806M->197M(1024M) 9.083ms
[2022-08-13T22:14:29.869+0000][gc,cpu        ] GC(452) User=0.01s Sys=0.00s Real=0.01s
[2022-08-13T22:59:18.690+0000][gc,start      ] GC(453) Pause Young (Normal) (G1 Evacuation Pause)
[2022-08-13T22:59:18.690+0000][gc,task       ] GC(453) Using 2 workers of 2 for evacuation
[2022-08-13T22:59:18.699+0000][gc,phases     ] GC(453)   Pre Evacuate Collection Set: 0.0ms
[2022-08-13T22:59:18.700+0000][gc,phases     ] GC(453)   Evacuate Collection Set: 8.3ms
[2022-08-13T22:59:18.700+0000][gc,phases     ] GC(453)   Post Evacuate Collection Set: 0.8ms
[2022-08-13T22:59:18.700+0000][gc,phases     ] GC(453)   Other: 0.2ms
[2022-08-13T22:59:18.700+0000][gc,heap       ] GC(453) Eden regions: 609->0(609)
[2022-08-13T22:59:18.700+0000][gc,heap       ] GC(453) Survivor regions: 5->5(77)
[2022-08-13T22:59:18.700+0000][gc,heap       ] GC(453) Old regions: 65->65
[2022-08-13T22:59:18.700+0000][gc,heap       ] GC(453) Humongous regions: 129->129
[2022-08-13T22:59:18.700+0000][gc,metaspace  ] GC(453) Metaspace: 45631K->45631K(1091584K)
[2022-08-13T22:59:18.700+0000][gc            ] GC(453) Pause Young (Normal) (G1 Evacuation Pause) 806M->197M(1024M) 9.523ms
[2022-08-13T22:59:18.700+0000][gc,cpu        ] GC(453) User=0.02s Sys=0.00s Real=0.01s
[2022-08-13T23:44:22.996+0000][gc,start      ] GC(454) Pause Young (Normal) (G1 Evacuation Pause)
[2022-08-13T23:44:22.996+0000][gc,task       ] GC(454) Using 2 workers of 2 for evacuation
[2022-08-13T23:44:23.002+0000][gc,phases     ] GC(454)   Pre Evacuate Collection Set: 0.0ms
[2022-08-13T23:44:23.002+0000][gc,phases     ] GC(454)   Evacuate Collection Set: 5.3ms
[2022-08-13T23:44:23.002+0000][gc,phases     ] GC(454)   Post Evacuate Collection Set: 0.8ms
[2022-08-13T23:44:23.002+0000][gc,phases     ] GC(454)   Other: 0.3ms
[2022-08-13T23:44:23.002+0000][gc,heap       ] GC(454) Eden regions: 609->0(611)
[2022-08-13T23:44:23.002+0000][gc,heap       ] GC(454) Survivor regions: 5->3(77)
[2022-08-13T23:44:23.002+0000][gc,heap       ] GC(454) Old regions: 65->65
[2022-08-13T23:44:23.002+0000][gc,heap       ] GC(454) Humongous regions: 129->129
[2022-08-13T23:44:23.002+0000][gc,metaspace  ] GC(454) Metaspace: 45631K->45631K(1091584K)
[2022-08-13T23:44:23.002+0000][gc            ] GC(454) Pause Young (Normal) (G1 Evacuation Pause) 806M->194M(1024M) 6.518ms
[2022-08-13T23:44:23.002+0000][gc,cpu        ] GC(454) User=0.01s Sys=0.01s Real=0.00s
[2022-08-14T00:29:21.960+0000][gc,start      ] GC(455) Pause Young (Normal) (G1 Evacuation Pause)
[2022-08-14T00:29:21.960+0000][gc,task       ] GC(455) Using 2 workers of 2 for evacuation
[2022-08-14T00:29:21.967+0000][gc,phases     ] GC(455)   Pre Evacuate Collection Set: 0.0ms
[2022-08-14T00:29:21.967+0000][gc,phases     ] GC(455)   Evacuate Collection Set: 5.7ms
[2022-08-14T00:29:21.967+0000][gc,phases     ] GC(455)   Post Evacuate Collection Set: 0.8ms
[2022-08-14T00:29:21.967+0000][gc,phases     ] GC(455)   Other: 0.2ms
[2022-08-14T00:29:21.967+0000][gc,heap       ] GC(455) Eden regions: 611->0(611)
[2022-08-14T00:29:21.967+0000][gc,heap       ] GC(455) Survivor regions: 3->3(77)
[2022-08-14T00:29:21.967+0000][gc,heap       ] GC(455) Old regions: 65->65
[2022-08-14T00:29:21.967+0000][gc,heap       ] GC(455) Humongous regions: 178->129
[2022-08-14T00:29:21.967+0000][gc,metaspace  ] GC(455) Metaspace: 45631K->45631K(1091584K)
[2022-08-14T00:29:21.967+0000][gc            ] GC(455) Pause Young (Normal) (G1 Evacuation Pause) 854M->195M(1024M) 6.854ms
[2022-08-14T00:29:21.967+0000][gc,cpu        ] GC(455) User=0.01s Sys=0.00s Real=0.01s
[2022-08-14T01:14:19.717+0000][gc,start      ] GC(456) Pause Young (Normal) (G1 Evacuation Pause)
[2022-08-14T01:14:19.717+0000][gc,task       ] GC(456) Using 2 workers of 2 for evacuation
[2022-08-14T01:14:19.724+0000][gc,phases     ] GC(456)   Pre Evacuate Collection Set: 0.0ms
[2022-08-14T01:14:19.724+0000][gc,phases     ] GC(456)   Evacuate Collection Set: 6.1ms
[2022-08-14T01:14:19.724+0000][gc,phases     ] GC(456)   Post Evacuate Collection Set: 0.8ms
[2022-08-14T01:14:19.724+0000][gc,phases     ] GC(456)   Other: 0.2ms
[2022-08-14T01:14:19.724+0000][gc,heap       ] GC(456) Eden regions: 611->0(611)
[2022-08-14T01:14:19.724+0000][gc,heap       ] GC(456) Survivor regions: 3->3(77)
[2022-08-14T01:14:19.724+0000][gc,heap       ] GC(456) Old regions: 65->65
[2022-08-14T01:14:19.724+0000][gc,heap       ] GC(456) Humongous regions: 129->129
[2022-08-14T01:14:19.724+0000][gc,metaspace  ] GC(456) Metaspace: 45631K->45631K(1091584K)
[2022-08-14T01:14:19.724+0000][gc            ] GC(456) Pause Young (Normal) (G1 Evacuation Pause) 806M->195M(1024M) 7.310ms
[2022-08-14T01:14:19.724+0000][gc,cpu        ] GC(456) User=0.01s Sys=0.00s Real=0.00s
[2022-08-14T01:59:19.967+0000][gc,start      ] GC(457) Pause Young (Normal) (G1 Evacuation Pause)
[2022-08-14T01:59:19.967+0000][gc,task       ] GC(457) Using 2 workers of 2 for evacuation
[2022-08-14T01:59:19.974+0000][gc,phases     ] GC(457)   Pre Evacuate Collection Set: 0.0ms
[2022-08-14T01:59:19.974+0000][gc,phases     ] GC(457)   Evacuate Collection Set: 6.7ms
[2022-08-14T01:59:19.974+0000][gc,phases     ] GC(457)   Post Evacuate Collection Set: 0.8ms
[2022-08-14T01:59:19.974+0000][gc,phases     ] GC(457)   Other: 0.2ms
[2022-08-14T01:59:19.974+0000][gc,heap       ] GC(457) Eden regions: 611->0(610)
[2022-08-14T01:59:19.974+0000][gc,heap       ] GC(457) Survivor regions: 3->4(77)
[2022-08-14T01:59:19.974+0000][gc,heap       ] GC(457) Old regions: 65->65
[2022-08-14T01:59:19.974+0000][gc,heap       ] GC(457) Humongous regions: 129->129
[2022-08-14T01:59:19.974+0000][gc,metaspace  ] GC(457) Metaspace: 45631K->45631K(1091584K)
[2022-08-14T01:59:19.975+0000][gc            ] GC(457) Pause Young (Normal) (G1 Evacuation Pause) 806M->195M(1024M) 7.824ms
[2022-08-14T01:59:19.975+0000][gc,cpu        ] GC(457) User=0.02s Sys=0.00s Real=0.01s
[2022-08-14T02:44:28.172+0000][gc,start      ] GC(458) Pause Young (Normal) (G1 Evacuation Pause)
[2022-08-14T02:44:28.172+0000][gc,task       ] GC(458) Using 2 workers of 2 for evacuation
[2022-08-14T02:44:28.182+0000][gc,phases     ] GC(458)   Pre Evacuate Collection Set: 0.0ms
[2022-08-14T02:44:28.182+0000][gc,phases     ] GC(458)   Evacuate Collection Set: 9.2ms
[2022-08-14T02:44:28.182+0000][gc,phases     ] GC(458)   Post Evacuate Collection Set: 0.8ms
[2022-08-14T02:44:28.183+0000][gc,phases     ] GC(458)   Other: 0.2ms
[2022-08-14T02:44:28.183+0000][gc,heap       ] GC(458) Eden regions: 610->0(610)
[2022-08-14T02:44:28.183+0000][gc,heap       ] GC(458) Survivor regions: 4->4(77)
[2022-08-14T02:44:28.183+0000][gc,heap       ] GC(458) Old regions: 65->65
[2022-08-14T02:44:28.183+0000][gc,heap       ] GC(458) Humongous regions: 129->129
[2022-08-14T02:44:28.183+0000][gc,metaspace  ] GC(458) Metaspace: 45635K->45635K(1091584K)
[2022-08-14T02:44:28.183+0000][gc            ] GC(458) Pause Young (Normal) (G1 Evacuation Pause) 805M->196M(1024M) 10.412ms
[2022-08-14T02:44:28.183+0000][gc,cpu        ] GC(458) User=0.00s Sys=0.02s Real=0.01s
[2022-08-14T03:29:24.348+0000][gc,start      ] GC(459) Pause Young (Normal) (G1 Evacuation Pause)
[2022-08-14T03:29:24.348+0000][gc,task       ] GC(459) Using 2 workers of 2 for evacuation
[2022-08-14T03:29:24.357+0000][gc,phases     ] GC(459)   Pre Evacuate Collection Set: 0.0ms
[2022-08-14T03:29:24.357+0000][gc,phases     ] GC(459)   Evacuate Collection Set: 7.9ms
[2022-08-14T03:29:24.357+0000][gc,phases     ] GC(459)   Post Evacuate Collection Set: 0.8ms
[2022-08-14T03:29:24.357+0000][gc,phases     ] GC(459)   Other: 0.3ms
[2022-08-14T03:29:24.357+0000][gc,heap       ] GC(459) Eden regions: 610->0(609)
[2022-08-14T03:29:24.357+0000][gc,heap       ] GC(459) Survivor regions: 4->5(77)
[2022-08-14T03:29:24.357+0000][gc,heap       ] GC(459) Old regions: 65->65
[2022-08-14T03:29:24.357+0000][gc,heap       ] GC(459) Humongous regions: 129->129
[2022-08-14T03:29:24.357+0000][gc,metaspace  ] GC(459) Metaspace: 45635K->45635K(1091584K)
[2022-08-14T03:29:24.357+0000][gc            ] GC(459) Pause Young (Normal) (G1 Evacuation Pause) 806M->196M(1024M) 9.076ms
[2022-08-14T03:29:24.357+0000][gc,cpu        ] GC(459) User=0.02s Sys=0.00s Real=0.01s
[2022-08-14T04:14:19.455+0000][gc,start      ] GC(460) Pause Young (Normal) (G1 Evacuation Pause)
[2022-08-14T04:14:19.455+0000][gc,task       ] GC(460) Using 2 workers of 2 for evacuation
[2022-08-14T04:14:19.464+0000][gc,phases     ] GC(460)   Pre Evacuate Collection Set: 0.0ms
[2022-08-14T04:14:19.464+0000][gc,phases     ] GC(460)   Evacuate Collection Set: 8.0ms
[2022-08-14T04:14:19.464+0000][gc,phases     ] GC(460)   Post Evacuate Collection Set: 0.8ms
[2022-08-14T04:14:19.464+0000][gc,phases     ] GC(460)   Other: 0.2ms
[2022-08-14T04:14:19.464+0000][gc,heap       ] GC(460) Eden regions: 609->0(609)
[2022-08-14T04:14:19.464+0000][gc,heap       ] GC(460) Survivor regions: 5->5(77)
[2022-08-14T04:14:19.464+0000][gc,heap       ] GC(460) Old regions: 65->65
[2022-08-14T04:14:19.464+0000][gc,heap       ] GC(460) Humongous regions: 129->129
[2022-08-14T04:14:19.464+0000][gc,metaspace  ] GC(460) Metaspace: 45635K->45635K(1091584K)
[2022-08-14T04:14:19.464+0000][gc            ] GC(460) Pause Young (Normal) (G1 Evacuation Pause) 805M->197M(1024M) 9.211ms
[2022-08-14T04:14:19.464+0000][gc,cpu        ] GC(460) User=0.01s Sys=0.00s Real=0.00s
[2022-08-14T04:59:09.626+0000][gc,start      ] GC(461) Pause Young (Normal) (G1 Evacuation Pause)
[2022-08-14T04:59:09.626+0000][gc,task       ] GC(461) Using 2 workers of 2 for evacuation
[2022-08-14T04:59:09.635+0000][gc,phases     ] GC(461)   Pre Evacuate Collection Set: 0.0ms
[2022-08-14T04:59:09.635+0000][gc,phases     ] GC(461)   Evacuate Collection Set: 8.0ms
[2022-08-14T04:59:09.635+0000][gc,phases     ] GC(461)   Post Evacuate Collection Set: 0.8ms
[2022-08-14T04:59:09.635+0000][gc,phases     ] GC(461)   Other: 0.2ms
[2022-08-14T04:59:09.635+0000][gc,heap       ] GC(461) Eden regions: 609->0(609)
[2022-08-14T04:59:09.635+0000][gc,heap       ] GC(461) Survivor regions: 5->5(77)
[2022-08-14T04:59:09.635+0000][gc,heap       ] GC(461) Old regions: 65->65
[2022-08-14T04:59:09.635+0000][gc,heap       ] GC(461) Humongous regions: 129->129
[2022-08-14T04:59:09.635+0000][gc,metaspace  ] GC(461) Metaspace: 45635K->45635K(1091584K)
[2022-08-14T04:59:09.635+0000][gc            ] GC(461) Pause Young (Normal) (G1 Evacuation Pause) 806M->197M(1024M) 9.127ms
[2022-08-14T04:59:09.635+0000][gc,cpu        ] GC(461) User=0.01s Sys=0.00s Real=0.01s
[2022-08-14T05:44:13.981+0000][gc,start      ] GC(462) Pause Young (Normal) (G1 Evacuation Pause)
[2022-08-14T05:44:13.981+0000][gc,task       ] GC(462) Using 2 workers of 2 for evacuation
[2022-08-14T05:44:13.991+0000][gc,phases     ] GC(462)   Pre Evacuate Collection Set: 0.0ms
[2022-08-14T05:44:13.991+0000][gc,phases     ] GC(462)   Evacuate Collection Set: 8.7ms
[2022-08-14T05:44:13.991+0000][gc,phases     ] GC(462)   Post Evacuate Collection Set: 0.8ms
[2022-08-14T05:44:13.991+0000][gc,phases     ] GC(462)   Other: 0.2ms
[2022-08-14T05:44:13.991+0000][gc,heap       ] GC(462) Eden regions: 609->0(608)
[2022-08-14T05:44:13.991+0000][gc,heap       ] GC(462) Survivor regions: 5->6(77)
[2022-08-14T05:44:13.991+0000][gc,heap       ] GC(462) Old regions: 65->65
[2022-08-14T05:44:13.991+0000][gc,heap       ] GC(462) Humongous regions: 143->129
[2022-08-14T05:44:13.991+0000][gc,metaspace  ] GC(462) Metaspace: 45638K->45638K(1091584K)
[2022-08-14T05:44:13.991+0000][gc            ] GC(462) Pause Young (Normal) (G1 Evacuation Pause) 820M->197M(1024M) 9.848ms
[2022-08-14T05:44:13.991+0000][gc,cpu        ] GC(462) User=0.02s Sys=0.00s Real=0.01s
[2022-08-14T06:29:03.384+0000][gc,start      ] GC(463) Pause Young (Normal) (G1 Evacuation Pause)
[2022-08-14T06:29:03.384+0000][gc,task       ] GC(463) Using 2 workers of 2 for evacuation
[2022-08-14T06:29:03.391+0000][gc,phases     ] GC(463)   Pre Evacuate Collection Set: 0.0ms
[2022-08-14T06:29:03.391+0000][gc,phases     ] GC(463)   Evacuate Collection Set: 5.3ms
[2022-08-14T06:29:03.391+0000][gc,phases     ] GC(463)   Post Evacuate Collection Set: 0.7ms
[2022-08-14T06:29:03.391+0000][gc,phases     ] GC(463)   Other: 0.3ms
[2022-08-14T06:29:03.391+0000][gc,heap       ] GC(463) Eden regions: 608->0(611)
[2022-08-14T06:29:03.391+0000][gc,heap       ] GC(463) Survivor regions: 6->3(77)
[2022-08-14T06:29:03.391+0000][gc,heap       ] GC(463) Old regions: 65->65
[2022-08-14T06:29:03.391+0000][gc,heap       ] GC(463) Humongous regions: 129->129
[2022-08-14T06:29:03.391+0000][gc,metaspace  ] GC(463) Metaspace: 45638K->45638K(1091584K)
[2022-08-14T06:29:03.391+0000][gc            ] GC(463) Pause Young (Normal) (G1 Evacuation Pause) 805M->195M(1024M) 6.460ms
[2022-08-14T06:29:03.391+0000][gc,cpu        ] GC(463) User=0.01s Sys=0.00s Real=0.01s
[2022-08-14T07:14:00.997+0000][gc,start      ] GC(464) Pause Young (Normal) (G1 Evacuation Pause)
[2022-08-14T07:14:00.997+0000][gc,task       ] GC(464) Using 2 workers of 2 for evacuation
[2022-08-14T07:14:01.004+0000][gc,phases     ] GC(464)   Pre Evacuate Collection Set: 0.0ms
[2022-08-14T07:14:01.004+0000][gc,phases     ] GC(464)   Evacuate Collection Set: 5.7ms
[2022-08-14T07:14:01.004+0000][gc,phases     ] GC(464)   Post Evacuate Collection Set: 0.8ms
[2022-08-14T07:14:01.004+0000][gc,phases     ] GC(464)   Other: 0.2ms
[2022-08-14T07:14:01.004+0000][gc,heap       ] GC(464) Eden regions: 611->0(611)
[2022-08-14T07:14:01.004+0000][gc,heap       ] GC(464) Survivor regions: 3->3(77)
[2022-08-14T07:14:01.004+0000][gc,heap       ] GC(464) Old regions: 65->65
[2022-08-14T07:14:01.004+0000][gc,heap       ] GC(464) Humongous regions: 129->129
[2022-08-14T07:14:01.004+0000][gc,metaspace  ] GC(464) Metaspace: 45638K->45638K(1091584K)
[2022-08-14T07:14:01.004+0000][gc            ] GC(464) Pause Young (Normal) (G1 Evacuation Pause) 806M->195M(1024M) 6.824ms
[2022-08-14T07:14:01.004+0000][gc,cpu        ] GC(464) User=0.02s Sys=0.00s Real=0.00s
[2022-08-14T07:59:02.220+0000][gc,start      ] GC(465) Pause Young (Normal) (G1 Evacuation Pause)
[2022-08-14T07:59:02.220+0000][gc,task       ] GC(465) Using 2 workers of 2 for evacuation
[2022-08-14T07:59:02.227+0000][gc,phases     ] GC(465)   Pre Evacuate Collection Set: 0.0ms
[2022-08-14T07:59:02.227+0000][gc,phases     ] GC(465)   Evacuate Collection Set: 6.3ms
[2022-08-14T07:59:02.227+0000][gc,phases     ] GC(465)   Post Evacuate Collection Set: 0.8ms
[2022-08-14T07:59:02.227+0000][gc,phases     ] GC(465)   Other: 0.2ms
[2022-08-14T07:59:02.227+0000][gc,heap       ] GC(465) Eden regions: 611->0(610)
[2022-08-14T07:59:02.227+0000][gc,heap       ] GC(465) Survivor regions: 3->4(77)
[2022-08-14T07:59:02.227+0000][gc,heap       ] GC(465) Old regions: 65->65
[2022-08-14T07:59:02.227+0000][gc,heap       ] GC(465) Humongous regions: 129->129
[2022-08-14T07:59:02.227+0000][gc,metaspace  ] GC(465) Metaspace: 45638K->45638K(1091584K)
[2022-08-14T07:59:02.227+0000][gc            ] GC(465) Pause Young (Normal) (G1 Evacuation Pause) 806M->195M(1024M) 7.451ms
[2022-08-14T07:59:02.227+0000][gc,cpu        ] GC(465) User=0.01s Sys=0.00s Real=0.01s
[2022-08-14T08:44:09.840+0000][gc,start      ] GC(466) Pause Young (Normal) (G1 Evacuation Pause)
[2022-08-14T08:44:09.840+0000][gc,task       ] GC(466) Using 2 workers of 2 for evacuation
[2022-08-14T08:44:09.848+0000][gc,phases     ] GC(466)   Pre Evacuate Collection Set: 0.0ms
[2022-08-14T08:44:09.848+0000][gc,phases     ] GC(466)   Evacuate Collection Set: 6.9ms
[2022-08-14T08:44:09.848+0000][gc,phases     ] GC(466)   Post Evacuate Collection Set: 1.1ms
[2022-08-14T08:44:09.848+0000][gc,phases     ] GC(466)   Other: 0.2ms
[2022-08-14T08:44:09.848+0000][gc,heap       ] GC(466) Eden regions: 610->0(610)
[2022-08-14T08:44:09.848+0000][gc,heap       ] GC(466) Survivor regions: 4->4(77)
[2022-08-14T08:44:09.848+0000][gc,heap       ] GC(466) Old regions: 65->65
[2022-08-14T08:44:09.848+0000][gc,heap       ] GC(466) Humongous regions: 129->129
[2022-08-14T08:44:09.848+0000][gc,metaspace  ] GC(466) Metaspace: 45638K->45638K(1091584K)
[2022-08-14T08:44:09.848+0000][gc            ] GC(466) Pause Young (Normal) (G1 Evacuation Pause) 805M->196M(1024M) 8.387ms
[2022-08-14T08:44:09.848+0000][gc,cpu        ] GC(466) User=0.02s Sys=0.00s Real=0.01s
[2022-08-14T09:29:02.220+0000][gc,start      ] GC(467) Pause Young (Normal) (G1 Evacuation Pause)
[2022-08-14T09:29:02.220+0000][gc,task       ] GC(467) Using 2 workers of 2 for evacuation
[2022-08-14T09:29:02.228+0000][gc,phases     ] GC(467)   Pre Evacuate Collection Set: 0.0ms
[2022-08-14T09:29:02.228+0000][gc,phases     ] GC(467)   Evacuate Collection Set: 7.3ms
[2022-08-14T09:29:02.228+0000][gc,phases     ] GC(467)   Post Evacuate Collection Set: 0.8ms
[2022-08-14T09:29:02.228+0000][gc,phases     ] GC(467)   Other: 0.2ms
[2022-08-14T09:29:02.228+0000][gc,heap       ] GC(467) Eden regions: 610->0(610)
[2022-08-14T09:29:02.228+0000][gc,heap       ] GC(467) Survivor regions: 4->4(77)
[2022-08-14T09:29:02.228+0000][gc,heap       ] GC(467) Old regions: 65->65
[2022-08-14T09:29:02.228+0000][gc,heap       ] GC(467) Humongous regions: 129->129
[2022-08-14T09:29:02.228+0000][gc,metaspace  ] GC(467) Metaspace: 45638K->45638K(1091584K)
[2022-08-14T09:29:02.228+0000][gc            ] GC(467) Pause Young (Normal) (G1 Evacuation Pause) 806M->196M(1024M) 8.524ms
[2022-08-14T09:29:02.228+0000][gc,cpu        ] GC(467) User=0.02s Sys=0.00s Real=0.01s
[2022-08-14T10:13:57.220+0000][gc,start      ] GC(468) Pause Young (Normal) (G1 Evacuation Pause)
[2022-08-14T10:13:57.220+0000][gc,task       ] GC(468) Using 2 workers of 2 for evacuation
[2022-08-14T10:13:57.228+0000][gc,phases     ] GC(468)   Pre Evacuate Collection Set: 0.0ms
[2022-08-14T10:13:57.228+0000][gc,phases     ] GC(468)   Evacuate Collection Set: 7.4ms
[2022-08-14T10:13:57.228+0000][gc,phases     ] GC(468)   Post Evacuate Collection Set: 0.8ms
[2022-08-14T10:13:57.228+0000][gc,phases     ] GC(468)   Other: 0.2ms
[2022-08-14T10:13:57.228+0000][gc,heap       ] GC(468) Eden regions: 610->0(609)
[2022-08-14T10:13:57.228+0000][gc,heap       ] GC(468) Survivor regions: 4->5(77)
[2022-08-14T10:13:57.228+0000][gc,heap       ] GC(468) Old regions: 65->65
[2022-08-14T10:13:57.228+0000][gc,heap       ] GC(468) Humongous regions: 129->129
[2022-08-14T10:13:57.228+0000][gc,metaspace  ] GC(468) Metaspace: 45638K->45638K(1091584K)
[2022-08-14T10:13:57.228+0000][gc            ] GC(468) Pause Young (Normal) (G1 Evacuation Pause) 806M->196M(1024M) 8.565ms
[2022-08-14T10:13:57.228+0000][gc,cpu        ] GC(468) User=0.02s Sys=0.00s Real=0.01s
[2022-08-14T10:58:47.494+0000][gc,start      ] GC(469) Pause Young (Normal) (G1 Evacuation Pause)
[2022-08-14T10:58:47.494+0000][gc,task       ] GC(469) Using 2 workers of 2 for evacuation
[2022-08-14T10:58:47.502+0000][gc,phases     ] GC(469)   Pre Evacuate Collection Set: 0.0ms
[2022-08-14T10:58:47.502+0000][gc,phases     ] GC(469)   Evacuate Collection Set: 7.6ms
[2022-08-14T10:58:47.502+0000][gc,phases     ] GC(469)   Post Evacuate Collection Set: 0.8ms
[2022-08-14T10:58:47.502+0000][gc,phases     ] GC(469)   Other: 0.2ms
[2022-08-14T10:58:47.502+0000][gc,heap       ] GC(469) Eden regions: 609->0(609)
[2022-08-14T10:58:47.502+0000][gc,heap       ] GC(469) Survivor regions: 5->5(77)
[2022-08-14T10:58:47.502+0000][gc,heap       ] GC(469) Old regions: 65->65
[2022-08-14T10:58:47.503+0000][gc,heap       ] GC(469) Humongous regions: 129->129
[2022-08-14T10:58:47.503+0000][gc,metaspace  ] GC(469) Metaspace: 45638K->45638K(1091584K)
[2022-08-14T10:58:47.503+0000][gc            ] GC(469) Pause Young (Normal) (G1 Evacuation Pause) 805M->197M(1024M) 8.805ms
[2022-08-14T10:58:47.503+0000][gc,cpu        ] GC(469) User=0.02s Sys=0.00s Real=0.00s
[2022-08-14T11:43:52.884+0000][gc,start      ] GC(470) Pause Young (Normal) (G1 Evacuation Pause)
[2022-08-14T11:43:52.884+0000][gc,task       ] GC(470) Using 2 workers of 2 for evacuation
[2022-08-14T11:43:52.893+0000][gc,phases     ] GC(470)   Pre Evacuate Collection Set: 0.0ms
[2022-08-14T11:43:52.893+0000][gc,phases     ] GC(470)   Evacuate Collection Set: 8.4ms
[2022-08-14T11:43:52.893+0000][gc,phases     ] GC(470)   Post Evacuate Collection Set: 0.8ms
[2022-08-14T11:43:52.893+0000][gc,phases     ] GC(470)   Other: 0.2ms
[2022-08-14T11:43:52.893+0000][gc,heap       ] GC(470) Eden regions: 609->0(609)
[2022-08-14T11:43:52.893+0000][gc,heap       ] GC(470) Survivor regions: 5->5(77)
[2022-08-14T11:43:52.893+0000][gc,heap       ] GC(470) Old regions: 65->65
[2022-08-14T11:43:52.893+0000][gc,heap       ] GC(470) Humongous regions: 129->129
[2022-08-14T11:43:52.894+0000][gc,metaspace  ] GC(470) Metaspace: 45638K->45638K(1091584K)
[2022-08-14T11:43:52.894+0000][gc            ] GC(470) Pause Young (Normal) (G1 Evacuation Pause) 806M->197M(1024M) 9.530ms
[2022-08-14T11:43:52.894+0000][gc,cpu        ] GC(470) User=0.02s Sys=0.00s Real=0.02s
[2022-08-14T12:28:47.170+0000][gc,start      ] GC(471) Pause Young (Normal) (G1 Evacuation Pause)
[2022-08-14T12:28:47.170+0000][gc,task       ] GC(471) Using 2 workers of 2 for evacuation
[2022-08-14T12:28:47.179+0000][gc,phases     ] GC(471)   Pre Evacuate Collection Set: 0.0ms
[2022-08-14T12:28:47.179+0000][gc,phases     ] GC(471)   Evacuate Collection Set: 8.6ms
[2022-08-14T12:28:47.179+0000][gc,phases     ] GC(471)   Post Evacuate Collection Set: 0.8ms
[2022-08-14T12:28:47.179+0000][gc,phases     ] GC(471)   Other: 0.2ms
[2022-08-14T12:28:47.179+0000][gc,heap       ] GC(471) Eden regions: 609->0(609)
[2022-08-14T12:28:47.179+0000][gc,heap       ] GC(471) Survivor regions: 5->5(77)
[2022-08-14T12:28:47.179+0000][gc,heap       ] GC(471) Old regions: 65->65
[2022-08-14T12:28:47.179+0000][gc,heap       ] GC(471) Humongous regions: 129->129
[2022-08-14T12:28:47.179+0000][gc,metaspace  ] GC(471) Metaspace: 45638K->45638K(1091584K)
[2022-08-14T12:28:47.179+0000][gc            ] GC(471) Pause Young (Normal) (G1 Evacuation Pause) 806M->197M(1024M) 9.800ms
[2022-08-14T12:28:47.179+0000][gc,cpu        ] GC(471) User=0.02s Sys=0.00s Real=0.01s
[2022-08-14T13:13:33.726+0000][gc,start      ] GC(472) Pause Young (Normal) (G1 Evacuation Pause)
[2022-08-14T13:13:33.726+0000][gc,task       ] GC(472) Using 2 workers of 2 for evacuation
[2022-08-14T13:13:33.735+0000][gc,phases     ] GC(472)   Pre Evacuate Collection Set: 0.1ms
[2022-08-14T13:13:33.735+0000][gc,phases     ] GC(472)   Evacuate Collection Set: 7.9ms
[2022-08-14T13:13:33.735+0000][gc,phases     ] GC(472)   Post Evacuate Collection Set: 0.8ms
[2022-08-14T13:13:33.735+0000][gc,phases     ] GC(472)   Other: 0.3ms
[2022-08-14T13:13:33.735+0000][gc,heap       ] GC(472) Eden regions: 609->0(609)
[2022-08-14T13:13:33.735+0000][gc,heap       ] GC(472) Survivor regions: 5->5(77)
[2022-08-14T13:13:33.735+0000][gc,heap       ] GC(472) Old regions: 65->65
[2022-08-14T13:13:33.735+0000][gc,heap       ] GC(472) Humongous regions: 129->129
[2022-08-14T13:13:33.736+0000][gc,metaspace  ] GC(472) Metaspace: 45638K->45638K(1091584K)
[2022-08-14T13:13:33.736+0000][gc            ] GC(472) Pause Young (Normal) (G1 Evacuation Pause) 806M->197M(1024M) 9.164ms
[2022-08-14T13:13:33.736+0000][gc,cpu        ] GC(472) User=0.01s Sys=0.00s Real=0.01s
[2022-08-14T13:58:24.731+0000][gc,start      ] GC(473) Pause Young (Normal) (G1 Evacuation Pause)
[2022-08-14T13:58:24.731+0000][gc,task       ] GC(473) Using 2 workers of 2 for evacuation
[2022-08-14T13:58:24.737+0000][gc,phases     ] GC(473)   Pre Evacuate Collection Set: 0.0ms
[2022-08-14T13:58:24.737+0000][gc,phases     ] GC(473)   Evacuate Collection Set: 5.4ms
[2022-08-14T13:58:24.737+0000][gc,phases     ] GC(473)   Post Evacuate Collection Set: 0.8ms
[2022-08-14T13:58:24.737+0000][gc,phases     ] GC(473)   Other: 0.2ms
[2022-08-14T13:58:24.737+0000][gc,heap       ] GC(473) Eden regions: 609->0(611)
[2022-08-14T13:58:24.737+0000][gc,heap       ] GC(473) Survivor regions: 5->3(77)
[2022-08-14T13:58:24.737+0000][gc,heap       ] GC(473) Old regions: 65->65
[2022-08-14T13:58:24.737+0000][gc,heap       ] GC(473) Humongous regions: 129->129
[2022-08-14T13:58:24.737+0000][gc,metaspace  ] GC(473) Metaspace: 45638K->45638K(1091584K)
[2022-08-14T13:58:24.737+0000][gc            ] GC(473) Pause Young (Normal) (G1 Evacuation Pause) 806M->195M(1024M) 6.530ms
[2022-08-14T13:58:24.737+0000][gc,cpu        ] GC(473) User=0.01s Sys=0.00s Real=0.01s
[2022-08-14T14:43:40.582+0000][gc,start      ] GC(474) Pause Young (Normal) (G1 Evacuation Pause)
[2022-08-14T14:43:40.582+0000][gc,task       ] GC(474) Using 2 workers of 2 for evacuation
[2022-08-14T14:43:40.590+0000][gc,phases     ] GC(474)   Pre Evacuate Collection Set: 0.0ms
[2022-08-14T14:43:40.590+0000][gc,phases     ] GC(474)   Evacuate Collection Set: 6.3ms
[2022-08-14T14:43:40.590+0000][gc,phases     ] GC(474)   Post Evacuate Collection Set: 1.1ms
[2022-08-14T14:43:40.590+0000][gc,phases     ] GC(474)   Other: 0.2ms
[2022-08-14T14:43:40.590+0000][gc,heap       ] GC(474) Eden regions: 611->0(610)
[2022-08-14T14:43:40.590+0000][gc,heap       ] GC(474) Survivor regions: 3->4(77)
[2022-08-14T14:43:40.590+0000][gc,heap       ] GC(474) Old regions: 65->65
[2022-08-14T14:43:40.590+0000][gc,heap       ] GC(474) Humongous regions: 129->129
[2022-08-14T14:43:40.590+0000][gc,metaspace  ] GC(474) Metaspace: 45638K->45638K(1091584K)
[2022-08-14T14:43:40.590+0000][gc            ] GC(474) Pause Young (Normal) (G1 Evacuation Pause) 806M->195M(1024M) 7.822ms
[2022-08-14T14:43:40.590+0000][gc,cpu        ] GC(474) User=0.01s Sys=0.00s Real=0.01s
[2022-08-14T15:28:39.746+0000][gc,start      ] GC(475) Pause Young (Normal) (G1 Evacuation Pause)
[2022-08-14T15:28:39.746+0000][gc,task       ] GC(475) Using 2 workers of 2 for evacuation
[2022-08-14T15:28:39.754+0000][gc,phases     ] GC(475)   Pre Evacuate Collection Set: 0.0ms
[2022-08-14T15:28:39.754+0000][gc,phases     ] GC(475)   Evacuate Collection Set: 6.9ms
[2022-08-14T15:28:39.754+0000][gc,phases     ] GC(475)   Post Evacuate Collection Set: 0.8ms
[2022-08-14T15:28:39.754+0000][gc,phases     ] GC(475)   Other: 0.2ms
[2022-08-14T15:28:39.754+0000][gc,heap       ] GC(475) Eden regions: 610->0(610)
[2022-08-14T15:28:39.754+0000][gc,heap       ] GC(475) Survivor regions: 4->4(77)
[2022-08-14T15:28:39.754+0000][gc,heap       ] GC(475) Old regions: 65->65
[2022-08-14T15:28:39.754+0000][gc,heap       ] GC(475) Humongous regions: 129->129
[2022-08-14T15:28:39.754+0000][gc,metaspace  ] GC(475) Metaspace: 45638K->45638K(1091584K)
[2022-08-14T15:28:39.754+0000][gc            ] GC(475) Pause Young (Normal) (G1 Evacuation Pause) 805M->196M(1024M) 8.127ms
[2022-08-14T15:28:39.754+0000][gc,cpu        ] GC(475) User=0.02s Sys=0.00s Real=0.01s
[2022-08-14T16:13:26.273+0000][gc,start      ] GC(476) Pause Young (Normal) (G1 Evacuation Pause)
[2022-08-14T16:13:26.273+0000][gc,task       ] GC(476) Using 2 workers of 2 for evacuation
[2022-08-14T16:13:26.281+0000][gc,phases     ] GC(476)   Pre Evacuate Collection Set: 0.0ms
[2022-08-14T16:13:26.281+0000][gc,phases     ] GC(476)   Evacuate Collection Set: 6.9ms
[2022-08-14T16:13:26.281+0000][gc,phases     ] GC(476)   Post Evacuate Collection Set: 0.8ms
[2022-08-14T16:13:26.281+0000][gc,phases     ] GC(476)   Other: 0.2ms
[2022-08-14T16:13:26.281+0000][gc,heap       ] GC(476) Eden regions: 610->0(610)
[2022-08-14T16:13:26.281+0000][gc,heap       ] GC(476) Survivor regions: 4->4(77)
[2022-08-14T16:13:26.281+0000][gc,heap       ] GC(476) Old regions: 65->65
[2022-08-14T16:13:26.281+0000][gc,heap       ] GC(476) Humongous regions: 129->129
[2022-08-14T16:13:26.281+0000][gc,metaspace  ] GC(476) Metaspace: 45638K->45638K(1091584K)
[2022-08-14T16:13:26.281+0000][gc            ] GC(476) Pause Young (Normal) (G1 Evacuation Pause) 806M->196M(1024M) 8.058ms
[2022-08-14T16:13:26.281+0000][gc,cpu        ] GC(476) User=0.01s Sys=0.00s Real=0.00s
[2022-08-14T16:58:22.219+0000][gc,start      ] GC(477) Pause Young (Normal) (G1 Evacuation Pause)
[2022-08-14T16:58:22.220+0000][gc,task       ] GC(477) Using 2 workers of 2 for evacuation
[2022-08-14T16:58:22.228+0000][gc,phases     ] GC(477)   Pre Evacuate Collection Set: 0.0ms
[2022-08-14T16:58:22.228+0000][gc,phases     ] GC(477)   Evacuate Collection Set: 7.2ms
[2022-08-14T16:58:22.228+0000][gc,phases     ] GC(477)   Post Evacuate Collection Set: 0.8ms
[2022-08-14T16:58:22.228+0000][gc,phases     ] GC(477)   Other: 0.2ms
[2022-08-14T16:58:22.228+0000][gc,heap       ] GC(477) Eden regions: 610->0(610)
[2022-08-14T16:58:22.228+0000][gc,heap       ] GC(477) Survivor regions: 4->4(77)
[2022-08-14T16:58:22.228+0000][gc,heap       ] GC(477) Old regions: 65->65
[2022-08-14T16:58:22.228+0000][gc,heap       ] GC(477) Humongous regions: 129->129
[2022-08-14T16:58:22.228+0000][gc,metaspace  ] GC(477) Metaspace: 45638K->45638K(1091584K)
[2022-08-14T16:58:22.228+0000][gc            ] GC(477) Pause Young (Normal) (G1 Evacuation Pause) 806M->196M(1024M) 8.382ms
[2022-08-14T16:58:22.228+0000][gc,cpu        ] GC(477) User=0.02s Sys=0.00s Real=0.01s
