[2022-08-01T05:14:49.345+0000][gc,heap] Heap region size: 1M
[2022-08-01T05:14:49.355+0000][gc     ] Using G1
[2022-08-01T05:14:49.355+0000][gc,heap,coops] Heap address: 0x00000000c0000000, size: 1024 MB, Compressed Oops mode: 32-bit
[2022-08-01T05:14:49.356+0000][gc,cds       ] Mark closed archive regions in map: [0x00000000fff00000, 0x00000000fff6aff8]
[2022-08-01T05:14:49.356+0000][gc,cds       ] Mark open archive regions in map: [0x00000000ffe00000, 0x00000000ffe46ff8]
[2022-08-01T05:14:50.345+0000][gc,start     ] GC(0) Pause Young (Normal) (G1 Evacuation Pause)
[2022-08-01T05:14:50.345+0000][gc,task      ] GC(0) Using 2 workers of 2 for evacuation
[2022-08-01T05:14:50.359+0000][gc,phases    ] GC(0)   Pre Evacuate Collection Set: 0.0ms
[2022-08-01T05:14:50.359+0000][gc,phases    ] GC(0)   Evacuate Collection Set: 13.3ms
[2022-08-01T05:14:50.359+0000][gc,phases    ] GC(0)   Post Evacuate Collection Set: 0.5ms
[2022-08-01T05:14:50.359+0000][gc,phases    ] GC(0)   Other: 0.3ms
[2022-08-01T05:14:50.359+0000][gc,heap      ] GC(0) Eden regions: 51->0(44)
[2022-08-01T05:14:50.359+0000][gc,heap      ] GC(0) Survivor regions: 0->7(7)
[2022-08-01T05:14:50.359+0000][gc,heap      ] GC(0) Old regions: 2->2
[2022-08-01T05:14:50.359+0000][gc,heap      ] GC(0) Humongous regions: 0->0
[2022-08-01T05:14:50.359+0000][gc,metaspace ] GC(0) Metaspace: 14830K->14830K(1062912K)
[2022-08-01T05:14:50.359+0000][gc           ] GC(0) Pause Young (Normal) (G1 Evacuation Pause) 51M->7M(1024M) 14.199ms
[2022-08-01T05:14:50.359+0000][gc,cpu       ] GC(0) User=0.03s Sys=0.00s Real=0.01s
[2022-08-01T05:14:50.845+0000][gc,start     ] GC(1) Pause Young (Concurrent Start) (Metadata GC Threshold)
[2022-08-01T05:14:50.845+0000][gc,task      ] GC(1) Using 2 workers of 2 for evacuation
[2022-08-01T05:14:50.859+0000][gc,phases    ] GC(1)   Pre Evacuate Collection Set: 0.1ms
[2022-08-01T05:14:50.859+0000][gc,phases    ] GC(1)   Evacuate Collection Set: 13.5ms
[2022-08-01T05:14:50.859+0000][gc,phases    ] GC(1)   Post Evacuate Collection Set: 0.4ms
[2022-08-01T05:14:50.859+0000][gc,phases    ] GC(1)   Other: 0.3ms
[2022-08-01T05:14:50.859+0000][gc,heap      ] GC(1) Eden regions: 24->0(50)
[2022-08-01T05:14:50.859+0000][gc,heap      ] GC(1) Survivor regions: 7->1(7)
[2022-08-01T05:14:50.859+0000][gc,heap      ] GC(1) Old regions: 2->9
[2022-08-01T05:14:50.859+0000][gc,heap      ] GC(1) Humongous regions: 0->0
[2022-08-01T05:14:50.859+0000][gc,metaspace ] GC(1) Metaspace: 20564K->20564K(1067008K)
[2022-08-01T05:14:50.859+0000][gc           ] GC(1) Pause Young (Concurrent Start) (Metadata GC Threshold) 31M->8M(1024M) 14.399ms
[2022-08-01T05:14:50.859+0000][gc,cpu       ] GC(1) User=0.03s Sys=0.01s Real=0.01s
[2022-08-01T05:14:50.859+0000][gc           ] GC(2) Concurrent Cycle
[2022-08-01T05:14:50.859+0000][gc,marking   ] GC(2) Concurrent Clear Claimed Marks
[2022-08-01T05:14:50.859+0000][gc,marking   ] GC(2) Concurrent Clear Claimed Marks 0.040ms
[2022-08-01T05:14:50.859+0000][gc,marking   ] GC(2) Concurrent Scan Root Regions
[2022-08-01T05:14:50.862+0000][gc,marking   ] GC(2) Concurrent Scan Root Regions 2.847ms
[2022-08-01T05:14:50.862+0000][gc,marking   ] GC(2) Concurrent Mark (1.520s)
[2022-08-01T05:14:50.862+0000][gc,marking   ] GC(2) Concurrent Mark From Roots
[2022-08-01T05:14:50.862+0000][gc,task      ] GC(2) Using 1 workers of 1 for marking
[2022-08-01T05:14:50.876+0000][gc,marking   ] GC(2) Concurrent Mark From Roots 13.644ms
[2022-08-01T05:14:50.876+0000][gc,marking   ] GC(2) Concurrent Preclean
[2022-08-01T05:14:50.876+0000][gc,marking   ] GC(2) Concurrent Preclean 0.071ms
[2022-08-01T05:14:50.876+0000][gc,marking   ] GC(2) Concurrent Mark (1.520s, 1.534s) 13.761ms
[2022-08-01T05:14:50.876+0000][gc,start     ] GC(2) Pause Remark
[2022-08-01T05:14:50.878+0000][gc,stringtable] GC(2) Cleaned string and symbol table, strings: 5136 processed, 0 removed, symbols: 51043 processed, 45 removed
[2022-08-01T05:14:50.878+0000][gc            ] GC(2) Pause Remark 8M->8M(1024M) 2.450ms
[2022-08-01T05:14:50.878+0000][gc,cpu        ] GC(2) User=0.01s Sys=0.00s Real=0.00s
[2022-08-01T05:14:50.878+0000][gc,marking    ] GC(2) Concurrent Rebuild Remembered Sets
[2022-08-01T05:14:50.883+0000][gc,marking    ] GC(2) Concurrent Rebuild Remembered Sets 4.731ms
[2022-08-01T05:14:50.883+0000][gc,start      ] GC(2) Pause Cleanup
[2022-08-01T05:14:50.883+0000][gc            ] GC(2) Pause Cleanup 8M->8M(1024M) 0.171ms
[2022-08-01T05:14:50.883+0000][gc,cpu        ] GC(2) User=0.00s Sys=0.00s Real=0.00s
[2022-08-01T05:14:50.883+0000][gc,marking    ] GC(2) Concurrent Cleanup for Next Mark
[2022-08-01T05:14:50.913+0000][gc,marking    ] GC(2) Concurrent Cleanup for Next Mark 29.622ms
[2022-08-01T05:14:50.913+0000][gc            ] GC(2) Concurrent Cycle 53.992ms
[2022-08-01T05:14:51.649+0000][gc,start      ] GC(3) Pause Young (Normal) (G1 Evacuation Pause)
[2022-08-01T05:14:51.649+0000][gc,task       ] GC(3) Using 2 workers of 2 for evacuation
[2022-08-01T05:14:51.663+0000][gc,phases     ] GC(3)   Pre Evacuate Collection Set: 0.0ms
[2022-08-01T05:14:51.663+0000][gc,phases     ] GC(3)   Evacuate Collection Set: 13.8ms
[2022-08-01T05:14:51.663+0000][gc,phases     ] GC(3)   Post Evacuate Collection Set: 0.3ms
[2022-08-01T05:14:51.663+0000][gc,phases     ] GC(3)   Other: 0.2ms
[2022-08-01T05:14:51.663+0000][gc,heap       ] GC(3) Eden regions: 50->0(46)
[2022-08-01T05:14:51.663+0000][gc,heap       ] GC(3) Survivor regions: 1->5(7)
[2022-08-01T05:14:51.663+0000][gc,heap       ] GC(3) Old regions: 9->9
[2022-08-01T05:14:51.663+0000][gc,heap       ] GC(3) Humongous regions: 129->129
[2022-08-01T05:14:51.663+0000][gc,metaspace  ] GC(3) Metaspace: 29163K->29163K(1075200K)
[2022-08-01T05:14:51.663+0000][gc            ] GC(3) Pause Young (Normal) (G1 Evacuation Pause) 187M->140M(1024M) 14.491ms
[2022-08-01T05:14:51.663+0000][gc,cpu        ] GC(3) User=0.03s Sys=0.00s Real=0.01s
[2022-08-01T05:14:52.063+0000][gc,start      ] GC(4) Pause Young (Concurrent Start) (Metadata GC Threshold)
[2022-08-01T05:14:52.063+0000][gc,task       ] GC(4) Using 2 workers of 2 for evacuation
[2022-08-01T05:14:52.076+0000][gc,phases     ] GC(4)   Pre Evacuate Collection Set: 0.1ms
[2022-08-01T05:14:52.076+0000][gc,phases     ] GC(4)   Evacuate Collection Set: 12.6ms
[2022-08-01T05:14:52.076+0000][gc,phases     ] GC(4)   Post Evacuate Collection Set: 0.3ms
[2022-08-01T05:14:52.076+0000][gc,phases     ] GC(4)   Other: 0.3ms
[2022-08-01T05:14:52.076+0000][gc,heap       ] GC(4) Eden regions: 25->0(49)
[2022-08-01T05:14:52.076+0000][gc,heap       ] GC(4) Survivor regions: 5->2(7)
[2022-08-01T05:14:52.076+0000][gc,heap       ] GC(4) Old regions: 9->13
[2022-08-01T05:14:52.076+0000][gc,heap       ] GC(4) Humongous regions: 129->129
[2022-08-01T05:14:52.076+0000][gc,metaspace  ] GC(4) Metaspace: 34492K->34492K(1081344K)
[2022-08-01T05:14:52.076+0000][gc            ] GC(4) Pause Young (Concurrent Start) (Metadata GC Threshold) 165M->142M(1024M) 13.396ms
[2022-08-01T05:14:52.076+0000][gc,cpu        ] GC(4) User=0.02s Sys=0.00s Real=0.02s
[2022-08-01T05:14:52.076+0000][gc            ] GC(5) Concurrent Cycle
[2022-08-01T05:14:52.076+0000][gc,marking    ] GC(5) Concurrent Clear Claimed Marks
[2022-08-01T05:14:52.076+0000][gc,marking    ] GC(5) Concurrent Clear Claimed Marks 0.035ms
[2022-08-01T05:14:52.076+0000][gc,marking    ] GC(5) Concurrent Scan Root Regions
[2022-08-01T05:14:52.078+0000][gc,marking    ] GC(5) Concurrent Scan Root Regions 1.294ms
[2022-08-01T05:14:52.078+0000][gc,marking    ] GC(5) Concurrent Mark (2.736s)
[2022-08-01T05:14:52.078+0000][gc,marking    ] GC(5) Concurrent Mark From Roots
[2022-08-01T05:14:52.078+0000][gc,task       ] GC(5) Using 1 workers of 1 for marking
[2022-08-01T05:14:52.111+0000][gc,marking    ] GC(5) Concurrent Mark From Roots 33.906ms
[2022-08-01T05:14:52.112+0000][gc,marking    ] GC(5) Concurrent Preclean
[2022-08-01T05:14:52.112+0000][gc,marking    ] GC(5) Concurrent Preclean 0.073ms
[2022-08-01T05:14:52.112+0000][gc,marking    ] GC(5) Concurrent Mark (2.736s, 2.770s) 34.024ms
[2022-08-01T05:14:52.116+0000][gc,start      ] GC(5) Pause Remark
[2022-08-01T05:14:52.120+0000][gc,stringtable] GC(5) Cleaned string and symbol table, strings: 10330 processed, 11 removed, symbols: 83751 processed, 16 removed
[2022-08-01T05:14:52.120+0000][gc            ] GC(5) Pause Remark 145M->145M(1024M) 3.648ms
[2022-08-01T05:14:52.120+0000][gc,cpu        ] GC(5) User=0.01s Sys=0.00s Real=0.00s
[2022-08-01T05:14:52.120+0000][gc,marking    ] GC(5) Concurrent Rebuild Remembered Sets
[2022-08-01T05:14:52.148+0000][gc,marking    ] GC(5) Concurrent Rebuild Remembered Sets 28.245ms
[2022-08-01T05:14:52.148+0000][gc,start      ] GC(5) Pause Cleanup
[2022-08-01T05:14:52.149+0000][gc            ] GC(5) Pause Cleanup 145M->145M(1024M) 0.259ms
[2022-08-01T05:14:52.149+0000][gc,cpu        ] GC(5) User=0.00s Sys=0.00s Real=0.00s
[2022-08-01T05:14:52.149+0000][gc,marking    ] GC(5) Concurrent Cleanup for Next Mark
[2022-08-01T05:14:52.159+0000][gc,marking    ] GC(5) Concurrent Cleanup for Next Mark 9.971ms
[2022-08-01T05:14:52.159+0000][gc            ] GC(5) Concurrent Cycle 82.477ms
[2022-08-01T05:14:55.894+0000][gc,heap,exit  ] Heap
[2022-08-01T05:14:55.894+0000][gc,heap,exit  ]  garbage-first heap   total 1048576K, used 162157K [0x00000000c0000000, 0x0000000100000000)
[2022-08-01T05:14:55.894+0000][gc,heap,exit  ]   region size 1024K, 20 young (20480K), 2 survivors (2048K)
[2022-08-01T05:14:55.894+0000][gc,heap,exit  ]  Metaspace       used 36825K, capacity 38396K, committed 38656K, reserved 1083392K
[2022-08-01T05:14:55.894+0000][gc,heap,exit  ]   class space    used 4530K, capacity 5303K, committed 5376K, reserved 1048576K
