[2022-08-01T05:14:20.444+0000][gc,heap] Heap region size: 1M
[2022-08-01T05:14:20.450+0000][gc     ] Using G1
[2022-08-01T05:14:20.450+0000][gc,heap,coops] Heap address: 0x00000000e0000000, size: 512 MB, Compressed Oops mode: 32-bit
[2022-08-01T05:14:20.450+0000][gc,cds       ] Mark closed archive regions in map: [0x00000000fff00000, 0x00000000fff6aff8]
[2022-08-01T05:14:20.450+0000][gc,cds       ] Mark open archive regions in map: [0x00000000ffe00000, 0x00000000ffe46ff8]
[2022-08-01T05:14:20.933+0000][gc,heap,exit ] Heap
[2022-08-01T05:14:20.933+0000][gc,heap,exit ]  garbage-first heap   total 524288K, used 17096K [0x00000000e0000000, 0x0000000100000000)
[2022-08-01T05:14:20.933+0000][gc,heap,exit ]   region size 1024K, 17 young (17408K), 0 survivors (0K)
[2022-08-01T05:14:20.933+0000][gc,heap,exit ]  Metaspace       used 6033K, capacity 6300K, committed 6528K, reserved 1056768K
[2022-08-01T05:14:20.933+0000][gc,heap,exit ]   class space    used 696K, capacity 810K, committed 896K, reserved 1048576K
