[2022-08-01T05:14:38.049+0000][gc,heap] Heap region size: 1M
[2022-08-01T05:14:38.055+0000][gc     ] Using G1
[2022-08-01T05:14:38.055+0000][gc,heap,coops] Heap address: 0x00000000e0000000, size: 512 MB, Compressed Oops mode: 32-bit
[2022-08-01T05:14:38.055+0000][gc,cds       ] Mark closed archive regions in map: [0x00000000fff00000, 0x00000000fff6aff8]
[2022-08-01T05:14:38.056+0000][gc,cds       ] Mark open archive regions in map: [0x00000000ffe00000, 0x00000000ffe46ff8]
[2022-08-01T05:14:38.640+0000][gc,start     ] GC(0) Pause Young (Normal) (G1 Evacuation Pause)
[2022-08-01T05:14:38.640+0000][gc,task      ] GC(0) Using 2 workers of 2 for evacuation
[2022-08-01T05:14:38.650+0000][gc,phases    ] GC(0)   Pre Evacuate Collection Set: 0.0ms
[2022-08-01T05:14:38.650+0000][gc,phases    ] GC(0)   Evacuate Collection Set: 9.7ms
[2022-08-01T05:14:38.650+0000][gc,phases    ] GC(0)   Post Evacuate Collection Set: 0.3ms
[2022-08-01T05:14:38.650+0000][gc,phases    ] GC(0)   Other: 0.3ms
[2022-08-01T05:14:38.650+0000][gc,heap      ] GC(0) Eden regions: 25->0(21)
[2022-08-01T05:14:38.650+0000][gc,heap      ] GC(0) Survivor regions: 0->4(4)
[2022-08-01T05:14:38.650+0000][gc,heap      ] GC(0) Old regions: 2->5
[2022-08-01T05:14:38.650+0000][gc,heap      ] GC(0) Humongous regions: 0->0
[2022-08-01T05:14:38.650+0000][gc,metaspace ] GC(0) Metaspace: 7570K->7570K(1056768K)
[2022-08-01T05:14:38.650+0000][gc           ] GC(0) Pause Young (Normal) (G1 Evacuation Pause) 25M->7M(512M) 10.305ms
[2022-08-01T05:14:38.650+0000][gc,cpu       ] GC(0) User=0.02s Sys=0.00s Real=0.01s
[2022-08-01T08:43:59.926+0000][gc,start     ] GC(1) Pause Young (Normal) (G1 Evacuation Pause)
[2022-08-01T08:43:59.926+0000][gc,task      ] GC(1) Using 2 workers of 2 for evacuation
[2022-08-01T08:43:59.938+0000][gc,phases    ] GC(1)   Pre Evacuate Collection Set: 0.0ms
[2022-08-01T08:43:59.938+0000][gc,phases    ] GC(1)   Evacuate Collection Set: 11.9ms
[2022-08-01T08:43:59.938+0000][gc,phases    ] GC(1)   Post Evacuate Collection Set: 0.3ms
[2022-08-01T08:43:59.938+0000][gc,phases    ] GC(1)   Other: 0.1ms
[2022-08-01T08:43:59.938+0000][gc,heap      ] GC(1) Eden regions: 21->0(24)
[2022-08-01T08:43:59.938+0000][gc,heap      ] GC(1) Survivor regions: 4->1(4)
[2022-08-01T08:43:59.938+0000][gc,heap      ] GC(1) Old regions: 5->9
[2022-08-01T08:43:59.938+0000][gc,heap      ] GC(1) Humongous regions: 0->0
[2022-08-01T08:43:59.938+0000][gc,metaspace ] GC(1) Metaspace: 9125K->9125K(1058816K)
[2022-08-01T08:43:59.938+0000][gc           ] GC(1) Pause Young (Normal) (G1 Evacuation Pause) 28M->8M(512M) 12.401ms
[2022-08-01T08:43:59.938+0000][gc,cpu       ] GC(1) User=0.03s Sys=0.00s Real=0.01s
[2022-08-01T15:53:04.188+0000][gc,start     ] GC(2) Pause Young (Normal) (G1 Evacuation Pause)
[2022-08-01T15:53:04.188+0000][gc,task      ] GC(2) Using 2 workers of 2 for evacuation
[2022-08-01T15:53:04.190+0000][gc,phases    ] GC(2)   Pre Evacuate Collection Set: 0.0ms
[2022-08-01T15:53:04.190+0000][gc,phases    ] GC(2)   Evacuate Collection Set: 1.7ms
[2022-08-01T15:53:04.190+0000][gc,phases    ] GC(2)   Post Evacuate Collection Set: 0.4ms
[2022-08-01T15:53:04.190+0000][gc,phases    ] GC(2)   Other: 0.2ms
[2022-08-01T15:53:04.190+0000][gc,heap      ] GC(2) Eden regions: 24->0(24)
[2022-08-01T15:53:04.190+0000][gc,heap      ] GC(2) Survivor regions: 1->1(4)
[2022-08-01T15:53:04.190+0000][gc,heap      ] GC(2) Old regions: 9->9
[2022-08-01T15:53:04.190+0000][gc,heap      ] GC(2) Humongous regions: 0->0
[2022-08-01T15:53:04.190+0000][gc,metaspace ] GC(2) Metaspace: 9192K->9192K(1058816K)
[2022-08-01T15:53:04.190+0000][gc           ] GC(2) Pause Young (Normal) (G1 Evacuation Pause) 32M->8M(512M) 2.337ms
[2022-08-01T15:53:04.190+0000][gc,cpu       ] GC(2) User=0.01s Sys=0.00s Real=0.00s
[2022-08-01T23:46:46.209+0000][gc,start     ] GC(3) Pause Young (Normal) (G1 Evacuation Pause)
[2022-08-01T23:46:46.209+0000][gc,task      ] GC(3) Using 2 workers of 2 for evacuation
[2022-08-01T23:46:46.211+0000][gc,phases    ] GC(3)   Pre Evacuate Collection Set: 0.0ms
[2022-08-01T23:46:46.211+0000][gc,phases    ] GC(3)   Evacuate Collection Set: 1.4ms
[2022-08-01T23:46:46.211+0000][gc,phases    ] GC(3)   Post Evacuate Collection Set: 0.3ms
[2022-08-01T23:46:46.211+0000][gc,phases    ] GC(3)   Other: 0.2ms
[2022-08-01T23:46:46.211+0000][gc,heap      ] GC(3) Eden regions: 24->0(24)
[2022-08-01T23:46:46.211+0000][gc,heap      ] GC(3) Survivor regions: 1->1(4)
[2022-08-01T23:46:46.211+0000][gc,heap      ] GC(3) Old regions: 9->9
[2022-08-01T23:46:46.211+0000][gc,heap      ] GC(3) Humongous regions: 0->0
[2022-08-01T23:46:46.211+0000][gc,metaspace ] GC(3) Metaspace: 9192K->9192K(1058816K)
[2022-08-01T23:46:46.211+0000][gc           ] GC(3) Pause Young (Normal) (G1 Evacuation Pause) 32M->8M(512M) 1.978ms
[2022-08-01T23:46:46.211+0000][gc,cpu       ] GC(3) User=0.00s Sys=0.00s Real=0.00s
[2022-08-02T07:49:22.694+0000][gc,start     ] GC(4) Pause Young (Normal) (G1 Evacuation Pause)
[2022-08-02T07:49:22.694+0000][gc,task      ] GC(4) Using 2 workers of 2 for evacuation
[2022-08-02T07:49:22.696+0000][gc,phases    ] GC(4)   Pre Evacuate Collection Set: 0.0ms
[2022-08-02T07:49:22.696+0000][gc,phases    ] GC(4)   Evacuate Collection Set: 1.4ms
[2022-08-02T07:49:22.696+0000][gc,phases    ] GC(4)   Post Evacuate Collection Set: 0.3ms
[2022-08-02T07:49:22.696+0000][gc,phases    ] GC(4)   Other: 0.1ms
[2022-08-02T07:49:22.696+0000][gc,heap      ] GC(4) Eden regions: 24->0(24)
[2022-08-02T07:49:22.696+0000][gc,heap      ] GC(4) Survivor regions: 1->1(4)
[2022-08-02T07:49:22.696+0000][gc,heap      ] GC(4) Old regions: 9->9
[2022-08-02T07:49:22.696+0000][gc,heap      ] GC(4) Humongous regions: 0->0
[2022-08-02T07:49:22.696+0000][gc,metaspace ] GC(4) Metaspace: 9198K->9198K(1058816K)
[2022-08-02T07:49:22.696+0000][gc           ] GC(4) Pause Young (Normal) (G1 Evacuation Pause) 32M->8M(512M) 2.008ms
[2022-08-02T07:49:22.696+0000][gc,cpu       ] GC(4) User=0.01s Sys=0.00s Real=0.00s
[2022-08-02T15:47:40.368+0000][gc,start     ] GC(5) Pause Young (Normal) (G1 Evacuation Pause)
[2022-08-02T15:47:40.368+0000][gc,task      ] GC(5) Using 2 workers of 2 for evacuation
[2022-08-02T15:47:40.370+0000][gc,phases    ] GC(5)   Pre Evacuate Collection Set: 0.0ms
[2022-08-02T15:47:40.370+0000][gc,phases    ] GC(5)   Evacuate Collection Set: 1.4ms
[2022-08-02T15:47:40.370+0000][gc,phases    ] GC(5)   Post Evacuate Collection Set: 0.4ms
[2022-08-02T15:47:40.370+0000][gc,phases    ] GC(5)   Other: 0.1ms
[2022-08-02T15:47:40.370+0000][gc,heap      ] GC(5) Eden regions: 24->0(24)
[2022-08-02T15:47:40.370+0000][gc,heap      ] GC(5) Survivor regions: 1->1(4)
[2022-08-02T15:47:40.370+0000][gc,heap      ] GC(5) Old regions: 9->9
[2022-08-02T15:47:40.370+0000][gc,heap      ] GC(5) Humongous regions: 0->0
[2022-08-02T15:47:40.370+0000][gc,metaspace ] GC(5) Metaspace: 9198K->9198K(1058816K)
[2022-08-02T15:47:40.370+0000][gc           ] GC(5) Pause Young (Normal) (G1 Evacuation Pause) 32M->8M(512M) 1.992ms
[2022-08-02T15:47:40.370+0000][gc,cpu       ] GC(5) User=0.01s Sys=0.00s Real=0.00s
[2022-08-02T23:44:46.467+0000][gc,start     ] GC(6) Pause Young (Normal) (G1 Evacuation Pause)
[2022-08-02T23:44:46.467+0000][gc,task      ] GC(6) Using 2 workers of 2 for evacuation
[2022-08-02T23:44:46.469+0000][gc,phases    ] GC(6)   Pre Evacuate Collection Set: 0.0ms
[2022-08-02T23:44:46.469+0000][gc,phases    ] GC(6)   Evacuate Collection Set: 1.4ms
[2022-08-02T23:44:46.469+0000][gc,phases    ] GC(6)   Post Evacuate Collection Set: 0.3ms
[2022-08-02T23:44:46.469+0000][gc,phases    ] GC(6)   Other: 0.1ms
[2022-08-02T23:44:46.469+0000][gc,heap      ] GC(6) Eden regions: 24->0(24)
[2022-08-02T23:44:46.469+0000][gc,heap      ] GC(6) Survivor regions: 1->1(4)
[2022-08-02T23:44:46.469+0000][gc,heap      ] GC(6) Old regions: 9->9
[2022-08-02T23:44:46.469+0000][gc,heap      ] GC(6) Humongous regions: 0->0
[2022-08-02T23:44:46.469+0000][gc,metaspace ] GC(6) Metaspace: 9198K->9198K(1058816K)
[2022-08-02T23:44:46.469+0000][gc           ] GC(6) Pause Young (Normal) (G1 Evacuation Pause) 32M->8M(512M) 1.985ms
[2022-08-02T23:44:46.469+0000][gc,cpu       ] GC(6) User=0.00s Sys=0.01s Real=0.00s
[2022-08-03T07:48:28.379+0000][gc,start     ] GC(7) Pause Young (Normal) (G1 Evacuation Pause)
[2022-08-03T07:48:28.379+0000][gc,task      ] GC(7) Using 2 workers of 2 for evacuation
[2022-08-03T07:48:28.381+0000][gc,phases    ] GC(7)   Pre Evacuate Collection Set: 0.0ms
[2022-08-03T07:48:28.381+0000][gc,phases    ] GC(7)   Evacuate Collection Set: 1.4ms
[2022-08-03T07:48:28.381+0000][gc,phases    ] GC(7)   Post Evacuate Collection Set: 0.2ms
[2022-08-03T07:48:28.381+0000][gc,phases    ] GC(7)   Other: 0.1ms
[2022-08-03T07:48:28.381+0000][gc,heap      ] GC(7) Eden regions: 24->0(24)
[2022-08-03T07:48:28.381+0000][gc,heap      ] GC(7) Survivor regions: 1->1(4)
[2022-08-03T07:48:28.381+0000][gc,heap      ] GC(7) Old regions: 9->9
[2022-08-03T07:48:28.381+0000][gc,heap      ] GC(7) Humongous regions: 0->0
[2022-08-03T07:48:28.381+0000][gc,metaspace ] GC(7) Metaspace: 9201K->9201K(1058816K)
[2022-08-03T07:48:28.381+0000][gc           ] GC(7) Pause Young (Normal) (G1 Evacuation Pause) 32M->8M(512M) 1.902ms
[2022-08-03T07:48:28.381+0000][gc,cpu       ] GC(7) User=0.00s Sys=0.01s Real=0.00s
[2022-08-03T15:52:52.346+0000][gc,start     ] GC(8) Pause Young (Normal) (G1 Evacuation Pause)
[2022-08-03T15:52:52.346+0000][gc,task      ] GC(8) Using 2 workers of 2 for evacuation
[2022-08-03T15:52:52.348+0000][gc,phases    ] GC(8)   Pre Evacuate Collection Set: 0.0ms
[2022-08-03T15:52:52.348+0000][gc,phases    ] GC(8)   Evacuate Collection Set: 1.4ms
[2022-08-03T15:52:52.348+0000][gc,phases    ] GC(8)   Post Evacuate Collection Set: 0.3ms
[2022-08-03T15:52:52.348+0000][gc,phases    ] GC(8)   Other: 0.1ms
[2022-08-03T15:52:52.348+0000][gc,heap      ] GC(8) Eden regions: 24->0(25)
[2022-08-03T15:52:52.348+0000][gc,heap      ] GC(8) Survivor regions: 1->1(4)
[2022-08-03T15:52:52.348+0000][gc,heap      ] GC(8) Old regions: 9->9
[2022-08-03T15:52:52.348+0000][gc,heap      ] GC(8) Humongous regions: 0->0
[2022-08-03T15:52:52.348+0000][gc,metaspace ] GC(8) Metaspace: 9201K->9201K(1058816K)
[2022-08-03T15:52:52.348+0000][gc           ] GC(8) Pause Young (Normal) (G1 Evacuation Pause) 32M->8M(512M) 1.968ms
[2022-08-03T15:52:52.348+0000][gc,cpu       ] GC(8) User=0.00s Sys=0.00s Real=0.00s
[2022-08-04T00:12:56.290+0000][gc,start     ] GC(9) Pause Young (Normal) (G1 Evacuation Pause)
[2022-08-04T00:12:56.290+0000][gc,task      ] GC(9) Using 2 workers of 2 for evacuation
[2022-08-04T00:12:56.291+0000][gc,phases    ] GC(9)   Pre Evacuate Collection Set: 0.0ms
[2022-08-04T00:12:56.291+0000][gc,phases    ] GC(9)   Evacuate Collection Set: 1.5ms
[2022-08-04T00:12:56.291+0000][gc,phases    ] GC(9)   Post Evacuate Collection Set: 0.3ms
[2022-08-04T00:12:56.291+0000][gc,phases    ] GC(9)   Other: 0.1ms
[2022-08-04T00:12:56.291+0000][gc,heap      ] GC(9) Eden regions: 25->0(27)
[2022-08-04T00:12:56.291+0000][gc,heap      ] GC(9) Survivor regions: 1->1(4)
[2022-08-04T00:12:56.291+0000][gc,heap      ] GC(9) Old regions: 9->9
[2022-08-04T00:12:56.291+0000][gc,heap      ] GC(9) Humongous regions: 0->0
[2022-08-04T00:12:56.291+0000][gc,metaspace ] GC(9) Metaspace: 9201K->9201K(1058816K)
[2022-08-04T00:12:56.292+0000][gc           ] GC(9) Pause Young (Normal) (G1 Evacuation Pause) 33M->8M(512M) 1.995ms
[2022-08-04T00:12:56.292+0000][gc,cpu       ] GC(9) User=0.01s Sys=0.00s Real=0.00s
[2022-08-04T09:13:55.935+0000][gc,start     ] GC(10) Pause Young (Normal) (G1 Evacuation Pause)
[2022-08-04T09:13:55.935+0000][gc,task      ] GC(10) Using 2 workers of 2 for evacuation
[2022-08-04T09:13:55.937+0000][gc,phases    ] GC(10)   Pre Evacuate Collection Set: 0.0ms
[2022-08-04T09:13:55.937+0000][gc,phases    ] GC(10)   Evacuate Collection Set: 1.4ms
[2022-08-04T09:13:55.937+0000][gc,phases    ] GC(10)   Post Evacuate Collection Set: 0.3ms
[2022-08-04T09:13:55.937+0000][gc,phases    ] GC(10)   Other: 0.1ms
[2022-08-04T09:13:55.937+0000][gc,heap      ] GC(10) Eden regions: 27->0(29)
[2022-08-04T09:13:55.937+0000][gc,heap      ] GC(10) Survivor regions: 1->1(4)
[2022-08-04T09:13:55.937+0000][gc,heap      ] GC(10) Old regions: 9->9
[2022-08-04T09:13:55.937+0000][gc,heap      ] GC(10) Humongous regions: 0->0
[2022-08-04T09:13:55.937+0000][gc,metaspace ] GC(10) Metaspace: 9201K->9201K(1058816K)
[2022-08-04T09:13:55.937+0000][gc           ] GC(10) Pause Young (Normal) (G1 Evacuation Pause) 35M->8M(512M) 2.048ms
[2022-08-04T09:13:55.937+0000][gc,cpu       ] GC(10) User=0.01s Sys=0.00s Real=0.00s
[2022-08-04T18:52:38.685+0000][gc,start     ] GC(11) Pause Young (Normal) (G1 Evacuation Pause)
[2022-08-04T18:52:38.685+0000][gc,task      ] GC(11) Using 2 workers of 2 for evacuation
[2022-08-04T18:52:38.687+0000][gc,phases    ] GC(11)   Pre Evacuate Collection Set: 0.0ms
[2022-08-04T18:52:38.687+0000][gc,phases    ] GC(11)   Evacuate Collection Set: 1.5ms
[2022-08-04T18:52:38.687+0000][gc,phases    ] GC(11)   Post Evacuate Collection Set: 0.2ms
[2022-08-04T18:52:38.687+0000][gc,phases    ] GC(11)   Other: 0.2ms
[2022-08-04T18:52:38.687+0000][gc,heap      ] GC(11) Eden regions: 29->0(31)
[2022-08-04T18:52:38.687+0000][gc,heap      ] GC(11) Survivor regions: 1->1(4)
[2022-08-04T18:52:38.687+0000][gc,heap      ] GC(11) Old regions: 9->9
[2022-08-04T18:52:38.687+0000][gc,heap      ] GC(11) Humongous regions: 0->0
[2022-08-04T18:52:38.687+0000][gc,metaspace ] GC(11) Metaspace: 9202K->9202K(1058816K)
[2022-08-04T18:52:38.687+0000][gc           ] GC(11) Pause Young (Normal) (G1 Evacuation Pause) 37M->8M(512M) 2.040ms
[2022-08-04T18:52:38.687+0000][gc,cpu       ] GC(11) User=0.00s Sys=0.00s Real=0.00s
[2022-08-05T05:15:02.516+0000][gc,start     ] GC(12) Pause Young (Normal) (G1 Evacuation Pause)
[2022-08-05T05:15:02.516+0000][gc,task      ] GC(12) Using 2 workers of 2 for evacuation
[2022-08-05T05:15:02.518+0000][gc,phases    ] GC(12)   Pre Evacuate Collection Set: 0.0ms
[2022-08-05T05:15:02.518+0000][gc,phases    ] GC(12)   Evacuate Collection Set: 1.7ms
[2022-08-05T05:15:02.518+0000][gc,phases    ] GC(12)   Post Evacuate Collection Set: 0.4ms
[2022-08-05T05:15:02.518+0000][gc,phases    ] GC(12)   Other: 0.1ms
[2022-08-05T05:15:02.518+0000][gc,heap      ] GC(12) Eden regions: 31->0(34)
[2022-08-05T05:15:02.518+0000][gc,heap      ] GC(12) Survivor regions: 1->1(4)
[2022-08-05T05:15:02.518+0000][gc,heap      ] GC(12) Old regions: 9->9
[2022-08-05T05:15:02.518+0000][gc,heap      ] GC(12) Humongous regions: 0->0
[2022-08-05T05:15:02.518+0000][gc,metaspace ] GC(12) Metaspace: 9202K->9202K(1058816K)
[2022-08-05T05:15:02.518+0000][gc           ] GC(12) Pause Young (Normal) (G1 Evacuation Pause) 39M->8M(512M) 2.348ms
[2022-08-05T05:15:02.518+0000][gc,cpu       ] GC(12) User=0.00s Sys=0.00s Real=0.00s
[2022-08-05T16:39:48.584+0000][gc,start     ] GC(13) Pause Young (Normal) (G1 Evacuation Pause)
[2022-08-05T16:39:48.584+0000][gc,task      ] GC(13) Using 2 workers of 2 for evacuation
[2022-08-05T16:39:48.588+0000][gc,phases    ] GC(13)   Pre Evacuate Collection Set: 0.0ms
[2022-08-05T16:39:48.588+0000][gc,phases    ] GC(13)   Evacuate Collection Set: 3.1ms
[2022-08-05T16:39:48.588+0000][gc,phases    ] GC(13)   Post Evacuate Collection Set: 0.3ms
[2022-08-05T16:39:48.588+0000][gc,phases    ] GC(13)   Other: 0.2ms
[2022-08-05T16:39:48.588+0000][gc,heap      ] GC(13) Eden regions: 34->0(38)
[2022-08-05T16:39:48.588+0000][gc,heap      ] GC(13) Survivor regions: 1->1(5)
[2022-08-05T16:39:48.588+0000][gc,heap      ] GC(13) Old regions: 9->9
[2022-08-05T16:39:48.588+0000][gc,heap      ] GC(13) Humongous regions: 0->0
[2022-08-05T16:39:48.588+0000][gc,metaspace ] GC(13) Metaspace: 9214K->9214K(1058816K)
[2022-08-05T16:39:48.588+0000][gc           ] GC(13) Pause Young (Normal) (G1 Evacuation Pause) 42M->8M(512M) 3.596ms
[2022-08-05T16:39:48.588+0000][gc,cpu       ] GC(13) User=0.00s Sys=0.00s Real=0.00s
[2022-08-06T05:29:33.787+0000][gc,start     ] GC(14) Pause Young (Normal) (G1 Evacuation Pause)
[2022-08-06T05:29:33.787+0000][gc,task      ] GC(14) Using 2 workers of 2 for evacuation
[2022-08-06T05:29:33.789+0000][gc,phases    ] GC(14)   Pre Evacuate Collection Set: 0.0ms
[2022-08-06T05:29:33.789+0000][gc,phases    ] GC(14)   Evacuate Collection Set: 1.7ms
[2022-08-06T05:29:33.789+0000][gc,phases    ] GC(14)   Post Evacuate Collection Set: 0.2ms
[2022-08-06T05:29:33.789+0000][gc,phases    ] GC(14)   Other: 0.1ms
[2022-08-06T05:29:33.789+0000][gc,heap      ] GC(14) Eden regions: 38->0(43)
[2022-08-06T05:29:33.789+0000][gc,heap      ] GC(14) Survivor regions: 1->1(5)
[2022-08-06T05:29:33.789+0000][gc,heap      ] GC(14) Old regions: 9->9
[2022-08-06T05:29:33.789+0000][gc,heap      ] GC(14) Humongous regions: 0->0
[2022-08-06T05:29:33.789+0000][gc,metaspace ] GC(14) Metaspace: 9214K->9214K(1058816K)
[2022-08-06T05:29:33.789+0000][gc           ] GC(14) Pause Young (Normal) (G1 Evacuation Pause) 46M->8M(512M) 2.204ms
[2022-08-06T05:29:33.789+0000][gc,cpu       ] GC(14) User=0.00s Sys=0.00s Real=0.00s
[2022-08-06T20:01:23.597+0000][gc,start     ] GC(15) Pause Young (Normal) (G1 Evacuation Pause)
[2022-08-06T20:01:23.597+0000][gc,task      ] GC(15) Using 2 workers of 2 for evacuation
[2022-08-06T20:01:23.599+0000][gc,phases    ] GC(15)   Pre Evacuate Collection Set: 0.0ms
[2022-08-06T20:01:23.599+0000][gc,phases    ] GC(15)   Evacuate Collection Set: 1.7ms
[2022-08-06T20:01:23.599+0000][gc,phases    ] GC(15)   Post Evacuate Collection Set: 0.3ms
[2022-08-06T20:01:23.599+0000][gc,phases    ] GC(15)   Other: 0.1ms
[2022-08-06T20:01:23.599+0000][gc,heap      ] GC(15) Eden regions: 43->0(49)
[2022-08-06T20:01:23.599+0000][gc,heap      ] GC(15) Survivor regions: 1->1(6)
[2022-08-06T20:01:23.599+0000][gc,heap      ] GC(15) Old regions: 9->9
[2022-08-06T20:01:23.599+0000][gc,heap      ] GC(15) Humongous regions: 0->0
[2022-08-06T20:01:23.599+0000][gc,metaspace ] GC(15) Metaspace: 9214K->9214K(1058816K)
[2022-08-06T20:01:23.599+0000][gc           ] GC(15) Pause Young (Normal) (G1 Evacuation Pause) 51M->8M(512M) 2.198ms
[2022-08-06T20:01:23.599+0000][gc,cpu       ] GC(15) User=0.00s Sys=0.00s Real=0.00s
[2022-08-07T12:38:25.668+0000][gc,start     ] GC(16) Pause Young (Normal) (G1 Evacuation Pause)
[2022-08-07T12:38:25.668+0000][gc,task      ] GC(16) Using 2 workers of 2 for evacuation
[2022-08-07T12:38:25.670+0000][gc,phases    ] GC(16)   Pre Evacuate Collection Set: 0.0ms
[2022-08-07T12:38:25.670+0000][gc,phases    ] GC(16)   Evacuate Collection Set: 1.8ms
[2022-08-07T12:38:25.670+0000][gc,phases    ] GC(16)   Post Evacuate Collection Set: 0.2ms
[2022-08-07T12:38:25.670+0000][gc,phases    ] GC(16)   Other: 0.1ms
[2022-08-07T12:38:25.670+0000][gc,heap      ] GC(16) Eden regions: 49->0(56)
[2022-08-07T12:38:25.670+0000][gc,heap      ] GC(16) Survivor regions: 1->1(7)
[2022-08-07T12:38:25.670+0000][gc,heap      ] GC(16) Old regions: 9->10
[2022-08-07T12:38:25.670+0000][gc,heap      ] GC(16) Humongous regions: 0->0
[2022-08-07T12:38:25.670+0000][gc,metaspace ] GC(16) Metaspace: 9214K->9214K(1058816K)
[2022-08-07T12:38:25.670+0000][gc           ] GC(16) Pause Young (Normal) (G1 Evacuation Pause) 57M->8M(512M) 2.329ms
[2022-08-07T12:38:25.670+0000][gc,cpu       ] GC(16) User=0.00s Sys=0.00s Real=0.00s
[2022-08-08T07:40:28.835+0000][gc,start     ] GC(17) Pause Young (Normal) (G1 Evacuation Pause)
[2022-08-08T07:40:28.835+0000][gc,task      ] GC(17) Using 2 workers of 2 for evacuation
[2022-08-08T07:40:28.836+0000][gc,phases    ] GC(17)   Pre Evacuate Collection Set: 0.0ms
[2022-08-08T07:40:28.836+0000][gc,phases    ] GC(17)   Evacuate Collection Set: 0.6ms
[2022-08-08T07:40:28.836+0000][gc,phases    ] GC(17)   Post Evacuate Collection Set: 0.2ms
[2022-08-08T07:40:28.836+0000][gc,phases    ] GC(17)   Other: 0.2ms
[2022-08-08T07:40:28.836+0000][gc,heap      ] GC(17) Eden regions: 56->0(93)
[2022-08-08T07:40:28.836+0000][gc,heap      ] GC(17) Survivor regions: 1->1(8)
[2022-08-08T07:40:28.836+0000][gc,heap      ] GC(17) Old regions: 10->10
[2022-08-08T07:40:28.836+0000][gc,heap      ] GC(17) Humongous regions: 0->0
[2022-08-08T07:40:28.836+0000][gc,metaspace ] GC(17) Metaspace: 9214K->9214K(1058816K)
[2022-08-08T07:40:28.836+0000][gc           ] GC(17) Pause Young (Normal) (G1 Evacuation Pause) 64M->8M(512M) 1.060ms
[2022-08-08T07:40:28.836+0000][gc,cpu       ] GC(17) User=0.00s Sys=0.01s Real=0.00s
[2022-08-09T15:26:22.171+0000][gc,start     ] GC(18) Pause Young (Normal) (G1 Evacuation Pause)
[2022-08-09T15:26:22.171+0000][gc,task      ] GC(18) Using 2 workers of 2 for evacuation
[2022-08-09T15:26:22.172+0000][gc,phases    ] GC(18)   Pre Evacuate Collection Set: 0.0ms
[2022-08-09T15:26:22.172+0000][gc,phases    ] GC(18)   Evacuate Collection Set: 0.4ms
[2022-08-09T15:26:22.172+0000][gc,phases    ] GC(18)   Post Evacuate Collection Set: 0.3ms
[2022-08-09T15:26:22.172+0000][gc,phases    ] GC(18)   Other: 0.2ms
[2022-08-09T15:26:22.172+0000][gc,heap      ] GC(18) Eden regions: 93->0(306)
[2022-08-09T15:26:22.172+0000][gc,heap      ] GC(18) Survivor regions: 1->1(12)
[2022-08-09T15:26:22.172+0000][gc,heap      ] GC(18) Old regions: 10->10
[2022-08-09T15:26:22.172+0000][gc,heap      ] GC(18) Humongous regions: 0->0
[2022-08-09T15:26:22.172+0000][gc,metaspace ] GC(18) Metaspace: 9214K->9214K(1058816K)
[2022-08-09T15:26:22.172+0000][gc           ] GC(18) Pause Young (Normal) (G1 Evacuation Pause) 101M->8M(512M) 0.946ms
[2022-08-09T15:26:22.172+0000][gc,cpu       ] GC(18) User=0.00s Sys=0.00s Real=0.01s
[2022-08-14T00:06:49.245+0000][gc,start     ] GC(19) Pause Young (Normal) (G1 Evacuation Pause)
[2022-08-14T00:06:49.245+0000][gc,task      ] GC(19) Using 2 workers of 2 for evacuation
[2022-08-14T00:06:49.246+0000][gc,phases    ] GC(19)   Pre Evacuate Collection Set: 0.0ms
[2022-08-14T00:06:49.246+0000][gc,phases    ] GC(19)   Evacuate Collection Set: 0.7ms
[2022-08-14T00:06:49.246+0000][gc,phases    ] GC(19)   Post Evacuate Collection Set: 0.6ms
[2022-08-14T00:06:49.246+0000][gc,phases    ] GC(19)   Other: 0.2ms
[2022-08-14T00:06:49.246+0000][gc,heap      ] GC(19) Eden regions: 306->0(306)
[2022-08-14T00:06:49.246+0000][gc,heap      ] GC(19) Survivor regions: 1->1(39)
[2022-08-14T00:06:49.246+0000][gc,heap      ] GC(19) Old regions: 10->10
[2022-08-14T00:06:49.246+0000][gc,heap      ] GC(19) Humongous regions: 0->0
[2022-08-14T00:06:49.246+0000][gc,metaspace ] GC(19) Metaspace: 9214K->9214K(1058816K)
[2022-08-14T00:06:49.246+0000][gc           ] GC(19) Pause Young (Normal) (G1 Evacuation Pause) 314M->8M(512M) 1.623ms
[2022-08-14T00:06:49.246+0000][gc,cpu       ] GC(19) User=0.00s Sys=0.00s Real=0.00s
